<?xml version="1.0" encoding="ISO-8859-1" ?>
<link_info>
   <banner>TI ARM Linker PC v18.1.1.LTS</banner>
   <copyright>Copyright (c) 1996-2017 Texas Instruments Incorporated</copyright>
   <link_time>0x5ca51d23</link_time>
   <link_errors>0x0</link_errors>
   <output_file>Lab6.out</output_file>
   <entry_point>
      <name>_c_int00_noargs</name>
      <address>0x2000dcc9</address>
   </entry_point>
   <input_file_list>
      <input_file id="fl-2">
         <path>.\</path>
         <kind>object</kind>
         <file>Adafruit_GFX.obj</file>
         <name>Adafruit_GFX.obj</name>
      </input_file>
      <input_file id="fl-3">
         <path>.\</path>
         <kind>object</kind>
         <file>Adafruit_OLED.obj</file>
         <name>Adafruit_OLED.obj</name>
      </input_file>
      <input_file id="fl-4">
         <path>.\</path>
         <kind>object</kind>
         <file>camera_app.obj</file>
         <name>camera_app.obj</name>
      </input_file>
      <input_file id="fl-5">
         <path>.\</path>
         <kind>object</kind>
         <file>gpio_if.obj</file>
         <name>gpio_if.obj</name>
      </input_file>
      <input_file id="fl-6">
         <path>.\</path>
         <kind>object</kind>
         <file>main.obj</file>
         <name>main.obj</name>
      </input_file>
      <input_file id="fl-7">
         <path>.\</path>
         <kind>object</kind>
         <file>network_common.obj</file>
         <name>network_common.obj</name>
      </input_file>
      <input_file id="fl-8">
         <path>.\</path>
         <kind>object</kind>
         <file>pin_mux_config.obj</file>
         <name>pin_mux_config.obj</name>
      </input_file>
      <input_file id="fl-9">
         <path>.\</path>
         <kind>object</kind>
         <file>startup_ccs.obj</file>
         <name>startup_ccs.obj</name>
      </input_file>
      <input_file id="fl-a">
         <path>.\</path>
         <kind>object</kind>
         <file>test.obj</file>
         <name>test.obj</name>
      </input_file>
      <input_file id="fl-b">
         <path>.\</path>
         <kind>object</kind>
         <file>timer_if.obj</file>
         <name>timer_if.obj</name>
      </input_file>
      <input_file id="fl-c">
         <path>.\</path>
         <kind>object</kind>
         <file>uart_if.obj</file>
         <name>uart_if.obj</name>
      </input_file>
      <input_file id="fl-12">
         <kind>object</kind>
         <file>&lt;internal&gt;</file>
         <name>&lt;internal&gt;</name>
      </input_file>
      <input_file id="fl-c8">
         <path>D:\ti\ccs800\ccsv8\tools\compiler\ti-cgt-arm_18.1.1.LTS\lib\</path>
         <kind>archive</kind>
         <file>rtsv7M4_T_le_eabi.lib</file>
         <name>fd_mul_t2.asm.obj</name>
      </input_file>
      <input_file id="fl-c9">
         <path>D:\ti\ccs800\ccsv8\tools\compiler\ti-cgt-arm_18.1.1.LTS\lib\</path>
         <kind>archive</kind>
         <file>rtsv7M4_T_le_eabi.lib</file>
         <name>fd_tou_t2.asm.obj</name>
      </input_file>
      <input_file id="fl-ca">
         <path>D:\ti\ccs800\ccsv8\tools\compiler\ti-cgt-arm_18.1.1.LTS\lib\</path>
         <kind>archive</kind>
         <file>rtsv7M4_T_le_eabi.lib</file>
         <name>memcpy_t2.asm.obj</name>
      </input_file>
      <input_file id="fl-cb">
         <path>D:\ti\ccs800\ccsv8\tools\compiler\ti-cgt-arm_18.1.1.LTS\lib\</path>
         <kind>archive</kind>
         <file>rtsv7M4_T_le_eabi.lib</file>
         <name>u_tofd_t2.asm.obj</name>
      </input_file>
      <input_file id="fl-cc">
         <path>D:\ti\ccs800\ccsv8\tools\compiler\ti-cgt-arm_18.1.1.LTS\lib\</path>
         <kind>archive</kind>
         <file>rtsv7M4_T_le_eabi.lib</file>
         <name>memset_t2.asm.obj</name>
      </input_file>
      <input_file id="fl-cd">
         <path>D:\ti\ccs800\ccsv8\tools\compiler\ti-cgt-arm_18.1.1.LTS\lib\</path>
         <kind>archive</kind>
         <file>rtsv7M4_T_le_eabi.lib</file>
         <name>copy_zero_init.c.obj</name>
      </input_file>
      <input_file id="fl-ce">
         <path>D:\ti\ccs800\ccsv8\tools\compiler\ti-cgt-arm_18.1.1.LTS\lib\</path>
         <kind>archive</kind>
         <file>rtsv7M4_T_le_eabi.lib</file>
         <name>copy_decompress_none.c.obj</name>
      </input_file>
      <input_file id="fl-cf">
         <path>D:\ti\ccs800\ccsv8\tools\compiler\ti-cgt-arm_18.1.1.LTS\lib\</path>
         <kind>archive</kind>
         <file>rtsv7M4_T_le_eabi.lib</file>
         <name>copy_decompress_lzss.c.obj</name>
      </input_file>
      <input_file id="fl-d0">
         <path>D:\ti\ccs800\ccsv8\tools\compiler\ti-cgt-arm_18.1.1.LTS\lib\</path>
         <kind>archive</kind>
         <file>rtsv7M4_T_le_eabi.lib</file>
         <name>boot_cortex_m.c.obj</name>
      </input_file>
      <input_file id="fl-d1">
         <path>D:\ti\ccs800\ccsv8\tools\compiler\ti-cgt-arm_18.1.1.LTS\lib\</path>
         <kind>archive</kind>
         <file>rtsv7M4_T_le_eabi.lib</file>
         <name>exit.c.obj</name>
      </input_file>
      <input_file id="fl-d2">
         <path>D:\ti\ccs800\ccsv8\tools\compiler\ti-cgt-arm_18.1.1.LTS\lib\</path>
         <kind>archive</kind>
         <file>rtsv7M4_T_le_eabi.lib</file>
         <name>memory.c.obj</name>
      </input_file>
      <input_file id="fl-d3">
         <path>D:\ti\ccs800\ccsv8\tools\compiler\ti-cgt-arm_18.1.1.LTS\lib\</path>
         <kind>archive</kind>
         <file>rtsv7M4_T_le_eabi.lib</file>
         <name>_lock.c.obj</name>
      </input_file>
      <input_file id="fl-d4">
         <path>D:\ti\ccs800\ccsv8\tools\compiler\ti-cgt-arm_18.1.1.LTS\lib\</path>
         <kind>archive</kind>
         <file>rtsv7M4_T_le_eabi.lib</file>
         <name>args_main.c.obj</name>
      </input_file>
      <input_file id="fl-d5">
         <path>D:\ti\ccs800\ccsv8\tools\compiler\ti-cgt-arm_18.1.1.LTS\lib\</path>
         <kind>archive</kind>
         <file>rtsv7M4_T_le_eabi.lib</file>
         <name>memmov.c.obj</name>
      </input_file>
      <input_file id="fl-d6">
         <path>D:\ti\ccs800\ccsv8\tools\compiler\ti-cgt-arm_18.1.1.LTS\lib\</path>
         <kind>archive</kind>
         <file>rtsv7M4_T_le_eabi.lib</file>
         <name>sprintf.c.obj</name>
      </input_file>
      <input_file id="fl-d7">
         <path>D:\ti\ccs800\ccsv8\tools\compiler\ti-cgt-arm_18.1.1.LTS\lib\</path>
         <kind>archive</kind>
         <file>rtsv7M4_T_le_eabi.lib</file>
         <name>vsnprintf.c.obj</name>
      </input_file>
      <input_file id="fl-d8">
         <path>D:\ti\ccs800\ccsv8\tools\compiler\ti-cgt-arm_18.1.1.LTS\lib\</path>
         <kind>archive</kind>
         <file>rtsv7M4_T_le_eabi.lib</file>
         <name>autoinit.c.obj</name>
      </input_file>
      <input_file id="fl-d9">
         <path>D:\ti\ccs800\ccsv8\tools\compiler\ti-cgt-arm_18.1.1.LTS\lib\</path>
         <kind>archive</kind>
         <file>rtsv7M4_T_le_eabi.lib</file>
         <name>pre_init.c.obj</name>
      </input_file>
      <input_file id="fl-da">
         <path>D:\ti\ccs800\ccsv8\tools\compiler\ti-cgt-arm_18.1.1.LTS\lib\</path>
         <kind>archive</kind>
         <file>rtsv7M4_T_le_eabi.lib</file>
         <name>cpy_tbl.c.obj</name>
      </input_file>
      <input_file id="fl-db">
         <path>D:\ti\ccs800\ccsv8\tools\compiler\ti-cgt-arm_18.1.1.LTS\lib\</path>
         <kind>archive</kind>
         <file>rtsv7M4_T_le_eabi.lib</file>
         <name>_printfi.c.obj</name>
      </input_file>
      <input_file id="fl-dc">
         <path>D:\ti\ccs800\ccsv8\tools\compiler\ti-cgt-arm_18.1.1.LTS\lib\</path>
         <kind>archive</kind>
         <file>rtsv7M4_T_le_eabi.lib</file>
         <name>atoi.c.obj</name>
      </input_file>
      <input_file id="fl-dd">
         <path>D:\ti\ccs800\ccsv8\tools\compiler\ti-cgt-arm_18.1.1.LTS\lib\</path>
         <kind>archive</kind>
         <file>rtsv7M4_T_le_eabi.lib</file>
         <name>ctype.c.obj</name>
      </input_file>
      <input_file id="fl-de">
         <path>D:\ti\ccs800\ccsv8\tools\compiler\ti-cgt-arm_18.1.1.LTS\lib\</path>
         <kind>archive</kind>
         <file>rtsv7M4_T_le_eabi.lib</file>
         <name>ltoa.c.obj</name>
      </input_file>
      <input_file id="fl-df">
         <path>D:\ti\ccs800\ccsv8\tools\compiler\ti-cgt-arm_18.1.1.LTS\lib\</path>
         <kind>archive</kind>
         <file>rtsv7M4_T_le_eabi.lib</file>
         <name>memccpy.c.obj</name>
      </input_file>
      <input_file id="fl-e0">
         <path>D:\ti\ccs800\ccsv8\tools\compiler\ti-cgt-arm_18.1.1.LTS\lib\</path>
         <kind>archive</kind>
         <file>rtsv7M4_T_le_eabi.lib</file>
         <name>strchr.c.obj</name>
      </input_file>
      <input_file id="fl-e1">
         <path>D:\ti\ccs800\ccsv8\tools\compiler\ti-cgt-arm_18.1.1.LTS\lib\</path>
         <kind>archive</kind>
         <file>rtsv7M4_T_le_eabi.lib</file>
         <name>strlen.c.obj</name>
      </input_file>
      <input_file id="fl-e2">
         <path>D:\ti\ccs800\ccsv8\tools\compiler\ti-cgt-arm_18.1.1.LTS\lib\</path>
         <kind>archive</kind>
         <file>rtsv7M4_T_le_eabi.lib</file>
         <name>s_frexp.c.obj</name>
      </input_file>
      <input_file id="fl-e3">
         <path>D:\ti\ccs800\ccsv8\tools\compiler\ti-cgt-arm_18.1.1.LTS\lib\</path>
         <kind>archive</kind>
         <file>rtsv7M4_T_le_eabi.lib</file>
         <name>s_scalbn.c.obj</name>
      </input_file>
      <input_file id="fl-e4">
         <path>D:\ti\ccs800\ccsv8\tools\compiler\ti-cgt-arm_18.1.1.LTS\lib\</path>
         <kind>archive</kind>
         <file>rtsv7M4_T_le_eabi.lib</file>
         <name>s_copysign.c.obj</name>
      </input_file>
      <input_file id="fl-e5">
         <path>D:\ti\ccs800\ccsv8\tools\compiler\ti-cgt-arm_18.1.1.LTS\lib\</path>
         <kind>archive</kind>
         <file>rtsv7M4_T_le_eabi.lib</file>
         <name>wcslen.c.obj</name>
      </input_file>
      <input_file id="fl-e6">
         <path>D:\ti\ccs800\ccsv8\tools\compiler\ti-cgt-arm_18.1.1.LTS\lib\</path>
         <kind>archive</kind>
         <file>rtsv7M4_T_le_eabi.lib</file>
         <name>fd_add_t2.asm.obj</name>
      </input_file>
      <input_file id="fl-e7">
         <path>D:\ti\ccs800\ccsv8\tools\compiler\ti-cgt-arm_18.1.1.LTS\lib\</path>
         <kind>archive</kind>
         <file>rtsv7M4_T_le_eabi.lib</file>
         <name>fd_cmp_t2.asm.obj</name>
      </input_file>
      <input_file id="fl-e8">
         <path>D:\ti\ccs800\ccsv8\tools\compiler\ti-cgt-arm_18.1.1.LTS\lib\</path>
         <kind>archive</kind>
         <file>rtsv7M4_T_le_eabi.lib</file>
         <name>fd_div_t2.asm.obj</name>
      </input_file>
      <input_file id="fl-e9">
         <path>D:\ti\ccs800\ccsv8\tools\compiler\ti-cgt-arm_18.1.1.LTS\lib\</path>
         <kind>archive</kind>
         <file>rtsv7M4_T_le_eabi.lib</file>
         <name>fd_toi_t2.asm.obj</name>
      </input_file>
      <input_file id="fl-ea">
         <path>D:\ti\ccs800\ccsv8\tools\compiler\ti-cgt-arm_18.1.1.LTS\lib\</path>
         <kind>archive</kind>
         <file>rtsv7M4_T_le_eabi.lib</file>
         <name>i_tofd_t2.asm.obj</name>
      </input_file>
      <input_file id="fl-eb">
         <path>D:\ti\ccs800\ccsv8\tools\compiler\ti-cgt-arm_18.1.1.LTS\lib\</path>
         <kind>archive</kind>
         <file>rtsv7M4_T_le_eabi.lib</file>
         <name>ull_div_t2.asm.obj</name>
      </input_file>
      <input_file id="fl-ec">
         <path>D:\ti\ccs800\ccsv8\tools\compiler\ti-cgt-arm_18.1.1.LTS\lib\</path>
         <kind>archive</kind>
         <file>rtsv7M4_T_le_eabi.lib</file>
         <name>errno.c.obj</name>
      </input_file>
      <input_file id="fl-ed">
         <path>D:\ti\ccs800\ccsv8\tools\compiler\ti-cgt-arm_18.1.1.LTS\lib\</path>
         <kind>archive</kind>
         <file>rtsv7M4_T_le_eabi.lib</file>
         <name>div0.asm.obj</name>
      </input_file>
      <input_file id="fl-ee">
         <path>D:\ti\cc3200sdk\CC3200SDK_1.3.0\cc3200-sdk\driverlib\ccs\Release\</path>
         <kind>archive</kind>
         <file>driverlib.a</file>
         <name>gpio.obj</name>
      </input_file>
      <input_file id="fl-ef">
         <path>D:\ti\cc3200sdk\CC3200SDK_1.3.0\cc3200-sdk\driverlib\ccs\Release\</path>
         <kind>archive</kind>
         <file>driverlib.a</file>
         <name>interrupt.obj</name>
      </input_file>
      <input_file id="fl-f0">
         <path>D:\ti\cc3200sdk\CC3200SDK_1.3.0\cc3200-sdk\driverlib\ccs\Release\</path>
         <kind>archive</kind>
         <file>driverlib.a</file>
         <name>pin.obj</name>
      </input_file>
      <input_file id="fl-f1">
         <path>D:\ti\cc3200sdk\CC3200SDK_1.3.0\cc3200-sdk\driverlib\ccs\Release\</path>
         <kind>archive</kind>
         <file>driverlib.a</file>
         <name>prcm.obj</name>
      </input_file>
      <input_file id="fl-f2">
         <path>D:\ti\cc3200sdk\CC3200SDK_1.3.0\cc3200-sdk\driverlib\ccs\Release\</path>
         <kind>archive</kind>
         <file>driverlib.a</file>
         <name>spi.obj</name>
      </input_file>
      <input_file id="fl-f3">
         <path>D:\ti\cc3200sdk\CC3200SDK_1.3.0\cc3200-sdk\driverlib\ccs\Release\</path>
         <kind>archive</kind>
         <file>driverlib.a</file>
         <name>timer.obj</name>
      </input_file>
      <input_file id="fl-f4">
         <path>D:\ti\cc3200sdk\CC3200SDK_1.3.0\cc3200-sdk\driverlib\ccs\Release\</path>
         <kind>archive</kind>
         <file>driverlib.a</file>
         <name>uart.obj</name>
      </input_file>
      <input_file id="fl-f5">
         <path>D:\ti\cc3200sdk\CC3200SDK_1.3.0\cc3200-sdk\driverlib\ccs\Release\</path>
         <kind>archive</kind>
         <file>driverlib.a</file>
         <name>utils.obj</name>
      </input_file>
      <input_file id="fl-f6">
         <path>D:\ti\cc3200sdk\CC3200SDK_1.3.0\cc3200-sdk\driverlib\ccs\Release\</path>
         <kind>archive</kind>
         <file>driverlib.a</file>
         <name>cpu.obj</name>
      </input_file>
      <input_file id="fl-f7">
         <path>D:\ti\cc3200sdk\CC3200SDK_1.3.0\cc3200-sdk\driverlib\ccs\Release\</path>
         <kind>archive</kind>
         <file>driverlib.a</file>
         <name>flash.obj</name>
      </input_file>
      <input_file id="fl-f8">
         <path>D:\ti\cc3200sdk\CC3200SDK_1.3.0\cc3200-sdk\simplelink\ccs\NON_OS\</path>
         <kind>archive</kind>
         <file>simplelink.a</file>
         <name>device.obj</name>
      </input_file>
      <input_file id="fl-f9">
         <path>D:\ti\cc3200sdk\CC3200SDK_1.3.0\cc3200-sdk\simplelink\ccs\NON_OS\</path>
         <kind>archive</kind>
         <file>simplelink.a</file>
         <name>driver.obj</name>
      </input_file>
      <input_file id="fl-fa">
         <path>D:\ti\cc3200sdk\CC3200SDK_1.3.0\cc3200-sdk\simplelink\ccs\NON_OS\</path>
         <kind>archive</kind>
         <file>simplelink.a</file>
         <name>fs.obj</name>
      </input_file>
      <input_file id="fl-fb">
         <path>D:\ti\cc3200sdk\CC3200SDK_1.3.0\cc3200-sdk\simplelink\ccs\NON_OS\</path>
         <kind>archive</kind>
         <file>simplelink.a</file>
         <name>netapp.obj</name>
      </input_file>
      <input_file id="fl-fc">
         <path>D:\ti\cc3200sdk\CC3200SDK_1.3.0\cc3200-sdk\simplelink\ccs\NON_OS\</path>
         <kind>archive</kind>
         <file>simplelink.a</file>
         <name>netcfg.obj</name>
      </input_file>
      <input_file id="fl-fd">
         <path>D:\ti\cc3200sdk\CC3200SDK_1.3.0\cc3200-sdk\simplelink\ccs\NON_OS\</path>
         <kind>archive</kind>
         <file>simplelink.a</file>
         <name>nonos.obj</name>
      </input_file>
      <input_file id="fl-fe">
         <path>D:\ti\cc3200sdk\CC3200SDK_1.3.0\cc3200-sdk\simplelink\ccs\NON_OS\</path>
         <kind>archive</kind>
         <file>simplelink.a</file>
         <name>socket.obj</name>
      </input_file>
      <input_file id="fl-ff">
         <path>D:\ti\cc3200sdk\CC3200SDK_1.3.0\cc3200-sdk\simplelink\ccs\NON_OS\</path>
         <kind>archive</kind>
         <file>simplelink.a</file>
         <name>wlan.obj</name>
      </input_file>
      <input_file id="fl-100">
         <path>D:\ti\cc3200sdk\CC3200SDK_1.3.0\cc3200-sdk\simplelink\ccs\NON_OS\</path>
         <kind>archive</kind>
         <file>simplelink.a</file>
         <name>cc_pal.obj</name>
      </input_file>
      <input_file id="fl-101">
         <path>D:\ti\cc3200sdk\CC3200SDK_1.3.0\cc3200-sdk\driverlib\ccs\Release\</path>
         <kind>archive</kind>
         <file>driverlib.a</file>
         <name>udma.obj</name>
      </input_file>
   </input_file_list>
   <object_component_list>
      <object_component id="oc-f">
         <name>.intvecs</name>
         <load_address>0x20004000</load_address>
         <run_address>0x20004000</run_address>
         <size>0x400</size>
         <input_file_ref idref="fl-9"/>
      </object_component>
      <object_component id="oc-94">
         <name>.text</name>
         <load_address>0x20004400</load_address>
         <run_address>0x20004400</run_address>
         <size>0x1c50</size>
         <input_file_ref idref="fl-6"/>
      </object_component>
      <object_component id="oc-459">
         <name>.text:__TI_printfi</name>
         <load_address>0x20006050</load_address>
         <run_address>0x20006050</run_address>
         <size>0xa4a</size>
         <input_file_ref idref="fl-db"/>
      </object_component>
      <object_component id="oc-7cf">
         <name>.text:IntDefaultHandler</name>
         <load_address>0x20006a9a</load_address>
         <run_address>0x20006a9a</run_address>
         <size>0x2</size>
         <input_file_ref idref="fl-ef"/>
      </object_component>
      <object_component id="oc-7de">
         <name>.text:_SlDrvMsgRead</name>
         <load_address>0x20006a9c</load_address>
         <run_address>0x20006a9c</run_address>
         <size>0x590</size>
         <input_file_ref idref="fl-f9"/>
      </object_component>
      <object_component id="oc-8e">
         <name>.text:_system_pre_init</name>
         <load_address>0x2000702c</load_address>
         <run_address>0x2000702c</run_address>
         <size>0x4</size>
         <input_file_ref idref="fl-d9"/>
      </object_component>
      <object_component id="oc-193">
         <name>.text</name>
         <load_address>0x20007030</load_address>
         <run_address>0x20007030</run_address>
         <size>0x422</size>
         <input_file_ref idref="fl-3"/>
      </object_component>
      <object_component id="oc-146">
         <name>.text:UtilsDelay</name>
         <load_address>0x20007452</load_address>
         <run_address>0x20007452</run_address>
         <size>0x6</size>
         <input_file_ref idref="fl-f5"/>
      </object_component>
      <object_component id="oc-c8">
         <name>.text</name>
         <load_address>0x20007458</load_address>
         <run_address>0x20007458</run_address>
         <size>0x362</size>
         <input_file_ref idref="fl-5"/>
      </object_component>
      <object_component id="oc-719">
         <name>.text:_nop</name>
         <load_address>0x200077ba</load_address>
         <run_address>0x200077ba</run_address>
         <size>0x2</size>
         <input_file_ref idref="fl-d3"/>
      </object_component>
      <object_component id="oc-13f">
         <name>.text:sl_WlanConnect</name>
         <load_address>0x200077bc</load_address>
         <run_address>0x200077bc</run_address>
         <size>0x27c</size>
         <input_file_ref idref="fl-ff"/>
      </object_component>
      <object_component id="oc-6d6">
         <name>.text:_pconv_a</name>
         <load_address>0x20007a38</load_address>
         <run_address>0x20007a38</run_address>
         <size>0x268</size>
         <input_file_ref idref="fl-db"/>
      </object_component>
      <object_component id="oc-c2">
         <name>.text</name>
         <load_address>0x20007ca0</load_address>
         <run_address>0x20007ca0</run_address>
         <size>0x25a</size>
         <input_file_ref idref="fl-c"/>
      </object_component>
      <object_component id="oc-8f2">
         <name>.text</name>
         <load_address>0x20007efa</load_address>
         <run_address>0x20007efa</run_address>
         <size>0x2</size>
         <input_file_ref idref="fl-ed"/>
      </object_component>
      <object_component id="oc-8b5">
         <name>.text:_SlDrvRxHdrRead</name>
         <load_address>0x20007efc</load_address>
         <run_address>0x20007efc</run_address>
         <size>0x24c</size>
         <input_file_ref idref="fl-f9"/>
      </object_component>
      <object_component id="oc-481">
         <name>.text:_SlDrvDataReadOp</name>
         <load_address>0x20008148</load_address>
         <run_address>0x20008148</run_address>
         <size>0x1e4</size>
         <input_file_ref idref="fl-f9"/>
      </object_component>
      <object_component id="oc-360">
         <name>.text:_SlDrvReleasePoolObj</name>
         <load_address>0x2000832c</load_address>
         <run_address>0x2000832c</run_address>
         <size>0x1d0</size>
         <input_file_ref idref="fl-f9"/>
      </object_component>
      <object_component id="oc-6c4">
         <name>.text:_pconv_g</name>
         <load_address>0x200084fc</load_address>
         <run_address>0x200084fc</run_address>
         <size>0x1cc</size>
         <input_file_ref idref="fl-db"/>
      </object_component>
      <object_component id="oc-82d">
         <name>.text</name>
         <load_address>0x200086c8</load_address>
         <run_address>0x200086c8</run_address>
         <size>0x1b6</size>
         <input_file_ref idref="fl-e6"/>
      </object_component>
      <object_component id="oc-336">
         <name>.text:_SlDrvDriverCBInit</name>
         <load_address>0x20008880</load_address>
         <run_address>0x20008880</run_address>
         <size>0x1b4</size>
         <input_file_ref idref="fl-f9"/>
      </object_component>
      <object_component id="oc-654">
         <name>.text:_SlDrvMsgWrite</name>
         <load_address>0x20008a34</load_address>
         <run_address>0x20008a34</run_address>
         <size>0x19c</size>
         <input_file_ref idref="fl-f9"/>
      </object_component>
      <object_component id="oc-3fc">
         <name>.text:_SlDrvWaitForPoolObj</name>
         <load_address>0x20008bd0</load_address>
         <run_address>0x20008bd0</run_address>
         <size>0x190</size>
         <input_file_ref idref="fl-f9"/>
      </object_component>
      <object_component id="oc-16e">
         <name>.text:sl_Connect</name>
         <load_address>0x20008d60</load_address>
         <run_address>0x20008d60</run_address>
         <size>0x18c</size>
         <input_file_ref idref="fl-fe"/>
      </object_component>
      <object_component id="oc-e0">
         <name>.text:PRCMCC3200MCUInit</name>
         <load_address>0x20008eec</load_address>
         <run_address>0x20008eec</run_address>
         <size>0x178</size>
         <input_file_ref idref="fl-f1"/>
      </object_component>
      <object_component id="oc-25b">
         <name>.text:abort:abort</name>
         <load_address>0x20009064</load_address>
         <run_address>0x20009064</run_address>
         <size>0x4</size>
         <input_file_ref idref="fl-d1"/>
      </object_component>
      <object_component id="oc-1cb">
         <name>.text</name>
         <load_address>0x20009068</load_address>
         <run_address>0x20009068</run_address>
         <size>0x178</size>
         <input_file_ref idref="fl-8"/>
      </object_component>
      <object_component id="oc-8c7">
         <name>.text:_SlFindAndSetActiveObj</name>
         <load_address>0x200091e0</load_address>
         <run_address>0x200091e0</run_address>
         <size>0x170</size>
         <input_file_ref idref="fl-f9"/>
      </object_component>
      <object_component id="oc-1c5">
         <name>.text</name>
         <load_address>0x20009350</load_address>
         <run_address>0x20009350</run_address>
         <size>0x16e</size>
         <input_file_ref idref="fl-4"/>
      </object_component>
      <object_component id="oc-473">
         <name>.text:_SlDrvDataWriteOp</name>
         <load_address>0x200094c0</load_address>
         <run_address>0x200094c0</run_address>
         <size>0x150</size>
         <input_file_ref idref="fl-f9"/>
      </object_component>
      <object_component id="oc-216">
         <name>.text</name>
         <load_address>0x20009610</load_address>
         <run_address>0x20009610</run_address>
         <size>0x150</size>
         <input_file_ref idref="fl-b"/>
      </object_component>
      <object_component id="oc-33c">
         <name>.text:spi_Open</name>
         <load_address>0x20009760</load_address>
         <run_address>0x20009760</run_address>
         <size>0x148</size>
         <input_file_ref idref="fl-100"/>
      </object_component>
      <object_component id="oc-65a">
         <name>.text:_SlDrvMsgReadCmdCtx</name>
         <load_address>0x200098a8</load_address>
         <run_address>0x200098a8</run_address>
         <size>0x144</size>
         <input_file_ref idref="fl-f9"/>
      </object_component>
      <object_component id="oc-150">
         <name>.text:sl_NetAppDnsGetHostByName</name>
         <load_address>0x200099ec</load_address>
         <run_address>0x200099ec</run_address>
         <size>0x144</size>
         <input_file_ref idref="fl-fb"/>
      </object_component>
      <object_component id="oc-6d0">
         <name>.text:_pconv_e</name>
         <load_address>0x20009b30</load_address>
         <run_address>0x20009b30</run_address>
         <size>0x13c</size>
         <input_file_ref idref="fl-db"/>
      </object_component>
      <object_component id="oc-813">
         <name>.text</name>
         <load_address>0x20009c6c</load_address>
         <run_address>0x20009c6c</run_address>
         <size>0x136</size>
         <input_file_ref idref="fl-e8"/>
      </object_component>
      <object_component id="oc-1a7">
         <name>.text:sl_Send</name>
         <load_address>0x20009da4</load_address>
         <run_address>0x20009da4</run_address>
         <size>0x134</size>
         <input_file_ref idref="fl-fe"/>
      </object_component>
      <object_component id="oc-3a5">
         <name>.text:_SlDrvDriverCBDeinit</name>
         <load_address>0x20009ed8</load_address>
         <run_address>0x20009ed8</run_address>
         <size>0x130</size>
         <input_file_ref idref="fl-f9"/>
      </object_component>
      <object_component id="oc-83f">
         <name>.text:fcvt</name>
         <load_address>0x2000a008</load_address>
         <run_address>0x2000a008</run_address>
         <size>0x120</size>
         <input_file_ref idref="fl-db"/>
      </object_component>
      <object_component id="oc-4be">
         <name>.text:sl_FsWrite</name>
         <load_address>0x2000a128</load_address>
         <run_address>0x2000a128</run_address>
         <size>0x118</size>
         <input_file_ref idref="fl-fa"/>
      </object_component>
      <object_component id="oc-2b1">
         <name>.text:realloc</name>
         <load_address>0x2000a240</load_address>
         <run_address>0x2000a240</run_address>
         <size>0x114</size>
         <input_file_ref idref="fl-d2"/>
      </object_component>
      <object_component id="oc-93b">
         <name>.text:_SlDrvNetAppEventHandler</name>
         <load_address>0x2000a354</load_address>
         <run_address>0x2000a354</run_address>
         <size>0x104</size>
         <input_file_ref idref="fl-fb"/>
      </object_component>
      <object_component id="oc-183">
         <name>.text</name>
         <load_address>0x2000a458</load_address>
         <run_address>0x2000a458</run_address>
         <size>0xfc</size>
         <input_file_ref idref="fl-c8"/>
      </object_component>
      <object_component id="oc-106">
         <name>.text:sl_Stop</name>
         <load_address>0x2000a554</load_address>
         <run_address>0x2000a554</run_address>
         <size>0xf0</size>
         <input_file_ref idref="fl-f8"/>
      </object_component>
      <object_component id="oc-8c1">
         <name>.text:spi_Read</name>
         <load_address>0x2000a644</load_address>
         <run_address>0x2000a644</run_address>
         <size>0xf0</size>
         <input_file_ref idref="fl-100"/>
      </object_component>
      <object_component id="oc-9cc">
         <name>.text:uDMAChannelTransferSet</name>
         <load_address>0x2000a734</load_address>
         <run_address>0x2000a734</run_address>
         <size>0xf0</size>
         <input_file_ref idref="fl-101"/>
      </object_component>
      <object_component id="oc-f3">
         <name>.text:sl_Start</name>
         <load_address>0x2000a824</load_address>
         <run_address>0x2000a824</run_address>
         <size>0xec</size>
         <input_file_ref idref="fl-f8"/>
      </object_component>
      <object_component id="oc-7e4">
         <name>.text:_SlAsyncEventGenericHandler</name>
         <load_address>0x2000a910</load_address>
         <run_address>0x2000a910</run_address>
         <size>0xe8</size>
         <input_file_ref idref="fl-f9"/>
      </object_component>
      <object_component id="oc-63b">
         <name>.text:_SlDrvMsgReadSpawnCtx</name>
         <load_address>0x2000a9f8</load_address>
         <run_address>0x2000a9f8</run_address>
         <size>0xe8</size>
         <input_file_ref idref="fl-f9"/>
      </object_component>
      <object_component id="oc-3e0">
         <name>.text:sl_NetAppMDNSRegisterUnregisterService</name>
         <load_address>0x2000aae0</load_address>
         <run_address>0x2000aae0</run_address>
         <size>0xe4</size>
         <input_file_ref idref="fl-fb"/>
      </object_component>
      <object_component id="oc-8bb">
         <name>.text:_SlDrvClassifyRxMsg</name>
         <load_address>0x2000abc4</load_address>
         <run_address>0x2000abc4</run_address>
         <size>0xdc</size>
         <input_file_ref idref="fl-f9"/>
      </object_component>
      <object_component id="oc-1b9">
         <name>.text:free</name>
         <load_address>0x2000aca0</load_address>
         <run_address>0x2000aca0</run_address>
         <size>0xd8</size>
         <input_file_ref idref="fl-d2"/>
      </object_component>
      <object_component id="oc-853">
         <name>.text:scalbn</name>
         <load_address>0x2000ad78</load_address>
         <run_address>0x2000ad78</run_address>
         <size>0xd0</size>
         <input_file_ref idref="fl-e3"/>
      </object_component>
      <object_component id="oc-98a">
         <name>.text:_sl_HandleAsync_DnsGetHostByService</name>
         <load_address>0x2000ae48</load_address>
         <run_address>0x2000ae48</run_address>
         <size>0xcc</size>
         <input_file_ref idref="fl-fb"/>
      </object_component>
      <object_component id="oc-10c">
         <name>.text:sl_DevGet</name>
         <load_address>0x2000af14</load_address>
         <run_address>0x2000af14</run_address>
         <size>0xcc</size>
         <input_file_ref idref="fl-f8"/>
      </object_component>
      <object_component id="oc-61b">
         <name>.text:_SlRemoveFromList</name>
         <load_address>0x2000afe0</load_address>
         <run_address>0x2000afe0</run_address>
         <size>0xc4</size>
         <input_file_ref idref="fl-f9"/>
      </object_component>
      <object_component id="oc-389">
         <name>.text:_SlDrvCmdOp</name>
         <load_address>0x2000b0a4</load_address>
         <run_address>0x2000b0a4</run_address>
         <size>0xc0</size>
         <input_file_ref idref="fl-f9"/>
      </object_component>
      <object_component id="oc-4b7">
         <name>.text:sl_FsClose</name>
         <load_address>0x2000b164</load_address>
         <run_address>0x2000b164</run_address>
         <size>0xb4</size>
         <input_file_ref idref="fl-fa"/>
      </object_component>
      <object_component id="oc-6b9">
         <name>.text:_ltostr</name>
         <load_address>0x2000b218</load_address>
         <run_address>0x2000b218</run_address>
         <size>0xb1</size>
         <input_file_ref idref="fl-db"/>
      </object_component>
      <object_component id="oc-5aa">
         <name>.text:_SlNonOsSemGet</name>
         <load_address>0x2000b2cc</load_address>
         <run_address>0x2000b2cc</run_address>
         <size>0xb0</size>
         <input_file_ref idref="fl-fd"/>
      </object_component>
      <object_component id="oc-5fa">
         <name>.text:IntDisable</name>
         <load_address>0x2000b37c</load_address>
         <run_address>0x2000b37c</run_address>
         <size>0xa8</size>
         <input_file_ref idref="fl-ef"/>
      </object_component>
      <object_component id="oc-da">
         <name>.text:IntEnable</name>
         <load_address>0x2000b424</load_address>
         <run_address>0x2000b424</run_address>
         <size>0xa8</size>
         <input_file_ref idref="fl-ef"/>
      </object_component>
      <object_component id="oc-614">
         <name>.text:_SlDriverHandleError</name>
         <load_address>0x2000b4cc</load_address>
         <run_address>0x2000b4cc</run_address>
         <size>0xa4</size>
         <input_file_ref idref="fl-f9"/>
      </object_component>
      <object_component id="oc-4b1">
         <name>.text:sl_FsOpen</name>
         <load_address>0x2000b570</load_address>
         <run_address>0x2000b570</run_address>
         <size>0xa4</size>
         <input_file_ref idref="fl-fa"/>
      </object_component>
      <object_component id="oc-1e9">
         <name>.text:SPIConfigSetExpClk</name>
         <load_address>0x2000b614</load_address>
         <run_address>0x2000b614</run_address>
         <size>0xa0</size>
         <input_file_ref idref="fl-f2"/>
      </object_component>
      <object_component id="oc-1b3">
         <name>.text:sl_Recv</name>
         <load_address>0x2000b6b4</load_address>
         <run_address>0x2000b6b4</run_address>
         <size>0xa0</size>
         <input_file_ref idref="fl-fe"/>
      </object_component>
      <object_component id="oc-3a">
         <name>.text</name>
         <load_address>0x2000b754</load_address>
         <run_address>0x2000b754</run_address>
         <size>0x9c</size>
         <input_file_ref idref="fl-ca"/>
      </object_component>
      <object_component id="oc-97c">
         <name>.text:_SlDrvDeviceEventHandler</name>
         <load_address>0x2000b7f0</load_address>
         <run_address>0x2000b7f0</run_address>
         <size>0x9a</size>
         <input_file_ref idref="fl-f8"/>
      </object_component>
      <object_component id="oc-149">
         <name>.text:sl_DevSet</name>
         <load_address>0x2000b88c</load_address>
         <run_address>0x2000b88c</run_address>
         <size>0x98</size>
         <input_file_ref idref="fl-f8"/>
      </object_component>
      <object_component id="oc-124">
         <name>.text:sl_NetCfgSet</name>
         <load_address>0x2000b924</load_address>
         <run_address>0x2000b924</run_address>
         <size>0x98</size>
         <input_file_ref idref="fl-fc"/>
      </object_component>
      <object_component id="oc-168">
         <name>.text:sl_SetSockOpt</name>
         <load_address>0x2000b9bc</load_address>
         <run_address>0x2000b9bc</run_address>
         <size>0x98</size>
         <input_file_ref idref="fl-fe"/>
      </object_component>
      <object_component id="oc-12a">
         <name>.text:sl_WlanSet</name>
         <load_address>0x2000ba54</load_address>
         <run_address>0x2000ba54</run_address>
         <size>0x98</size>
         <input_file_ref idref="fl-ff"/>
      </object_component>
      <object_component id="oc-7ed">
         <name>.text:spi_Write</name>
         <load_address>0x2000baec</load_address>
         <run_address>0x2000baec</run_address>
         <size>0x98</size>
         <input_file_ref idref="fl-100"/>
      </object_component>
      <object_component id="oc-80c">
         <name>.text</name>
         <load_address>0x2000bb84</load_address>
         <run_address>0x2000bb84</run_address>
         <size>0x96</size>
         <input_file_ref idref="fl-eb"/>
      </object_component>
      <object_component id="oc-1e3">
         <name>.text:PRCMPeripheralClockGet</name>
         <load_address>0x2000bc1c</load_address>
         <run_address>0x2000bc1c</run_address>
         <size>0x94</size>
         <input_file_ref idref="fl-f1"/>
      </object_component>
      <object_component id="oc-4ab">
         <name>.text:_sl_GetCreateFsMode</name>
         <load_address>0x2000bcb0</load_address>
         <run_address>0x2000bcb0</run_address>
         <size>0x94</size>
         <input_file_ref idref="fl-fa"/>
      </object_component>
      <object_component id="oc-984">
         <name>.text:_sl_HandleAsync_DnsGetHostByName</name>
         <load_address>0x2000bd44</load_address>
         <run_address>0x2000bd44</run_address>
         <size>0x90</size>
         <input_file_ref idref="fl-fb"/>
      </object_component>
      <object_component id="oc-941">
         <name>.text:_sl_HandleAsync_PingResponse</name>
         <load_address>0x2000bdd4</load_address>
         <run_address>0x2000bdd4</run_address>
         <size>0x90</size>
         <input_file_ref idref="fl-fb"/>
      </object_component>
      <object_component id="oc-112">
         <name>.text:sl_WlanPolicySet</name>
         <load_address>0x2000be64</load_address>
         <run_address>0x2000be64</run_address>
         <size>0x90</size>
         <input_file_ref idref="fl-ff"/>
      </object_component>
      <object_component id="oc-948">
         <name>.text:SetupDMAReceive</name>
         <load_address>0x2000bef4</load_address>
         <run_address>0x2000bef4</run_address>
         <size>0x8c</size>
         <input_file_ref idref="fl-100"/>
      </object_component>
      <object_component id="oc-8d2">
         <name>.text:SetupDMASend</name>
         <load_address>0x2000bf80</load_address>
         <run_address>0x2000bf80</run_address>
         <size>0x8c</size>
         <input_file_ref idref="fl-100"/>
      </object_component>
      <object_component id="oc-798">
         <name>.text:_SlDrvIsTimeoutExpired</name>
         <load_address>0x2000c00c</load_address>
         <run_address>0x2000c00c</run_address>
         <size>0x8c</size>
         <input_file_ref idref="fl-f9"/>
      </object_component>
      <object_component id="oc-9d9">
         <name>.text:_sl_HandleAsync_InitComplete</name>
         <load_address>0x2000c098</load_address>
         <run_address>0x2000c098</run_address>
         <size>0x8c</size>
         <input_file_ref idref="fl-f8"/>
      </object_component>
      <object_component id="oc-162">
         <name>.text:sl_Socket</name>
         <load_address>0x2000c124</load_address>
         <run_address>0x2000c124</run_address>
         <size>0x8c</size>
         <input_file_ref idref="fl-fe"/>
      </object_component>
      <object_component id="oc-749">
         <name>.text:PinConfigSet</name>
         <load_address>0x2000c1b0</load_address>
         <run_address>0x2000c1b0</run_address>
         <size>0x88</size>
         <input_file_ref idref="fl-f0"/>
      </object_component>
      <object_component id="oc-6bf">
         <name>.text:__aeabi_cdcmple</name>
         <load_address>0x2000c238</load_address>
         <run_address>0x2000c238</run_address>
         <size>0x86</size>
         <input_file_ref idref="fl-e7"/>
      </object_component>
      <object_component id="oc-818">
         <name>.text:__aeabi_cdrcmple</name>
         <load_address>0x2000c2be</load_address>
         <run_address>0x2000c2be</run_address>
         <size>0x86</size>
         <input_file_ref idref="fl-e7"/>
      </object_component>
      <object_component id="oc-136">
         <name>.text:sl_WlanRxFilterSet</name>
         <load_address>0x2000c344</load_address>
         <run_address>0x2000c344</run_address>
         <size>0x84</size>
         <input_file_ref idref="fl-ff"/>
      </object_component>
      <object_component id="oc-1fb">
         <name>.text:GPIOIntTypeSet</name>
         <load_address>0x2000c3c8</load_address>
         <run_address>0x2000c3c8</run_address>
         <size>0x82</size>
         <input_file_ref idref="fl-ee"/>
      </object_component>
      <object_component id="oc-9ac">
         <name>.text:_sl_HandleAsync_Connect</name>
         <load_address>0x2000c44c</load_address>
         <run_address>0x2000c44c</run_address>
         <size>0x80</size>
         <input_file_ref idref="fl-fe"/>
      </object_component>
      <object_component id="oc-94e">
         <name>.text:spi_Read_CPU</name>
         <load_address>0x2000c4cc</load_address>
         <run_address>0x2000c4cc</run_address>
         <size>0x80</size>
         <input_file_ref idref="fl-100"/>
      </object_component>
      <object_component id="oc-8de">
         <name>.text:spi_Write_CPU</name>
         <load_address>0x2000c54c</load_address>
         <run_address>0x2000c54c</run_address>
         <size>0x80</size>
         <input_file_ref idref="fl-100"/>
      </object_component>
      <object_component id="oc-88">
         <name>.text</name>
         <load_address>0x2000c5cc</load_address>
         <run_address>0x2000c5cc</run_address>
         <size>0x7a</size>
         <input_file_ref idref="fl-cc"/>
      </object_component>
      <object_component id="oc-2a5">
         <name>.text:malloc</name>
         <load_address>0x2000c648</load_address>
         <run_address>0x2000c648</run_address>
         <size>0x78</size>
         <input_file_ref idref="fl-d2"/>
      </object_component>
      <object_component id="oc-39f">
         <name>.text:spi_Close</name>
         <load_address>0x2000c6c0</load_address>
         <run_address>0x2000c6c0</run_address>
         <size>0x78</size>
         <input_file_ref idref="fl-100"/>
      </object_component>
      <object_component id="oc-2b7">
         <name>.text:UARTConfigSetExpClk</name>
         <load_address>0x2000c738</load_address>
         <run_address>0x2000c738</run_address>
         <size>0x76</size>
         <input_file_ref idref="fl-f4"/>
      </object_component>
      <object_component id="oc-fa">
         <name>.text:_SlNonOsMainLoopTask</name>
         <load_address>0x2000c7b0</load_address>
         <run_address>0x2000c7b0</run_address>
         <size>0x74</size>
         <input_file_ref idref="fl-fd"/>
      </object_component>
      <object_component id="oc-514">
         <name>.text:TimerIntRegister</name>
         <load_address>0x2000c824</load_address>
         <run_address>0x2000c824</run_address>
         <size>0x70</size>
         <input_file_ref idref="fl-f3"/>
      </object_component>
      <object_component id="oc-838">
         <name>.text:_mcpy</name>
         <load_address>0x2000c894</load_address>
         <run_address>0x2000c894</run_address>
         <size>0x6e</size>
         <input_file_ref idref="fl-db"/>
      </object_component>
      <object_component id="oc-9e3">
         <name>.text:_SlDrvCmdSend</name>
         <load_address>0x2000c904</load_address>
         <run_address>0x2000c904</run_address>
         <size>0x6c</size>
         <input_file_ref idref="fl-f9"/>
      </object_component>
      <object_component id="oc-996">
         <name>.text:_sl_NetAppSendTokenValue</name>
         <load_address>0x2000c970</load_address>
         <run_address>0x2000c970</run_address>
         <size>0x6c</size>
         <input_file_ref idref="fl-fb"/>
      </object_component>
      <object_component id="oc-532">
         <name>.text:TimerIntUnregister</name>
         <load_address>0x2000c9dc</load_address>
         <run_address>0x2000c9dc</run_address>
         <size>0x68</size>
         <input_file_ref idref="fl-f3"/>
      </object_component>
      <object_component id="oc-12">
         <name>.text:decompress:lzss:__TI_decompress_lzss</name>
         <load_address>0x2000ca44</load_address>
         <run_address>0x2000ca44</run_address>
         <size>0x68</size>
         <input_file_ref idref="fl-cf"/>
      </object_component>
      <object_component id="oc-635">
         <name>.text:_SlNonOsSpawn</name>
         <load_address>0x2000caac</load_address>
         <run_address>0x2000caac</run_address>
         <size>0x64</size>
         <input_file_ref idref="fl-fd"/>
      </object_component>
      <object_component id="oc-9a6">
         <name>.text:_sl_HandleAsync_Accept</name>
         <load_address>0x2000cb10</load_address>
         <run_address>0x2000cb10</run_address>
         <size>0x64</size>
         <input_file_ref idref="fl-fe"/>
      </object_component>
      <object_component id="oc-130">
         <name>.text:sl_NetAppMDNSUnRegisterService</name>
         <load_address>0x2000cb74</load_address>
         <run_address>0x2000cb74</run_address>
         <size>0x64</size>
         <input_file_ref idref="fl-fb"/>
      </object_component>
      <object_component id="oc-7ac">
         <name>.text:uDMAChannelAttributeDisable</name>
         <load_address>0x2000cbd8</load_address>
         <run_address>0x2000cbd8</run_address>
         <size>0x64</size>
         <input_file_ref idref="fl-101"/>
      </object_component>
      <object_component id="oc-9c6">
         <name>.text:uDMAChannelAttributeEnable</name>
         <load_address>0x2000cc3c</load_address>
         <run_address>0x2000cc3c</run_address>
         <size>0x64</size>
         <input_file_ref idref="fl-101"/>
      </object_component>
      <object_component id="oc-1ad">
         <name>.text:sl_Close</name>
         <load_address>0x2000cca0</load_address>
         <run_address>0x2000cca0</run_address>
         <size>0x60</size>
         <input_file_ref idref="fl-fe"/>
      </object_component>
      <object_component id="oc-118">
         <name>.text:sl_WlanProfileDel</name>
         <load_address>0x2000cd00</load_address>
         <run_address>0x2000cd00</run_address>
         <size>0x60</size>
         <input_file_ref idref="fl-ff"/>
      </object_component>
      <object_component id="oc-100">
         <name>.text:sl_WlanSetMode</name>
         <load_address>0x2000cd60</load_address>
         <run_address>0x2000cd60</run_address>
         <size>0x60</size>
         <input_file_ref idref="fl-ff"/>
      </object_component>
      <object_component id="oc-84d">
         <name>.text:frexp</name>
         <load_address>0x2000cdc0</load_address>
         <run_address>0x2000cdc0</run_address>
         <size>0x5c</size>
         <input_file_ref idref="fl-e2"/>
      </object_component>
      <object_component id="oc-606">
         <name>.text:IntPendClear</name>
         <load_address>0x2000ce1c</load_address>
         <run_address>0x2000ce1c</run_address>
         <size>0x58</size>
         <input_file_ref idref="fl-ef"/>
      </object_component>
      <object_component id="oc-1d7">
         <name>.text:PRCMPeripheralReset</name>
         <load_address>0x2000ce74</load_address>
         <run_address>0x2000ce74</run_address>
         <size>0x58</size>
         <input_file_ref idref="fl-f1"/>
      </object_component>
      <object_component id="oc-6ca">
         <name>.text:_pconv_f</name>
         <load_address>0x2000cecc</load_address>
         <run_address>0x2000cecc</run_address>
         <size>0x56</size>
         <input_file_ref idref="fl-db"/>
      </object_component>
      <object_component id="oc-2e3">
         <name>.text:IntPrioritySet</name>
         <load_address>0x2000cf24</load_address>
         <run_address>0x2000cf24</run_address>
         <size>0x54</size>
         <input_file_ref idref="fl-ef"/>
      </object_component>
      <object_component id="oc-372">
         <name>.text:_SlDrvRxIrqHandler</name>
         <load_address>0x2000cf78</load_address>
         <run_address>0x2000cf78</run_address>
         <size>0x54</size>
         <input_file_ref idref="fl-f9"/>
      </object_component>
      <object_component id="oc-9b2">
         <name>.text:_sl_HandleAsync_Select</name>
         <load_address>0x2000cfcc</load_address>
         <run_address>0x2000cfcc</run_address>
         <size>0x54</size>
         <input_file_ref idref="fl-fe"/>
      </object_component>
      <object_component id="oc-822">
         <name>.text:ltoa</name>
         <load_address>0x2000d020</load_address>
         <run_address>0x2000d020</run_address>
         <size>0x54</size>
         <input_file_ref idref="fl-de"/>
      </object_component>
      <object_component id="oc-832">
         <name>.text:_ecpy</name>
         <load_address>0x2000d074</load_address>
         <run_address>0x2000d074</run_address>
         <size>0x52</size>
         <input_file_ref idref="fl-db"/>
      </object_component>
      <object_component id="oc-9b8">
         <name>.text:_sl_HandleAsync_Stop</name>
         <load_address>0x2000d0c8</load_address>
         <run_address>0x2000d0c8</run_address>
         <size>0x50</size>
         <input_file_ref idref="fl-f8"/>
      </object_component>
      <object_component id="oc-5d9">
         <name>.text:SPIIntEnable</name>
         <load_address>0x2000d118</load_address>
         <run_address>0x2000d118</run_address>
         <size>0x4c</size>
         <input_file_ref idref="fl-f2"/>
      </object_component>
      <object_component id="oc-7f8">
         <name>.text:SPIIntNumberGet</name>
         <load_address>0x2000d164</load_address>
         <run_address>0x2000d164</run_address>
         <size>0x4c</size>
         <input_file_ref idref="fl-f2"/>
      </object_component>
      <object_component id="oc-342">
         <name>.text:_SlDrvProtectAsyncRespSetting</name>
         <load_address>0x2000d1b0</load_address>
         <run_address>0x2000d1b0</run_address>
         <size>0x4c</size>
         <input_file_ref idref="fl-f9"/>
      </object_component>
      <object_component id="oc-42d">
         <name>.text:_sl_BuildAddress</name>
         <load_address>0x2000d1fc</load_address>
         <run_address>0x2000d1fc</run_address>
         <size>0x4c</size>
         <input_file_ref idref="fl-fe"/>
      </object_component>
      <object_component id="oc-6b3">
         <name>.text:atoi</name>
         <load_address>0x2000d248</load_address>
         <run_address>0x2000d248</run_address>
         <size>0x4c</size>
         <input_file_ref idref="fl-dc"/>
      </object_component>
      <object_component id="oc-7a6">
         <name>.text:uDMAChannelAssign</name>
         <load_address>0x2000d294</load_address>
         <run_address>0x2000d294</run_address>
         <size>0x4c</size>
         <input_file_ref idref="fl-101"/>
      </object_component>
      <object_component id="oc-4ee">
         <name>.text:GPIOGetIntNumber</name>
         <load_address>0x2000d2e0</load_address>
         <run_address>0x2000d2e0</run_address>
         <size>0x48</size>
         <input_file_ref idref="fl-ee"/>
      </object_component>
      <object_component id="oc-7c6">
         <name>.text:SPIIntClear</name>
         <load_address>0x2000d328</load_address>
         <run_address>0x2000d328</run_address>
         <size>0x48</size>
         <input_file_ref idref="fl-f2"/>
      </object_component>
      <object_component id="oc-3cb">
         <name>.text:_SlDrvBasicCmd</name>
         <load_address>0x2000d370</load_address>
         <run_address>0x2000d370</run_address>
         <size>0x48</size>
         <input_file_ref idref="fl-f9"/>
      </object_component>
      <object_component id="oc-81d">
         <name>.text</name>
         <load_address>0x2000d3b8</load_address>
         <run_address>0x2000d3b8</run_address>
         <size>0x48</size>
         <input_file_ref idref="fl-e9"/>
      </object_component>
      <object_component id="oc-7b6">
         <name>.text:SPIDmaMaskGet</name>
         <load_address>0x2000d400</load_address>
         <run_address>0x2000d400</run_address>
         <size>0x44</size>
         <input_file_ref idref="fl-f2"/>
      </object_component>
      <object_component id="oc-520">
         <name>.text:TimerConfigure</name>
         <load_address>0x2000d444</load_address>
         <run_address>0x2000d444</run_address>
         <size>0x44</size>
         <input_file_ref idref="fl-f3"/>
      </object_component>
      <object_component id="oc-35a">
         <name>.text:_SlDrvSyncObjWaitTimeout</name>
         <load_address>0x2000d488</load_address>
         <run_address>0x2000d488</run_address>
         <size>0x44</size>
         <input_file_ref idref="fl-f9"/>
      </object_component>
      <object_component id="oc-267">
         <name>.text:__TI_auto_init_nobinit_nopinit:__TI_auto_init_nobinit_nopinit</name>
         <load_address>0x2000d4cc</load_address>
         <run_address>0x2000d4cc</run_address>
         <size>0x44</size>
         <input_file_ref idref="fl-d8"/>
      </object_component>
      <object_component id="oc-95b">
         <name>.text:cc_SetupTransfer</name>
         <load_address>0x2000d510</load_address>
         <run_address>0x2000d510</run_address>
         <size>0x44</size>
         <input_file_ref idref="fl-100"/>
      </object_component>
      <object_component id="oc-188">
         <name>.text</name>
         <load_address>0x2000d554</load_address>
         <run_address>0x2000d554</run_address>
         <size>0x44</size>
         <input_file_ref idref="fl-c9"/>
      </object_component>
      <object_component id="oc-15c">
         <name>.text:sl_Htonl</name>
         <load_address>0x2000d598</load_address>
         <run_address>0x2000d598</run_address>
         <size>0x42</size>
         <input_file_ref idref="fl-fe"/>
      </object_component>
      <object_component id="oc-4c5">
         <name>.text:PinModeSet</name>
         <load_address>0x2000d5dc</load_address>
         <run_address>0x2000d5dc</run_address>
         <size>0x40</size>
         <input_file_ref idref="fl-f0"/>
      </object_component>
      <object_component id="oc-46d">
         <name>.text:_sl_TruncatePayloadByProtocol</name>
         <load_address>0x2000d61c</load_address>
         <run_address>0x2000d61c</run_address>
         <size>0x40</size>
         <input_file_ref idref="fl-fe"/>
      </object_component>
      <object_component id="oc-1a0">
         <name>.text:sprintf</name>
         <load_address>0x2000d65c</load_address>
         <run_address>0x2000d65c</run_address>
         <size>0x40</size>
         <input_file_ref idref="fl-d6"/>
      </object_component>
      <object_component id="oc-2ab">
         <name>.text:vsnprintf</name>
         <load_address>0x2000d69c</load_address>
         <run_address>0x2000d69c</run_address>
         <size>0x40</size>
         <input_file_ref idref="fl-d7"/>
      </object_component>
      <object_component id="oc-34e">
         <name>.text:NwpRegisterInterruptHandler</name>
         <load_address>0x2000d6dc</load_address>
         <run_address>0x2000d6dc</run_address>
         <size>0x3e</size>
         <input_file_ref idref="fl-100"/>
      </object_component>
      <object_component id="oc-845">
         <name>.text:_fcpy</name>
         <load_address>0x2000d71a</load_address>
         <run_address>0x2000d71a</run_address>
         <size>0x3e</size>
         <input_file_ref idref="fl-db"/>
      </object_component>
      <object_component id="oc-99d">
         <name>.text:CopyPingResultsToReport</name>
         <load_address>0x2000d758</load_address>
         <run_address>0x2000d758</run_address>
         <size>0x3c</size>
         <input_file_ref idref="fl-fb"/>
      </object_component>
      <object_component id="oc-1d1">
         <name>.text:PRCMPeripheralClkEnable</name>
         <load_address>0x2000d794</load_address>
         <run_address>0x2000d794</run_address>
         <size>0x3c</size>
         <input_file_ref idref="fl-f1"/>
      </object_component>
      <object_component id="oc-497">
         <name>.text:minsert</name>
         <load_address>0x2000d7d0</load_address>
         <run_address>0x2000d7d0</run_address>
         <size>0x3c</size>
         <input_file_ref idref="fl-d2"/>
      </object_component>
      <object_component id="oc-928">
         <name>.text:simplelink_timerA2_start</name>
         <load_address>0x2000d80c</load_address>
         <run_address>0x2000d80c</run_address>
         <size>0x3c</size>
         <input_file_ref idref="fl-100"/>
      </object_component>
      <object_component id="oc-156">
         <name>.text:sl_Htons</name>
         <load_address>0x2000d848</load_address>
         <run_address>0x2000d848</run_address>
         <size>0x3c</size>
         <input_file_ref idref="fl-fe"/>
      </object_component>
      <object_component id="oc-9c0">
         <name>.text:uDMAChannelControlSet</name>
         <load_address>0x2000d884</load_address>
         <run_address>0x2000d884</run_address>
         <size>0x3c</size>
         <input_file_ref idref="fl-101"/>
      </object_component>
      <object_component id="oc-348">
         <name>.text:NwpPowerOff</name>
         <load_address>0x2000d8c0</load_address>
         <run_address>0x2000d8c0</run_address>
         <size>0x38</size>
         <input_file_ref idref="fl-100"/>
      </object_component>
      <object_component id="oc-48b">
         <name>.text:minit</name>
         <load_address>0x2000d8f8</load_address>
         <run_address>0x2000d8f8</run_address>
         <size>0x38</size>
         <input_file_ref idref="fl-d2"/>
      </object_component>
      <object_component id="oc-11e">
         <name>.text:sl_WlanDisconnect</name>
         <load_address>0x2000d930</load_address>
         <run_address>0x2000d930</run_address>
         <size>0x38</size>
         <input_file_ref idref="fl-ff"/>
      </object_component>
      <object_component id="oc-4d1">
         <name>.text:GPIODirModeSet</name>
         <load_address>0x2000d968</load_address>
         <run_address>0x2000d968</run_address>
         <size>0x36</size>
         <input_file_ref idref="fl-ee"/>
      </object_component>
      <object_component id="oc-5bb">
         <name>.text:PRCMPeripheralStatusGet</name>
         <load_address>0x2000d9a0</load_address>
         <run_address>0x2000d9a0</run_address>
         <size>0x34</size>
         <input_file_ref idref="fl-f1"/>
      </object_component>
      <object_component id="oc-5d3">
         <name>.text:SPIFIFOLevelSet</name>
         <load_address>0x2000d9d4</load_address>
         <run_address>0x2000d9d4</run_address>
         <size>0x34</size>
         <input_file_ref idref="fl-f2"/>
      </object_component>
      <object_component id="oc-4cb">
         <name>.text:PinTypeGPIO</name>
         <load_address>0x2000da08</load_address>
         <run_address>0x2000da08</run_address>
         <size>0x30</size>
         <input_file_ref idref="fl-f0"/>
      </object_component>
      <object_component id="oc-579">
         <name>.text:UARTDisable</name>
         <load_address>0x2000da38</load_address>
         <run_address>0x2000da38</run_address>
         <size>0x30</size>
         <input_file_ref idref="fl-f4"/>
      </object_component>
      <object_component id="oc-560">
         <name>.text:_outs</name>
         <load_address>0x2000da68</load_address>
         <run_address>0x2000da68</run_address>
         <size>0x30</size>
         <input_file_ref idref="fl-d7"/>
      </object_component>
      <object_component id="oc-72e">
         <name>.text:_sl_Strlen</name>
         <load_address>0x2000da98</load_address>
         <run_address>0x2000da98</run_address>
         <size>0x30</size>
         <input_file_ref idref="fl-fa"/>
      </object_component>
      <object_component id="oc-828">
         <name>.text</name>
         <load_address>0x2000dac8</load_address>
         <run_address>0x2000dac8</run_address>
         <size>0x2e</size>
         <input_file_ref idref="fl-ea"/>
      </object_component>
      <object_component id="oc-354">
         <name>.text:NwpPowerOn</name>
         <load_address>0x2000daf8</load_address>
         <run_address>0x2000daf8</run_address>
         <size>0x2c</size>
         <input_file_ref idref="fl-100"/>
      </object_component>
      <object_component id="oc-2fb">
         <name>.text:PRCMSysResetCauseGet</name>
         <load_address>0x2000db24</load_address>
         <run_address>0x2000db24</run_address>
         <size>0x2c</size>
         <input_file_ref idref="fl-f1"/>
      </object_component>
      <object_component id="oc-648">
         <name>.text:_SlDrvObjGlobalLockWaitForever</name>
         <load_address>0x2000db50</load_address>
         <run_address>0x2000db50</run_address>
         <size>0x2c</size>
         <input_file_ref idref="fl-f9"/>
      </object_component>
      <object_component id="oc-402">
         <name>.text:_SlDrvProtectionObjLockWaitForever</name>
         <load_address>0x2000db7c</load_address>
         <run_address>0x2000db7c</run_address>
         <size>0x2c</size>
         <input_file_ref idref="fl-f9"/>
      </object_component>
      <object_component id="oc-502">
         <name>.text:TimerLoadSet</name>
         <load_address>0x2000dba8</load_address>
         <run_address>0x2000dba8</run_address>
         <size>0x2a</size>
         <input_file_ref idref="fl-f3"/>
      </object_component>
      <object_component id="oc-526">
         <name>.text:TimerPrescaleSet</name>
         <load_address>0x2000dbd2</load_address>
         <run_address>0x2000dbd2</run_address>
         <size>0x2a</size>
         <input_file_ref idref="fl-f3"/>
      </object_component>
      <object_component id="oc-1bf">
         <name>.text:calloc</name>
         <load_address>0x2000dbfc</load_address>
         <run_address>0x2000dbfc</run_address>
         <size>0x2a</size>
         <input_file_ref idref="fl-d2"/>
      </object_component>
      <object_component id="oc-30d">
         <name>.text:PRCMPeripheralClkDisable</name>
         <load_address>0x2000dc28</load_address>
         <run_address>0x2000dc28</run_address>
         <size>0x28</size>
         <input_file_ref idref="fl-f1"/>
      </object_component>
      <object_component id="oc-64e">
         <name>.text:_SlDrvGlobalObjUnLock</name>
         <load_address>0x2000dc50</load_address>
         <run_address>0x2000dc50</run_address>
         <size>0x28</size>
         <input_file_ref idref="fl-f9"/>
      </object_component>
      <object_component id="oc-408">
         <name>.text:_SlDrvProtectionObjUnLock</name>
         <load_address>0x2000dc78</load_address>
         <run_address>0x2000dc78</run_address>
         <size>0x28</size>
         <input_file_ref idref="fl-f9"/>
      </object_component>
      <object_component id="oc-40e">
         <name>.text:_SlDrvSyncObjWaitForever</name>
         <load_address>0x2000dca0</load_address>
         <run_address>0x2000dca0</run_address>
         <size>0x28</size>
         <input_file_ref idref="fl-f9"/>
      </object_component>
      <object_component id="oc-58">
         <name>.text:_c_int00_noargs:_c_int00_noargs</name>
         <load_address>0x2000dcc8</load_address>
         <run_address>0x2000dcc8</run_address>
         <size>0x28</size>
         <input_file_ref idref="fl-d0"/>
      </object_component>
      <object_component id="oc-491">
         <name>.text:mremove</name>
         <load_address>0x2000dcf0</load_address>
         <run_address>0x2000dcf0</run_address>
         <size>0x28</size>
         <input_file_ref idref="fl-d2"/>
      </object_component>
      <object_component id="oc-702">
         <name>.text:_SlDrvObjLockWaitForever</name>
         <load_address>0x2000dd18</load_address>
         <run_address>0x2000dd18</run_address>
         <size>0x26</size>
         <input_file_ref idref="fl-f9"/>
      </object_component>
      <object_component id="oc-5e5">
         <name>.text:DmaSpiSwIntHandler</name>
         <load_address>0x2000dd40</load_address>
         <run_address>0x2000dd40</run_address>
         <size>0x24</size>
         <input_file_ref idref="fl-100"/>
      </object_component>
      <object_component id="oc-600">
         <name>.text:IntUnregister</name>
         <load_address>0x2000dd64</load_address>
         <run_address>0x2000dd64</run_address>
         <size>0x24</size>
         <input_file_ref idref="fl-ef"/>
      </object_component>
      <object_component id="oc-57f">
         <name>.text:UARTEnable</name>
         <load_address>0x2000dd88</load_address>
         <run_address>0x2000dd88</run_address>
         <size>0x24</size>
         <input_file_ref idref="fl-f4"/>
      </object_component>
      <object_component id="oc-299">
         <name>.text:memmove</name>
         <load_address>0x2000ddac</load_address>
         <run_address>0x2000ddac</run_address>
         <size>0x24</size>
         <input_file_ref idref="fl-d5"/>
      </object_component>
      <object_component id="oc-201">
         <name>.text:GPIOIntStatus</name>
         <load_address>0x2000ddd0</load_address>
         <run_address>0x2000ddd0</run_address>
         <size>0x22</size>
         <input_file_ref idref="fl-ee"/>
      </object_component>
      <object_component id="oc-1dd">
         <name>.text:SPIReset</name>
         <load_address>0x2000ddf2</load_address>
         <run_address>0x2000ddf2</run_address>
         <size>0x22</size>
         <input_file_ref idref="fl-f2"/>
      </object_component>
      <object_component id="oc-8d8">
         <name>.text:SPIWordCountSet</name>
         <load_address>0x2000de14</load_address>
         <run_address>0x2000de14</run_address>
         <size>0x22</size>
         <input_file_ref idref="fl-f2"/>
      </object_component>
      <object_component id="oc-26">
         <name>.text</name>
         <load_address>0x2000de38</load_address>
         <run_address>0x2000de38</run_address>
         <size>0x22</size>
         <input_file_ref idref="fl-9"/>
      </object_component>
      <object_component id="oc-178">
         <name>.text:GPIOPinWrite</name>
         <load_address>0x2000de5a</load_address>
         <run_address>0x2000de5a</run_address>
         <size>0x20</size>
         <input_file_ref idref="fl-ee"/>
      </object_component>
      <object_component id="oc-4f4">
         <name>.text:IntRegister</name>
         <load_address>0x2000de7c</load_address>
         <run_address>0x2000de7c</run_address>
         <size>0x20</size>
         <input_file_ref idref="fl-ef"/>
      </object_component>
      <object_component id="oc-399">
         <name>.text:NwpPrePowerOffTimout0</name>
         <load_address>0x2000de9c</load_address>
         <run_address>0x2000de9c</run_address>
         <size>0x20</size>
         <input_file_ref idref="fl-100"/>
      </object_component>
      <object_component id="oc-447">
         <name>.text:SPIDataGet</name>
         <load_address>0x2000debc</load_address>
         <run_address>0x2000debc</run_address>
         <size>0x20</size>
         <input_file_ref idref="fl-f2"/>
      </object_component>
      <object_component id="oc-8a3">
         <name>.text:TimerGetCurrentTimestamp</name>
         <load_address>0x2000dedc</load_address>
         <run_address>0x2000dedc</run_address>
         <size>0x20</size>
         <input_file_ref idref="fl-100"/>
      </object_component>
      <object_component id="oc-708">
         <name>.text:_SlDrvObjUnLock</name>
         <load_address>0x2000defc</load_address>
         <run_address>0x2000defc</run_address>
         <size>0x20</size>
         <input_file_ref idref="fl-f9"/>
      </object_component>
      <object_component id="oc-621">
         <name>.text:_SlDrvSyncObjSignal</name>
         <load_address>0x2000df1c</load_address>
         <run_address>0x2000df1c</run_address>
         <size>0x20</size>
         <input_file_ref idref="fl-f9"/>
      </object_component>
      <object_component id="oc-17e">
         <name>.text</name>
         <load_address>0x2000df3c</load_address>
         <run_address>0x2000df3c</run_address>
         <size>0x20</size>
         <input_file_ref idref="fl-cb"/>
      </object_component>
      <object_component id="oc-1f5">
         <name>.text:GPIOIntRegister</name>
         <load_address>0x2000df5c</load_address>
         <run_address>0x2000df5c</run_address>
         <size>0x1e</size>
         <input_file_ref idref="fl-ee"/>
      </object_component>
      <object_component id="oc-441">
         <name>.text:SPIDataPut</name>
         <load_address>0x2000df7a</load_address>
         <run_address>0x2000df7a</run_address>
         <size>0x1e</size>
         <input_file_ref idref="fl-f2"/>
      </object_component>
      <object_component id="oc-22f">
         <name>.text:TimerDisable</name>
         <load_address>0x2000df98</load_address>
         <run_address>0x2000df98</run_address>
         <size>0x1e</size>
         <input_file_ref idref="fl-f3"/>
      </object_component>
      <object_component id="oc-21c">
         <name>.text:TimerEnable</name>
         <load_address>0x2000dfb6</load_address>
         <run_address>0x2000dfb6</run_address>
         <size>0x1e</size>
         <input_file_ref idref="fl-f3"/>
      </object_component>
      <object_component id="oc-508">
         <name>.text:TimerIntStatus</name>
         <load_address>0x2000dfd4</load_address>
         <run_address>0x2000dfd4</run_address>
         <size>0x1e</size>
         <input_file_ref idref="fl-f3"/>
      </object_component>
      <object_component id="oc-29f">
         <name>.text:UARTCharPut</name>
         <load_address>0x2000dff2</load_address>
         <run_address>0x2000dff2</run_address>
         <size>0x1e</size>
         <input_file_ref idref="fl-f4"/>
      </object_component>
      <object_component id="oc-5c1">
         <name>.text:cc_UDMAChannelSelect</name>
         <load_address>0x2000e010</load_address>
         <run_address>0x2000e010</run_address>
         <size>0x1e</size>
         <input_file_ref idref="fl-100"/>
      </object_component>
      <object_component id="oc-235">
         <name>.text:TimerLoadGet</name>
         <load_address>0x2000e02e</load_address>
         <run_address>0x2000e02e</run_address>
         <size>0x1c</size>
         <input_file_ref idref="fl-f3"/>
      </object_component>
      <object_component id="oc-229">
         <name>.text:TimerValueGet</name>
         <load_address>0x2000e04a</load_address>
         <run_address>0x2000e04a</run_address>
         <size>0x1c</size>
         <input_file_ref idref="fl-f3"/>
      </object_component>
      <object_component id="oc-2c6">
         <name>.text:UARTCharGetNonBlocking</name>
         <load_address>0x2000e066</load_address>
         <run_address>0x2000e066</run_address>
         <size>0x1c</size>
         <input_file_ref idref="fl-f4"/>
      </object_component>
      <object_component id="oc-792">
         <name>.text:_SlDrvStartMeasureTimeout</name>
         <load_address>0x2000e082</load_address>
         <run_address>0x2000e082</run_address>
         <size>0x1c</size>
         <input_file_ref idref="fl-f9"/>
      </object_component>
      <object_component id="oc-6dc">
         <name>.text:memccpy</name>
         <load_address>0x2000e09e</load_address>
         <run_address>0x2000e09e</run_address>
         <size>0x1c</size>
         <input_file_ref idref="fl-df"/>
      </object_component>
      <object_component id="oc-9d2">
         <name>.text:uDMAChannelEnable</name>
         <load_address>0x2000e0bc</load_address>
         <run_address>0x2000e0bc</run_address>
         <size>0x1c</size>
         <input_file_ref idref="fl-101"/>
      </object_component>
      <object_component id="oc-20d">
         <name>.text:GPIOIntEnable</name>
         <load_address>0x2000e0d8</load_address>
         <run_address>0x2000e0d8</run_address>
         <size>0x1a</size>
         <input_file_ref idref="fl-ee"/>
      </object_component>
      <object_component id="oc-4d7">
         <name>.text:PinTypeSPI</name>
         <load_address>0x2000e0f2</load_address>
         <run_address>0x2000e0f2</run_address>
         <size>0x1a</size>
         <input_file_ref idref="fl-f0"/>
      </object_component>
      <object_component id="oc-4dd">
         <name>.text:PinTypeUART</name>
         <load_address>0x2000e10c</load_address>
         <run_address>0x2000e10c</run_address>
         <size>0x1a</size>
         <input_file_ref idref="fl-f0"/>
      </object_component>
      <object_component id="oc-672">
         <name>.text:SPIDmaDisable</name>
         <load_address>0x2000e126</load_address>
         <run_address>0x2000e126</run_address>
         <size>0x1a</size>
         <input_file_ref idref="fl-f2"/>
      </object_component>
      <object_component id="oc-5cd">
         <name>.text:SPIDmaEnable</name>
         <load_address>0x2000e140</load_address>
         <run_address>0x2000e140</run_address>
         <size>0x1a</size>
         <input_file_ref idref="fl-f2"/>
      </object_component>
      <object_component id="oc-66c">
         <name>.text:SPIFIFODisable</name>
         <load_address>0x2000e15a</load_address>
         <run_address>0x2000e15a</run_address>
         <size>0x1a</size>
         <input_file_ref idref="fl-f2"/>
      </object_component>
      <object_component id="oc-5c7">
         <name>.text:SPIFIFOEnable</name>
         <load_address>0x2000e174</load_address>
         <run_address>0x2000e174</run_address>
         <size>0x1a</size>
         <input_file_ref idref="fl-f2"/>
      </object_component>
      <object_component id="oc-666">
         <name>.text:SPIIntUnregister</name>
         <load_address>0x2000e18e</load_address>
         <run_address>0x2000e18e</run_address>
         <size>0x1a</size>
         <input_file_ref idref="fl-f2"/>
      </object_component>
      <object_component id="oc-223">
         <name>.text:GPIOPinRead</name>
         <load_address>0x2000e1a8</load_address>
         <run_address>0x2000e1a8</run_address>
         <size>0x18</size>
         <input_file_ref idref="fl-ee"/>
      </object_component>
      <object_component id="oc-44d">
         <name>.text:SPICSDisable</name>
         <load_address>0x2000e1c0</load_address>
         <run_address>0x2000e1c0</run_address>
         <size>0x18</size>
         <input_file_ref idref="fl-f2"/>
      </object_component>
      <object_component id="oc-43b">
         <name>.text:SPICSEnable</name>
         <load_address>0x2000e1d8</load_address>
         <run_address>0x2000e1d8</run_address>
         <size>0x18</size>
         <input_file_ref idref="fl-f2"/>
      </object_component>
      <object_component id="oc-5b5">
         <name>.text:SPIDisable</name>
         <load_address>0x2000e1f0</load_address>
         <run_address>0x2000e1f0</run_address>
         <size>0x18</size>
         <input_file_ref idref="fl-f2"/>
      </object_component>
      <object_component id="oc-1ef">
         <name>.text:SPIEnable</name>
         <load_address>0x2000e208</load_address>
         <run_address>0x2000e208</run_address>
         <size>0x18</size>
         <input_file_ref idref="fl-f2"/>
      </object_component>
      <object_component id="oc-52c">
         <name>.text:TimerIntDisable</name>
         <load_address>0x2000e220</load_address>
         <run_address>0x2000e220</run_address>
         <size>0x18</size>
         <input_file_ref idref="fl-f3"/>
      </object_component>
      <object_component id="oc-51a">
         <name>.text:TimerIntEnable</name>
         <load_address>0x2000e238</load_address>
         <run_address>0x2000e238</run_address>
         <size>0x18</size>
         <input_file_ref idref="fl-f3"/>
      </object_component>
      <object_component id="oc-2c0">
         <name>.text:UARTCharsAvail</name>
         <load_address>0x2000e250</load_address>
         <run_address>0x2000e250</run_address>
         <size>0x18</size>
         <input_file_ref idref="fl-f4"/>
      </object_component>
      <object_component id="oc-5a4">
         <name>.text:_SlNonOsSemSet</name>
         <load_address>0x2000e268</load_address>
         <run_address>0x2000e268</run_address>
         <size>0x18</size>
         <input_file_ref idref="fl-fd"/>
      </object_component>
      <object_component id="oc-566">
         <name>.text:_outc</name>
         <load_address>0x2000e280</load_address>
         <run_address>0x2000e280</run_address>
         <size>0x18</size>
         <input_file_ref idref="fl-d7"/>
      </object_component>
      <object_component id="oc-45f">
         <name>.text:_outs</name>
         <load_address>0x2000e298</load_address>
         <run_address>0x2000e298</run_address>
         <size>0x18</size>
         <input_file_ref idref="fl-d6"/>
      </object_component>
      <object_component id="oc-366">
         <name>.text:_sl_GetStartResponseConvert</name>
         <load_address>0x2000e2b0</load_address>
         <run_address>0x2000e2b0</run_address>
         <size>0x18</size>
         <input_file_ref idref="fl-f8"/>
      </object_component>
      <object_component id="oc-301">
         <name>.text:PRCMHIBRegRead</name>
         <load_address>0x2000e2c8</load_address>
         <run_address>0x2000e2c8</run_address>
         <size>0x16</size>
         <input_file_ref idref="fl-f1"/>
      </object_component>
      <object_component id="oc-307">
         <name>.text:PRCMHIBRegWrite</name>
         <load_address>0x2000e2de</load_address>
         <run_address>0x2000e2de</run_address>
         <size>0x16</size>
         <input_file_ref idref="fl-f1"/>
      </object_component>
      <object_component id="oc-3ee">
         <name>.text:_SlDrvMemZero</name>
         <load_address>0x2000e2f4</load_address>
         <run_address>0x2000e2f4</run_address>
         <size>0x16</size>
         <input_file_ref idref="fl-f9"/>
      </object_component>
      <object_component id="oc-859">
         <name>.text:strchr</name>
         <load_address>0x2000e30a</load_address>
         <run_address>0x2000e30a</run_address>
         <size>0x16</size>
         <input_file_ref idref="fl-e0"/>
      </object_component>
      <object_component id="oc-2eb">
         <name>.text:CPUcpsie</name>
         <load_address>0x2000e320</load_address>
         <run_address>0x2000e320</run_address>
         <size>0x14</size>
         <input_file_ref idref="fl-f6"/>
      </object_component>
      <object_component id="oc-207">
         <name>.text:GPIOIntClear</name>
         <load_address>0x2000e334</load_address>
         <run_address>0x2000e334</run_address>
         <size>0x14</size>
         <input_file_ref idref="fl-ee"/>
      </object_component>
      <object_component id="oc-ce">
         <name>.text:IntVTableBaseSet</name>
         <load_address>0x2000e348</load_address>
         <run_address>0x2000e348</run_address>
         <size>0x14</size>
         <input_file_ref idref="fl-ef"/>
      </object_component>
      <object_component id="oc-6ad">
         <name>.text:strlen</name>
         <load_address>0x2000e35c</load_address>
         <run_address>0x2000e35c</run_address>
         <size>0x14</size>
         <input_file_ref idref="fl-e1"/>
      </object_component>
      <object_component id="oc-50e">
         <name>.text:TimerIntClear</name>
         <load_address>0x2000e370</load_address>
         <run_address>0x2000e370</run_address>
         <size>0x12</size>
         <input_file_ref idref="fl-f3"/>
      </object_component>
      <object_component id="oc-6e2">
         <name>.text:wcslen</name>
         <load_address>0x2000e382</load_address>
         <run_address>0x2000e382</run_address>
         <size>0x12</size>
         <input_file_ref idref="fl-e5"/>
      </object_component>
      <object_component id="oc-990">
         <name>.text:_SlDrvDispatchHttpServerEvents</name>
         <load_address>0x2000e394</load_address>
         <run_address>0x2000e394</run_address>
         <size>0x10</size>
         <input_file_ref idref="fl-f9"/>
      </object_component>
      <object_component id="oc-3b4">
         <name>.text:_SlDrvResetCmdExt</name>
         <load_address>0x2000e3a4</load_address>
         <run_address>0x2000e3a4</run_address>
         <size>0xe</size>
         <input_file_ref idref="fl-f9"/>
      </object_component>
[...]
      </symbol>
      <symbol id="sm-b3b">
         <name>TimerIntUnregister</name>
         <value>0x2000c9dd</value>
         <object_component_ref idref="oc-532"/>
      </symbol>
      <symbol id="sm-b3c">
         <name>TimerIntStatus</name>
         <value>0x2000dfd5</value>
         <object_component_ref idref="oc-508"/>
      </symbol>
      <symbol id="sm-b3d">
         <name>TimerIntDisable</name>
         <value>0x2000e221</value>
         <object_component_ref idref="oc-52c"/>
      </symbol>
      <symbol id="sm-b3e">
         <name>TimerValueGet</name>
         <value>0x2000e04b</value>
         <object_component_ref idref="oc-229"/>
      </symbol>
      <symbol id="sm-b3f">
         <name>TimerPrescaleSet</name>
         <value>0x2000dbd3</value>
         <object_component_ref idref="oc-526"/>
      </symbol>
      <symbol id="sm-b40">
         <name>TimerLoadGet</name>
         <value>0x2000e02f</value>
         <object_component_ref idref="oc-235"/>
      </symbol>
      <symbol id="sm-b41">
         <name>TimerIntEnable</name>
         <value>0x2000e239</value>
         <object_component_ref idref="oc-51a"/>
      </symbol>
      <symbol id="sm-b42">
         <name>TimerConfigure</name>
         <value>0x2000d445</value>
         <object_component_ref idref="oc-520"/>
      </symbol>
      <symbol id="sm-b43">
         <name>TimerIntClear</name>
         <value>0x2000e371</value>
         <object_component_ref idref="oc-50e"/>
      </symbol>
      <symbol id="sm-b7f">
         <name>UARTConfigSetExpClk</name>
         <value>0x2000c739</value>
         <object_component_ref idref="oc-2b7"/>
      </symbol>
      <symbol id="sm-b80">
         <name>UARTDisable</name>
         <value>0x2000da39</value>
         <object_component_ref idref="oc-579"/>
      </symbol>
      <symbol id="sm-b81">
         <name>UARTCharsAvail</name>
         <value>0x2000e251</value>
         <object_component_ref idref="oc-2c0"/>
      </symbol>
      <symbol id="sm-b82">
         <name>UARTCharGetNonBlocking</name>
         <value>0x2000e067</value>
         <object_component_ref idref="oc-2c6"/>
      </symbol>
      <symbol id="sm-b83">
         <name>UARTCharPut</name>
         <value>0x2000dff3</value>
         <object_component_ref idref="oc-29f"/>
      </symbol>
      <symbol id="sm-b84">
         <name>UARTEnable</name>
         <value>0x2000dd89</value>
         <object_component_ref idref="oc-57f"/>
      </symbol>
      <symbol id="sm-b88">
         <name>UtilsDelay</name>
         <value>0x20007453</value>
         <object_component_ref idref="oc-146"/>
      </symbol>
      <symbol id="sm-b92">
         <name>CPUcpsie</name>
         <value>0x2000e321</value>
         <object_component_ref idref="oc-2eb"/>
      </symbol>
      <symbol id="sm-c49">
         <name>_sl_HandleAsync_InitComplete</name>
         <value>0x2000c099</value>
         <object_component_ref idref="oc-9d9"/>
      </symbol>
      <symbol id="sm-c4a">
         <name>_SlDrvDeviceEventHandler</name>
         <value>0x2000b7f1</value>
         <object_component_ref idref="oc-97c"/>
      </symbol>
      <symbol id="sm-c4b">
         <name>_sl_HandleAsync_Stop</name>
         <value>0x2000d0c9</value>
         <object_component_ref idref="oc-9b8"/>
      </symbol>
      <symbol id="sm-c4c">
         <name>sl_DevSet</name>
         <value>0x2000b88d</value>
         <object_component_ref idref="oc-149"/>
      </symbol>
      <symbol id="sm-c4d">
         <name>sl_Stop</name>
         <value>0x2000a555</value>
         <object_component_ref idref="oc-106"/>
      </symbol>
      <symbol id="sm-c4e">
         <name>sl_Start</name>
         <value>0x2000a825</value>
         <object_component_ref idref="oc-f3"/>
      </symbol>
      <symbol id="sm-c4f">
         <name>sl_DevGet</name>
         <value>0x2000af15</value>
         <object_component_ref idref="oc-10c"/>
      </symbol>
      <symbol id="sm-efe">
         <name>RxIrqCnt</name>
         <value>0x20020240</value>
      </symbol>
      <symbol id="sm-eff">
         <name>g_bDeviceRestartIsRequired</name>
         <value>0x20020241</value>
      </symbol>
      <symbol id="sm-f00">
         <name>_SlDrvProtectionObjUnLock</name>
         <value>0x2000dc79</value>
         <object_component_ref idref="oc-408"/>
      </symbol>
      <symbol id="sm-f01">
         <name>_SlDrvBasicCmd</name>
         <value>0x2000d371</value>
         <object_component_ref idref="oc-3cb"/>
      </symbol>
      <symbol id="sm-f02">
         <name>_SlDrvObjUnLock</name>
         <value>0x2000defd</value>
         <object_component_ref idref="oc-708"/>
      </symbol>
      <symbol id="sm-f03">
         <name>_SlDrvObjLockWaitForever</name>
         <value>0x2000dd19</value>
         <object_component_ref idref="oc-702"/>
      </symbol>
      <symbol id="sm-f04">
         <name>_SlDrvMsgReadSpawnCtx</name>
         <value>0x2000a9f9</value>
         <object_component_ref idref="oc-63b"/>
      </symbol>
      <symbol id="sm-f05">
         <name>_SlDrvDispatchHttpServerEvents</name>
         <value>0x2000e395</value>
         <object_component_ref idref="oc-990"/>
      </symbol>
      <symbol id="sm-f06">
         <name>_SlDriverHandleError</name>
         <value>0x2000b4cd</value>
         <object_component_ref idref="oc-614"/>
      </symbol>
      <symbol id="sm-f07">
         <name>_SlDrvDriverCBDeinit</name>
         <value>0x20009ed9</value>
         <object_component_ref idref="oc-3a5"/>
      </symbol>
      <symbol id="sm-f08">
         <name>_SlDrvStartMeasureTimeout</name>
         <value>0x2000e083</value>
         <object_component_ref idref="oc-792"/>
      </symbol>
      <symbol id="sm-f09">
         <name>_SlDrvResetCmdExt</name>
         <value>0x2000e3a5</value>
         <object_component_ref idref="oc-3b4"/>
      </symbol>
      <symbol id="sm-f0a">
         <name>_SlDrvIsTimeoutExpired</name>
         <value>0x2000c00d</value>
         <object_component_ref idref="oc-798"/>
      </symbol>
      <symbol id="sm-f0b">
         <name>_SlDrvProtectAsyncRespSetting</name>
         <value>0x2000d1b1</value>
         <object_component_ref idref="oc-342"/>
      </symbol>
      <symbol id="sm-f0c">
         <name>_SlDrvReleasePoolObj</name>
         <value>0x2000832d</value>
         <object_component_ref idref="oc-360"/>
      </symbol>
      <symbol id="sm-f0d">
         <name>OpcodeTranslateTable</name>
         <value>0x2000e808</value>
         <object_component_ref idref="oc-8ce"/>
      </symbol>
      <symbol id="sm-f0e">
         <name>pPingCallBackFunc</name>
         <value>0x200202c8</value>
         <object_component_ref idref="oc-36f"/>
      </symbol>
      <symbol id="sm-f0f">
         <name>_SlDrvDriverCBInit</name>
         <value>0x20008881</value>
         <object_component_ref idref="oc-336"/>
      </symbol>
      <symbol id="sm-f10">
         <name>g_pCB</name>
         <value>0x200202c4</value>
         <object_component_ref idref="oc-36f"/>
      </symbol>
      <symbol id="sm-f11">
         <name>_SlDrvProtectionObjLockWaitForever</name>
         <value>0x2000db7d</value>
         <object_component_ref idref="oc-402"/>
      </symbol>
      <symbol id="sm-f12">
         <name>_SlDrvCmdOp</name>
         <value>0x2000b0a5</value>
         <object_component_ref idref="oc-389"/>
      </symbol>
      <symbol id="sm-f13">
         <name>_SlDrvSyncObjWaitTimeout</name>
         <value>0x2000d489</value>
         <object_component_ref idref="oc-35a"/>
      </symbol>
      <symbol id="sm-f14">
         <name>_SlDrvGlobalObjUnLock</name>
         <value>0x2000dc51</value>
         <object_component_ref idref="oc-64e"/>
      </symbol>
      <symbol id="sm-f15">
         <name>_SlDrvMemZero</name>
         <value>0x2000e2f5</value>
         <object_component_ref idref="oc-3ee"/>
      </symbol>
      <symbol id="sm-f16">
         <name>_SlDrvWaitForPoolObj</name>
         <value>0x20008bd1</value>
         <object_component_ref idref="oc-3fc"/>
      </symbol>
      <symbol id="sm-f17">
         <name>_SlDrvSyncObjSignal</name>
         <value>0x2000df1d</value>
         <object_component_ref idref="oc-621"/>
      </symbol>
      <symbol id="sm-f18">
         <name>_SlDrvDataReadOp</name>
         <value>0x20008149</value>
         <object_component_ref idref="oc-481"/>
      </symbol>
      <symbol id="sm-f19">
         <name>_SlDrvDataWriteOp</name>
         <value>0x200094c1</value>
         <object_component_ref idref="oc-473"/>
      </symbol>
      <symbol id="sm-f1a">
         <name>_SlDrvRxIrqHandler</name>
         <value>0x2000cf79</value>
         <object_component_ref idref="oc-372"/>
      </symbol>
      <symbol id="sm-f1b">
         <name>_SlDrvSyncObjWaitForever</name>
         <value>0x2000dca1</value>
         <object_component_ref idref="oc-40e"/>
      </symbol>
      <symbol id="sm-f1c">
         <name>g_SlDeviceStatus</name>
         <value>0x200202c0</value>
         <object_component_ref idref="oc-36f"/>
      </symbol>
      <symbol id="sm-f1d">
         <name>_SlDrvCmdSend</name>
         <value>0x2000c905</value>
         <object_component_ref idref="oc-9e3"/>
      </symbol>
      <symbol id="sm-f1e">
         <name>_SlActionLookupTable</name>
         <value>0x2000e844</value>
         <object_component_ref idref="oc-955"/>
      </symbol>
      <symbol id="sm-f9d">
         <name>sl_FsClose</name>
         <value>0x2000b165</value>
         <object_component_ref idref="oc-4b7"/>
      </symbol>
      <symbol id="sm-f9e">
         <name>_sl_GetCreateFsMode</name>
         <value>0x2000bcb1</value>
         <object_component_ref idref="oc-4ab"/>
      </symbol>
      <symbol id="sm-f9f">
         <name>sl_FsWrite</name>
         <value>0x2000a129</value>
         <object_component_ref idref="oc-4be"/>
      </symbol>
      <symbol id="sm-fa0">
         <name>sl_FsOpen</name>
         <value>0x2000b571</value>
         <object_component_ref idref="oc-4b1"/>
      </symbol>
      <symbol id="sm-1048">
         <name>sl_NetAppMDNSUnRegisterService</name>
         <value>0x2000cb75</value>
         <object_component_ref idref="oc-130"/>
      </symbol>
      <symbol id="sm-1049">
         <name>_SlNetAppSendTokenValueCmdCtrl</name>
         <value>0x2000ea72</value>
         <object_component_ref idref="oc-9e9"/>
      </symbol>
      <symbol id="sm-104a">
         <name>sl_NetAppDnsGetHostByName</name>
         <value>0x200099ed</value>
         <object_component_ref idref="oc-150"/>
      </symbol>
      <symbol id="sm-104b">
         <name>_sl_HandleAsync_DnsGetHostByName</name>
         <value>0x2000bd45</value>
         <object_component_ref idref="oc-984"/>
      </symbol>
      <symbol id="sm-104c">
         <name>_sl_HandleAsync_PingResponse</name>
         <value>0x2000bdd5</value>
         <object_component_ref idref="oc-941"/>
      </symbol>
      <symbol id="sm-104d">
         <name>_SlDrvNetAppEventHandler</name>
         <value>0x2000a355</value>
         <object_component_ref idref="oc-93b"/>
      </symbol>
      <symbol id="sm-104e">
         <name>_sl_HandleAsync_DnsGetHostByService</name>
         <value>0x2000ae49</value>
         <object_component_ref idref="oc-98a"/>
      </symbol>
      <symbol id="sm-104f">
         <name>_sl_NetAppSendTokenValue</name>
         <value>0x2000c971</value>
         <object_component_ref idref="oc-996"/>
      </symbol>
      <symbol id="sm-1050">
         <name>sl_NetAppMDNSRegisterUnregisterService</name>
         <value>0x2000aae1</value>
         <object_component_ref idref="oc-3e0"/>
      </symbol>
      <symbol id="sm-1072">
         <name>sl_NetCfgSet</name>
         <value>0x2000b925</value>
         <object_component_ref idref="oc-124"/>
      </symbol>
      <symbol id="sm-10ba">
         <name>_SlNonOsSemSet</name>
         <value>0x2000e269</value>
         <object_component_ref idref="oc-5a4"/>
      </symbol>
      <symbol id="sm-10bb">
         <name>_SlNonOsSpawn</name>
         <value>0x2000caad</value>
         <object_component_ref idref="oc-635"/>
      </symbol>
      <symbol id="sm-10bc">
         <name>_SlNonOsSemGet</name>
         <value>0x2000b2cd</value>
         <object_component_ref idref="oc-5aa"/>
      </symbol>
      <symbol id="sm-10bd">
         <name>_SlNonOsMainLoopTask</name>
         <value>0x2000c7b1</value>
         <object_component_ref idref="oc-fa"/>
      </symbol>
      <symbol id="sm-10be">
         <name>g__SlNonOsCB</name>
         <value>0x2002024c</value>
         <object_component_ref idref="oc-384"/>
      </symbol>
      <symbol id="sm-11bf">
         <name>sl_Recv</name>
         <value>0x2000b6b5</value>
         <object_component_ref idref="oc-1b3"/>
      </symbol>
      <symbol id="sm-11c0">
         <name>sl_Send</name>
         <value>0x20009da5</value>
         <object_component_ref idref="oc-1a7"/>
      </symbol>
      <symbol id="sm-11c1">
         <name>_sl_HandleAsync_Connect</name>
         <value>0x2000c44d</value>
         <object_component_ref idref="oc-9ac"/>
      </symbol>
      <symbol id="sm-11c2">
         <name>sl_Htonl</name>
         <value>0x2000d599</value>
         <object_component_ref idref="oc-15c"/>
      </symbol>
      <symbol id="sm-11c3">
         <name>sl_Htons</name>
         <value>0x2000d849</value>
         <object_component_ref idref="oc-156"/>
      </symbol>
      <symbol id="sm-11c4">
         <name>sl_Connect</name>
         <value>0x20008d61</value>
         <object_component_ref idref="oc-16e"/>
      </symbol>
      <symbol id="sm-11c5">
         <name>sl_Socket</name>
         <value>0x2000c125</value>
         <object_component_ref idref="oc-162"/>
      </symbol>
      <symbol id="sm-11c6">
         <name>_sl_HandleAsync_Select</name>
         <value>0x2000cfcd</value>
         <object_component_ref idref="oc-9b2"/>
      </symbol>
      <symbol id="sm-11c7">
         <name>sl_Close</name>
         <value>0x2000cca1</value>
         <object_component_ref idref="oc-1ad"/>
      </symbol>
      <symbol id="sm-11c8">
         <name>_sl_HandleAsync_Accept</name>
         <value>0x2000cb11</value>
         <object_component_ref idref="oc-9a6"/>
      </symbol>
      <symbol id="sm-11c9">
         <name>sl_SetSockOpt</name>
         <value>0x2000b9bd</value>
         <object_component_ref idref="oc-168"/>
      </symbol>
      <symbol id="sm-1283">
         <name>sl_WlanDisconnect</name>
         <value>0x2000d931</value>
         <object_component_ref idref="oc-11e"/>
      </symbol>
      <symbol id="sm-1284">
         <name>sl_WlanPolicySet</name>
         <value>0x2000be65</value>
         <object_component_ref idref="oc-112"/>
      </symbol>
      <symbol id="sm-1285">
         <name>sl_WlanProfileDel</name>
         <value>0x2000cd01</value>
         <object_component_ref idref="oc-118"/>
      </symbol>
      <symbol id="sm-1286">
         <name>sl_WlanRxFilterSet</name>
         <value>0x2000c345</value>
         <object_component_ref idref="oc-136"/>
      </symbol>
      <symbol id="sm-1287">
         <name>sl_WlanConnect</name>
         <value>0x200077bd</value>
         <object_component_ref idref="oc-13f"/>
      </symbol>
      <symbol id="sm-1288">
         <name>sl_WlanSet</name>
         <value>0x2000ba55</value>
         <object_component_ref idref="oc-12a"/>
      </symbol>
      <symbol id="sm-1289">
         <name>sl_WlanSetMode</name>
         <value>0x2000cd61</value>
         <object_component_ref idref="oc-100"/>
      </symbol>
      <symbol id="sm-13a9">
         <name>g_ucDinDout</name>
         <value>0x20020168</value>
      </symbol>
      <symbol id="sm-13aa">
         <name>g_cDummy</name>
         <value>0x20020243</value>
      </symbol>
      <symbol id="sm-13ab">
         <name>NwpMaskInterrupt</name>
         <value>0x2000e3c1</value>
         <object_component_ref idref="oc-5f3"/>
      </symbol>
      <symbol id="sm-13ac">
         <name>NwpPrePowerOffTimout0</name>
         <value>0x2000de9d</value>
         <object_component_ref idref="oc-399"/>
      </symbol>
      <symbol id="sm-13ad">
         <name>NwpRegisterInterruptHandler</name>
         <value>0x2000d6dd</value>
         <object_component_ref idref="oc-34e"/>
      </symbol>
      <symbol id="sm-13ae">
         <name>g_pHostIntHdl</name>
         <value>0x200202ec</value>
         <object_component_ref idref="oc-5df"/>
      </symbol>
      <symbol id="sm-13af">
         <name>simplelink_timerA2_start</name>
         <value>0x2000d80d</value>
         <object_component_ref idref="oc-928"/>
      </symbol>
      <symbol id="sm-13b0">
         <name>NwpUnMaskInterrupt</name>
         <value>0x2000e3cd</value>
         <object_component_ref idref="oc-60d"/>
      </symbol>
      <symbol id="sm-13b1">
         <name>NwpPowerOff</name>
         <value>0x2000d8c1</value>
         <object_component_ref idref="oc-348"/>
      </symbol>
      <symbol id="sm-13b2">
         <name>TimerGetCurrentTimestamp</name>
         <value>0x2000dedd</value>
         <object_component_ref idref="oc-8a3"/>
      </symbol>
      <symbol id="sm-13b3">
         <name>spi_Read</name>
         <value>0x2000a645</value>
         <object_component_ref idref="oc-8c1"/>
      </symbol>
      <symbol id="sm-13b4">
         <name>DmaSpiSwIntHandler</name>
         <value>0x2000dd41</value>
         <object_component_ref idref="oc-5e5"/>
      </symbol>
      <symbol id="sm-13b5">
         <name>NwpPowerOn</name>
         <value>0x2000daf9</value>
         <object_component_ref idref="oc-354"/>
      </symbol>
      <symbol id="sm-13b6">
         <name>spi_Close</name>
         <value>0x2000c6c1</value>
         <object_component_ref idref="oc-39f"/>
      </symbol>
      <symbol id="sm-13b7">
         <name>spi_Write</name>
         <value>0x2000baed</value>
         <object_component_ref idref="oc-7ed"/>
      </symbol>
      <symbol id="sm-13b8">
         <name>spi_Open</name>
         <value>0x20009761</value>
         <object_component_ref idref="oc-33c"/>
      </symbol>
      <symbol id="sm-13b9">
         <name>g_ucDMAEnabled</name>
         <value>0x200202f0</value>
         <object_component_ref idref="oc-5df"/>
      </symbol>
      <symbol id="sm-13ba">
         <name>g_SpiFd</name>
         <value>0x200202e8</value>
         <object_component_ref idref="oc-5df"/>
      </symbol>
      <symbol id="sm-1411">
         <name>uDMAChannelControlSet</name>
         <value>0x2000d885</value>
         <object_component_ref idref="oc-9c0"/>
      </symbol>
      <symbol id="sm-1412">
         <name>uDMAChannelAttributeEnable</name>
         <value>0x2000cc3d</value>
         <object_component_ref idref="oc-9c6"/>
      </symbol>
      <symbol id="sm-1413">
         <name>uDMAChannelTransferSet</name>
         <value>0x2000a735</value>
         <object_component_ref idref="oc-9cc"/>
      </symbol>
      <symbol id="sm-1414">
         <name>uDMAChannelAssign</name>
         <value>0x2000d295</value>
         <object_component_ref idref="oc-7a6"/>
      </symbol>
      <symbol id="sm-1415">
         <name>uDMAChannelAttributeDisable</name>
         <value>0x2000cbd9</value>
         <object_component_ref idref="oc-7ac"/>
      </symbol>
      <symbol id="sm-1416">
         <name>uDMAChannelEnable</name>
         <value>0x2000e0bd</value>
         <object_component_ref idref="oc-9d2"/>
      </symbol>
      <symbol id="sm-1417">
         <name>__TI_static_base__</name>
         <value>0x2000eab0</value>
      </symbol>
      <symbol id="sm-141a">
         <name>__mpu_init</name>
         <value>0x0</value>
      </symbol>
      <symbol id="sm-141b">
         <name>_system_post_cinit</name>
         <value>0x0</value>
      </symbol>
      <symbol id="sm-141c">
         <name>Timer_IF_Stop</name>
         <value>0x2000df99</value>
      </symbol>
   </symbol_table>
   <title>Link successful</title>
</link_info>
