******************************************************************************
                  TI ARM Linker PC v18.1.1                     
******************************************************************************
>> Linked Wed Apr  3 13:47:31 2019

OUTPUT FILE NAME:   <REST_POST_GET.out>
ENTRY POINT SYMBOL: "_c_int00_noargs"  address: 2000cc39


MEMORY CONFIGURATION

         name            origin    length      used     unused   attr    fill
----------------------  --------  ---------  --------  --------  ----  --------
  SRAM_CODE             20004000   00013000  000098f8  00009708  RW X
  SRAM_DATA             20017000   00019000  000092ba  0000fd46  RW X


SEGMENT ALLOCATION MAP

run origin  load origin   length   init length attrs members
----------  ----------- ---------- ----------- ----- -------
20004000    20004000    00009900   00009900    r-x
  20004000    20004000    00000400   00000400    r-- .intvecs
  20004400    20004400    00008e66   00008e66    r-x .text
  2000d268    2000d268    00000632   00000632    r-- .const
  2000d8a0    2000d8a0    00000060   00000060    r-- .cinit
20017000    20017000    000082bc   00000000    rw-
  20017000    20017000    00008000   00000000    rw- .sysmem
  2001f000    2001f000    0000021a   00000000    rw- .bss
  2001f21c    2001f21c    000000a0   00000000    rw- .data
2002f000    2002f000    00001000   00000000    rw-
  2002f000    2002f000    00001000   00000000    rw- .stack


SECTION ALLOCATION MAP

 output                                  attributes/
section   page    origin      length       input sections
--------  ----  ----------  ----------   ----------------
.intvecs   0    20004000    00000400     
                  20004000    00000400     startup_ccs.obj (.intvecs)

.init_array 
*          0    20004000    00000000     UNINITIALIZED

.text      0    20004400    00008e66     
                  20004400    00001634     main.obj (.text)
                  20005a34    00000a4a     rtsv7M4_T_le_eabi.lib : _printfi.c.obj (.text:__TI_printfi)
                  2000647e    00000002     driverlib.a : interrupt.obj (.text:IntDefaultHandler)
                  20006480    00000590     simplelink.a : driver.obj (.text:_SlDrvMsgRead)
                  20006a10    000004ac     gpio_if.obj (.text)
                  20006ebc    00000004     rtsv7M4_T_le_eabi.lib : pre_init.c.obj (.text:_system_pre_init)
                  20006ec0    0000031a     uart_if.obj (.text)
                  200071da    00000002     rtsv7M4_T_le_eabi.lib : _lock.c.obj (.text:_nop)
                  200071dc    0000027c     simplelink.a : wlan.obj (.text:sl_WlanConnect)
                  20007458    00000268     rtsv7M4_T_le_eabi.lib : _printfi.c.obj (.text:_pconv_a)
                  200076c0    0000024c     simplelink.a : driver.obj (.text:_SlDrvRxHdrRead)
                  2000790c    000001e4                  : driver.obj (.text:_SlDrvDataReadOp)
                  20007af0    000001d0                  : driver.obj (.text:_SlDrvReleasePoolObj)
                  20007cc0    000001cc     rtsv7M4_T_le_eabi.lib : _printfi.c.obj (.text:_pconv_g)
                  20007e8c    000001b6                           : fd_add_t2.asm.obj (.text)
                  20008042    00000002                           : div0.asm.obj (.text)
                  20008044    000001b4     simplelink.a : driver.obj (.text:_SlDrvDriverCBInit)
                  200081f8    0000019c                  : driver.obj (.text:_SlDrvMsgWrite)
                  20008394    00000190                  : driver.obj (.text:_SlDrvWaitForPoolObj)
                  20008524    0000018c                  : socket.obj (.text:sl_Connect)
                  200086b0    00000178     driverlib.a : prcm.obj (.text:PRCMCC3200MCUInit)
                  20008828    00000170     simplelink.a : driver.obj (.text:_SlFindAndSetActiveObj)
                  20008998    00000150                  : driver.obj (.text:_SlDrvDataWriteOp)
                  20008ae8    00000148                  : cc_pal.obj (.text:spi_Open)
                  20008c30    00000144                  : driver.obj (.text:_SlDrvMsgReadCmdCtx)
                  20008d74    00000144                  : netapp.obj (.text:sl_NetAppDnsGetHostByName)
                  20008eb8    0000013c     rtsv7M4_T_le_eabi.lib : _printfi.c.obj (.text:_pconv_e)
                  20008ff4    00000136                           : fd_div_t2.asm.obj (.text)
                  2000912a    00000002     --HOLE-- [fill = 0]
                  2000912c    00000134     simplelink.a : socket.obj (.text:sl_Send)
                  20009260    00000130                  : driver.obj (.text:_SlDrvDriverCBDeinit)
                  20009390    00000120     rtsv7M4_T_le_eabi.lib : _printfi.c.obj (.text:fcvt)
                  200094b0    00000114                           : memory.c.obj (.text:realloc)
                  200095c4    00000104     simplelink.a : netapp.obj (.text:_SlDrvNetAppEventHandler)
                  200096c8    000000fc     rtsv7M4_T_le_eabi.lib : fd_mul_t2.asm.obj (.text)
                  200097c4    000000f0     simplelink.a : device.obj (.text:sl_Stop)
                  200098b4    000000f0                  : cc_pal.obj (.text:spi_Read)
                  200099a4    000000f0     driverlib.a : udma.obj (.text:uDMAChannelTransferSet)
                  20009a94    000000ec     simplelink.a : device.obj (.text:sl_Start)
                  20009b80    000000e8                  : driver.obj (.text:_SlAsyncEventGenericHandler)
                  20009c68    000000e8                  : driver.obj (.text:_SlDrvMsgReadSpawnCtx)
                  20009d50    000000e4                  : netapp.obj (.text:sl_NetAppMDNSRegisterUnregisterService)
                  20009e34    000000dc                  : driver.obj (.text:_SlDrvClassifyRxMsg)
                  20009f10    000000d8     rtsv7M4_T_le_eabi.lib : memory.c.obj (.text:free)
                  20009fe8    000000d0                           : s_scalbn.c.obj (.text:scalbn)
                  2000a0b8    000000cc     simplelink.a : netapp.obj (.text:_sl_HandleAsync_DnsGetHostByService)
                  2000a184    000000cc                  : device.obj (.text:sl_DevGet)
                  2000a250    000000c4                  : driver.obj (.text:_SlRemoveFromList)
                  2000a314    000000c0                  : driver.obj (.text:_SlDrvCmdOp)
                  2000a3d4    000000b1     rtsv7M4_T_le_eabi.lib : _printfi.c.obj (.text:_ltostr)
                  2000a485    00000003     --HOLE-- [fill = 0]
                  2000a488    000000b0     simplelink.a : nonos.obj (.text:_SlNonOsSemGet)
                  2000a538    000000a8     driverlib.a : interrupt.obj (.text:IntDisable)
                  2000a5e0    000000a8                 : interrupt.obj (.text:IntEnable)
                  2000a688    000000a4     simplelink.a : driver.obj (.text:_SlDriverHandleError)
                  2000a72c    000000a0     driverlib.a : spi.obj (.text:SPIConfigSetExpClk)
                  2000a7cc    000000a0     simplelink.a : socket.obj (.text:sl_Recv)
                  2000a86c    0000009c     rtsv7M4_T_le_eabi.lib : memcpy_t2.asm.obj (.text)
                  2000a908    0000009a     simplelink.a : device.obj (.text:_SlDrvDeviceEventHandler)
                  2000a9a2    00000002     --HOLE-- [fill = 0]
                  2000a9a4    00000098                  : device.obj (.text:sl_DevSet)
                  2000aa3c    00000098                  : netcfg.obj (.text:sl_NetCfgSet)
                  2000aad4    00000098                  : socket.obj (.text:sl_SetSockOpt)
                  2000ab6c    00000098                  : wlan.obj (.text:sl_WlanSet)
                  2000ac04    00000098                  : cc_pal.obj (.text:spi_Write)
                  2000ac9c    00000096     rtsv7M4_T_le_eabi.lib : ull_div_t2.asm.obj (.text)
                  2000ad32    00000002     --HOLE-- [fill = 0]
                  2000ad34    00000094     driverlib.a : prcm.obj (.text:PRCMPeripheralClockGet)
                  2000adc8    00000090     simplelink.a : netapp.obj (.text:_sl_HandleAsync_DnsGetHostByName)
                  2000ae58    00000090                  : netapp.obj (.text:_sl_HandleAsync_PingResponse)
                  2000aee8    00000090                  : wlan.obj (.text:sl_WlanPolicySet)
                  2000af78    0000008c                  : cc_pal.obj (.text:SetupDMAReceive)
                  2000b004    0000008c                  : cc_pal.obj (.text:SetupDMASend)
                  2000b090    0000008c                  : driver.obj (.text:_SlDrvIsTimeoutExpired)
                  2000b11c    0000008c                  : device.obj (.text:_sl_HandleAsync_InitComplete)
                  2000b1a8    0000008c                  : socket.obj (.text:sl_Socket)
                  2000b234    00000088     driverlib.a : pin.obj (.text:PinConfigSet)
                  2000b2bc    00000086     rtsv7M4_T_le_eabi.lib : fd_cmp_t2.asm.obj (.text:__aeabi_cdcmple)
                  2000b342    00000086                           : fd_cmp_t2.asm.obj (.text:__aeabi_cdrcmple)
                  2000b3c8    00000084     simplelink.a : wlan.obj (.text:sl_WlanRxFilterSet)
                  2000b44c    00000082     driverlib.a : gpio.obj (.text:GPIOIntTypeSet)
                  2000b4ce    00000002     --HOLE-- [fill = 0]
                  2000b4d0    00000080     simplelink.a : socket.obj (.text:_sl_HandleAsync_Connect)
                  2000b550    00000080                  : cc_pal.obj (.text:spi_Read_CPU)
                  2000b5d0    00000080                  : cc_pal.obj (.text:spi_Write_CPU)
                  2000b650    0000007a     rtsv7M4_T_le_eabi.lib : memset_t2.asm.obj (.text)
                  2000b6ca    00000002     --HOLE-- [fill = 0]
                  2000b6cc    00000078                           : memory.c.obj (.text:malloc)
                  2000b744    00000078     simplelink.a : cc_pal.obj (.text:spi_Close)
                  2000b7bc    00000076     driverlib.a : uart.obj (.text:UARTConfigSetExpClk)
                  2000b832    00000002     --HOLE-- [fill = 0]
                  2000b834    00000074     simplelink.a : nonos.obj (.text:_SlNonOsMainLoopTask)
                  2000b8a8    0000006e     rtsv7M4_T_le_eabi.lib : _printfi.c.obj (.text:_mcpy)
                  2000b916    00000002     --HOLE-- [fill = 0]
                  2000b918    0000006c     simplelink.a : driver.obj (.text:_SlDrvCmdSend)
                  2000b984    0000006c                  : netapp.obj (.text:_sl_NetAppSendTokenValue)
                  2000b9f0    00000068     rtsv7M4_T_le_eabi.lib : copy_decompress_lzss.c.obj (.text:decompress:lzss:__TI_decompress_lzss)
                  2000ba58    00000064     simplelink.a : nonos.obj (.text:_SlNonOsSpawn)
                  2000babc    00000064                  : socket.obj (.text:_sl_HandleAsync_Accept)
                  2000bb20    00000064                  : netapp.obj (.text:sl_NetAppMDNSUnRegisterService)
                  2000bb84    00000064     driverlib.a : udma.obj (.text:uDMAChannelAttributeDisable)
                  2000bbe8    00000064                 : udma.obj (.text:uDMAChannelAttributeEnable)
                  2000bc4c    00000004     rtsv7M4_T_le_eabi.lib : exit.c.obj (.text:abort:abort)
                  2000bc50    00000060     pinmux.obj (.text)
                  2000bcb0    00000060     simplelink.a : socket.obj (.text:sl_Close)
                  2000bd10    00000060                  : wlan.obj (.text:sl_WlanProfileDel)
                  2000bd70    00000060                  : wlan.obj (.text:sl_WlanSetMode)
                  2000bdd0    0000005c     rtsv7M4_T_le_eabi.lib : s_frexp.c.obj (.text:frexp)
                  2000be2c    00000058     driverlib.a : interrupt.obj (.text:IntPendClear)
                  2000be84    00000058                 : prcm.obj (.text:PRCMPeripheralReset)
                  2000bedc    00000056     rtsv7M4_T_le_eabi.lib : _printfi.c.obj (.text:_pconv_f)
                  2000bf32    00000002     --HOLE-- [fill = 0]
                  2000bf34    00000054     driverlib.a : interrupt.obj (.text:IntPrioritySet)
                  2000bf88    00000054     simplelink.a : driver.obj (.text:_SlDrvRxIrqHandler)
                  2000bfdc    00000054                  : socket.obj (.text:_sl_HandleAsync_Select)
                  2000c030    00000054     rtsv7M4_T_le_eabi.lib : ltoa.c.obj (.text:ltoa)
                  2000c084    00000052                           : _printfi.c.obj (.text:_ecpy)
                  2000c0d6    00000002     --HOLE-- [fill = 0]
                  2000c0d8    00000050     simplelink.a : device.obj (.text:_sl_HandleAsync_Stop)
                  2000c128    0000004c     driverlib.a : spi.obj (.text:SPIIntEnable)
                  2000c174    0000004c                 : spi.obj (.text:SPIIntNumberGet)
                  2000c1c0    0000004c     simplelink.a : driver.obj (.text:_SlDrvProtectAsyncRespSetting)
                  2000c20c    0000004c                  : socket.obj (.text:_sl_BuildAddress)
                  2000c258    0000004c     rtsv7M4_T_le_eabi.lib : atoi.c.obj (.text:atoi)
                  2000c2a4    0000004c     driverlib.a : udma.obj (.text:uDMAChannelAssign)
                  2000c2f0    00000048                 : gpio.obj (.text:GPIOGetIntNumber)
                  2000c338    00000048                 : spi.obj (.text:SPIIntClear)
                  2000c380    00000048     simplelink.a : driver.obj (.text:_SlDrvBasicCmd)
                  2000c3c8    00000048     rtsv7M4_T_le_eabi.lib : fd_toi_t2.asm.obj (.text)
                  2000c410    00000044     driverlib.a : spi.obj (.text:SPIDmaMaskGet)
                  2000c454    00000044                 : timer.obj (.text:TimerConfigure)
                  2000c498    00000044     simplelink.a : driver.obj (.text:_SlDrvSyncObjWaitTimeout)
                  2000c4dc    00000044     rtsv7M4_T_le_eabi.lib : autoinit.c.obj (.text:__TI_auto_init_nobinit_nopinit:__TI_auto_init_nobinit_nopinit)
                  2000c520    00000044     simplelink.a : cc_pal.obj (.text:cc_SetupTransfer)
                  2000c564    00000042                  : socket.obj (.text:sl_Htonl)
                  2000c5a6    00000002     --HOLE-- [fill = 0]
                  2000c5a8    00000040     driverlib.a : pin.obj (.text:PinModeSet)
                  2000c5e8    00000040     simplelink.a : socket.obj (.text:_sl_TruncatePayloadByProtocol)
                  2000c628    00000040     rtsv7M4_T_le_eabi.lib : sprintf.c.obj (.text:sprintf)
                  2000c668    00000040                           : vsnprintf.c.obj (.text:vsnprintf)
                  2000c6a8    0000003e     simplelink.a : cc_pal.obj (.text:NwpRegisterInterruptHandler)
                  2000c6e6    0000003e     rtsv7M4_T_le_eabi.lib : _printfi.c.obj (.text:_fcpy)
                  2000c724    0000003c     simplelink.a : netapp.obj (.text:CopyPingResultsToReport)
                  2000c760    0000003c     driverlib.a : prcm.obj (.text:PRCMPeripheralClkEnable)
                  2000c79c    0000003c     rtsv7M4_T_le_eabi.lib : memory.c.obj (.text:minsert)
                  2000c7d8    0000003c     simplelink.a : cc_pal.obj (.text:simplelink_timerA2_start)
                  2000c814    0000003c                  : socket.obj (.text:sl_Htons)
                  2000c850    0000003c     driverlib.a : udma.obj (.text:uDMAChannelControlSet)
                  2000c88c    00000038     simplelink.a : cc_pal.obj (.text:NwpPowerOff)
                  2000c8c4    00000038     rtsv7M4_T_le_eabi.lib : memory.c.obj (.text:minit)
                  2000c8fc    00000038     simplelink.a : wlan.obj (.text:sl_WlanDisconnect)
                  2000c934    00000036     driverlib.a : gpio.obj (.text:GPIODirModeSet)
                  2000c96a    00000002     --HOLE-- [fill = 0]
                  2000c96c    00000034                 : prcm.obj (.text:PRCMPeripheralStatusGet)
                  2000c9a0    00000034                 : spi.obj (.text:SPIFIFOLevelSet)
                  2000c9d4    00000030                 : pin.obj (.text:PinTypeGPIO)
                  2000ca04    00000030                 : uart.obj (.text:UARTDisable)
                  2000ca34    00000030     rtsv7M4_T_le_eabi.lib : vsnprintf.c.obj (.text:_outs)
                  2000ca64    0000002e                           : i_tofd_t2.asm.obj (.text)
                  2000ca92    00000002     --HOLE-- [fill = 0]
                  2000ca94    0000002c     simplelink.a : cc_pal.obj (.text:NwpPowerOn)
                  2000cac0    0000002c     driverlib.a : prcm.obj (.text:PRCMSysResetCauseGet)
                  2000caec    0000002c     simplelink.a : driver.obj (.text:_SlDrvObjGlobalLockWaitForever)
                  2000cb18    0000002c                  : driver.obj (.text:_SlDrvProtectionObjLockWaitForever)
                  2000cb44    0000002a     driverlib.a : timer.obj (.text:TimerLoadSet)
                  2000cb6e    0000002a                 : timer.obj (.text:TimerPrescaleSet)
                  2000cb98    00000028                 : prcm.obj (.text:PRCMPeripheralClkDisable)
                  2000cbc0    00000028     simplelink.a : driver.obj (.text:_SlDrvGlobalObjUnLock)
                  2000cbe8    00000028                  : driver.obj (.text:_SlDrvProtectionObjUnLock)
                  2000cc10    00000028                  : driver.obj (.text:_SlDrvSyncObjWaitForever)
                  2000cc38    00000028     rtsv7M4_T_le_eabi.lib : boot_cortex_m.c.obj (.text:_c_int00_noargs:_c_int00_noargs)
                  2000cc60    00000028                           : memory.c.obj (.text:mremove)
                  2000cc88    00000026     simplelink.a : driver.obj (.text:_SlDrvObjLockWaitForever)
                  2000ccae    00000002     --HOLE-- [fill = 0]
                  2000ccb0    00000024                  : cc_pal.obj (.text:DmaSpiSwIntHandler)
                  2000ccd4    00000024     driverlib.a : interrupt.obj (.text:IntUnregister)
                  2000ccf8    00000024                 : uart.obj (.text:UARTEnable)
                  2000cd1c    00000024     rtsv7M4_T_le_eabi.lib : memmov.c.obj (.text:memmove)
                  2000cd40    00000022     driverlib.a : spi.obj (.text:SPIReset)
                  2000cd62    00000022                 : spi.obj (.text:SPIWordCountSet)
                  2000cd84    00000004     --HOLE-- [fill = 0]
                  2000cd88    00000022     startup_ccs.obj (.text)
                  2000cdaa    00000020     driverlib.a : gpio.obj (.text:GPIOPinWrite)
                  2000cdca    00000002     --HOLE-- [fill = 0]
                  2000cdcc    00000020                 : interrupt.obj (.text:IntRegister)
                  2000cdec    00000020     simplelink.a : cc_pal.obj (.text:NwpPrePowerOffTimout0)
                  2000ce0c    00000020                  : cc_pal.obj (.text:TimerGetCurrentTimestamp)
                  2000ce2c    00000020                  : driver.obj (.text:_SlDrvObjUnLock)
                  2000ce4c    00000020                  : driver.obj (.text:_SlDrvSyncObjSignal)
                  2000ce6c    0000001e     driverlib.a : gpio.obj (.text:GPIOIntRegister)
                  2000ce8a    0000001e                 : timer.obj (.text:TimerEnable)
                  2000cea8    0000001e                 : uart.obj (.text:UARTCharPut)
                  2000cec6    0000001e     simplelink.a : cc_pal.obj (.text:cc_UDMAChannelSelect)
                  2000cee4    0000001c     driverlib.a : timer.obj (.text:TimerValueGet)
                  2000cf00    0000001c                 : uart.obj (.text:UARTCharGetNonBlocking)
                  2000cf1c    0000001c     simplelink.a : driver.obj (.text:_SlDrvStartMeasureTimeout)
                  2000cf38    0000001c     rtsv7M4_T_le_eabi.lib : memccpy.c.obj (.text:memccpy)
                  2000cf54    0000001c     driverlib.a : udma.obj (.text:uDMAChannelEnable)
                  2000cf70    0000001a                 : gpio.obj (.text:GPIOIntEnable)
                  2000cf8a    0000001a                 : pin.obj (.text:PinTypeUART)
                  2000cfa4    0000001a                 : spi.obj (.text:SPIDmaDisable)
                  2000cfbe    0000001a                 : spi.obj (.text:SPIDmaEnable)
                  2000cfd8    0000001a                 : spi.obj (.text:SPIFIFODisable)
                  2000cff2    0000001a                 : spi.obj (.text:SPIFIFOEnable)
                  2000d00c    0000001a                 : spi.obj (.text:SPIIntUnregister)
                  2000d026    00000018                 : gpio.obj (.text:GPIOPinRead)
                  2000d03e    00000018                 : spi.obj (.text:SPICSDisable)
                  2000d056    00000018                 : spi.obj (.text:SPICSEnable)
                  2000d06e    00000018                 : spi.obj (.text:SPIDisable)
                  2000d086    00000018                 : spi.obj (.text:SPIEnable)
                  2000d09e    00000018                 : uart.obj (.text:UARTCharsAvail)
                  2000d0b6    00000018     simplelink.a : nonos.obj (.text:_SlNonOsSemSet)
                  2000d0ce    00000018     rtsv7M4_T_le_eabi.lib : vsnprintf.c.obj (.text:_outc)
                  2000d0e6    00000018                           : sprintf.c.obj (.text:_outs)
                  2000d0fe    00000002     --HOLE-- [fill = 0]
                  2000d100    00000018     simplelink.a : device.obj (.text:_sl_GetStartResponseConvert)
                  2000d118    00000016     driverlib.a : prcm.obj (.text:PRCMHIBRegRead)
                  2000d12e    00000016                 : prcm.obj (.text:PRCMHIBRegWrite)
                  2000d144    00000016     simplelink.a : driver.obj (.text:_SlDrvMemZero)
                  2000d15a    00000016     rtsv7M4_T_le_eabi.lib : strchr.c.obj (.text:strchr)
                  2000d170    00000014     driverlib.a : cpu.obj (.text:CPUcpsie)
                  2000d184    00000014                 : gpio.obj (.text:GPIOIntClear)
                  2000d198    00000014                 : interrupt.obj (.text:IntVTableBaseSet)
                  2000d1ac    00000014     rtsv7M4_T_le_eabi.lib : strcpy.c.obj (.text:strcpy)
                  2000d1c0    00000014                           : strlen.c.obj (.text:strlen)
                  2000d1d4    00000012                           : copy_zero_init.c.obj (.text:decompress:ZI:__TI_zero_init_nomemset:__TI_zero_init_nomemset)
                  2000d1e6    00000012                           : wcslen.c.obj (.text:wcslen)
                  2000d1f8    00000010     simplelink.a : driver.obj (.text:_SlDrvDispatchHttpServerEvents)
                  2000d208    0000000e                  : driver.obj (.text:_SlDrvResetCmdExt)
                  2000d216    0000000e     rtsv7M4_T_le_eabi.lib : copy_decompress_none.c.obj (.text:decompress:none:__TI_decompress_none)
                  2000d224    0000000c     simplelink.a : cc_pal.obj (.text:NwpMaskInterrupt)
                  2000d230    0000000c                  : cc_pal.obj (.text:NwpUnMaskInterrupt)
                  2000d23c    0000000a     driverlib.a : interrupt.obj (.text:IntMasterEnable)
                  2000d246    0000000a     rtsv7M4_T_le_eabi.lib : sprintf.c.obj (.text:_outc)
                  2000d250    00000008                           : errno.c.obj (.text:__aeabi_errno_addr)
                  2000d258    00000008                           : s_copysign.c.obj (.text:copysign)
                  2000d260    00000006     driverlib.a : utils.obj (.text:UtilsDelay)

.const     0    2000d268    00000632     
                  2000d268    00000101     rtsv7M4_T_le_eabi.lib : ctype.c.obj (.const:.string:_ctypes_)
                  2000d369    00000003     --HOLE-- [fill = 0]
                  2000d36c    00000100     driverlib.a : pin.obj (.const:g_ulPinToPadMap)
                  2000d46c    000000d4                 : interrupt.obj (.const:g_pulRegs)
                  2000d540    000000a8                 : prcm.obj (.const:PRCM_PeriphRegsList)
                  2000d5e8    00000080                 : interrupt.obj (.const)
                  2000d668    0000003c     simplelink.a : driver.obj (.const:OpcodeTranslateTable)
                  2000d6a4    00000038                  : driver.obj (.const:_SlActionLookupTable)
                  2000d6dc    0000002c     main.obj (.const:$P$T1$2)
                  2000d708    0000002c     main.obj (.const:.string)
                  2000d734    00000024     driverlib.a : spi.obj (.const:g_ppulSPIIntMap)
                  2000d758    00000022     main.obj (.const:.string:$P$T0$1)
                  2000d77a    00000002     --HOLE-- [fill = 0]
                  2000d77c    00000020     simplelink.a : driver.obj (.const:RxMsgClassLUT)
                  2000d79c    00000018     driverlib.a : spi.obj (.const)
                  2000d7b4    00000015     main.obj (.const:.string:$P$T5$6)
                  2000d7c9    00000003     --HOLE-- [fill = 0]
                  2000d7cc    00000014     simplelink.a : driver.obj (.const:$P$T0$1)
                  2000d7e0    00000014                  : nonos.obj (.const:$P$T0$1)
                  2000d7f4    00000014     main.obj (.const:$P$T2$3)
                  2000d808    00000010     simplelink.a : socket.obj (.const:.string:_SlPayloadByProtocolLUT)
                  2000d818    0000000c     main.obj (.const:.string:$P$T3$4)
                  2000d824    00000009     main.obj (.const:.string:$P$T4$5)
                  2000d82d    00000008     simplelink.a : device.obj (.const:StartResponseLUT)
                  2000d835    00000003     --HOLE-- [fill = 0]
                  2000d838    00000008                  : driver.obj (.const:g_H2NCnysPattern)
                  2000d840    00000008                  : driver.obj (.const:g_H2NSyncPattern)
                  2000d848    00000005     main.obj (.const:.string:$P$T6$7)
                  2000d84d    00000001     --HOLE-- [fill = 0]
                  2000d84e    00000004     simplelink.a : wlan.obj (.const:$P$T0$1)
                  2000d852    00000004                  : socket.obj (.const:$P$T2$3)
                  2000d856    00000004                  : device.obj (.const:_SlDeviceGetCmdCtrl)
                  2000d85a    00000004                  : device.obj (.const:_SlDeviceSetCmdCtrl)
                  2000d85e    00000004                  : netapp.obj (.const:_SlGetHostByNameCtrl)
                  2000d862    00000004                  : netapp.obj (.const:_SlNetAppSendTokenValueCmdCtrl)
                  2000d866    00000004                  : netcfg.obj (.const:_SlNetCfgSetCmdCtrl)
                  2000d86a    00000004                  : wlan.obj (.const:_SlPolicySetCmdCtrl)
                  2000d86e    00000004                  : wlan.obj (.const:_SlProfileDelCmdCtrl)
                  2000d872    00000004                  : socket.obj (.const:_SlRecvCmdCtrl)
                  2000d876    00000004                  : netapp.obj (.const:_SlRegisterServiceCtrl)
                  2000d87a    00000004                  : wlan.obj (.const:_SlRxFilterSetCmdCtrl)
                  2000d87e    00000004                  : socket.obj (.const:_SlSendCmdCtrl)
                  2000d882    00000004                  : socket.obj (.const:_SlSetSockOptCmdCtrl)
                  2000d886    00000004                  : socket.obj (.const:_SlSockCloseCmdCtrl)
                  2000d88a    00000004                  : socket.obj (.const:_SlSockSocketCmdCtrl)
                  2000d88e    00000004                  : device.obj (.const:_SlStopCmdCtrl)
                  2000d892    00000004                  : wlan.obj (.const:_SlWlanCfgSetCmdCtrl)
                  2000d896    00000004                  : wlan.obj (.const:_SlWlanSetModeCmdCtrl)

.cinit     0    2000d8a0    00000060     
                  2000d8a0    00000038     (.cinit..data.load) [load image, compression = lzss]
                  2000d8d8    0000000c     (__TI_handler_table)
                  2000d8e4    00000004     --HOLE-- [fill = 0]
                  2000d8e8    00000008     (.cinit..bss.load) [load image, compression = zero_init]
                  2000d8f0    00000010     (__TI_cinit_table)

.sysmem    0    20017000    00008000     UNINITIALIZED
                  20017000    00000008     rtsv7M4_T_le_eabi.lib : memory.c.obj (.sysmem)
                  20017008    00007ff8     --HOLE--

.bss       0    2001f000    0000021a     UNINITIALIZED
                  2001f000    00000168     simplelink.a : driver.obj (.bss:g_StatMem)
                  2001f168    00000050     (.common:g_ucDinDout)
                  2001f1b8    0000002c     (.common:g_time)
                  2001f1e4    00000024     (.common:g_ucConnectionSSID)
                  2001f208    00000008     (.common:g_ucConnectionBSSID)
                  2001f210    00000004     uart_if.obj (.bss)
                  2001f214    00000001     (.common:RxIrqCnt)
                  2001f215    00000001     (.common:g_bDeviceRestartIsRequired)
                  2001f216    00000001     (.common:g_cDummy)
                  2001f217    00000001     (.common:g_ucLED1Pin)
                  2001f218    00000001     (.common:g_ucLED2Pin)
                  2001f219    00000001     (.common:g_ucLED3Pin)

.data      0    2001f21c    000000a0     UNINITIALIZED
                  2001f21c    0000003c     simplelink.a : nonos.obj (.data:g__SlNonOsCB)
                  2001f258    00000014     gpio_if.obj (.data:ulReg)
                  2001f26c    00000010     main.obj (.data)
                  2001f27c    0000000d     simplelink.a : driver.obj (.data)
                  2001f289    00000003     --HOLE--
                  2001f28c    0000000c     rtsv7M4_T_le_eabi.lib : memory.c.obj (.data:$O1$$)
                  2001f298    0000000c     gpio_if.obj (.data)
                  2001f2a4    00000009     simplelink.a : cc_pal.obj (.data)
                  2001f2ad    00000003     --HOLE--
                  2001f2b0    00000008     rtsv7M4_T_le_eabi.lib : _lock.c.obj (.data:$O1$$)
                  2001f2b8    00000004                           : errno.c.obj (.data)

.stack     0    2002f000    00001000     UNINITIALIZED
                  2002f000    00000004     rtsv7M4_T_le_eabi.lib : boot_cortex_m.c.obj (.stack)
                  2002f004    00000ffc     --HOLE--

MODULE SUMMARY

       Module                       code    ro data   rw data
       ------                       ----    -------   -------
    .\
       main.obj                     5684    189       104    
       gpio_if.obj                  1196    0         35     
       startup_ccs.obj              34      1024      0      
       uart_if.obj                  794     0         4      
       pinmux.obj                   96      0         0      
    +--+----------------------------+-------+---------+---------+
       Total:                       7804    1213      143    
                                                             
    D:/ti/CC3200SDK/CC3200SDK_1.3.0/cc3200-sdk/driverlib/ccs/Release/driverlib.a
       prcm.obj                     852     168       0      
       interrupt.obj                608     340       0      
       spi.obj                      798     60        0      
       udma.obj                     604     0         0      
       pin.obj                      274     256       0      
       gpio.obj                     388     0         0      
       uart.obj                     284     0         0      
       timer.obj                    210     0         0      
       cpu.obj                      20      0         0      
       utils.obj                    6       0         0      
    +--+----------------------------+-------+---------+---------+
       Total:                       4044    824       0      
                                                             
    D:/ti/CC3200SDK/CC3200SDK_1.3.0/cc3200-sdk/simplelink/ccs/NON_OS/simplelink.a
       driver.obj                   7714    184       375    
       cc_pal.obj                   1820    0         90     
       socket.obj                   1830    40        0      
       netapp.obj                   1572    12        0      
       wlan.obj                     1312    24        0      
       device.obj                   1230    20        0      
       nonos.obj                    416     20        60     
       netcfg.obj                   152     4         0      
    +--+----------------------------+-------+---------+---------+
       Total:                       16046   304       525    
                                                             
    D:\ti\ccs800\ccsv8\tools\compiler\ti-cgt-arm_18.1.1.LTS\lib\rtsv7M4_T_le_eabi.lib
       _printfi.c.obj               4831    0         0      
       memory.c.obj                 768     0         12     
       fd_add_t2.asm.obj            438     0         0      
       fd_div_t2.asm.obj            310     0         0      
       fd_cmp_t2.asm.obj            268     0         0      
       ctype.c.obj                  0       257       0      
       fd_mul_t2.asm.obj            252     0         0      
       s_scalbn.c.obj               208     0         0      
       memcpy_t2.asm.obj            156     0         0      
       ull_div_t2.asm.obj           150     0         0      
       vsnprintf.c.obj              136     0         0      
       memset_t2.asm.obj            122     0         0      
       copy_decompress_lzss.c.obj   104     0         0      
       sprintf.c.obj                98      0         0      
       s_frexp.c.obj                92      0         0      
       ltoa.c.obj                   84      0         0      
       atoi.c.obj                   76      0         0      
       fd_toi_t2.asm.obj            72      0         0      
       autoinit.c.obj               68      0         0      
       i_tofd_t2.asm.obj            46      0         0      
       boot_cortex_m.c.obj          40      0         0      
       memmov.c.obj                 36      0         0      
       memccpy.c.obj                28      0         0      
       strchr.c.obj                 22      0         0      
       strcpy.c.obj                 20      0         0      
       strlen.c.obj                 20      0         0      
       copy_zero_init.c.obj         18      0         0      
       wcslen.c.obj                 18      0         0      
       copy_decompress_none.c.obj   14      0         0      
       errno.c.obj                  8       0         4      
       _lock.c.obj                  2       0         8      
       s_copysign.c.obj             8       0         0      
       exit.c.obj                   4       0         0      
       pre_init.c.obj               4       0         0      
       div0.asm.obj                 2       0         0      
    +--+----------------------------+-------+---------+---------+
       Total:                       8523    257       24     
                                                             
       Heap:                        0       0         32768  
       Stack:                       0       0         4096   
       Linker Generated:            0       92        0      
    +--+----------------------------+-------+---------+---------+
       Grand Total:                 36417   2690      37556  


LINKER GENERATED COPY TABLES

__TI_cinit_table @ 2000d8f0 records: 2, size/record: 8, table size: 16
	.data: load addr=2000d8a0, load size=00000038 bytes, run addr=2001f21c, run size=000000a0 bytes, compression=lzss
	.bss: load addr=2000d8e8, load size=00000008 bytes, run addr=2001f000, run size=0000021a bytes, compression=zero_init


LINKER GENERATED HANDLER TABLE

__TI_handler_table @ 2000d8d8 records: 3, size/record: 4, table size: 12
	index: 0, handler: __TI_decompress_lzss
	index: 1, handler: __TI_decompress_none
	index: 2, handler: __TI_zero_init


GLOBAL SYMBOLS: SORTED ALPHABETICALLY BY Name 

address   name                                  
-------   ----                                  
2000bc4d  C$$EXIT                               
2000d171  CPUcpsie                              
20006f21  ClearTerm                             
2000ccb1  DmaSpiSwIntHandler                    
20006f31  Error                                 
2000c935  GPIODirModeSet                        
2000d185  GPIOIntClear                          
2000cf71  GPIOIntEnable                         
2000ce6d  GPIOIntRegister                       
2000b44d  GPIOIntTypeSet                        
2000d027  GPIOPinRead                           
2000cdab  GPIOPinWrite                          
20006df9  GPIO_IF_ConfigureNIntEnable           
20006e81  GPIO_IF_Get                           
20006da9  GPIO_IF_GetPortNPin                   
20006a51  GPIO_IF_LedConfigure                  
20006bc1  GPIO_IF_LedOff                        
20006ab9  GPIO_IF_LedOn                         
20006cc9  GPIO_IF_LedStatus                     
20006d71  GPIO_IF_LedToggle                     
20006e41  GPIO_IF_Set                           
20006f71  GetCmd                                
20006ec1  InitTerm                              
2000a539  IntDisable                            
2000a5e1  IntEnable                             
2000d23d  IntMasterEnable                       
2000be2d  IntPendClear                          
2000bf35  IntPrioritySet                        
2000cdcd  IntRegister                           
2000ccd5  IntUnregister                         
2000d199  IntVTableBaseSet                      
20006ef1  Message                               
2000d225  NwpMaskInterrupt                      
2000c88d  NwpPowerOff                           
2000ca95  NwpPowerOn                            
2000cded  NwpPrePowerOffTimout0                 
2000c6a9  NwpRegisterInterruptHandler           
2000d231  NwpUnMaskInterrupt                    
2000d668  OpcodeTranslateTable                  
200086b1  PRCMCC3200MCUInit                     
2000d119  PRCMHIBRegRead                        
2000d12f  PRCMHIBRegWrite                       
2000cb99  PRCMPeripheralClkDisable              
2000c761  PRCMPeripheralClkEnable               
2000ad35  PRCMPeripheralClockGet                
2000be85  PRCMPeripheralReset                   
2000c96d  PRCMPeripheralStatusGet               
2000cac1  PRCMSysResetCauseGet                  
2000b235  PinConfigSet                          
2000c5a9  PinModeSet                            
2000bc51  PinMuxConfig                          
2000c9d5  PinTypeGPIO                           
2000cf8b  PinTypeUART                           
20007121  Report                                
2000cd89  ResetISR                              
2001f214  RxIrqCnt                              
2000d03f  SPICSDisable                          
2000d057  SPICSEnable                           
2000a72d  SPIConfigSetExpClk                    
2000d06f  SPIDisable                            
2000cfa5  SPIDmaDisable                         
2000cfbf  SPIDmaEnable                          
2000d087  SPIEnable                             
2000cfd9  SPIFIFODisable                        
2000cff3  SPIFIFOEnable                         
2000c9a1  SPIFIFOLevelSet                       
2000c339  SPIIntClear                           
2000c129  SPIIntEnable                          
2000d00d  SPIIntUnregister                      
2000cd41  SPIReset                              
2000cd63  SPIWordCountSet                       
20004689  SimpleLinkGeneralEventHandler         
20004679  SimpleLinkHttpServerCallback          
200045c9  SimpleLinkNetAppEventHandler          
200046a9  SimpleLinkSockEventHandler            
20004401  SimpleLinkWlanEventHandler            
2000c455  TimerConfigure                        
2000ce8b  TimerEnable                           
2000ce0d  TimerGetCurrentTimestamp              
2000cb45  TimerLoadSet                          
2000cb6f  TimerPrescaleSet                      
2000cee5  TimerValueGet                         
20007079  TrimSpace                             
2000cf01  UARTCharGetNonBlocking                
2000cea9  UARTCharPut                           
2000d09f  UARTCharsAvail                        
2000b7bd  UARTConfigSetExpClk                   
2000ca05  UARTDisable                           
2000ccf9  UARTEnable                            
2000d261  UtilsDelay                            
2000d6a4  _SlActionLookupTable                  
2000a689  _SlDriverHandleError                  
2000c381  _SlDrvBasicCmd                        
2000a315  _SlDrvCmdOp                           
2000b919  _SlDrvCmdSend                         
2000790d  _SlDrvDataReadOp                      
20008999  _SlDrvDataWriteOp                     
2000a909  _SlDrvDeviceEventHandler              
2000d1f9  _SlDrvDispatchHttpServerEvents        
20009261  _SlDrvDriverCBDeinit                  
20008045  _SlDrvDriverCBInit                    
2000cbc1  _SlDrvGlobalObjUnLock                 
2000b091  _SlDrvIsTimeoutExpired                
2000d145  _SlDrvMemZero                         
20009c69  _SlDrvMsgReadSpawnCtx                 
200095c5  _SlDrvNetAppEventHandler              
2000cc89  _SlDrvObjLockWaitForever              
2000ce2d  _SlDrvObjUnLock                       
2000c1c1  _SlDrvProtectAsyncRespSetting         
2000cb19  _SlDrvProtectionObjLockWaitForever    
2000cbe9  _SlDrvProtectionObjUnLock             
20007af1  _SlDrvReleasePoolObj                  
2000d209  _SlDrvResetCmdExt                     
2000bf89  _SlDrvRxIrqHandler                    
2000cf1d  _SlDrvStartMeasureTimeout             
2000ce4d  _SlDrvSyncObjSignal                   
2000cc11  _SlDrvSyncObjWaitForever              
2000c499  _SlDrvSyncObjWaitTimeout              
20008395  _SlDrvWaitForPoolObj                  
2000d862  _SlNetAppSendTokenValueCmdCtrl        
2000b835  _SlNonOsMainLoopTask                  
2000a489  _SlNonOsSemGet                        
2000d0b7  _SlNonOsSemSet                        
2000ba59  _SlNonOsSpawn                         
20030000  __STACK_END                           
00001000  __STACK_SIZE                          
00008000  __SYSMEM_SIZE                         
2000d8f0  __TI_CINIT_Base                       
2000d900  __TI_CINIT_Limit                      
2000d8d8  __TI_Handler_Table_Base               
2000d8e4  __TI_Handler_Table_Limit              
2000c4dd  __TI_auto_init_nobinit_nopinit        
2000b9f1  __TI_decompress_lzss                  
2000d217  __TI_decompress_none                  
ffffffff  __TI_pprof_out_hndl                   
20005a35  __TI_printfi                          
ffffffff  __TI_prof_data_size                   
ffffffff  __TI_prof_data_start                  
2000d8a0  __TI_static_base__                    
2000d1d5  __TI_zero_init_nomemset               
2000b2bd  __aeabi_cdcmpeq                       
2000b2bd  __aeabi_cdcmple                       
2000b343  __aeabi_cdrcmple                      
2000c3c9  __aeabi_d2iz                          
20007e97  __aeabi_dadd                          
20008ff5  __aeabi_ddiv                          
200096c9  __aeabi_dmul                          
20007e8d  __aeabi_dsub                          
2000d251  __aeabi_errno_addr                    
2000ca65  __aeabi_i2d                           
20008043  __aeabi_idiv0                         
20008043  __aeabi_ldiv0                         
2000b651  __aeabi_memclr                        
2000b651  __aeabi_memclr4                       
2000b651  __aeabi_memclr8                       
2000a86d  __aeabi_memcpy                        
2000a86d  __aeabi_memcpy4                       
2000a86d  __aeabi_memcpy8                       
2000b653  __aeabi_memset                        
2000b653  __aeabi_memset4                       
2000b653  __aeabi_memset8                       
2000ac9d  __aeabi_uldivmod                      
ffffffff  __binit__                             
ffffffff  __c_args__                            
UNDEFED   __mpu_init                            
2002f000  __stack                               
2000cc39  _c_int00_noargs                       
2000d268  _ctypes_                              
2001f2b0  _lock                                 
200071db  _nop                                  
2000babd  _sl_HandleAsync_Accept                
2000b4d1  _sl_HandleAsync_Connect               
2000adc9  _sl_HandleAsync_DnsGetHostByName      
2000a0b9  _sl_HandleAsync_DnsGetHostByService   
2000b11d  _sl_HandleAsync_InitComplete          
2000ae59  _sl_HandleAsync_PingResponse          
2000bfdd  _sl_HandleAsync_Select                
2000c0d9  _sl_HandleAsync_Stop                  
2000b985  _sl_NetAppSendTokenValue              
20017000  _sys_memory                           
UNDEFED   _system_post_cinit                    
20006ebd  _system_pre_init                      
2001f2b4  _unlock                               
2000bc4d  abort                                 
2000c259  atoi                                  
ffffffff  binit                                 
2000d259  copysign                              
2000d259  copysignl                             
2001f2b8  errno                                 
20009f11  free                                  
2000bdd1  frexp                                 
2000bdd1  frexpl                                
2001f278  g_Host                                
2001f27c  g_SlDeviceStatus                      
2001f2a4  g_SpiFd                               
2001f21c  g__SlNonOsCB                          
2001f215  g_bDeviceRestartIsRequired            
2001f216  g_cDummy                              
2001f280  g_pCB                                 
2001f2a8  g_pHostIntHdl                         
20004000  g_pfnVectors                          
2001f1b8  g_time                                
2001f208  g_ucConnectionBSSID                   
2001f1e4  g_ucConnectionSSID                    
2001f2ac  g_ucDMAEnabled                        
2001f168  g_ucDinDout                           
2001f217  g_ucLED1Pin                           
2001f218  g_ucLED2Pin                           
2001f219  g_ucLED3Pin                           
2001f298  g_uiLED1Port                          
2001f29c  g_uiLED2Port                          
2001f2a0  g_uiLED3Port                          
2001f274  g_ulGatewayIP                         
2001f270  g_ulPingPacketsRecv                   
2001f26c  g_ulStatus                            
20009fe9  ldexp                                 
20009fe9  ldexpl                                
2000c031  ltoa                                  
200058f9  main                                  
2000b6cd  malloc                                
2000cf39  memccpy                               
2000a86d  memcpy                                
2000cd1d  memmove                               
2000b659  memset                                
2000c8c5  minit                                 
2001f284  pPingCallBackFunc                     
20005221  printErrConvenience                   
200094b1  realloc                               
20009fe9  scalbn                                
20009fe9  scalbnl                               
2000c7d9  simplelink_timerA2_start              
2000bcb1  sl_Close                              
20008525  sl_Connect                            
2000a185  sl_DevGet                             
2000a9a5  sl_DevSet                             
2000c565  sl_Htonl                              
2000c815  sl_Htons                              
20008d75  sl_NetAppDnsGetHostByName             
20009d51  sl_NetAppMDNSRegisterUnregisterService
2000bb21  sl_NetAppMDNSUnRegisterService        
2000aa3d  sl_NetCfgSet                          
2000a7cd  sl_Recv                               
2000912d  sl_Send                               
2000aad5  sl_SetSockOpt                         
2000b1a9  sl_Socket                             
20009a95  sl_Start                              
200097c5  sl_Stop                               
200071dd  sl_WlanConnect                        
2000c8fd  sl_WlanDisconnect                     
2000aee9  sl_WlanPolicySet                      
2000bd11  sl_WlanProfileDel                     
2000b3c9  sl_WlanRxFilterSet                    
2000ab6d  sl_WlanSet                            
2000bd71  sl_WlanSetMode                        
2000b745  spi_Close                             
20008ae9  spi_Open                              
200098b5  spi_Read                              
2000ac05  spi_Write                             
2000c629  sprintf                               
2000d15b  strchr                                
2000d1ad  strcpy                                
2000d1c1  strlen                                
2000c2a5  uDMAChannelAssign                     
2000bb85  uDMAChannelAttributeDisable           
2000bbe9  uDMAChannelAttributeEnable            
2000c851  uDMAChannelControlSet                 
2000cf55  uDMAChannelEnable                     
200099a5  uDMAChannelTransferSet                
2000c669  vsnprintf                             
2000d1e7  wcslen                                


GLOBAL SYMBOLS: SORTED BY Symbol Address 

address   name                                  
-------   ----                                  
00001000  __STACK_SIZE                          
00008000  __SYSMEM_SIZE                         
20004000  g_pfnVectors                          
20004401  SimpleLinkWlanEventHandler            
200045c9  SimpleLinkNetAppEventHandler          
20004679  SimpleLinkHttpServerCallback          
20004689  SimpleLinkGeneralEventHandler         
200046a9  SimpleLinkSockEventHandler            
20005221  printErrConvenience                   
200058f9  main                                  
20005a35  __TI_printfi                          
20006a51  GPIO_IF_LedConfigure                  
20006ab9  GPIO_IF_LedOn                         
20006bc1  GPIO_IF_LedOff                        
20006cc9  GPIO_IF_LedStatus                     
20006d71  GPIO_IF_LedToggle                     
20006da9  GPIO_IF_GetPortNPin                   
20006df9  GPIO_IF_ConfigureNIntEnable           
20006e41  GPIO_IF_Set                           
20006e81  GPIO_IF_Get                           
20006ebd  _system_pre_init                      
20006ec1  InitTerm                              
20006ef1  Message                               
20006f21  ClearTerm                             
20006f31  Error                                 
20006f71  GetCmd                                
20007079  TrimSpace                             
20007121  Report                                
200071db  _nop                                  
200071dd  sl_WlanConnect                        
2000790d  _SlDrvDataReadOp                      
20007af1  _SlDrvReleasePoolObj                  
20007e8d  __aeabi_dsub                          
20007e97  __aeabi_dadd                          
20008043  __aeabi_idiv0                         
20008043  __aeabi_ldiv0                         
20008045  _SlDrvDriverCBInit                    
20008395  _SlDrvWaitForPoolObj                  
20008525  sl_Connect                            
200086b1  PRCMCC3200MCUInit                     
20008999  _SlDrvDataWriteOp                     
20008ae9  spi_Open                              
20008d75  sl_NetAppDnsGetHostByName             
20008ff5  __aeabi_ddiv                          
2000912d  sl_Send                               
20009261  _SlDrvDriverCBDeinit                  
200094b1  realloc                               
200095c5  _SlDrvNetAppEventHandler              
200096c9  __aeabi_dmul                          
200097c5  sl_Stop                               
200098b5  spi_Read                              
200099a5  uDMAChannelTransferSet                
20009a95  sl_Start                              
20009c69  _SlDrvMsgReadSpawnCtx                 
20009d51  sl_NetAppMDNSRegisterUnregisterService
20009f11  free                                  
20009fe9  ldexp                                 
20009fe9  ldexpl                                
20009fe9  scalbn                                
20009fe9  scalbnl                               
2000a0b9  _sl_HandleAsync_DnsGetHostByService   
2000a185  sl_DevGet                             
2000a315  _SlDrvCmdOp                           
2000a489  _SlNonOsSemGet                        
2000a539  IntDisable                            
2000a5e1  IntEnable                             
2000a689  _SlDriverHandleError                  
2000a72d  SPIConfigSetExpClk                    
2000a7cd  sl_Recv                               
2000a86d  __aeabi_memcpy                        
2000a86d  __aeabi_memcpy4                       
2000a86d  __aeabi_memcpy8                       
2000a86d  memcpy                                
2000a909  _SlDrvDeviceEventHandler              
2000a9a5  sl_DevSet                             
2000aa3d  sl_NetCfgSet                          
2000aad5  sl_SetSockOpt                         
2000ab6d  sl_WlanSet                            
2000ac05  spi_Write                             
2000ac9d  __aeabi_uldivmod                      
2000ad35  PRCMPeripheralClockGet                
2000adc9  _sl_HandleAsync_DnsGetHostByName      
2000ae59  _sl_HandleAsync_PingResponse          
2000aee9  sl_WlanPolicySet                      
2000b091  _SlDrvIsTimeoutExpired                
2000b11d  _sl_HandleAsync_InitComplete          
2000b1a9  sl_Socket                             
2000b235  PinConfigSet                          
2000b2bd  __aeabi_cdcmpeq                       
2000b2bd  __aeabi_cdcmple                       
2000b343  __aeabi_cdrcmple                      
2000b3c9  sl_WlanRxFilterSet                    
2000b44d  GPIOIntTypeSet                        
2000b4d1  _sl_HandleAsync_Connect               
2000b651  __aeabi_memclr                        
2000b651  __aeabi_memclr4                       
2000b651  __aeabi_memclr8                       
2000b653  __aeabi_memset                        
2000b653  __aeabi_memset4                       
2000b653  __aeabi_memset8                       
2000b659  memset                                
2000b6cd  malloc                                
2000b745  spi_Close                             
2000b7bd  UARTConfigSetExpClk                   
2000b835  _SlNonOsMainLoopTask                  
2000b919  _SlDrvCmdSend                         
2000b985  _sl_NetAppSendTokenValue              
2000b9f1  __TI_decompress_lzss                  
2000ba59  _SlNonOsSpawn                         
2000babd  _sl_HandleAsync_Accept                
2000bb21  sl_NetAppMDNSUnRegisterService        
2000bb85  uDMAChannelAttributeDisable           
2000bbe9  uDMAChannelAttributeEnable            
2000bc4d  C$$EXIT                               
2000bc4d  abort                                 
2000bc51  PinMuxConfig                          
2000bcb1  sl_Close                              
2000bd11  sl_WlanProfileDel                     
2000bd71  sl_WlanSetMode                        
2000bdd1  frexp                                 
2000bdd1  frexpl                                
2000be2d  IntPendClear                          
2000be85  PRCMPeripheralReset                   
2000bf35  IntPrioritySet                        
2000bf89  _SlDrvRxIrqHandler                    
2000bfdd  _sl_HandleAsync_Select                
2000c031  ltoa                                  
2000c0d9  _sl_HandleAsync_Stop                  
2000c129  SPIIntEnable                          
2000c1c1  _SlDrvProtectAsyncRespSetting         
2000c259  atoi                                  
2000c2a5  uDMAChannelAssign                     
2000c339  SPIIntClear                           
2000c381  _SlDrvBasicCmd                        
2000c3c9  __aeabi_d2iz                          
2000c455  TimerConfigure                        
2000c499  _SlDrvSyncObjWaitTimeout              
2000c4dd  __TI_auto_init_nobinit_nopinit        
2000c565  sl_Htonl                              
2000c5a9  PinModeSet                            
2000c629  sprintf                               
2000c669  vsnprintf                             
2000c6a9  NwpRegisterInterruptHandler           
2000c761  PRCMPeripheralClkEnable               
2000c7d9  simplelink_timerA2_start              
2000c815  sl_Htons                              
2000c851  uDMAChannelControlSet                 
2000c88d  NwpPowerOff                           
2000c8c5  minit                                 
2000c8fd  sl_WlanDisconnect                     
2000c935  GPIODirModeSet                        
2000c96d  PRCMPeripheralStatusGet               
2000c9a1  SPIFIFOLevelSet                       
2000c9d5  PinTypeGPIO                           
2000ca05  UARTDisable                           
2000ca65  __aeabi_i2d                           
2000ca95  NwpPowerOn                            
2000cac1  PRCMSysResetCauseGet                  
2000cb19  _SlDrvProtectionObjLockWaitForever    
2000cb45  TimerLoadSet                          
2000cb6f  TimerPrescaleSet                      
2000cb99  PRCMPeripheralClkDisable              
2000cbc1  _SlDrvGlobalObjUnLock                 
2000cbe9  _SlDrvProtectionObjUnLock             
2000cc11  _SlDrvSyncObjWaitForever              
2000cc39  _c_int00_noargs                       
2000cc89  _SlDrvObjLockWaitForever              
2000ccb1  DmaSpiSwIntHandler                    
2000ccd5  IntUnregister                         
2000ccf9  UARTEnable                            
2000cd1d  memmove                               
2000cd41  SPIReset                              
2000cd63  SPIWordCountSet                       
2000cd89  ResetISR                              
2000cdab  GPIOPinWrite                          
2000cdcd  IntRegister                           
2000cded  NwpPrePowerOffTimout0                 
2000ce0d  TimerGetCurrentTimestamp              
2000ce2d  _SlDrvObjUnLock                       
2000ce4d  _SlDrvSyncObjSignal                   
2000ce6d  GPIOIntRegister                       
2000ce8b  TimerEnable                           
2000cea9  UARTCharPut                           
2000cee5  TimerValueGet                         
2000cf01  UARTCharGetNonBlocking                
2000cf1d  _SlDrvStartMeasureTimeout             
2000cf39  memccpy                               
2000cf55  uDMAChannelEnable                     
2000cf71  GPIOIntEnable                         
2000cf8b  PinTypeUART                           
2000cfa5  SPIDmaDisable                         
2000cfbf  SPIDmaEnable                          
2000cfd9  SPIFIFODisable                        
2000cff3  SPIFIFOEnable                         
2000d00d  SPIIntUnregister                      
2000d027  GPIOPinRead                           
2000d03f  SPICSDisable                          
2000d057  SPICSEnable                           
2000d06f  SPIDisable                            
2000d087  SPIEnable                             
2000d09f  UARTCharsAvail                        
2000d0b7  _SlNonOsSemSet                        
2000d119  PRCMHIBRegRead                        
2000d12f  PRCMHIBRegWrite                       
2000d145  _SlDrvMemZero                         
2000d15b  strchr                                
2000d171  CPUcpsie                              
2000d185  GPIOIntClear                          
2000d199  IntVTableBaseSet                      
2000d1ad  strcpy                                
2000d1c1  strlen                                
2000d1d5  __TI_zero_init_nomemset               
2000d1e7  wcslen                                
2000d1f9  _SlDrvDispatchHttpServerEvents        
2000d209  _SlDrvResetCmdExt                     
2000d217  __TI_decompress_none                  
2000d225  NwpMaskInterrupt                      
2000d231  NwpUnMaskInterrupt                    
2000d23d  IntMasterEnable                       
2000d251  __aeabi_errno_addr                    
2000d259  copysign                              
2000d259  copysignl                             
2000d261  UtilsDelay                            
2000d268  _ctypes_                              
2000d668  OpcodeTranslateTable                  
2000d6a4  _SlActionLookupTable                  
2000d862  _SlNetAppSendTokenValueCmdCtrl        
2000d8a0  __TI_static_base__                    
2000d8d8  __TI_Handler_Table_Base               
2000d8e4  __TI_Handler_Table_Limit              
2000d8f0  __TI_CINIT_Base                       
2000d900  __TI_CINIT_Limit                      
20017000  _sys_memory                           
2001f168  g_ucDinDout                           
2001f1b8  g_time                                
2001f1e4  g_ucConnectionSSID                    
2001f208  g_ucConnectionBSSID                   
2001f214  RxIrqCnt                              
2001f215  g_bDeviceRestartIsRequired            
2001f216  g_cDummy                              
2001f217  g_ucLED1Pin                           
2001f218  g_ucLED2Pin                           
2001f219  g_ucLED3Pin                           
2001f21c  g__SlNonOsCB                          
2001f26c  g_ulStatus                            
2001f270  g_ulPingPacketsRecv                   
2001f274  g_ulGatewayIP                         
2001f278  g_Host                                
2001f27c  g_SlDeviceStatus                      
2001f280  g_pCB                                 
2001f284  pPingCallBackFunc                     
2001f298  g_uiLED1Port                          
2001f29c  g_uiLED2Port                          
2001f2a0  g_uiLED3Port                          
2001f2a4  g_SpiFd                               
2001f2a8  g_pHostIntHdl                         
2001f2ac  g_ucDMAEnabled                        
2001f2b0  _lock                                 
2001f2b4  _unlock                               
2001f2b8  errno                                 
2002f000  __stack                               
20030000  __STACK_END                           
ffffffff  __TI_pprof_out_hndl                   
ffffffff  __TI_prof_data_size                   
ffffffff  __TI_prof_data_start                  
ffffffff  __binit__                             
ffffffff  __c_args__                            
ffffffff  binit                                 
UNDEFED   __mpu_init                            
UNDEFED   _system_post_cinit                    

[270 symbols]
