******************************************************************************
                  TI ARM Linker PC v18.12.1                    
******************************************************************************
>> Linked Wed Apr  3 14:02:55 2019

OUTPUT FILE NAME:   <Decoding.out>
ENTRY POINT SYMBOL: "_c_int00_noargs"  address: 20007a05


MEMORY CONFIGURATION

         name            origin    length      used     unused   attr    fill
----------------------  --------  ---------  --------  --------  ----  --------
  SRAM_CODE             20004000   00013000  000041de  0000ee22  RW X
  SRAM_DATA             20017000   00019000  0000104b  00017fb5  RW X


SEGMENT ALLOCATION MAP

run origin  load origin   length   init length attrs members
----------  ----------- ---------- ----------- ----- -------
20004000    20004000    000041e0   000041e0    r-x
  20004000    20004000    00000400   00000400    r-- .intvecs
  20004400    20004400    00003996   00003996    r-x .text
  20007d98    20007d98    00000400   00000400    r-- .const
  20008198    20008198    00000048   00000048    r-- .cinit
20017000    20017000    0000084b   00000000    rw-
  20017000    20017000    00000800   00000000    rw- .sysmem
  20017800    20017800    0000003c   00000000    rw- .data
  2001783c    2001783c    0000000f   00000000    rw- .bss
2002f800    2002f800    00000800   00000000    rw-
  2002f800    2002f800    00000800   00000000    rw- .stack


SECTION ALLOCATION MAP

 output                                  attributes/
section   page    origin      length       input sections
--------  ----  ----------  ----------   ----------------
.intvecs   0    20004000    00000400     
                  20004000    00000400     startup_ccs.obj (.intvecs)

.init_array 
*          0    20004000    00000000     UNINITIALIZED

.text      0    20004400    00003996     
                  20004400    00000a4e     rtsv7M4_T_le_eabi.lib : _printfi.c.obj (.text:__TI_printfi)
                  20004e4e    00000002     driverlib.a : interrupt.obj (.text:IntDefaultHandler)
                  20004e50    000003d8     main.obj (.text)
                  20005228    00000398     gpio_if.obj (.text)
                  200055c0    00000280     uart_if.obj (.text)
                  20005840    00000268     rtsv7M4_T_le_eabi.lib : _printfi.c.obj (.text:_pconv_a)
                  20005aa8    000001cc                           : _printfi.c.obj (.text:_pconv_g)
                  20005c74    000001b6                           : fd_add_t2.asm.obj (.text)
                  20005e2a    00000002                           : _lock.c.obj (.text:_nop)
                  20005e2c    00000198     timer_if.obj (.text)
                  20005fc4    00000178     driverlib.a : prcm.obj (.text:PRCMCC3200MCUInit)
                  2000613c    0000013c     rtsv7M4_T_le_eabi.lib : _printfi.c.obj (.text:_pconv_e)
                  20006278    0000013c     pin_mux_config.obj (.text)
                  200063b4    00000136     rtsv7M4_T_le_eabi.lib : fd_div_t2.asm.obj (.text)
                  200064ea    00000002                           : div0.asm.obj (.text)
                  200064ec    00000120                           : _printfi.c.obj (.text:fcvt)
                  2000660c    000000fc                           : fd_mul_t2.asm.obj (.text)
                  20006708    000000f4                           : memory.c.obj (.text:aligned_alloc)
                  200067fc    000000e8                           : memory.c.obj (.text:free)
                  200068e4    000000d8                           : memory.c.obj (.text:realloc)
                  200069bc    000000d0                           : s_scalbn.c.obj (.text:scalbn)
                  20006a8c    000000b1                           : _printfi.c.obj (.text:_ltostr)
                  20006b3d    00000003     --HOLE-- [fill = 0]
                  20006b40    000000a8     driverlib.a : interrupt.obj (.text:IntDisable)
                  20006be8    000000a8                 : interrupt.obj (.text:IntEnable)
                  20006c90    0000009c     rtsv7M4_T_le_eabi.lib : memcpy_t2.asm.obj (.text)
                  20006d2c    00000096                           : ull_div_t2.asm.obj (.text)
                  20006dc2    00000002     --HOLE-- [fill = 0]
                  20006dc4    00000094     driverlib.a : prcm.obj (.text:PRCMPeripheralClockGet)
                  20006e58    00000088                 : pin.obj (.text:PinConfigSet)
                  20006ee0    00000086     rtsv7M4_T_le_eabi.lib : fd_cmp_t2.asm.obj (.text:__aeabi_cdcmple)
                  20006f66    00000086                           : fd_cmp_t2.asm.obj (.text:__aeabi_cdrcmple)
                  20006fec    00000082     driverlib.a : gpio.obj (.text:GPIOIntTypeSet)
                  2000706e    00000002     --HOLE-- [fill = 0]
                  20007070    0000007c     rtsv7M4_T_le_eabi.lib : memory.c.obj (.text:split)
                  200070ec    0000007a                           : memset_t2.asm.obj (.text)
                  20007166    00000076     driverlib.a : uart.obj (.text:UARTConfigSetExpClk)
                  200071dc    00000070                 : timer.obj (.text:TimerIntRegister)
                  2000724c    0000006e     rtsv7M4_T_le_eabi.lib : _printfi.c.obj (.text:_mcpy)
                  200072ba    00000002     --HOLE-- [fill = 0]
                  200072bc    00000068     driverlib.a : timer.obj (.text:TimerIntUnregister)
                  20007324    00000068     rtsv7M4_T_le_eabi.lib : copy_decompress_lzss.c.obj (.text:decompress:lzss:__TI_decompress_lzss)
                  2000738c    0000005c                           : s_frexp.c.obj (.text:frexp)
                  200073e8    00000058     driverlib.a : prcm.obj (.text:PRCMPeripheralReset)
                  20007440    00000056     rtsv7M4_T_le_eabi.lib : _printfi.c.obj (.text:_pconv_f)
                  20007496    00000002     --HOLE-- [fill = 0]
                  20007498    00000054     driverlib.a : interrupt.obj (.text:IntPrioritySet)
                  200074ec    00000054     rtsv7M4_T_le_eabi.lib : ltoa.c.obj (.text:ltoa)
                  20007540    00000052                           : _printfi.c.obj (.text:_ecpy)
                  20007592    00000002     --HOLE-- [fill = 0]
                  20007594    0000004c                           : atoi.c.obj (.text:atoi)
                  200075e0    00000048     driverlib.a : gpio.obj (.text:GPIOGetIntNumber)
                  20007628    00000048     rtsv7M4_T_le_eabi.lib : fd_toi_t2.asm.obj (.text)
                  20007670    00000044     driverlib.a : timer.obj (.text:TimerConfigure)
                  200076b4    00000044     rtsv7M4_T_le_eabi.lib : autoinit.c.obj (.text:__TI_auto_init_nobinit_nopinit:__TI_auto_init_nobinit_nopinit)
                  200076f8    00000040     driverlib.a : pin.obj (.text:PinModeSet)
                  20007738    00000040     rtsv7M4_T_le_eabi.lib : vsnprintf.c.obj (.text:vsnprintf)
                  20007778    0000003e                           : _printfi.c.obj (.text:_fcpy)
                  200077b6    00000002     --HOLE-- [fill = 0]
                  200077b8    0000003c     driverlib.a : prcm.obj (.text:PRCMPeripheralClkEnable)
                  200077f4    00000036                 : gpio.obj (.text:GPIODirModeSet)
                  2000782a    00000030                 : pin.obj (.text:PinTypeGPIO)
                  2000785a    00000002     --HOLE-- [fill = 0]
                  2000785c    00000030                 : uart.obj (.text:UARTDisable)
                  2000788c    00000030     rtsv7M4_T_le_eabi.lib : vsnprintf.c.obj (.text:_outs)
                  200078bc    0000002e                           : i_tofd_t2.asm.obj (.text)
                  200078ea    00000002     --HOLE-- [fill = 0]
                  200078ec    0000002c     driverlib.a : prcm.obj (.text:PRCMSysResetCauseGet)
                  20007918    0000002a                 : timer.obj (.text:TimerLoadSet)
                  20007942    0000002a                 : timer.obj (.text:TimerPrescaleSet)
                  2000796c    00000028                 : prcm.obj (.text:PRCMPeripheralClkDisable)
                  20007994    00000028     rtsv7M4_T_le_eabi.lib : memory.c.obj (.text:free_list_insert)
                  200079bc    00000024     driverlib.a : interrupt.obj (.text:IntUnregister)
                  200079e0    00000024                 : uart.obj (.text:UARTEnable)
                  20007a04    00000024     rtsv7M4_T_le_eabi.lib : boot_cortex_m.c.obj (.text:_c_int00_noargs:_c_int00_noargs)
                  20007a28    00000024                           : memmov.c.obj (.text:memmove)
                  20007a4c    00000022     driverlib.a : gpio.obj (.text:GPIOIntStatus)
                  20007a6e    00000020                 : gpio.obj (.text:GPIOPinWrite)
                  20007a8e    00000002     --HOLE-- [fill = 0]
                  20007a90    00000020                 : interrupt.obj (.text:IntRegister)
                  20007ab0    0000001e                 : gpio.obj (.text:GPIOIntRegister)
                  20007ace    0000001e                 : timer.obj (.text:TimerDisable)
                  20007aec    0000001e                 : timer.obj (.text:TimerEnable)
                  20007b0a    0000001e                 : timer.obj (.text:TimerIntStatus)
                  20007b28    0000001e                 : uart.obj (.text:UARTCharPut)
                  20007b46    0000001c                 : timer.obj (.text:TimerValueGet)
                  20007b62    0000001c                 : uart.obj (.text:UARTCharGetNonBlocking)
                  20007b7e    00000002     --HOLE-- [fill = 0]
                  20007b80    0000001c     rtsv7M4_T_le_eabi.lib : memory.c.obj (.text:free_list_remove)
                  20007b9c    0000001c                           : memccpy.c.obj (.text:memccpy)
                  20007bb8    0000001a     driverlib.a : gpio.obj (.text:GPIOIntEnable)
                  20007bd2    0000001a                 : pin.obj (.text:PinTypeSPI)
                  20007bec    0000001a                 : pin.obj (.text:PinTypeUART)
                  20007c06    00000018                 : gpio.obj (.text:GPIOPinRead)
                  20007c1e    00000018                 : timer.obj (.text:TimerIntDisable)
                  20007c36    00000018                 : timer.obj (.text:TimerIntEnable)
                  20007c4e    00000018                 : uart.obj (.text:UARTCharsAvail)
                  20007c66    00000018     rtsv7M4_T_le_eabi.lib : vsnprintf.c.obj (.text:_outc)
                  20007c7e    00000016     driverlib.a : prcm.obj (.text:PRCMHIBRegRead)
                  20007c94    00000016                 : prcm.obj (.text:PRCMHIBRegWrite)
                  20007caa    00000016     rtsv7M4_T_le_eabi.lib : strchr.c.obj (.text:strchr)
                  20007cc0    00000014     driverlib.a : cpu.obj (.text:CPUcpsie)
                  20007cd4    00000014                 : gpio.obj (.text:GPIOIntClear)
                  20007ce8    00000014                 : interrupt.obj (.text:IntVTableBaseSet)
                  20007cfc    00000014     rtsv7M4_T_le_eabi.lib : strlen.c.obj (.text:strlen)
                  20007d10    00000012     driverlib.a : timer.obj (.text:TimerIntClear)
                  20007d22    00000012     rtsv7M4_T_le_eabi.lib : copy_zero_init.c.obj (.text:decompress:ZI:__TI_zero_init_nomemset:__TI_zero_init_nomemset)
                  20007d34    00000012                           : wcslen.c.obj (.text:wcslen)
                  20007d46    0000000e                           : copy_decompress_none.c.obj (.text:decompress:none:__TI_decompress_none)
                  20007d54    0000000e     startup_ccs.obj (.text)
                  20007d62    0000000c     rtsv7M4_T_le_eabi.lib : s_copysign.c.obj (.text:copysign)
                  20007d6e    0000000a     driverlib.a : interrupt.obj (.text:IntMasterEnable)
                  20007d78    00000008     rtsv7M4_T_le_eabi.lib : errno.c.obj (.text:__aeabi_errno_addr)
                  20007d80    00000008                           : memory.c.obj (.text:malloc)
                  20007d88    00000006     driverlib.a : utils.obj (.text:UtilsDelay)
                  20007d8e    00000004     rtsv7M4_T_le_eabi.lib : pre_init.c.obj (.text:_system_pre_init)
                  20007d92    00000004                           : exit.c.obj (.text:abort:abort)

.const     0    20007d98    00000400     
                  20007d98    00000101     rtsv7M4_T_le_eabi.lib : ctype.c.obj (.const:.string:_ctypes_)
                  20007e99    00000003     --HOLE-- [fill = 0]
                  20007e9c    00000100     driverlib.a : pin.obj (.const:g_ulPinToPadMap)
                  20007f9c    000000d4                 : interrupt.obj (.const:g_pulRegs)
                  20008070    000000a8                 : prcm.obj (.const:PRCM_PeriphRegsList)
                  20008118    00000080                 : interrupt.obj (.const)

.cinit     0    20008198    00000048     
                  20008198    00000022     (.cinit..data.load) [load image, compression = lzss]
                  200081ba    00000002     --HOLE-- [fill = 0]
                  200081bc    0000000c     (__TI_handler_table)
                  200081c8    00000008     (.cinit..bss.load) [load image, compression = zero_init]
                  200081d0    00000010     (__TI_cinit_table)

.sysmem    0    20017000    00000800     UNINITIALIZED
                  20017000    00000010     rtsv7M4_T_le_eabi.lib : memory.c.obj (.sysmem)
                  20017010    000007f0     --HOLE--

.data      0    20017800    0000003c     UNINITIALIZED
                  20017800    00000014     gpio_if.obj (.data:ulReg)
                  20017814    0000000c     gpio_if.obj (.data)
                  20017820    00000008     rtsv7M4_T_le_eabi.lib : _lock.c.obj (.data:$O1$$)
                  20017828    00000008                           : memory.c.obj (.data:$O1$$)
                  20017830    00000006     main.obj (.data)
                  20017836    00000002     --HOLE--
                  20017838    00000004     rtsv7M4_T_le_eabi.lib : errno.c.obj (.data)

.bss       0    2001783c    0000000f     UNINITIALIZED
                  2001783c    00000004     main.obj (.bss)
                  20017840    00000004     uart_if.obj (.bss)
                  20017844    00000004     (.common:g_ulTimerInts)
                  20017848    00000001     (.common:g_ucLED1Pin)
                  20017849    00000001     (.common:g_ucLED2Pin)
                  2001784a    00000001     (.common:g_ucLED3Pin)

.stack     0    2002f800    00000800     UNINITIALIZED
                  2002f800    00000004     rtsv7M4_T_le_eabi.lib : boot_cortex_m.c.obj (.stack)
                  2002f804    000007fc     --HOLE--

MODULE SUMMARY

       Module                       code    ro data   rw data
       ------                       ----    -------   -------
    .\
       startup_ccs.obj              14      1024      0      
       main.obj                     984     0         14     
       gpio_if.obj                  920     0         35     
       uart_if.obj                  640     0         4      
       timer_if.obj                 408     0         0      
       pin_mux_config.obj           316     0         0      
    +--+----------------------------+-------+---------+---------+
       Total:                       3282    1024      53     
                                                             
    D:/ti/CC3200SDK/CC3200SDK_1.3.0/cc3200-sdk/driverlib/ccs/Release/driverlib.a
       prcm.obj                     800     168       0      
       interrupt.obj                520     340       0      
       pin.obj                      300     256       0      
       timer.obj                    552     0         0      
       gpio.obj                     422     0         0      
       uart.obj                     284     0         0      
       cpu.obj                      20      0         0      
       utils.obj                    6       0         0      
    +--+----------------------------+-------+---------+---------+
       Total:                       2904    764       0      
                                                             
    D:\ti\ccs800\ccsv8\tools\compiler\ti-cgt-arm_18.12.1.LTS\lib\rtsv7M4_T_le_eabi.lib
       _printfi.c.obj               4835    0         0      
       memory.c.obj                 892     0         8      
       fd_add_t2.asm.obj            438     0         0      
       fd_div_t2.asm.obj            310     0         0      
       fd_cmp_t2.asm.obj            268     0         0      
       ctype.c.obj                  0       257       0      
       fd_mul_t2.asm.obj            252     0         0      
       s_scalbn.c.obj               208     0         0      
       memcpy_t2.asm.obj            156     0         0      
       ull_div_t2.asm.obj           150     0         0      
       vsnprintf.c.obj              136     0         0      
       memset_t2.asm.obj            122     0         0      
       copy_decompress_lzss.c.obj   104     0         0      
       s_frexp.c.obj                92      0         0      
       ltoa.c.obj                   84      0         0      
       atoi.c.obj                   76      0         0      
       fd_toi_t2.asm.obj            72      0         0      
       autoinit.c.obj               68      0         0      
       i_tofd_t2.asm.obj            46      0         0      
       boot_cortex_m.c.obj          36      0         0      
       memmov.c.obj                 36      0         0      
       memccpy.c.obj                28      0         0      
       strchr.c.obj                 22      0         0      
       strlen.c.obj                 20      0         0      
       copy_zero_init.c.obj         18      0         0      
       wcslen.c.obj                 18      0         0      
       copy_decompress_none.c.obj   14      0         0      
       errno.c.obj                  8       0         4      
       s_copysign.c.obj             12      0         0      
       _lock.c.obj                  2       0         8      
       exit.c.obj                   4       0         0      
       pre_init.c.obj               4       0         0      
       div0.asm.obj                 2       0         0      
    +--+----------------------------+-------+---------+---------+
       Total:                       8533    257       20     
                                                             
       Heap:                        0       0         2048   
       Stack:                       0       0         2048   
       Linker Generated:            0       70        0      
    +--+----------------------------+-------+---------+---------+
       Grand Total:                 14719   2115      4169   


LINKER GENERATED COPY TABLES

__TI_cinit_table @ 200081d0 records: 2, size/record: 8, table size: 16
	.data: load addr=20008198, load size=00000022 bytes, run addr=20017800, run size=0000003c bytes, compression=lzss
	.bss: load addr=200081c8, load size=00000008 bytes, run addr=2001783c, run size=0000000f bytes, compression=zero_init


LINKER GENERATED HANDLER TABLE

__TI_handler_table @ 200081bc records: 3, size/record: 4, table size: 12
	index: 0, handler: __TI_decompress_lzss
	index: 1, handler: __TI_decompress_none
	index: 2, handler: __TI_zero_init


GLOBAL SYMBOLS: SORTED ALPHABETICALLY BY Name 

address   name                          
-------   ----                          
20007d93  C$$EXIT                       
20007cc1  CPUcpsie                      
20005601  ClearTerm                     
2000560b  Error                         
200077f5  GPIODirModeSet                
20007cd5  GPIOIntClear                  
20007bb9  GPIOIntEnable                 
20007ab1  GPIOIntRegister               
20007a4d  GPIOIntStatus                 
20006fed  GPIOIntTypeSet                
20007c07  GPIOPinRead                   
20007a6f  GPIOPinWrite                  
200054e9  GPIO_IF_ConfigureNIntEnable   
20005575  GPIO_IF_Get                   
200054a3  GPIO_IF_GetPortNPin           
20005265  GPIO_IF_LedConfigure          
20005357  GPIO_IF_LedOff                
200052a3  GPIO_IF_LedOn                 
2000540b  GPIO_IF_LedStatus             
20005475  GPIO_IF_LedToggle             
20005531  GPIO_IF_Set                   
20005643  GetCmd                        
200055c1  InitTerm                      
20006b41  IntDisable                    
20006be9  IntEnable                     
20007d6f  IntMasterEnable               
20007499  IntPrioritySet                
20007a91  IntRegister                   
200079bd  IntUnregister                 
20007ce9  IntVTableBaseSet              
200055df  Message                       
20005fc5  PRCMCC3200MCUInit             
20007c7f  PRCMHIBRegRead                
20007c95  PRCMHIBRegWrite               
2000796d  PRCMPeripheralClkDisable      
200077b9  PRCMPeripheralClkEnable       
20006dc5  PRCMPeripheralClockGet        
200073e9  PRCMPeripheralReset           
200078ed  PRCMSysResetCauseGet          
20006e59  PinConfigSet                  
200076f9  PinModeSet                    
20006279  PinMuxConfig                  
2000782b  PinTypeGPIO                   
20007bd3  PinTypeSPI                    
20007bed  PinTypeUART                   
20005781  Report                        
20007d55  ResetISR                      
20007671  TimerConfigure                
20007acf  TimerDisable                  
20007aed  TimerEnable                   
20007d11  TimerIntClear                 
20007c1f  TimerIntDisable               
20007c37  TimerIntEnable                
20004ef1  TimerIntHandler               
200071dd  TimerIntRegister              
20007b0b  TimerIntStatus                
200072bd  TimerIntUnregister            
20007919  TimerLoadSet                  
20007943  TimerPrescaleSet              
20007b47  TimerValueGet                 
20005f73  Timer_IF_DeInit               
20005fa5  Timer_IF_GetCount             
20005ead  Timer_IF_Init                 
20005edf  Timer_IF_IntSetup             
20005f2b  Timer_IF_InterruptClear       
20005f8d  Timer_IF_ReLoad               
20005f43  Timer_IF_Start                
20005f63  Timer_IF_Stop                 
200056e9  TrimSpace                     
20007b63  UARTCharGetNonBlocking        
20007b29  UARTCharPut                   
20007c4f  UARTCharsAvail                
20007167  UARTConfigSetExpClk           
2000785d  UARTDisable                   
200079e1  UARTEnable                    
20007d89  UtilsDelay                    
20030000  __STACK_END                   
00000800  __STACK_SIZE                  
00000800  __SYSMEM_SIZE                 
200081d0  __TI_CINIT_Base               
200081e0  __TI_CINIT_Limit              
200081bc  __TI_Handler_Table_Base       
200081c8  __TI_Handler_Table_Limit      
200076b5  __TI_auto_init_nobinit_nopinit
20007325  __TI_decompress_lzss          
20007d47  __TI_decompress_none          
ffffffff  __TI_pprof_out_hndl           
20004401  __TI_printfi                  
ffffffff  __TI_prof_data_size           
ffffffff  __TI_prof_data_start          
20008198  __TI_static_base__            
20007d23  __TI_zero_init_nomemset       
20006ee1  __aeabi_cdcmpeq               
20006ee1  __aeabi_cdcmple               
20006f67  __aeabi_cdrcmple              
20007629  __aeabi_d2iz                  
20005c7f  __aeabi_dadd                  
200063b5  __aeabi_ddiv                  
2000660d  __aeabi_dmul                  
20005c75  __aeabi_dsub                  
20007d79  __aeabi_errno_addr            
200078bd  __aeabi_i2d                   
200064eb  __aeabi_idiv0                 
200064eb  __aeabi_ldiv0                 
200070ed  __aeabi_memclr                
200070ed  __aeabi_memclr4               
200070ed  __aeabi_memclr8               
20006c91  __aeabi_memcpy                
20006c91  __aeabi_memcpy4               
20006c91  __aeabi_memcpy8               
200070ef  __aeabi_memset                
200070ef  __aeabi_memset4               
200070ef  __aeabi_memset8               
20006d2d  __aeabi_uldivmod              
ffffffff  __binit__                     
ffffffff  __c_args__                    
UNDEFED   __mpu_init                    
2002f800  __stack                       
20007a05  _c_int00_noargs               
20007d98  _ctypes_                      
20017820  _lock                         
20005e2b  _nop                          
20017000  _sys_memory                   
UNDEFED   _system_post_cinit            
20007d8f  _system_pre_init              
20017824  _unlock                       
20007d93  abort                         
20006709  aligned_alloc                 
20007595  atoi                          
ffffffff  binit                         
20007d63  copysign                      
20007d63  copysignl                     
20017838  errno                         
200067fd  free                          
2000738d  frexp                         
2000738d  frexpl                        
20017830  g_IRReceive                   
20004000  g_pfnVectors                  
20017848  g_ucLED1Pin                   
20017849  g_ucLED2Pin                   
2001784a  g_ucLED3Pin                   
20017814  g_uiLED1Port                  
20017818  g_uiLED2Port                  
2001781c  g_uiLED3Port                  
20017844  g_ulTimerInts                 
20017835  isFullyReceived               
20017834  isLeaderCodeReceived          
200069bd  ldexp                         
200069bd  ldexpl                        
200074ed  ltoa                          
20004f25  main                          
20007d81  malloc                        
20006709  memalign                      
20007b9d  memccpy                       
20006c91  memcpy                        
20007a29  memmove                       
200070f5  memset                        
200068e5  realloc                       
200069bd  scalbn                        
200069bd  scalbnl                       
20007cab  strchr                        
20007cfd  strlen                        
20007739  vsnprintf                     
20007d35  wcslen                        


GLOBAL SYMBOLS: SORTED BY Symbol Address 

address   name                          
-------   ----                          
00000800  __STACK_SIZE                  
00000800  __SYSMEM_SIZE                 
20004000  g_pfnVectors                  
20004401  __TI_printfi                  
20004ef1  TimerIntHandler               
20004f25  main                          
20005265  GPIO_IF_LedConfigure          
200052a3  GPIO_IF_LedOn                 
20005357  GPIO_IF_LedOff                
2000540b  GPIO_IF_LedStatus             
20005475  GPIO_IF_LedToggle             
200054a3  GPIO_IF_GetPortNPin           
200054e9  GPIO_IF_ConfigureNIntEnable   
20005531  GPIO_IF_Set                   
20005575  GPIO_IF_Get                   
200055c1  InitTerm                      
200055df  Message                       
20005601  ClearTerm                     
2000560b  Error                         
20005643  GetCmd                        
200056e9  TrimSpace                     
20005781  Report                        
20005c75  __aeabi_dsub                  
20005c7f  __aeabi_dadd                  
20005e2b  _nop                          
20005ead  Timer_IF_Init                 
20005edf  Timer_IF_IntSetup             
20005f2b  Timer_IF_InterruptClear       
20005f43  Timer_IF_Start                
20005f63  Timer_IF_Stop                 
20005f73  Timer_IF_DeInit               
20005f8d  Timer_IF_ReLoad               
20005fa5  Timer_IF_GetCount             
20005fc5  PRCMCC3200MCUInit             
20006279  PinMuxConfig                  
200063b5  __aeabi_ddiv                  
200064eb  __aeabi_idiv0                 
200064eb  __aeabi_ldiv0                 
2000660d  __aeabi_dmul                  
20006709  aligned_alloc                 
20006709  memalign                      
200067fd  free                          
200068e5  realloc                       
200069bd  ldexp                         
200069bd  ldexpl                        
200069bd  scalbn                        
200069bd  scalbnl                       
20006b41  IntDisable                    
20006be9  IntEnable                     
20006c91  __aeabi_memcpy                
20006c91  __aeabi_memcpy4               
20006c91  __aeabi_memcpy8               
20006c91  memcpy                        
20006d2d  __aeabi_uldivmod              
20006dc5  PRCMPeripheralClockGet        
20006e59  PinConfigSet                  
20006ee1  __aeabi_cdcmpeq               
20006ee1  __aeabi_cdcmple               
20006f67  __aeabi_cdrcmple              
20006fed  GPIOIntTypeSet                
200070ed  __aeabi_memclr                
200070ed  __aeabi_memclr4               
200070ed  __aeabi_memclr8               
200070ef  __aeabi_memset                
200070ef  __aeabi_memset4               
200070ef  __aeabi_memset8               
200070f5  memset                        
20007167  UARTConfigSetExpClk           
200071dd  TimerIntRegister              
200072bd  TimerIntUnregister            
20007325  __TI_decompress_lzss          
2000738d  frexp                         
2000738d  frexpl                        
200073e9  PRCMPeripheralReset           
20007499  IntPrioritySet                
200074ed  ltoa                          
20007595  atoi                          
20007629  __aeabi_d2iz                  
20007671  TimerConfigure                
200076b5  __TI_auto_init_nobinit_nopinit
200076f9  PinModeSet                    
20007739  vsnprintf                     
200077b9  PRCMPeripheralClkEnable       
200077f5  GPIODirModeSet                
2000782b  PinTypeGPIO                   
2000785d  UARTDisable                   
200078bd  __aeabi_i2d                   
200078ed  PRCMSysResetCauseGet          
20007919  TimerLoadSet                  
20007943  TimerPrescaleSet              
2000796d  PRCMPeripheralClkDisable      
200079bd  IntUnregister                 
200079e1  UARTEnable                    
20007a05  _c_int00_noargs               
20007a29  memmove                       
20007a4d  GPIOIntStatus                 
20007a6f  GPIOPinWrite                  
20007a91  IntRegister                   
20007ab1  GPIOIntRegister               
20007acf  TimerDisable                  
20007aed  TimerEnable                   
20007b0b  TimerIntStatus                
20007b29  UARTCharPut                   
20007b47  TimerValueGet                 
20007b63  UARTCharGetNonBlocking        
20007b9d  memccpy                       
20007bb9  GPIOIntEnable                 
20007bd3  PinTypeSPI                    
20007bed  PinTypeUART                   
20007c07  GPIOPinRead                   
20007c1f  TimerIntDisable               
20007c37  TimerIntEnable                
20007c4f  UARTCharsAvail                
20007c7f  PRCMHIBRegRead                
20007c95  PRCMHIBRegWrite               
20007cab  strchr                        
20007cc1  CPUcpsie                      
20007cd5  GPIOIntClear                  
20007ce9  IntVTableBaseSet              
20007cfd  strlen                        
20007d11  TimerIntClear                 
20007d23  __TI_zero_init_nomemset       
20007d35  wcslen                        
20007d47  __TI_decompress_none          
20007d55  ResetISR                      
20007d63  copysign                      
20007d63  copysignl                     
20007d6f  IntMasterEnable               
20007d79  __aeabi_errno_addr            
20007d81  malloc                        
20007d89  UtilsDelay                    
20007d8f  _system_pre_init              
20007d93  C$$EXIT                       
20007d93  abort                         
20007d98  _ctypes_                      
20008198  __TI_static_base__            
200081bc  __TI_Handler_Table_Base       
200081c8  __TI_Handler_Table_Limit      
200081d0  __TI_CINIT_Base               
200081e0  __TI_CINIT_Limit              
20017000  _sys_memory                   
20017814  g_uiLED1Port                  
20017818  g_uiLED2Port                  
2001781c  g_uiLED3Port                  
20017820  _lock                         
20017824  _unlock                       
20017830  g_IRReceive                   
20017834  isLeaderCodeReceived          
20017835  isFullyReceived               
20017838  errno                         
20017844  g_ulTimerInts                 
20017848  g_ucLED1Pin                   
20017849  g_ucLED2Pin                   
2001784a  g_ucLED3Pin                   
2002f800  __stack                       
20030000  __STACK_END                   
ffffffff  __TI_pprof_out_hndl           
ffffffff  __TI_prof_data_size           
ffffffff  __TI_prof_data_start          
ffffffff  __binit__                     
ffffffff  __c_args__                    
ffffffff  binit                         
UNDEFED   __mpu_init                    
UNDEFED   _system_post_cinit            

[164 symbols]
