******************************************************************************
                  TI ARM Linker PC v18.1.1                     
******************************************************************************
>> Linked Sun Apr 29 16:46:37 2018

OUTPUT FILE NAME:   <Lab3.out>
ENTRY POINT SYMBOL: "_c_int00_noargs"  address: 20007801


MEMORY CONFIGURATION

         name            origin    length      used     unused   attr    fill
----------------------  --------  ---------  --------  --------  ----  --------
  SRAM_CODE             20004000   00013000  0000402e  0000efd2  RW X
  SRAM_DATA             20017000   00019000  00001057  00017fa9  RW X


SEGMENT ALLOCATION MAP

run origin  load origin   length   init length attrs members
----------  ----------- ---------- ----------- ----- -------
20004000    20004000    00004030   00004030    r-x
  20004000    20004000    00000400   00000400    r-- .intvecs
  20004400    20004400    000037de   000037de    r-x .text
  20007be0    20007be0    00000400   00000400    r-- .const
  20007fe0    20007fe0    00000050   00000050    r-- .cinit
20017000    20017000    00000857   00000000    rw-
  20017000    20017000    00000800   00000000    rw- .sysmem
  20017800    20017800    00000040   00000000    rw- .data
  20017840    20017840    00000017   00000000    rw- .bss
2002f800    2002f800    00000800   00000000    rw-
  2002f800    2002f800    00000800   00000000    rw- .stack


SECTION ALLOCATION MAP

 output                                  attributes/
section   page    origin      length       input sections
--------  ----  ----------  ----------   ----------------
.intvecs   0    20004000    00000400     
                  20004000    00000400     startup_ccs.obj (.intvecs)

.init_array 
*          0    20004000    00000000     UNINITIALIZED

.text      0    20004400    000037de     
                  20004400    00000a4a     rtsv7M4_T_le_eabi.lib : _printfi.c.obj (.text:__TI_printfi)
                  20004e4a    00000002     driverlib.a : interrupt.obj (.text:IntDefaultHandler)
                  20004e4c    00000398     gpio_if.obj (.text)
                  200051e4    000002a0     main.obj (.text)
                  20005484    00000280     uart_if.obj (.text)
                  20005704    00000268     rtsv7M4_T_le_eabi.lib : _printfi.c.obj (.text:_pconv_a)
                  2000596c    000001cc                           : _printfi.c.obj (.text:_pconv_g)
                  20005b38    000001b6                           : fd_add_t2.asm.obj (.text)
                  20005cee    00000002                           : _lock.c.obj (.text:_nop)
                  20005cf0    00000198     timer_if.obj (.text)
                  20005e88    00000178     driverlib.a : prcm.obj (.text:PRCMCC3200MCUInit)
                  20006000    0000013c     rtsv7M4_T_le_eabi.lib : _printfi.c.obj (.text:_pconv_e)
                  2000613c    0000013c     pin_mux_config.obj (.text)
                  20006278    00000136     rtsv7M4_T_le_eabi.lib : fd_div_t2.asm.obj (.text)
                  200063ae    00000002                           : div0.asm.obj (.text)
                  200063b0    00000120                           : _printfi.c.obj (.text:fcvt)
                  200064d0    00000114                           : memory.c.obj (.text:realloc)
                  200065e4    000000fc                           : fd_mul_t2.asm.obj (.text)
                  200066e0    000000d8                           : memory.c.obj (.text:free)
                  200067b8    000000d0                           : s_scalbn.c.obj (.text:scalbn)
                  20006888    000000b1                           : _printfi.c.obj (.text:_ltostr)
                  20006939    00000003     --HOLE-- [fill = 0]
                  2000693c    000000a8     driverlib.a : interrupt.obj (.text:IntDisable)
                  200069e4    000000a8                 : interrupt.obj (.text:IntEnable)
                  20006a8c    0000009c     rtsv7M4_T_le_eabi.lib : memcpy_t2.asm.obj (.text)
                  20006b28    00000096                           : ull_div_t2.asm.obj (.text)
                  20006bbe    00000002     --HOLE-- [fill = 0]
                  20006bc0    00000094     driverlib.a : prcm.obj (.text:PRCMPeripheralClockGet)
                  20006c54    00000088                 : pin.obj (.text:PinConfigSet)
                  20006cdc    00000086     rtsv7M4_T_le_eabi.lib : fd_cmp_t2.asm.obj (.text:__aeabi_cdcmple)
                  20006d62    00000086                           : fd_cmp_t2.asm.obj (.text:__aeabi_cdrcmple)
                  20006de8    00000082     driverlib.a : gpio.obj (.text:GPIOIntTypeSet)
                  20006e6a    0000007a     rtsv7M4_T_le_eabi.lib : memset_t2.asm.obj (.text)
                  20006ee4    00000078                           : memory.c.obj (.text:malloc)
                  20006f5c    00000076     driverlib.a : uart.obj (.text:UARTConfigSetExpClk)
                  20006fd2    00000002     --HOLE-- [fill = 0]
                  20006fd4    00000070                 : timer.obj (.text:TimerIntRegister)
                  20007044    0000006e     rtsv7M4_T_le_eabi.lib : _printfi.c.obj (.text:_mcpy)
                  200070b2    00000002     --HOLE-- [fill = 0]
                  200070b4    00000068     driverlib.a : timer.obj (.text:TimerIntUnregister)
                  2000711c    00000068     rtsv7M4_T_le_eabi.lib : copy_decompress_lzss.c.obj (.text:decompress:lzss:__TI_decompress_lzss)
                  20007184    0000005c                           : s_frexp.c.obj (.text:frexp)
                  200071e0    00000058     driverlib.a : prcm.obj (.text:PRCMPeripheralReset)
                  20007238    00000056     rtsv7M4_T_le_eabi.lib : _printfi.c.obj (.text:_pconv_f)
                  2000728e    00000002     --HOLE-- [fill = 0]
                  20007290    00000054     driverlib.a : interrupt.obj (.text:IntPrioritySet)
                  200072e4    00000054     rtsv7M4_T_le_eabi.lib : ltoa.c.obj (.text:ltoa)
                  20007338    00000052                           : _printfi.c.obj (.text:_ecpy)
                  2000738a    00000002     --HOLE-- [fill = 0]
                  2000738c    0000004c                           : atoi.c.obj (.text:atoi)
                  200073d8    00000048     driverlib.a : gpio.obj (.text:GPIOGetIntNumber)
                  20007420    00000048     rtsv7M4_T_le_eabi.lib : fd_toi_t2.asm.obj (.text)
                  20007468    00000044     driverlib.a : timer.obj (.text:TimerConfigure)
                  200074ac    00000044     rtsv7M4_T_le_eabi.lib : autoinit.c.obj (.text:__TI_auto_init_nobinit_nopinit:__TI_auto_init_nobinit_nopinit)
                  200074f0    00000040     driverlib.a : pin.obj (.text:PinModeSet)
                  20007530    00000040     rtsv7M4_T_le_eabi.lib : vsnprintf.c.obj (.text:vsnprintf)
                  20007570    0000003e                           : _printfi.c.obj (.text:_fcpy)
                  200075ae    00000002     --HOLE-- [fill = 0]
                  200075b0    0000003c     driverlib.a : prcm.obj (.text:PRCMPeripheralClkEnable)
                  200075ec    0000003c     rtsv7M4_T_le_eabi.lib : memory.c.obj (.text:minsert)
                  20007628    00000038                           : memory.c.obj (.text:minit)
                  20007660    00000036     driverlib.a : gpio.obj (.text:GPIODirModeSet)
                  20007696    00000030                 : pin.obj (.text:PinTypeGPIO)
                  200076c6    00000002     --HOLE-- [fill = 0]
                  200076c8    00000030                 : uart.obj (.text:UARTDisable)
                  200076f8    00000030     rtsv7M4_T_le_eabi.lib : vsnprintf.c.obj (.text:_outs)
                  20007728    0000002e                           : i_tofd_t2.asm.obj (.text)
                  20007756    00000002     --HOLE-- [fill = 0]
                  20007758    0000002c     driverlib.a : prcm.obj (.text:PRCMSysResetCauseGet)
                  20007784    0000002a                 : timer.obj (.text:TimerLoadSet)
                  200077ae    0000002a                 : timer.obj (.text:TimerPrescaleSet)
                  200077d8    00000028                 : prcm.obj (.text:PRCMPeripheralClkDisable)
                  20007800    00000028     rtsv7M4_T_le_eabi.lib : boot_cortex_m.c.obj (.text:_c_int00_noargs:_c_int00_noargs)
                  20007828    00000028                           : memory.c.obj (.text:mremove)
                  20007850    00000024     driverlib.a : interrupt.obj (.text:IntUnregister)
                  20007874    00000024                 : uart.obj (.text:UARTEnable)
                  20007898    00000024     rtsv7M4_T_le_eabi.lib : memmov.c.obj (.text:memmove)
                  200078bc    00000022     driverlib.a : gpio.obj (.text:GPIOIntStatus)
                  200078de    00000020                 : gpio.obj (.text:GPIOPinWrite)
                  200078fe    00000002     --HOLE-- [fill = 0]
                  20007900    00000020                 : interrupt.obj (.text:IntRegister)
                  20007920    0000001e                 : gpio.obj (.text:GPIOIntRegister)
                  2000793e    0000001e                 : timer.obj (.text:TimerDisable)
                  2000795c    0000001e                 : timer.obj (.text:TimerEnable)
                  2000797a    0000001e                 : timer.obj (.text:TimerIntStatus)
                  20007998    0000001e                 : uart.obj (.text:UARTCharPut)
                  200079b6    0000001c                 : timer.obj (.text:TimerValueGet)
                  200079d2    0000001c                 : uart.obj (.text:UARTCharGetNonBlocking)
                  200079ee    0000001c     rtsv7M4_T_le_eabi.lib : memccpy.c.obj (.text:memccpy)
                  20007a0a    0000001a     driverlib.a : gpio.obj (.text:GPIOIntEnable)
                  20007a24    0000001a                 : pin.obj (.text:PinTypeSPI)
                  20007a3e    0000001a                 : pin.obj (.text:PinTypeUART)
                  20007a58    00000018                 : gpio.obj (.text:GPIOPinRead)
                  20007a70    00000018                 : timer.obj (.text:TimerIntDisable)
                  20007a88    00000018                 : timer.obj (.text:TimerIntEnable)
                  20007aa0    00000018                 : uart.obj (.text:UARTCharsAvail)
                  20007ab8    00000018     rtsv7M4_T_le_eabi.lib : vsnprintf.c.obj (.text:_outc)
                  20007ad0    00000016     driverlib.a : prcm.obj (.text:PRCMHIBRegRead)
                  20007ae6    00000016                 : prcm.obj (.text:PRCMHIBRegWrite)
                  20007afc    00000016     rtsv7M4_T_le_eabi.lib : strchr.c.obj (.text:strchr)
                  20007b12    00000014     driverlib.a : cpu.obj (.text:CPUcpsie)
                  20007b26    00000014                 : gpio.obj (.text:GPIOIntClear)
                  20007b3a    00000002     --HOLE-- [fill = 0]
                  20007b3c    00000014                 : interrupt.obj (.text:IntVTableBaseSet)
                  20007b50    00000014     rtsv7M4_T_le_eabi.lib : strlen.c.obj (.text:strlen)
                  20007b64    00000012     driverlib.a : timer.obj (.text:TimerIntClear)
                  20007b76    00000012     rtsv7M4_T_le_eabi.lib : copy_zero_init.c.obj (.text:decompress:ZI:__TI_zero_init_nomemset:__TI_zero_init_nomemset)
                  20007b88    00000012                           : wcslen.c.obj (.text:wcslen)
                  20007b9a    0000000e                           : copy_decompress_none.c.obj (.text:decompress:none:__TI_decompress_none)
                  20007ba8    0000000e     startup_ccs.obj (.text)
                  20007bb6    0000000a     driverlib.a : interrupt.obj (.text:IntMasterEnable)
                  20007bc0    00000008     rtsv7M4_T_le_eabi.lib : errno.c.obj (.text:__aeabi_errno_addr)
                  20007bc8    00000008                           : s_copysign.c.obj (.text:copysign)
                  20007bd0    00000006     driverlib.a : utils.obj (.text:UtilsDelay)
                  20007bd6    00000004     rtsv7M4_T_le_eabi.lib : pre_init.c.obj (.text:_system_pre_init)
                  20007bda    00000004                           : exit.c.obj (.text:abort:abort)

.const     0    20007be0    00000400     
                  20007be0    00000101     rtsv7M4_T_le_eabi.lib : ctype.c.obj (.const:.string:_ctypes_)
                  20007ce1    00000003     --HOLE-- [fill = 0]
                  20007ce4    00000100     driverlib.a : pin.obj (.const:g_ulPinToPadMap)
                  20007de4    000000d4                 : interrupt.obj (.const:g_pulRegs)
                  20007eb8    000000a8                 : prcm.obj (.const:PRCM_PeriphRegsList)
                  20007f60    00000080                 : interrupt.obj (.const)

.cinit     0    20007fe0    00000050     
                  20007fe0    0000002b     (.cinit..data.load) [load image, compression = lzss]
                  2000800b    00000001     --HOLE-- [fill = 0]
                  2000800c    0000000c     (__TI_handler_table)
                  20008018    00000008     (.cinit..bss.load) [load image, compression = zero_init]
                  20008020    00000010     (__TI_cinit_table)

.sysmem    0    20017000    00000800     UNINITIALIZED
                  20017000    00000008     rtsv7M4_T_le_eabi.lib : memory.c.obj (.sysmem)
                  20017008    000007f8     --HOLE--

.data      0    20017800    00000040     UNINITIALIZED
                  20017800    00000014     gpio_if.obj (.data:ulReg)
                  20017814    0000000c     rtsv7M4_T_le_eabi.lib : memory.c.obj (.data:$O1$$)
                  20017820    0000000c     gpio_if.obj (.data)
                  2001782c    00000008     rtsv7M4_T_le_eabi.lib : _lock.c.obj (.data:$O1$$)
                  20017834    00000006     main.obj (.data)
                  2001783a    00000002     --HOLE--
                  2001783c    00000004     rtsv7M4_T_le_eabi.lib : errno.c.obj (.data)

.bss       0    20017840    00000017     UNINITIALIZED
                  20017840    00000004     main.obj (.bss)
                  20017844    00000004     uart_if.obj (.bss)
                  20017848    00000004     (.common:g_IR_0)
                  2001784c    00000004     (.common:g_IR_1)
                  20017850    00000004     (.common:g_ulTimerInts)
                  20017854    00000001     (.common:g_ucLED1Pin)
                  20017855    00000001     (.common:g_ucLED2Pin)
                  20017856    00000001     (.common:g_ucLED3Pin)

.stack     0    2002f800    00000800     UNINITIALIZED
                  2002f800    00000004     rtsv7M4_T_le_eabi.lib : boot_cortex_m.c.obj (.stack)
                  2002f804    000007fc     --HOLE--

MODULE SUMMARY

       Module                       code    ro data   rw data
       ------                       ----    -------   -------
    .\
       startup_ccs.obj              14      1024      0      
       gpio_if.obj                  920     0         35     
       main.obj                     672     0         22     
       uart_if.obj                  640     0         4      
       timer_if.obj                 408     0         0      
       pin_mux_config.obj           316     0         0      
    +--+----------------------------+-------+---------+---------+
       Total:                       2970    1024      61     
                                                             
    D:/ti/CC3200SDK/CC3200SDK_1.3.0/cc3200-sdk/driverlib/ccs/Release/driverlib.a
       prcm.obj                     800     168       0      
       interrupt.obj                520     340       0      
       pin.obj                      300     256       0      
       timer.obj                    552     0         0      
       gpio.obj                     422     0         0      
       uart.obj                     284     0         0      
       cpu.obj                      20      0         0      
       utils.obj                    6       0         0      
    +--+----------------------------+-------+---------+---------+
       Total:                       2904    764       0      
                                                             
    D:\ti\ccs800\ccsv8\tools\compiler\ti-cgt-arm_18.1.1.LTS\lib\rtsv7M4_T_le_eabi.lib
       _printfi.c.obj               4831    0         0      
       memory.c.obj                 768     0         12     
       fd_add_t2.asm.obj            438     0         0      
       fd_div_t2.asm.obj            310     0         0      
       fd_cmp_t2.asm.obj            268     0         0      
       ctype.c.obj                  0       257       0      
       fd_mul_t2.asm.obj            252     0         0      
       s_scalbn.c.obj               208     0         0      
       memcpy_t2.asm.obj            156     0         0      
       ull_div_t2.asm.obj           150     0         0      
       vsnprintf.c.obj              136     0         0      
       memset_t2.asm.obj            122     0         0      
       copy_decompress_lzss.c.obj   104     0         0      
       s_frexp.c.obj                92      0         0      
       ltoa.c.obj                   84      0         0      
       atoi.c.obj                   76      0         0      
       fd_toi_t2.asm.obj            72      0         0      
       autoinit.c.obj               68      0         0      
       i_tofd_t2.asm.obj            46      0         0      
       boot_cortex_m.c.obj          40      0         0      
       memmov.c.obj                 36      0         0      
       memccpy.c.obj                28      0         0      
       strchr.c.obj                 22      0         0      
       strlen.c.obj                 20      0         0      
       copy_zero_init.c.obj         18      0         0      
       wcslen.c.obj                 18      0         0      
       copy_decompress_none.c.obj   14      0         0      
       errno.c.obj                  8       0         4      
       _lock.c.obj                  2       0         8      
       s_copysign.c.obj             8       0         0      
       exit.c.obj                   4       0         0      
       pre_init.c.obj               4       0         0      
       div0.asm.obj                 2       0         0      
    +--+----------------------------+-------+---------+---------+
       Total:                       8405    257       24     
                                                             
       Heap:                        0       0         2048   
       Stack:                       0       0         2048   
       Linker Generated:            0       79        0      
    +--+----------------------------+-------+---------+---------+
       Grand Total:                 14279   2124      4181   


LINKER GENERATED COPY TABLES

__TI_cinit_table @ 20008020 records: 2, size/record: 8, table size: 16
	.data: load addr=20007fe0, load size=0000002b bytes, run addr=20017800, run size=00000040 bytes, compression=lzss
	.bss: load addr=20008018, load size=00000008 bytes, run addr=20017840, run size=00000017 bytes, compression=zero_init


LINKER GENERATED HANDLER TABLE

__TI_handler_table @ 2000800c records: 3, size/record: 4, table size: 12
	index: 0, handler: __TI_decompress_lzss
	index: 1, handler: __TI_decompress_none
	index: 2, handler: __TI_zero_init


GLOBAL SYMBOLS: SORTED ALPHABETICALLY BY Name 

address   name                          
-------   ----                          
20007bdb  C$$EXIT                       
20007b13  CPUcpsie                      
200054c5  ClearTerm                     
200054cf  Error                         
20007661  GPIODirModeSet                
20007b27  GPIOIntClear                  
20007a0b  GPIOIntEnable                 
20007921  GPIOIntRegister               
200078bd  GPIOIntStatus                 
20006de9  GPIOIntTypeSet                
20007a59  GPIOPinRead                   
200078df  GPIOPinWrite                  
2000510d  GPIO_IF_ConfigureNIntEnable   
20005199  GPIO_IF_Get                   
200050c7  GPIO_IF_GetPortNPin           
20004e89  GPIO_IF_LedConfigure          
20004f7b  GPIO_IF_LedOff                
20004ec7  GPIO_IF_LedOn                 
2000502f  GPIO_IF_LedStatus             
20005099  GPIO_IF_LedToggle             
20005155  GPIO_IF_Set                   
20005507  GetCmd                        
20005485  InitTerm                      
2000693d  IntDisable                    
200069e5  IntEnable                     
20007bb7  IntMasterEnable               
20007291  IntPrioritySet                
20007901  IntRegister                   
20007851  IntUnregister                 
20007b3d  IntVTableBaseSet              
200054a3  Message                       
20005e89  PRCMCC3200MCUInit             
20007ad1  PRCMHIBRegRead                
20007ae7  PRCMHIBRegWrite               
200077d9  PRCMPeripheralClkDisable      
200075b1  PRCMPeripheralClkEnable       
20006bc1  PRCMPeripheralClockGet        
200071e1  PRCMPeripheralReset           
20007759  PRCMSysResetCauseGet          
20006c55  PinConfigSet                  
200074f1  PinModeSet                    
2000613d  PinMuxConfig                  
20007697  PinTypeGPIO                   
20007a25  PinTypeSPI                    
20007a3f  PinTypeUART                   
20005645  Report                        
20007ba9  ResetISR                      
20007469  TimerConfigure                
2000793f  TimerDisable                  
2000795d  TimerEnable                   
20007b65  TimerIntClear                 
20007a71  TimerIntDisable               
20007a89  TimerIntEnable                
20005295  TimerIntHandler               
20006fd5  TimerIntRegister              
2000797b  TimerIntStatus                
200070b5  TimerIntUnregister            
20007785  TimerLoadSet                  
200077af  TimerPrescaleSet              
200079b7  TimerValueGet                 
20005e37  Timer_IF_DeInit               
20005e69  Timer_IF_GetCount             
20005d71  Timer_IF_Init                 
20005da3  Timer_IF_IntSetup             
20005def  Timer_IF_InterruptClear       
20005e51  Timer_IF_ReLoad               
20005e07  Timer_IF_Start                
20005e27  Timer_IF_Stop                 
200055ad  TrimSpace                     
200079d3  UARTCharGetNonBlocking        
20007999  UARTCharPut                   
20007aa1  UARTCharsAvail                
20006f5d  UARTConfigSetExpClk           
200076c9  UARTDisable                   
20007875  UARTEnable                    
20007bd1  UtilsDelay                    
20030000  __STACK_END                   
00000800  __STACK_SIZE                  
00000800  __SYSMEM_SIZE                 
20008020  __TI_CINIT_Base               
20008030  __TI_CINIT_Limit              
2000800c  __TI_Handler_Table_Base       
20008018  __TI_Handler_Table_Limit      
200074ad  __TI_auto_init_nobinit_nopinit
2000711d  __TI_decompress_lzss          
20007b9b  __TI_decompress_none          
ffffffff  __TI_pprof_out_hndl           
20004401  __TI_printfi                  
ffffffff  __TI_prof_data_size           
ffffffff  __TI_prof_data_start          
20007fe0  __TI_static_base__            
20007b77  __TI_zero_init_nomemset       
20006cdd  __aeabi_cdcmpeq               
20006cdd  __aeabi_cdcmple               
20006d63  __aeabi_cdrcmple              
20007421  __aeabi_d2iz                  
20005b43  __aeabi_dadd                  
20006279  __aeabi_ddiv                  
200065e5  __aeabi_dmul                  
20005b39  __aeabi_dsub                  
20007bc1  __aeabi_errno_addr            
20007729  __aeabi_i2d                   
200063af  __aeabi_idiv0                 
200063af  __aeabi_ldiv0                 
20006e6b  __aeabi_memclr                
20006e6b  __aeabi_memclr4               
20006e6b  __aeabi_memclr8               
20006a8d  __aeabi_memcpy                
20006a8d  __aeabi_memcpy4               
20006a8d  __aeabi_memcpy8               
20006e6d  __aeabi_memset                
20006e6d  __aeabi_memset4               
20006e6d  __aeabi_memset8               
20006b29  __aeabi_uldivmod              
ffffffff  __binit__                     
ffffffff  __c_args__                    
UNDEFED   __mpu_init                    
2002f800  __stack                       
20007801  _c_int00_noargs               
20007be0  _ctypes_                      
2001782c  _lock                         
20005cef  _nop                          
20017000  _sys_memory                   
UNDEFED   _system_post_cinit            
20007bd7  _system_pre_init              
20017830  _unlock                       
20007bdb  abort                         
2000738d  atoi                          
ffffffff  binit                         
20007bc9  copysign                      
20007bc9  copysignl                     
2001783c  errno                         
200066e1  free                          
20007185  frexp                         
20007185  frexpl                        
20017834  g_IRReceive                   
20017848  g_IR_0                        
2001784c  g_IR_1                        
20004000  g_pfnVectors                  
20017854  g_ucLED1Pin                   
20017855  g_ucLED2Pin                   
20017856  g_ucLED3Pin                   
20017820  g_uiLED1Port                  
20017824  g_uiLED2Port                  
20017828  g_uiLED3Port                  
20017850  g_ulTimerInts                 
20017839  isFullyReceived               
20017838  isLeaderCodeReceived          
200067b9  ldexp                         
200067b9  ldexpl                        
200072e5  ltoa                          
200052c1  main                          
20006ee5  malloc                        
200079ef  memccpy                       
20006a8d  memcpy                        
20007899  memmove                       
20006e73  memset                        
20007629  minit                         
200064d1  realloc                       
200067b9  scalbn                        
200067b9  scalbnl                       
20007afd  strchr                        
20007b51  strlen                        
20007531  vsnprintf                     
20007b89  wcslen                        


GLOBAL SYMBOLS: SORTED BY Symbol Address 

address   name                          
-------   ----                          
00000800  __STACK_SIZE                  
00000800  __SYSMEM_SIZE                 
20004000  g_pfnVectors                  
20004401  __TI_printfi                  
20004e89  GPIO_IF_LedConfigure          
20004ec7  GPIO_IF_LedOn                 
20004f7b  GPIO_IF_LedOff                
2000502f  GPIO_IF_LedStatus             
20005099  GPIO_IF_LedToggle             
200050c7  GPIO_IF_GetPortNPin           
2000510d  GPIO_IF_ConfigureNIntEnable   
20005155  GPIO_IF_Set                   
20005199  GPIO_IF_Get                   
20005295  TimerIntHandler               
200052c1  main                          
20005485  InitTerm                      
200054a3  Message                       
200054c5  ClearTerm                     
200054cf  Error                         
20005507  GetCmd                        
200055ad  TrimSpace                     
20005645  Report                        
20005b39  __aeabi_dsub                  
20005b43  __aeabi_dadd                  
20005cef  _nop                          
20005d71  Timer_IF_Init                 
20005da3  Timer_IF_IntSetup             
20005def  Timer_IF_InterruptClear       
20005e07  Timer_IF_Start                
20005e27  Timer_IF_Stop                 
20005e37  Timer_IF_DeInit               
20005e51  Timer_IF_ReLoad               
20005e69  Timer_IF_GetCount             
20005e89  PRCMCC3200MCUInit             
2000613d  PinMuxConfig                  
20006279  __aeabi_ddiv                  
200063af  __aeabi_idiv0                 
200063af  __aeabi_ldiv0                 
200064d1  realloc                       
200065e5  __aeabi_dmul                  
200066e1  free                          
200067b9  ldexp                         
200067b9  ldexpl                        
200067b9  scalbn                        
200067b9  scalbnl                       
2000693d  IntDisable                    
200069e5  IntEnable                     
20006a8d  __aeabi_memcpy                
20006a8d  __aeabi_memcpy4               
20006a8d  __aeabi_memcpy8               
20006a8d  memcpy                        
20006b29  __aeabi_uldivmod              
20006bc1  PRCMPeripheralClockGet        
20006c55  PinConfigSet                  
20006cdd  __aeabi_cdcmpeq               
20006cdd  __aeabi_cdcmple               
20006d63  __aeabi_cdrcmple              
20006de9  GPIOIntTypeSet                
20006e6b  __aeabi_memclr                
20006e6b  __aeabi_memclr4               
20006e6b  __aeabi_memclr8               
20006e6d  __aeabi_memset                
20006e6d  __aeabi_memset4               
20006e6d  __aeabi_memset8               
20006e73  memset                        
20006ee5  malloc                        
20006f5d  UARTConfigSetExpClk           
20006fd5  TimerIntRegister              
200070b5  TimerIntUnregister            
2000711d  __TI_decompress_lzss          
20007185  frexp                         
20007185  frexpl                        
200071e1  PRCMPeripheralReset           
20007291  IntPrioritySet                
200072e5  ltoa                          
2000738d  atoi                          
20007421  __aeabi_d2iz                  
20007469  TimerConfigure                
200074ad  __TI_auto_init_nobinit_nopinit
200074f1  PinModeSet                    
20007531  vsnprintf                     
200075b1  PRCMPeripheralClkEnable       
20007629  minit                         
20007661  GPIODirModeSet                
20007697  PinTypeGPIO                   
200076c9  UARTDisable                   
20007729  __aeabi_i2d                   
20007759  PRCMSysResetCauseGet          
20007785  TimerLoadSet                  
200077af  TimerPrescaleSet              
200077d9  PRCMPeripheralClkDisable      
20007801  _c_int00_noargs               
20007851  IntUnregister                 
20007875  UARTEnable                    
20007899  memmove                       
200078bd  GPIOIntStatus                 
200078df  GPIOPinWrite                  
20007901  IntRegister                   
20007921  GPIOIntRegister               
2000793f  TimerDisable                  
2000795d  TimerEnable                   
2000797b  TimerIntStatus                
20007999  UARTCharPut                   
200079b7  TimerValueGet                 
200079d3  UARTCharGetNonBlocking        
200079ef  memccpy                       
20007a0b  GPIOIntEnable                 
20007a25  PinTypeSPI                    
20007a3f  PinTypeUART                   
20007a59  GPIOPinRead                   
20007a71  TimerIntDisable               
20007a89  TimerIntEnable                
20007aa1  UARTCharsAvail                
20007ad1  PRCMHIBRegRead                
20007ae7  PRCMHIBRegWrite               
20007afd  strchr                        
20007b13  CPUcpsie                      
20007b27  GPIOIntClear                  
20007b3d  IntVTableBaseSet              
20007b51  strlen                        
20007b65  TimerIntClear                 
20007b77  __TI_zero_init_nomemset       
20007b89  wcslen                        
20007b9b  __TI_decompress_none          
20007ba9  ResetISR                      
20007bb7  IntMasterEnable               
20007bc1  __aeabi_errno_addr            
20007bc9  copysign                      
20007bc9  copysignl                     
20007bd1  UtilsDelay                    
20007bd7  _system_pre_init              
20007bdb  C$$EXIT                       
20007bdb  abort                         
20007be0  _ctypes_                      
20007fe0  __TI_static_base__            
2000800c  __TI_Handler_Table_Base       
20008018  __TI_Handler_Table_Limit      
20008020  __TI_CINIT_Base               
20008030  __TI_CINIT_Limit              
20017000  _sys_memory                   
20017820  g_uiLED1Port                  
20017824  g_uiLED2Port                  
20017828  g_uiLED3Port                  
2001782c  _lock                         
20017830  _unlock                       
20017834  g_IRReceive                   
20017838  isLeaderCodeReceived          
20017839  isFullyReceived               
2001783c  errno                         
20017848  g_IR_0                        
2001784c  g_IR_1                        
20017850  g_ulTimerInts                 
20017854  g_ucLED1Pin                   
20017855  g_ucLED2Pin                   
20017856  g_ucLED3Pin                   
2002f800  __stack                       
20030000  __STACK_END                   
ffffffff  __TI_pprof_out_hndl           
ffffffff  __TI_prof_data_size           
ffffffff  __TI_prof_data_start          
ffffffff  __binit__                     
ffffffff  __c_args__                    
ffffffff  binit                         
UNDEFED   __mpu_init                    
UNDEFED   _system_post_cinit            

[165 symbols]
