<?xml version="1.0" encoding="ISO-8859-1" ?>
<link_info>
   <banner>TI ARM Linker PC v18.12.1.LTS</banner>
   <copyright>Copyright (c) 1996-2018 Texas Instruments Incorporated</copyright>
   <link_time>0x5ca521fe</link_time>
   <link_errors>0x0</link_errors>
   <output_file>Sensor_Test.out</output_file>
   <entry_point>
      <name>_c_int00_noargs</name>
      <address>0x200091d1</address>
   </entry_point>
   <input_file_list>
      <input_file id="fl-2">
         <path>.\</path>
         <kind>object</kind>
         <file>SparkFun_VL53L1X.obj</file>
         <name>SparkFun_VL53L1X.obj</name>
      </input_file>
      <input_file id="fl-3">
         <path>.\</path>
         <kind>object</kind>
         <file>i2c_if.obj</file>
         <name>i2c_if.obj</name>
      </input_file>
      <input_file id="fl-4">
         <path>.\</path>
         <kind>object</kind>
         <file>main.obj</file>
         <name>main.obj</name>
      </input_file>
      <input_file id="fl-5">
         <path>.\</path>
         <kind>object</kind>
         <file>pin_mux_config.obj</file>
         <name>pin_mux_config.obj</name>
      </input_file>
      <input_file id="fl-6">
         <path>.\</path>
         <kind>object</kind>
         <file>startup_ccs.obj</file>
         <name>startup_ccs.obj</name>
      </input_file>
      <input_file id="fl-7">
         <path>.\</path>
         <kind>object</kind>
         <file>uart_if.obj</file>
         <name>uart_if.obj</name>
      </input_file>
      <input_file id="fl-8">
         <path>.\</path>
         <kind>object</kind>
         <file>vl53l1x_class.obj</file>
         <name>vl53l1x_class.obj</name>
      </input_file>
      <input_file id="fl-d">
         <kind>object</kind>
         <file>&lt;internal&gt;</file>
         <name>&lt;internal&gt;</name>
      </input_file>
      <input_file id="fl-c3">
         <path>D:\ti\ccs800\ccsv8\tools\compiler\ti-cgt-arm_18.12.1.LTS\lib\</path>
         <kind>archive</kind>
         <file>rtsv7M4_T_le_eabi.lib</file>
         <name>pure_virt.c.obj</name>
      </input_file>
      <input_file id="fl-c4">
         <path>D:\ti\ccs800\ccsv8\tools\compiler\ti-cgt-arm_18.12.1.LTS\lib\</path>
         <kind>archive</kind>
         <file>rtsv7M4_T_le_eabi.lib</file>
         <name>typeinfo.c.obj</name>
      </input_file>
      <input_file id="fl-c5">
         <path>D:\ti\ccs800\ccsv8\tools\compiler\ti-cgt-arm_18.12.1.LTS\lib\</path>
         <kind>archive</kind>
         <file>rtsv7M4_T_le_eabi.lib</file>
         <name>new.cpp.obj</name>
      </input_file>
      <input_file id="fl-c6">
         <path>D:\ti\ccs800\ccsv8\tools\compiler\ti-cgt-arm_18.12.1.LTS\lib\</path>
         <kind>archive</kind>
         <file>rtsv7M4_T_le_eabi.lib</file>
         <name>vsnprintf.c.obj</name>
      </input_file>
      <input_file id="fl-c7">
         <path>D:\ti\ccs800\ccsv8\tools\compiler\ti-cgt-arm_18.12.1.LTS\lib\</path>
         <kind>archive</kind>
         <file>rtsv7M4_T_le_eabi.lib</file>
         <name>stdlib_typeinfo.cpp.obj</name>
      </input_file>
      <input_file id="fl-c8">
         <path>D:\ti\ccs800\ccsv8\tools\compiler\ti-cgt-arm_18.12.1.LTS\lib\</path>
         <kind>archive</kind>
         <file>rtsv7M4_T_le_eabi.lib</file>
         <name>fd_div_t2.asm.obj</name>
      </input_file>
      <input_file id="fl-c9">
         <path>D:\ti\ccs800\ccsv8\tools\compiler\ti-cgt-arm_18.12.1.LTS\lib\</path>
         <kind>archive</kind>
         <file>rtsv7M4_T_le_eabi.lib</file>
         <name>fd_mul_t2.asm.obj</name>
      </input_file>
      <input_file id="fl-ca">
         <path>D:\ti\ccs800\ccsv8\tools\compiler\ti-cgt-arm_18.12.1.LTS\lib\</path>
         <kind>archive</kind>
         <file>rtsv7M4_T_le_eabi.lib</file>
         <name>fd_toi_t2.asm.obj</name>
      </input_file>
      <input_file id="fl-cb">
         <path>D:\ti\ccs800\ccsv8\tools\compiler\ti-cgt-arm_18.12.1.LTS\lib\</path>
         <kind>archive</kind>
         <file>rtsv7M4_T_le_eabi.lib</file>
         <name>fd_tos_t2.asm.obj</name>
      </input_file>
      <input_file id="fl-cc">
         <path>D:\ti\ccs800\ccsv8\tools\compiler\ti-cgt-arm_18.12.1.LTS\lib\</path>
         <kind>archive</kind>
         <file>rtsv7M4_T_le_eabi.lib</file>
         <name>fd_tou_t2.asm.obj</name>
      </input_file>
      <input_file id="fl-cd">
         <path>D:\ti\ccs800\ccsv8\tools\compiler\ti-cgt-arm_18.12.1.LTS\lib\</path>
         <kind>archive</kind>
         <file>rtsv7M4_T_le_eabi.lib</file>
         <name>fs_add_t2.asm.obj</name>
      </input_file>
      <input_file id="fl-ce">
         <path>D:\ti\ccs800\ccsv8\tools\compiler\ti-cgt-arm_18.12.1.LTS\lib\</path>
         <kind>archive</kind>
         <file>rtsv7M4_T_le_eabi.lib</file>
         <name>fs_div_t2.asm.obj</name>
      </input_file>
      <input_file id="fl-cf">
         <path>D:\ti\ccs800\ccsv8\tools\compiler\ti-cgt-arm_18.12.1.LTS\lib\</path>
         <kind>archive</kind>
         <file>rtsv7M4_T_le_eabi.lib</file>
         <name>fs_mul_t2.asm.obj</name>
      </input_file>
      <input_file id="fl-d0">
         <path>D:\ti\ccs800\ccsv8\tools\compiler\ti-cgt-arm_18.12.1.LTS\lib\</path>
         <kind>archive</kind>
         <file>rtsv7M4_T_le_eabi.lib</file>
         <name>fs_tod_t2.asm.obj</name>
      </input_file>
      <input_file id="fl-d1">
         <path>D:\ti\ccs800\ccsv8\tools\compiler\ti-cgt-arm_18.12.1.LTS\lib\</path>
         <kind>archive</kind>
         <file>rtsv7M4_T_le_eabi.lib</file>
         <name>fs_toi_t2.asm.obj</name>
      </input_file>
      <input_file id="fl-d2">
         <path>D:\ti\ccs800\ccsv8\tools\compiler\ti-cgt-arm_18.12.1.LTS\lib\</path>
         <kind>archive</kind>
         <file>rtsv7M4_T_le_eabi.lib</file>
         <name>i_tofd_t2.asm.obj</name>
      </input_file>
      <input_file id="fl-d3">
         <path>D:\ti\ccs800\ccsv8\tools\compiler\ti-cgt-arm_18.12.1.LTS\lib\</path>
         <kind>archive</kind>
         <file>rtsv7M4_T_le_eabi.lib</file>
         <name>memcpy_t2.asm.obj</name>
      </input_file>
      <input_file id="fl-d4">
         <path>D:\ti\ccs800\ccsv8\tools\compiler\ti-cgt-arm_18.12.1.LTS\lib\</path>
         <kind>archive</kind>
         <file>rtsv7M4_T_le_eabi.lib</file>
         <name>u_tofd_t2.asm.obj</name>
      </input_file>
      <input_file id="fl-d5">
         <path>D:\ti\ccs800\ccsv8\tools\compiler\ti-cgt-arm_18.12.1.LTS\lib\</path>
         <kind>archive</kind>
         <file>rtsv7M4_T_le_eabi.lib</file>
         <name>u_tofs_t2.asm.obj</name>
      </input_file>
      <input_file id="fl-d6">
         <path>D:\ti\ccs800\ccsv8\tools\compiler\ti-cgt-arm_18.12.1.LTS\lib\</path>
         <kind>archive</kind>
         <file>rtsv7M4_T_le_eabi.lib</file>
         <name>memset_t2.asm.obj</name>
      </input_file>
      <input_file id="fl-d7">
         <path>D:\ti\ccs800\ccsv8\tools\compiler\ti-cgt-arm_18.12.1.LTS\lib\</path>
         <kind>archive</kind>
         <file>rtsv7M4_T_le_eabi.lib</file>
         <name>copy_zero_init.c.obj</name>
      </input_file>
      <input_file id="fl-d8">
         <path>D:\ti\ccs800\ccsv8\tools\compiler\ti-cgt-arm_18.12.1.LTS\lib\</path>
         <kind>archive</kind>
         <file>rtsv7M4_T_le_eabi.lib</file>
         <name>copy_decompress_none.c.obj</name>
      </input_file>
      <input_file id="fl-d9">
         <path>D:\ti\ccs800\ccsv8\tools\compiler\ti-cgt-arm_18.12.1.LTS\lib\</path>
         <kind>archive</kind>
         <file>rtsv7M4_T_le_eabi.lib</file>
         <name>copy_decompress_lzss.c.obj</name>
      </input_file>
      <input_file id="fl-da">
         <path>D:\ti\ccs800\ccsv8\tools\compiler\ti-cgt-arm_18.12.1.LTS\lib\</path>
         <kind>archive</kind>
         <file>rtsv7M4_T_le_eabi.lib</file>
         <name>exit.c.obj</name>
      </input_file>
      <input_file id="fl-db">
         <path>D:\ti\ccs800\ccsv8\tools\compiler\ti-cgt-arm_18.12.1.LTS\lib\</path>
         <kind>archive</kind>
         <file>rtsv7M4_T_le_eabi.lib</file>
         <name>_lock.c.obj</name>
      </input_file>
      <input_file id="fl-dc">
         <path>D:\ti\ccs800\ccsv8\tools\compiler\ti-cgt-arm_18.12.1.LTS\lib\</path>
         <kind>archive</kind>
         <file>rtsv7M4_T_le_eabi.lib</file>
         <name>memmov.c.obj</name>
      </input_file>
      <input_file id="fl-dd">
         <path>D:\ti\ccs800\ccsv8\tools\compiler\ti-cgt-arm_18.12.1.LTS\lib\</path>
         <kind>archive</kind>
         <file>rtsv7M4_T_le_eabi.lib</file>
         <name>memory.c.obj</name>
      </input_file>
      <input_file id="fl-de">
         <path>D:\ti\ccs800\ccsv8\tools\compiler\ti-cgt-arm_18.12.1.LTS\lib\</path>
         <kind>archive</kind>
         <file>rtsv7M4_T_le_eabi.lib</file>
         <name>strlen.c.obj</name>
      </input_file>
      <input_file id="fl-df">
         <path>D:\ti\ccs800\ccsv8\tools\compiler\ti-cgt-arm_18.12.1.LTS\lib\</path>
         <kind>archive</kind>
         <file>rtsv7M4_T_le_eabi.lib</file>
         <name>boot_cortex_m.c.obj</name>
      </input_file>
      <input_file id="fl-e0">
         <path>D:\ti\ccs800\ccsv8\tools\compiler\ti-cgt-arm_18.12.1.LTS\lib\</path>
         <kind>archive</kind>
         <file>rtsv7M4_T_le_eabi.lib</file>
         <name>error.c.obj</name>
      </input_file>
      <input_file id="fl-e1">
         <path>D:\ti\ccs800\ccsv8\tools\compiler\ti-cgt-arm_18.12.1.LTS\lib\</path>
         <kind>archive</kind>
         <file>rtsv7M4_T_le_eabi.lib</file>
         <name>_printfi.c.obj</name>
      </input_file>
      <input_file id="fl-e2">
         <path>D:\ti\ccs800\ccsv8\tools\compiler\ti-cgt-arm_18.12.1.LTS\lib\</path>
         <kind>archive</kind>
         <file>rtsv7M4_T_le_eabi.lib</file>
         <name>s_frexp.c.obj</name>
      </input_file>
      <input_file id="fl-e3">
         <path>D:\ti\ccs800\ccsv8\tools\compiler\ti-cgt-arm_18.12.1.LTS\lib\</path>
         <kind>archive</kind>
         <file>rtsv7M4_T_le_eabi.lib</file>
         <name>s_scalbn.c.obj</name>
      </input_file>
      <input_file id="fl-e4">
         <path>D:\ti\ccs800\ccsv8\tools\compiler\ti-cgt-arm_18.12.1.LTS\lib\</path>
         <kind>archive</kind>
         <file>rtsv7M4_T_le_eabi.lib</file>
         <name>s_copysign.c.obj</name>
      </input_file>
      <input_file id="fl-e5">
         <path>D:\ti\ccs800\ccsv8\tools\compiler\ti-cgt-arm_18.12.1.LTS\lib\</path>
         <kind>archive</kind>
         <file>rtsv7M4_T_le_eabi.lib</file>
         <name>stdlib_exception.cpp.obj</name>
      </input_file>
      <input_file id="fl-e6">
         <path>D:\ti\ccs800\ccsv8\tools\compiler\ti-cgt-arm_18.12.1.LTS\lib\</path>
         <kind>archive</kind>
         <file>rtsv7M4_T_le_eabi.lib</file>
         <name>ull_div_t2.asm.obj</name>
      </input_file>
      <input_file id="fl-e7">
         <path>D:\ti\ccs800\ccsv8\tools\compiler\ti-cgt-arm_18.12.1.LTS\lib\</path>
         <kind>archive</kind>
         <file>rtsv7M4_T_le_eabi.lib</file>
         <name>fd_add_t2.asm.obj</name>
      </input_file>
      <input_file id="fl-e8">
         <path>D:\ti\ccs800\ccsv8\tools\compiler\ti-cgt-arm_18.12.1.LTS\lib\</path>
         <kind>archive</kind>
         <file>rtsv7M4_T_le_eabi.lib</file>
         <name>fd_cmp_t2.asm.obj</name>
      </input_file>
      <input_file id="fl-e9">
         <path>D:\ti\ccs800\ccsv8\tools\compiler\ti-cgt-arm_18.12.1.LTS\lib\</path>
         <kind>archive</kind>
         <file>rtsv7M4_T_le_eabi.lib</file>
         <name>autoinit.c.obj</name>
      </input_file>
      <input_file id="fl-ea">
         <path>D:\ti\ccs800\ccsv8\tools\compiler\ti-cgt-arm_18.12.1.LTS\lib\</path>
         <kind>archive</kind>
         <file>rtsv7M4_T_le_eabi.lib</file>
         <name>pre_init.c.obj</name>
      </input_file>
      <input_file id="fl-eb">
         <path>D:\ti\ccs800\ccsv8\tools\compiler\ti-cgt-arm_18.12.1.LTS\lib\</path>
         <kind>archive</kind>
         <file>rtsv7M4_T_le_eabi.lib</file>
         <name>cpy_tbl.c.obj</name>
      </input_file>
      <input_file id="fl-ec">
         <path>D:\ti\ccs800\ccsv8\tools\compiler\ti-cgt-arm_18.12.1.LTS\lib\</path>
         <kind>archive</kind>
         <file>rtsv7M4_T_le_eabi.lib</file>
         <name>args_main.c.obj</name>
      </input_file>
      <input_file id="fl-ed">
         <path>D:\ti\ccs800\ccsv8\tools\compiler\ti-cgt-arm_18.12.1.LTS\lib\</path>
         <kind>archive</kind>
         <file>rtsv7M4_T_le_eabi.lib</file>
         <name>atoi.c.obj</name>
      </input_file>
      <input_file id="fl-ee">
         <path>D:\ti\ccs800\ccsv8\tools\compiler\ti-cgt-arm_18.12.1.LTS\lib\</path>
         <kind>archive</kind>
         <file>rtsv7M4_T_le_eabi.lib</file>
         <name>ctype.c.obj</name>
      </input_file>
      <input_file id="fl-ef">
         <path>D:\ti\ccs800\ccsv8\tools\compiler\ti-cgt-arm_18.12.1.LTS\lib\</path>
         <kind>archive</kind>
         <file>rtsv7M4_T_le_eabi.lib</file>
         <name>ltoa.c.obj</name>
      </input_file>
      <input_file id="fl-f0">
         <path>D:\ti\ccs800\ccsv8\tools\compiler\ti-cgt-arm_18.12.1.LTS\lib\</path>
         <kind>archive</kind>
         <file>rtsv7M4_T_le_eabi.lib</file>
         <name>memccpy.c.obj</name>
      </input_file>
      <input_file id="fl-f1">
         <path>D:\ti\ccs800\ccsv8\tools\compiler\ti-cgt-arm_18.12.1.LTS\lib\</path>
         <kind>archive</kind>
         <file>rtsv7M4_T_le_eabi.lib</file>
         <name>strchr.c.obj</name>
      </input_file>
      <input_file id="fl-f2">
         <path>D:\ti\ccs800\ccsv8\tools\compiler\ti-cgt-arm_18.12.1.LTS\lib\</path>
         <kind>archive</kind>
         <file>rtsv7M4_T_le_eabi.lib</file>
         <name>errno.c.obj</name>
      </input_file>
      <input_file id="fl-f3">
         <path>D:\ti\ccs800\ccsv8\tools\compiler\ti-cgt-arm_18.12.1.LTS\lib\</path>
         <kind>archive</kind>
         <file>rtsv7M4_T_le_eabi.lib</file>
         <name>wcslen.c.obj</name>
      </input_file>
      <input_file id="fl-f4">
         <path>D:\ti\ccs800\ccsv8\tools\compiler\ti-cgt-arm_18.12.1.LTS\lib\</path>
         <kind>archive</kind>
         <file>rtsv7M4_T_le_eabi.lib</file>
         <name>div0.asm.obj</name>
      </input_file>
      <input_file id="fl-f5">
         <path>D:\ti\CC3200SDK\CC3200SDK_1.3.0\cc3200-sdk\driverlib\ccs\Release\</path>
         <kind>archive</kind>
         <file>driverlib.a</file>
         <name>gpio.obj</name>
      </input_file>
      <input_file id="fl-f6">
         <path>D:\ti\CC3200SDK\CC3200SDK_1.3.0\cc3200-sdk\driverlib\ccs\Release\</path>
         <kind>archive</kind>
         <file>driverlib.a</file>
         <name>i2c.obj</name>
      </input_file>
      <input_file id="fl-f7">
         <path>D:\ti\CC3200SDK\CC3200SDK_1.3.0\cc3200-sdk\driverlib\ccs\Release\</path>
         <kind>archive</kind>
         <file>driverlib.a</file>
         <name>interrupt.obj</name>
      </input_file>
      <input_file id="fl-f8">
         <path>D:\ti\CC3200SDK\CC3200SDK_1.3.0\cc3200-sdk\driverlib\ccs\Release\</path>
         <kind>archive</kind>
         <file>driverlib.a</file>
         <name>pin.obj</name>
      </input_file>
      <input_file id="fl-f9">
         <path>D:\ti\CC3200SDK\CC3200SDK_1.3.0\cc3200-sdk\driverlib\ccs\Release\</path>
         <kind>archive</kind>
         <file>driverlib.a</file>
         <name>prcm.obj</name>
      </input_file>
      <input_file id="fl-fa">
         <path>D:\ti\CC3200SDK\CC3200SDK_1.3.0\cc3200-sdk\driverlib\ccs\Release\</path>
         <kind>archive</kind>
         <file>driverlib.a</file>
         <name>uart.obj</name>
      </input_file>
      <input_file id="fl-fb">
         <path>D:\ti\CC3200SDK\CC3200SDK_1.3.0\cc3200-sdk\driverlib\ccs\Release\</path>
         <kind>archive</kind>
         <file>driverlib.a</file>
         <name>utils.obj</name>
      </input_file>
      <input_file id="fl-fc">
         <path>D:\ti\CC3200SDK\CC3200SDK_1.3.0\cc3200-sdk\driverlib\ccs\Release\</path>
         <kind>archive</kind>
         <file>driverlib.a</file>
         <name>cpu.obj</name>
      </input_file>
      <input_file id="fl-fd">
         <path>D:\ti\CC3200SDK\CC3200SDK_1.3.0\cc3200-sdk\driverlib\ccs\Release\</path>
         <kind>archive</kind>
         <file>driverlib.a</file>
         <name>flash.obj</name>
      </input_file>
   </input_file_list>
   <object_component_list>
      <object_component id="oc-f">
         <name>.intvecs</name>
         <load_address>0x20004000</load_address>
         <run_address>0x20004000</run_address>
         <size>0x400</size>
         <input_file_ref idref="fl-6"/>
      </object_component>
      <object_component id="oc-20">
         <name>.init_array</name>
         <load_address>0x20009a78</load_address>
         <run_address>0x20009a78</run_address>
         <size>0x4</size>
         <input_file_ref idref="fl-4"/>
      </object_component>
      <object_component id="oc-5cd">
         <name>SHT$$INIT_ARRAY$$Limit</name>
         <load_address>0x20009a7c</load_address>
         <run_address>0x20009a7c</run_address>
         <size>0x0</size>
      </object_component>
      <object_component id="oc-1b3">
         <name>.text</name>
         <load_address>0x20004400</load_address>
         <run_address>0x20004400</run_address>
         <size>0x17c4</size>
         <input_file_ref idref="fl-8"/>
      </object_component>
      <object_component id="oc-308">
         <name>.text:__TI_printfi</name>
         <load_address>0x20005bc4</load_address>
         <run_address>0x20005bc4</run_address>
         <size>0xa4e</size>
         <input_file_ref idref="fl-e1"/>
      </object_component>
      <object_component id="oc-581">
         <name>.text:_ZNSt9type_infoD1Ev</name>
         <load_address>0x20006612</load_address>
         <run_address>0x20006612</run_address>
         <size>0x2</size>
         <input_file_ref idref="fl-c7"/>
      </object_component>
      <object_component id="oc-d7">
         <name>.text</name>
         <load_address>0x20006614</load_address>
         <run_address>0x20006614</run_address>
         <size>0x4b8</size>
         <input_file_ref idref="fl-2"/>
      </object_component>
      <object_component id="oc-fd">
         <name>.text</name>
         <load_address>0x20006acc</load_address>
         <run_address>0x20006acc</run_address>
         <size>0x284</size>
         <input_file_ref idref="fl-3"/>
      </object_component>
      <object_component id="oc-f6">
         <name>.text</name>
         <load_address>0x20006d50</load_address>
         <run_address>0x20006d50</run_address>
         <size>0x280</size>
         <input_file_ref idref="fl-7"/>
      </object_component>
      <object_component id="oc-40e">
         <name>.text:_pconv_a</name>
         <load_address>0x20006fd0</load_address>
         <run_address>0x20006fd0</run_address>
         <size>0x268</size>
         <input_file_ref idref="fl-e1"/>
      </object_component>
      <object_component id="oc-6b">
         <name>.text</name>
         <load_address>0x20007238</load_address>
         <run_address>0x20007238</run_address>
         <size>0x230</size>
         <input_file_ref idref="fl-4"/>
      </object_component>
      <object_component id="oc-3fc">
         <name>.text:_pconv_g</name>
         <load_address>0x20007468</load_address>
         <run_address>0x20007468</run_address>
         <size>0x1cc</size>
         <input_file_ref idref="fl-e1"/>
      </object_component>
      <object_component id="oc-485">
         <name>.text</name>
         <load_address>0x20007634</load_address>
         <run_address>0x20007634</run_address>
         <size>0x1b6</size>
         <input_file_ref idref="fl-e7"/>
      </object_component>
      <object_component id="oc-372">
         <name>.text:_nop</name>
         <load_address>0x200077ea</load_address>
         <run_address>0x200077ea</run_address>
         <size>0x2</size>
         <input_file_ref idref="fl-db"/>
      </object_component>
      <object_component id="oc-d1">
         <name>.text:PRCMCC3200MCUInit</name>
         <load_address>0x200077ec</load_address>
         <run_address>0x200077ec</run_address>
         <size>0x178</size>
         <input_file_ref idref="fl-f9"/>
      </object_component>
      <object_component id="oc-408">
         <name>.text:_pconv_e</name>
         <load_address>0x20007964</load_address>
         <run_address>0x20007964</run_address>
         <size>0x13c</size>
         <input_file_ref idref="fl-e1"/>
      </object_component>
      <object_component id="oc-2b7">
         <name>.text</name>
         <load_address>0x20007aa0</load_address>
         <run_address>0x20007aa0</run_address>
         <size>0x136</size>
         <input_file_ref idref="fl-c8"/>
      </object_component>
      <object_component id="oc-504">
         <name>.text</name>
         <load_address>0x20007bd6</load_address>
         <run_address>0x20007bd6</run_address>
         <size>0x2</size>
         <input_file_ref idref="fl-f4"/>
      </object_component>
      <object_component id="oc-497">
         <name>.text:fcvt</name>
         <load_address>0x20007bd8</load_address>
         <run_address>0x20007bd8</run_address>
         <size>0x120</size>
         <input_file_ref idref="fl-e1"/>
      </object_component>
      <object_component id="oc-e2">
         <name>.text</name>
         <load_address>0x20007cf8</load_address>
         <run_address>0x20007cf8</run_address>
         <size>0xfc</size>
         <input_file_ref idref="fl-c9"/>
      </object_component>
      <object_component id="oc-2c6">
         <name>.text</name>
         <load_address>0x20007df4</load_address>
         <run_address>0x20007df4</run_address>
         <size>0xfa</size>
         <input_file_ref idref="fl-cd"/>
      </object_component>
      <object_component id="oc-32c">
         <name>.text:aligned_alloc</name>
         <load_address>0x20007ef0</load_address>
         <run_address>0x20007ef0</run_address>
         <size>0xf4</size>
         <input_file_ref idref="fl-dd"/>
      </object_component>
      <object_component id="oc-212">
         <name>.text:free</name>
         <load_address>0x20007fe4</load_address>
         <run_address>0x20007fe4</run_address>
         <size>0xe8</size>
         <input_file_ref idref="fl-dd"/>
      </object_component>
      <object_component id="oc-20c">
         <name>.text:realloc</name>
         <load_address>0x200080cc</load_address>
         <run_address>0x200080cc</run_address>
         <size>0xd8</size>
         <input_file_ref idref="fl-dd"/>
      </object_component>
      <object_component id="oc-4ab">
         <name>.text:scalbn</name>
         <load_address>0x200081a4</load_address>
         <run_address>0x200081a4</run_address>
         <size>0xd0</size>
         <input_file_ref idref="fl-e3"/>
      </object_component>
      <object_component id="oc-3f1">
         <name>.text:_ltostr</name>
         <load_address>0x20008274</load_address>
         <run_address>0x20008274</run_address>
         <size>0xb1</size>
         <input_file_ref idref="fl-e1"/>
      </object_component>
      <object_component id="oc-cb">
         <name>.text:IntEnable</name>
         <load_address>0x20008328</load_address>
         <run_address>0x20008328</run_address>
         <size>0xa8</size>
         <input_file_ref idref="fl-f7"/>
      </object_component>
      <object_component id="oc-3b">
         <name>.text</name>
         <load_address>0x200083d0</load_address>
         <run_address>0x200083d0</run_address>
         <size>0x9c</size>
         <input_file_ref idref="fl-d3"/>
      </object_component>
      <object_component id="oc-473">
         <name>.text</name>
         <load_address>0x2000846c</load_address>
         <run_address>0x2000846c</run_address>
         <size>0x96</size>
         <input_file_ref idref="fl-e6"/>
      </object_component>
      <object_component id="oc-1d6">
         <name>.text:PRCMPeripheralClockGet</name>
         <load_address>0x20008504</load_address>
         <run_address>0x20008504</run_address>
         <size>0x94</size>
         <input_file_ref idref="fl-f9"/>
      </object_component>
      <object_component id="oc-ec">
         <name>.text</name>
         <load_address>0x20008598</load_address>
         <run_address>0x20008598</run_address>
         <size>0x92</size>
         <input_file_ref idref="fl-ce"/>
      </object_component>
      <object_component id="oc-16e">
         <name>.text:PinConfigSet</name>
         <load_address>0x2000862c</load_address>
         <run_address>0x2000862c</run_address>
         <size>0x88</size>
         <input_file_ref idref="fl-f8"/>
      </object_component>
      <object_component id="oc-3f7">
         <name>.text:__aeabi_cdcmple</name>
         <load_address>0x200086b4</load_address>
         <run_address>0x200086b4</run_address>
         <size>0x86</size>
         <input_file_ref idref="fl-e8"/>
      </object_component>
      <object_component id="oc-47a">
         <name>.text:__aeabi_cdrcmple</name>
         <load_address>0x2000873a</load_address>
         <run_address>0x2000873a</run_address>
         <size>0x86</size>
         <input_file_ref idref="fl-e8"/>
      </object_component>
      <object_component id="oc-257">
         <name>.text:I2CMasterInitExpClk</name>
         <load_address>0x200087c0</load_address>
         <run_address>0x200087c0</run_address>
         <size>0x84</size>
         <input_file_ref idref="fl-f6"/>
      </object_component>
      <object_component id="oc-339">
         <name>.text:split</name>
         <load_address>0x20008844</load_address>
         <run_address>0x20008844</run_address>
         <size>0x7c</size>
         <input_file_ref idref="fl-dd"/>
      </object_component>
      <object_component id="oc-2cb">
         <name>.text</name>
         <load_address>0x200088c0</load_address>
         <run_address>0x200088c0</run_address>
         <size>0x7a</size>
         <input_file_ref idref="fl-cf"/>
      </object_component>
      <object_component id="oc-8f">
         <name>.text</name>
         <load_address>0x2000893a</load_address>
         <run_address>0x2000893a</run_address>
         <size>0x7a</size>
         <input_file_ref idref="fl-d6"/>
      </object_component>
      <object_component id="oc-1dc">
         <name>.text:UARTConfigSetExpClk</name>
         <load_address>0x200089b4</load_address>
         <run_address>0x200089b4</run_address>
         <size>0x76</size>
         <input_file_ref idref="fl-fa"/>
      </object_component>
      <object_component id="oc-490">
         <name>.text:_mcpy</name>
         <load_address>0x20008a2a</load_address>
         <run_address>0x20008a2a</run_address>
         <size>0x6e</size>
         <input_file_ref idref="fl-e1"/>
      </object_component>
      <object_component id="oc-e7">
         <name>.text</name>
         <load_address>0x20008a98</load_address>
         <run_address>0x20008a98</run_address>
         <size>0x6e</size>
         <input_file_ref idref="fl-cb"/>
      </object_component>
      <object_component id="oc-12">
         <name>.text:decompress:lzss:__TI_decompress_lzss</name>
         <load_address>0x20008b06</load_address>
         <run_address>0x20008b06</run_address>
         <size>0x68</size>
         <input_file_ref idref="fl-d9"/>
      </object_component>
      <object_component id="oc-1ac">
         <name>.text:_ZN7VL53L1XC1Ejmhmh</name>
         <load_address>0x20008b70</load_address>
         <run_address>0x20008b70</run_address>
         <size>0x64</size>
         <input_file_ref idref="fl-2"/>
      </object_component>
      <object_component id="oc-13a">
         <name>.text:__TI_auto_init_nobinit:__TI_auto_init_nobinit</name>
         <load_address>0x20008bd4</load_address>
         <run_address>0x20008bd4</run_address>
         <size>0x60</size>
         <input_file_ref idref="fl-e9"/>
      </object_component>
      <object_component id="oc-4a5">
         <name>.text:frexp</name>
         <load_address>0x20008c34</load_address>
         <run_address>0x20008c34</run_address>
         <size>0x5c</size>
         <input_file_ref idref="fl-e2"/>
      </object_component>
      <object_component id="oc-199">
         <name>.text:PRCMPeripheralReset</name>
         <load_address>0x20008c90</load_address>
         <run_address>0x20008c90</run_address>
         <size>0x58</size>
         <input_file_ref idref="fl-f9"/>
      </object_component>
      <object_component id="oc-402">
         <name>.text:_pconv_f</name>
         <load_address>0x20008ce8</load_address>
         <run_address>0x20008ce8</run_address>
         <size>0x56</size>
         <input_file_ref idref="fl-e1"/>
      </object_component>
      <object_component id="oc-47f">
         <name>.text:ltoa</name>
         <load_address>0x20008d3e</load_address>
         <run_address>0x20008d3e</run_address>
         <size>0x54</size>
         <input_file_ref idref="fl-ef"/>
      </object_component>
      <object_component id="oc-48a">
         <name>.text:_ecpy</name>
         <load_address>0x20008d92</load_address>
         <run_address>0x20008d92</run_address>
         <size>0x52</size>
         <input_file_ref idref="fl-e1"/>
      </object_component>
      <object_component id="oc-3eb">
         <name>.text:atoi</name>
         <load_address>0x20008de4</load_address>
         <run_address>0x20008de4</run_address>
         <size>0x4c</size>
         <input_file_ref idref="fl-ed"/>
      </object_component>
      <object_component id="oc-2bc">
         <name>.text</name>
         <load_address>0x20008e30</load_address>
         <run_address>0x20008e30</run_address>
         <size>0x48</size>
         <input_file_ref idref="fl-ca"/>
      </object_component>
      <object_component id="oc-2ad">
         <name>.text</name>
         <load_address>0x20008e78</load_address>
         <run_address>0x20008e78</run_address>
         <size>0x44</size>
         <input_file_ref idref="fl-cc"/>
      </object_component>
      <object_component id="oc-a7">
         <name>.text:PinModeSet</name>
         <load_address>0x20008ebc</load_address>
         <run_address>0x20008ebc</run_address>
         <size>0x40</size>
         <input_file_ref idref="fl-f8"/>
      </object_component>
      <object_component id="oc-1e8">
         <name>.text:vsnprintf</name>
         <load_address>0x20008efc</load_address>
         <run_address>0x20008efc</run_address>
         <size>0x40</size>
         <input_file_ref idref="fl-c6"/>
      </object_component>
      <object_component id="oc-49d">
         <name>.text:_fcpy</name>
         <load_address>0x20008f3c</load_address>
         <run_address>0x20008f3c</run_address>
         <size>0x3e</size>
         <input_file_ref idref="fl-e1"/>
      </object_component>
      <object_component id="oc-ad">
         <name>.text:PRCMPeripheralClkEnable</name>
         <load_address>0x20008f7c</load_address>
         <run_address>0x20008f7c</run_address>
         <size>0x3c</size>
         <input_file_ref idref="fl-f9"/>
      </object_component>
      <object_component id="oc-f1">
         <name>.text</name>
         <load_address>0x20008fb8</load_address>
         <run_address>0x20008fb8</run_address>
         <size>0x38</size>
         <input_file_ref idref="fl-d0"/>
      </object_component>
      <object_component id="oc-2d0">
         <name>.text</name>
         <load_address>0x20008ff0</load_address>
         <run_address>0x20008ff0</run_address>
         <size>0x38</size>
         <input_file_ref idref="fl-d1"/>
      </object_component>
      <object_component id="oc-2fa">
         <name>.text:UARTDisable</name>
         <load_address>0x20009028</load_address>
         <run_address>0x20009028</run_address>
         <size>0x30</size>
         <input_file_ref idref="fl-fa"/>
      </object_component>
      <object_component id="oc-30e">
         <name>.text:_outs</name>
         <load_address>0x20009058</load_address>
         <run_address>0x20009058</run_address>
         <size>0x30</size>
         <input_file_ref idref="fl-c6"/>
      </object_component>
      <object_component id="oc-dd">
         <name>.text</name>
         <load_address>0x20009088</load_address>
         <run_address>0x20009088</run_address>
         <size>0x2e</size>
         <input_file_ref idref="fl-d2"/>
      </object_component>
      <object_component id="oc-23f">
         <name>.text:I2CMasterErr</name>
         <load_address>0x200090b6</load_address>
         <run_address>0x200090b6</run_address>
         <size>0x2c</size>
         <input_file_ref idref="fl-f6"/>
      </object_component>
      <object_component id="oc-187">
         <name>.text:PRCMSysResetCauseGet</name>
         <load_address>0x200090e4</load_address>
         <run_address>0x200090e4</run_address>
         <size>0x2c</size>
         <input_file_ref idref="fl-f9"/>
      </object_component>
      <object_component id="oc-19f">
         <name>.text:PRCMPeripheralClkDisable</name>
         <load_address>0x20009110</load_address>
         <run_address>0x20009110</run_address>
         <size>0x28</size>
         <input_file_ref idref="fl-f9"/>
      </object_component>
      <object_component id="oc-3cf">
         <name>.text:_ZN7VL53L1X9VL53L1_OnEv</name>
         <load_address>0x20009138</load_address>
         <run_address>0x20009138</run_address>
         <size>0x28</size>
         <input_file_ref idref="fl-2"/>
      </object_component>
      <object_component id="oc-340">
         <name>.text:free_list_insert</name>
         <load_address>0x20009160</load_address>
         <run_address>0x20009160</run_address>
         <size>0x28</size>
         <input_file_ref idref="fl-dd"/>
      </object_component>
      <object_component id="oc-300">
         <name>.text:UARTEnable</name>
         <load_address>0x20009188</load_address>
         <run_address>0x20009188</run_address>
         <size>0x24</size>
         <input_file_ref idref="fl-fa"/>
      </object_component>
      <object_component id="oc-3d6">
         <name>.text:_ZN7VL53L1X10VL53L1_OffEv</name>
         <load_address>0x200091ac</load_address>
         <run_address>0x200091ac</run_address>
         <size>0x24</size>
         <input_file_ref idref="fl-2"/>
      </object_component>
      <object_component id="oc-59">
         <name>.text:_c_int00_noargs:_c_int00_noargs</name>
         <load_address>0x200091d0</load_address>
         <run_address>0x200091d0</run_address>
         <size>0x24</size>
         <input_file_ref idref="fl-df"/>
      </object_component>
      <object_component id="oc-200">
         <name>.text:memmove</name>
         <load_address>0x200091f4</load_address>
         <run_address>0x200091f4</run_address>
         <size>0x24</size>
         <input_file_ref idref="fl-dc"/>
      </object_component>
      <object_component id="oc-2c1">
         <name>.text</name>
         <load_address>0x20009218</load_address>
         <run_address>0x20009218</run_address>
         <size>0x24</size>
         <input_file_ref idref="fl-d5"/>
      </object_component>
      <object_component id="oc-245">
         <name>.text:I2CMasterSlaveAddrSet</name>
         <load_address>0x2000923c</load_address>
         <run_address>0x2000923c</run_address>
         <size>0x22</size>
         <input_file_ref idref="fl-f6"/>
      </object_component>
      <object_component id="oc-3ba">
         <name>.text:_ZN7VL53L1X11GetDistanceEPj</name>
         <load_address>0x2000925e</load_address>
         <run_address>0x2000925e</run_address>
         <size>0x22</size>
         <input_file_ref idref="fl-2"/>
      </object_component>
      <object_component id="oc-3b3">
         <name>.text:_ZN7VL53L1X6ReadIDEv</name>
         <load_address>0x20009280</load_address>
         <run_address>0x20009280</run_address>
         <size>0x22</size>
         <input_file_ref idref="fl-2"/>
      </object_component>
      <object_component id="oc-1a6">
         <name>.text:_Znwj</name>
         <load_address>0x200092a2</load_address>
         <run_address>0x200092a2</run_address>
         <size>0x22</size>
         <input_file_ref idref="fl-c5"/>
      </object_component>
      <object_component id="oc-1b9">
         <name>.text:GPIOPinWrite</name>
         <load_address>0x200092c4</load_address>
         <run_address>0x200092c4</run_address>
         <size>0x20</size>
         <input_file_ref idref="fl-f5"/>
      </object_component>
      <object_component id="oc-2b2">
         <name>.text</name>
         <load_address>0x200092e4</load_address>
         <run_address>0x200092e4</run_address>
         <size>0x20</size>
         <input_file_ref idref="fl-d4"/>
      </object_component>
      <object_component id="oc-227">
         <name>.text:I2CMasterIntStatusEx</name>
         <load_address>0x20009304</load_address>
         <run_address>0x20009304</run_address>
         <size>0x1e</size>
         <input_file_ref idref="fl-f6"/>
      </object_component>
      <object_component id="oc-1e2">
         <name>.text:UARTCharPut</name>
         <load_address>0x20009322</load_address>
         <run_address>0x20009322</run_address>
         <size>0x1e</size>
         <input_file_ref idref="fl-fa"/>
      </object_component>
      <object_component id="oc-b9">
         <name>.text:PinTypeI2C</name>
         <load_address>0x20009340</load_address>
         <run_address>0x20009340</run_address>
         <size>0x1c</size>
         <input_file_ref idref="fl-f8"/>
      </object_component>
      <object_component id="oc-1f4">
         <name>.text:UARTCharGetNonBlocking</name>
         <load_address>0x2000935c</load_address>
         <run_address>0x2000935c</run_address>
         <size>0x1c</size>
         <input_file_ref idref="fl-fa"/>
      </object_component>
      <object_component id="oc-333">
         <name>.text:free_list_remove</name>
         <load_address>0x20009378</load_address>
         <run_address>0x20009378</run_address>
         <size>0x1c</size>
         <input_file_ref idref="fl-dd"/>
      </object_component>
      <object_component id="oc-414">
         <name>.text:memccpy</name>
         <load_address>0x20009394</load_address>
         <run_address>0x20009394</run_address>
         <size>0x1c</size>
         <input_file_ref idref="fl-f0"/>
      </object_component>
      <object_component id="oc-b3">
         <name>.text:PinTypeUART</name>
         <load_address>0x200093b0</load_address>
         <run_address>0x200093b0</run_address>
         <size>0x1a</size>
         <input_file_ref idref="fl-f8"/>
      </object_component>
      <object_component id="oc-1ee">
         <name>.text:UARTCharsAvail</name>
         <load_address>0x200093ca</load_address>
         <run_address>0x200093ca</run_address>
         <size>0x18</size>
         <input_file_ref idref="fl-fa"/>
      </object_component>
      <object_component id="oc-314">
         <name>.text:_outc</name>
         <load_address>0x200093e2</load_address>
         <run_address>0x200093e2</run_address>
         <size>0x18</size>
         <input_file_ref idref="fl-c6"/>
      </object_component>
      <object_component id="oc-24b">
         <name>.text:I2CMasterDataPut</name>
         <load_address>0x200093fa</load_address>
         <run_address>0x200093fa</run_address>
         <size>0x16</size>
         <input_file_ref idref="fl-f6"/>
      </object_component>
      <object_component id="oc-362">
         <name>.text:I2CMasterEnable</name>
         <load_address>0x20009410</load_address>
         <run_address>0x20009410</run_address>
         <size>0x16</size>
         <input_file_ref idref="fl-f6"/>
      </object_component>
      <object_component id="oc-18d">
         <name>.text:PRCMHIBRegRead</name>
         <load_address>0x20009426</load_address>
         <run_address>0x20009426</run_address>
         <size>0x16</size>
         <input_file_ref idref="fl-f9"/>
      </object_component>
      <object_component id="oc-193">
         <name>.text:PRCMHIBRegWrite</name>
         <load_address>0x2000943c</load_address>
         <run_address>0x2000943c</run_address>
         <size>0x16</size>
         <input_file_ref idref="fl-f9"/>
      </object_component>
      <object_component id="oc-4b1">
         <name>.text:strchr</name>
         <load_address>0x20009452</load_address>
         <run_address>0x20009452</run_address>
         <size>0x16</size>
         <input_file_ref idref="fl-f1"/>
      </object_component>
      <object_component id="oc-177">
         <name>.text:CPUcpsie</name>
         <load_address>0x20009468</load_address>
         <run_address>0x20009468</run_address>
         <size>0x14</size>
         <input_file_ref idref="fl-fc"/>
      </object_component>
      <object_component id="oc-bf">
         <name>.text:IntVTableBaseSet</name>
         <load_address>0x2000947c</load_address>
         <run_address>0x2000947c</run_address>
         <size>0x14</size>
         <input_file_ref idref="fl-f7"/>
      </object_component>
      <object_component id="oc-3c8">
         <name>.text:_ZN7VL53L1XD0Ev</name>
         <load_address>0x20009490</load_address>
         <run_address>0x20009490</run_address>
         <size>0x14</size>
         <input_file_ref idref="fl-2"/>
      </object_component>
      <object_component id="oc-1fa">
         <name>.text:strlen</name>
         <load_address>0x200094a4</load_address>
         <run_address>0x200094a4</run_address>
         <size>0x14</size>
         <input_file_ref idref="fl-de"/>
      </object_component>
      <object_component id="oc-239">
         <name>.text:I2CMasterControl</name>
         <load_address>0x200094b8</load_address>
         <run_address>0x200094b8</run_address>
         <size>0x12</size>
         <input_file_ref idref="fl-f6"/>
      </object_component>
      <object_component id="oc-22d">
         <name>.text:I2CMasterIntClearEx</name>
         <load_address>0x200094ca</load_address>
         <run_address>0x200094ca</run_address>
         <size>0x12</size>
         <input_file_ref idref="fl-f6"/>
      </object_component>
      <object_component id="oc-233">
         <name>.text:I2CMasterTimeoutSet</name>
         <load_address>0x200094dc</load_address>
         <run_address>0x200094dc</run_address>
         <size>0x12</size>
         <input_file_ref idref="fl-f6"/>
      </object_component>
      <object_component id="oc-47">
         <name>.text:decompress:ZI:__TI_zero_init_nomemset:__TI_zero_init_nomemset</name>
         <load_address>0x200094ee</load_address>
         <run_address>0x200094ee</run_address>
         <size>0x12</size>
         <input_file_ref idref="fl-d7"/>
      </object_component>
      <object_component id="oc-41a">
         <name>.text:wcslen</name>
         <load_address>0x20009500</load_address>
         <run_address>0x20009500</run_address>
         <size>0x12</size>
         <input_file_ref idref="fl-f3"/>
      </object_component>
      <object_component id="oc-251">
         <name>.text:I2CMasterDataGet</name>
         <load_address>0x20009512</load_address>
         <run_address>0x20009512</run_address>
         <size>0xe</size>
         <input_file_ref idref="fl-f6"/>
      </object_component>
      <object_component id="oc-571">
         <name>.text:_ZN10__cxxabiv117__class_type_infoD0Ev</name>
         <load_address>0x20009520</load_address>
         <run_address>0x20009520</run_address>
         <size>0xe</size>
         <input_file_ref idref="fl-c4"/>
      </object_component>
      <object_component id="oc-4f0">
         <name>.text:_ZN10__cxxabiv120__si_class_type_infoD0Ev</name>
         <load_address>0x2000952e</load_address>
         <run_address>0x2000952e</run_address>
         <size>0xe</size>
         <input_file_ref idref="fl-c4"/>
      </object_component>
      <object_component id="oc-18">
         <name>.text:decompress:none:__TI_decompress_none</name>
         <load_address>0x2000953c</load_address>
         <run_address>0x2000953c</run_address>
         <size>0xe</size>
         <input_file_ref idref="fl-d8"/>
      </object_component>
      <object_component id="oc-27">
         <name>.text</name>
         <load_address>0x2000954a</load_address>
         <run_address>0x2000954a</run_address>
         <size>0xe</size>
         <input_file_ref idref="fl-6"/>
      </object_component>
      <object_component id="oc-3ac">
         <name>.text:_ZN7VL53L1X4InitEv</name>
         <load_address>0x20009558</load_address>
         <run_address>0x20009558</run_address>
         <size>0xc</size>
         <input_file_ref idref="fl-2"/>
      </object_component>
      <object_component id="oc-3c1">
         <name>.text:_ZN7VL53L1XD1Ev</name>
         <load_address>0x20009564</load_address>
         <run_address>0x20009564</run_address>
         <size>0xc</size>
         <input_file_ref idref="fl-2"/>
      </object_component>
      <object_component id="oc-291">
         <name>.text:_ZSt15get_new_handlerv</name>
         <load_address>0x20009570</load_address>
         <run_address>0x20009570</run_address>
         <size>0xc</size>
         <input_file_ref idref="fl-c5"/>
      </object_component>
      <object_component id="oc-519">
         <name>.text:copysign</name>
         <load_address>0x2000957c</load_address>
         <run_address>0x2000957c</run_address>
         <size>0xc</size>
         <input_file_ref idref="fl-e4"/>
      </object_component>
      <object_component id="oc-c5">
         <name>.text:IntMasterEnable</name>
         <load_address>0x20009588</load_address>
         <run_address>0x20009588</run_address>
         <size>0xa</size>
         <input_file_ref idref="fl-f7"/>
      </object_component>
      <object_component id="oc-4f8">
         <name>.text:_ZdlPv</name>
         <load_address>0x20009592</load_address>
         <run_address>0x20009592</run_address>
         <size>0x8</size>
         <input_file_ref idref="fl-c5"/>
      </object_component>
      <object_component id="oc-420">
         <name>.text:__aeabi_errno_addr</name>
         <load_address>0x2000959c</load_address>
         <run_address>0x2000959c</run_address>
         <size>0x8</size>
         <input_file_ref idref="fl-f2"/>
      </object_component>
      <object_component id="oc-206">
         <name>.text:malloc</name>
         <load_address>0x200095a4</load_address>
         <run_address>0x200095a4</run_address>
         <size>0x8</size>
         <input_file_ref idref="fl-dd"/>
      </object_component>
      <object_component id="oc-fc">
         <name>.text:UtilsDelay</name>
         <load_address>0x200095ac</load_address>
         <run_address>0x200095ac</run_address>
         <size>0x6</size>
         <input_file_ref idref="fl-fb"/>
      </object_component>
      <object_component id="oc-458">
         <name>.text:__cxa_pure_virtual</name>
         <load_address>0x200095b2</load_address>
         <run_address>0x200095b2</run_address>
         <size>0x6</size>
         <input_file_ref idref="fl-c3"/>
      </object_component>
      <object_component id="oc-54a">
         <name>.text:_ZN10__cxxabiv117__class_type_infoD1Ev</name>
         <load_address>0x200095b8</load_address>
         <run_address>0x200095b8</run_address>
         <size>0x4</size>
         <input_file_ref idref="fl-c4"/>
      </object_component>
      <object_component id="oc-4ea">
         <name>.text:_ZN10__cxxabiv120__si_class_type_infoD1Ev</name>
         <load_address>0x200095bc</load_address>
         <run_address>0x200095bc</run_address>
         <size>0x4</size>
         <input_file_ref idref="fl-c4"/>
      </object_component>
      <object_component id="oc-468">
         <name>.text:_ZdlPvj</name>
         <load_address>0x200095c0</load_address>
         <run_address>0x200095c0</run_address>
         <size>0x4</size>
         <input_file_ref idref="fl-c5"/>
      </object_component>
      <object_component id="oc-4de">
         <name>.text:__abort_execution</name>
         <load_address>0x200095c4</load_address>
         <run_address>0x200095c4</run_address>
         <size>0x4</size>
         <input_file_ref idref="fl-e0"/>
      </object_component>
      <object_component id="oc-95">
         <name>.text:_system_pre_init</name>
         <load_address>0x200095c8</load_address>
         <run_address>0x200095c8</run_address>
         <size>0x4</size>
         <input_file_ref idref="fl-ea"/>
      </object_component>
      <object_component id="oc-128">
         <name>.text:abort:abort</name>
         <load_address>0x200095cc</load_address>
         <run_address>0x200095cc</run_address>
         <size>0x4</size>
         <input_file_ref idref="fl-da"/>
      </object_component>
      <object_component id="oc-46e">
         <name>.const:.string:_ctypes_</name>
         <load_address>0x200095d0</load_address>
         <run_address>0x200095d0</run_address>
         <size>0x101</size>
         <input_file_ref idref="fl-ee"/>
      </object_component>
      <object_component id="oc-166">
         <name>.const:g_ulPinToPadMap</name>
         <load_address>0x200096d4</load_address>
         <run_address>0x200096d4</run_address>
         <size>0x100</size>
         <input_file_ref idref="fl-f8"/>
      </object_component>
      <object_component id="oc-16a">
         <name>.const:PRCM_PeriphRegsList</name>
         <load_address>0x200097d4</load_address>
         <run_address>0x200097d4</run_address>
         <size>0xa8</size>
         <input_file_ref idref="fl-f9"/>
      </object_component>
      <object_component id="oc-183">
         <name>.const</name>
         <load_address>0x2000987c</load_address>
         <run_address>0x2000987c</run_address>
         <size>0x80</size>
         <input_file_ref idref="fl-f7"/>
      </object_component>
      <object_component id="oc-2aa">
         <name>.const:.string:VL51L1X_DEFAULT_CONFIGURATION</name>
         <load_address>0x200098fc</load_address>
         <run_address>0x200098fc</run_address>
         <size>0x5b</size>
         <input_file_ref idref="fl-8"/>
      </object_component>
      <object_component id="oc-540">
         <name>.const:.typeinfo:_ZTSN10__cxxabiv120__si_class_type_infoE</name>
         <load_address>0x20009957</load_address>
         <run_address>0x20009957</run_address>
         <size>0x25</size>
         <input_file_ref idref="fl-c4"/>
      </object_component>
      <object_component id="oc-2a5">
         <name>.const:_ZTV7VL53L1X</name>
         <load_address>0x2000997c</load_address>
         <run_address>0x2000997c</run_address>
         <size>0x24</size>
         <input_file_ref idref="fl-2"/>
      </object_component>
      <object_component id="oc-577">
         <name>.const:.typeinfo:_ZTSN10__cxxabiv117__class_type_infoE</name>
         <load_address>0x200099a0</load_address>
         <run_address>0x200099a0</run_address>
         <size>0x22</size>
         <input_file_ref idref="fl-c4"/>
      </object_component>
      <object_component id="oc-3a2">
         <name>.const:_ZTV11RangeSensor</name>
         <load_address>0x200099c4</load_address>
         <run_address>0x200099c4</run_address>
         <size>0x14</size>
         <input_file_ref idref="fl-2"/>
      </object_component>
      <object_component id="oc-53a">
         <name>.const:.typeinfo:_ZTS15ComponentObject</name>
         <load_address>0x200099d8</load_address>
         <run_address>0x200099d8</run_address>
         <size>0x12</size>
         <input_file_ref idref="fl-2"/>
      </object_component>
      <object_component id="oc-535">
         <name>.const:_ZTVN10__cxxabiv117__class_type_infoE</name>
         <load_address>0x200099ec</load_address>
         <run_address>0x200099ec</run_address>
         <size>0x10</size>
         <input_file_ref idref="fl-c4"/>
      </object_component>
      <object_component id="oc-45e">
         <name>.const:_ZTVN10__cxxabiv120__si_class_type_infoE</name>
         <load_address>0x200099fc</load_address>
         <run_address>0x200099fc</run_address>
         <size>0x10</size>
         <input_file_ref idref="fl-c4"/>
      </object_component>
      <object_component id="oc-4d4">
         <name>.const:.typeinfo:_ZTS11RangeSensor</name>
         <load_address>0x20009a0c</load_address>
         <run_address>0x20009a0c</run_address>
         <size>0xe</size>
         <input_file_ref idref="fl-2"/>
      </object_component>
      <object_component id="oc-589">
         <name>.const:.typeinfo:_ZTSSt9type_info</name>
         <load_address>0x20009a1a</load_address>
         <run_address>0x20009a1a</run_address>
         <size>0xd</size>
         <input_file_ref idref="fl-c7"/>
      </object_component>
      <object_component id="oc-453">
         <name>.const:.typeinfo:_ZTI11RangeSensor</name>
         <load_address>0x20009a28</load_address>
         <run_address>0x20009a28</run_address>
         <size>0xc</size>
         <input_file_ref idref="fl-2"/>
      </object_component>
      <object_component id="oc-3a7">
         <name>.const:.typeinfo:_ZTI7VL53L1X</name>
         <load_address>0x20009a34</load_address>
         <run_address>0x20009a34</run_address>
         <size>0xc</size>
         <input_file_ref idref="fl-2"/>
      </object_component>
      <object_component id="oc-545">
         <name>.const:.typeinfo:_ZTIN10__cxxabiv117__class_type_infoE</name>
         <load_address>0x20009a40</load_address>
         <run_address>0x20009a40</run_address>
         <size>0xc</size>
         <input_file_ref idref="fl-c4"/>
      </object_component>
      <object_component id="oc-4e5">
         <name>.const:.typeinfo:_ZTIN10__cxxabiv120__si_class_type_infoE</name>
         <load_address>0x20009a4c</load_address>
         <run_address>0x20009a4c</run_address>
         <size>0xc</size>
         <input_file_ref idref="fl-c4"/>
      </object_component>
      <object_component id="oc-463">
         <name>.const:.typeinfo:_ZTS7VL53L1X</name>
         <load_address>0x20009a58</load_address>
         <run_address>0x20009a58</run_address>
         <size>0x9</size>
         <input_file_ref idref="fl-2"/>
      </object_component>
      <object_component id="oc-4d9">
         <name>.const:.typeinfo:_ZTI15ComponentObject</name>
         <load_address>0x20009a64</load_address>
         <run_address>0x20009a64</run_address>
         <size>0x8</size>
         <input_file_ref idref="fl-2"/>
      </object_component>
      <object_component id="oc-57c">
         <name>.const:.typeinfo:_ZTISt9type_info</name>
         <load_address>0x20009a6c</load_address>
         <run_address>0x20009a6c</run_address>
         <size>0x8</size>
         <input_file_ref idref="fl-c7"/>
      </object_component>
      <object_component id="oc-2a4">
         <name>.const:$P$T0$1</name>
         <load_address>0x20009a74</load_address>
         <run_address>0x20009a74</run_address>
         <size>0x4</size>
         <input_file_ref idref="fl-2"/>
      </object_component>
      <object_component id="oc-5cb">
         <name>.cinit..data.load</name>
         <load_address>0x20009a80</load_address>
         <run_address>0x20009a80</run_address>
         <size>0xd</size>
      </object_component>
      <object_component id="oc-5c9">
         <name>__TI_handler_table</name>
         <load_address>0x20009a90</load_address>
         <run_address>0x20009a90</run_address>
         <size>0xc</size>
      </object_component>
      <object_component id="oc-5cc">
         <name>.cinit..bss.load</name>
         <load_address>0x20009aa0</load_address>
         <run_address>0x20009aa0</run_address>
         <size>0x8</size>
      </object_component>
      <object_component id="oc-5ca">
         <name>__TI_cinit_table</name>
         <load_address>0x20009aa8</load_address>
         <run_address>0x20009aa8</run_address>
         <size>0x10</size>
      </object_component>
      <object_component id="oc-265">
         <name>.data:$O1$$</name>
         <load_address>0x20017824</load_address>
         <run_address>0x20017824</run_address>
         <size>0x8</size>
         <input_file_ref idref="fl-db"/>
      </object_component>
      <object_component id="oc-43a">
         <name>.data:$O1$$</name>
         <load_address>0x2001782c</load_address>
         <run_address>0x2001782c</run_address>
         <size>0x8</size>
         <input_file_ref idref="fl-dd"/>
      </object_component>
      <object_component id="oc-4c1">
         <name>.data</name>
         <load_address>0x20017834</load_address>
         <run_address>0x20017834</run_address>
         <size>0x4</size>
         <input_file_ref idref="fl-f2"/>
      </object_component>
      <object_component id="oc-103">
         <name>.bss:distanceSensor</name>
         <uninitialized>true</uninitialized>
         <run_address>0x20017800</run_address>
         <size>0x1c</size>
         <input_file_ref idref="fl-4"/>
      </object_component>
      <object_component id="oc-218">
         <name>.bss</name>
         <uninitialized>true</uninitialized>
         <run_address>0x20017820</run_address>
         <size>0x4</size>
         <input_file_ref idref="fl-7"/>
      </object_component>
      <object_component id="oc-39c">
         <name>.bss</name>
         <uninitialized>true</uninitialized>
         <run_address>0x2001781c</run_address>
         <size>0x4</size>
         <input_file_ref idref="fl-c5"/>
      </object_component>
      <object_component id="oc-21">
         <name>.sysmem</name>
         <uninitialized>true</uninitialized>
         <run_address>0x20017000</run_address>
         <size>0x10</size>
         <input_file_ref idref="fl-dd"/>
      </object_component>
      <object_component id="oc-5cf">
         <name>.sysmem</name>
         <uninitialized>true</uninitialized>
         <run_address>0x20017000</run_address>
         <size>0x0</size>
      </object_component>
      <object_component id="oc-24">
         <name>.stack</name>
         <uninitialized>true</uninitialized>
         <run_address>0x2002f800</run_address>
         <size>0x4</size>
         <input_file_ref idref="fl-df"/>
      </object_component>
      <object_component id="oc-5ce">
         <name>.stack</name>
         <uninitialized>true</uninitialized>
         <run_address>0x2002f800</run_address>
         <size>0x0</size>
      </object_component>
      <object_component id="oc-1c5">
         <name>.debug_info</name>
         <load_address>0x0</load_address>
         <run_address>0x0</run_address>
         <size>0x1cb3</size>
         <input_file_ref idref="fl-2"/>
      </object_component>
      <object_component id="oc-3a3">
         <name>.debug_info</name>
         <load_address>0x1cb3</load_address>
         <run_address>0x1cb3</run_address>
         <size>0x135</size>
         <input_file_ref idref="fl-2"/>
      </object_component>
      <object_component id="oc-2a6">
         <name>.debug_info</name>
         <load_address>0x1de8</load_address>
         <run_address>0x1de8</run_address>
         <size>0x12c</size>
         <input_file_ref idref="fl-2"/>
      </object_component>
      <object_component id="oc-4da">
         <name>.debug_info</name>
         <load_address>0x1f14</load_address>
         <run_address>0x1f14</run_address>
         <size>0x12f</size>
         <input_file_ref idref="fl-2"/>
      </object_component>
      <object_component id="oc-454">
         <name>.debug_info</name>
         <load_address>0x2043</load_address>
         <run_address>0x2043</run_address>
         <size>0x127</size>
         <input_file_ref idref="fl-2"/>
      </object_component>
      <object_component id="oc-3a8">
         <name>.debug_info</name>
         <load_address>0x216a</load_address>
         <run_address>0x216a</run_address>
         <size>0x11e</size>
         <input_file_ref idref="fl-2"/>
      </object_component>
      <object_component id="oc-53b">
         <name>.debug_info</name>
         <load_address>0x2288</load_address>
         <run_address>0x2288</run_address>
         <size>0x134</size>
         <input_file_ref idref="fl-2"/>
      </object_component>
      <object_component id="oc-4d5">
         <name>.debug_info</name>
         <load_address>0x23bc</load_address>
         <run_address>0x23bc</run_address>
         <size>0x12c</size>
         <input_file_ref idref="fl-2"/>
      </object_component>
      <object_component id="oc-464">
         <name>.debug_info</name>
         <load_address>0x24e8</load_address>
         <run_address>0x24e8</run_address>
         <size>0x123</size>
         <input_file_ref idref="fl-2"/>
      </object_component>
      <object_component id="oc-1ad">
         <name>.debug_info</name>
         <load_address>0x260b</load_address>
         <run_address>0x260b</run_address>
         <size>0x239</size>
         <input_file_ref idref="fl-2"/>
      </object_component>
      <object_component id="oc-3c3">
         <name>.debug_info</name>
         <load_address>0x2844</load_address>
         <run_address>0x2844</run_address>
         <size>0x172</size>
         <input_file_ref idref="fl-2"/>
      </object_component>
      <object_component id="oc-3c9">
         <name>.debug_info</name>
         <load_address>0x29b6</load_address>
         <run_address>0x29b6</run_address>
         <size>0x16a</size>
         <input_file_ref idref="fl-2"/>
      </object_component>
      <object_component id="oc-3d0">
         <name>.debug_info</name>
         <load_address>0x2b20</load_address>
         <run_address>0x2b20</run_address>
         <size>0x19f</size>
         <input_file_ref idref="fl-2"/>
      </object_component>
      <object_component id="oc-3d8">
         <name>.debug_info</name>
         <load_address>0x2cbf</load_address>
         <run_address>0x2cbf</run_address>
         <size>0x1a2</size>
         <input_file_ref idref="fl-2"/>
      </object_component>
      <object_component id="oc-3ad">
         <name>.debug_info</name>
         <load_address>0x2e61</load_address>
         <run_address>0x2e61</run_address>
         <size>0x199</size>
         <input_file_ref idref="fl-2"/>
      </object_component>
      <object_component id="oc-3b5">
         <name>.debug_info</name>
         <load_address>0x2ffa</load_address>
         <run_address>0x2ffa</run_address>
         <size>0x1b9</size>
         <input_file_ref idref="fl-2"/>
      </object_component>
      <object_component id="oc-3bb">
         <name>.debug_info</name>
         <load_address>0x31b3</load_address>
         <run_address>0x31b3</run_address>
         <size>0x203</size>
         <input_file_ref idref="fl-2"/>
      </object_component>
      <object_component id="oc-d9">
         <name>.debug_info</name>
         <load_address>0x33b6</load_address>
         <run_address>0x33b6</run_address>
         <size>0x3058</size>
         <input_file_ref idref="fl-2"/>
      </object_component>
      <object_component id="oc-2e0">
         <name>.debug_info</name>
         <load_address>0x640e</load_address>
         <run_address>0x640e</run_address>
         <size>0xce</size>
         <input_file_ref idref="fl-2"/>
      </object_component>
      <object_component id="oc-2e5">
         <name>.debug_info</name>
         <load_address>0x64dc</load_address>
         <run_address>0x64dc</run_address>
         <size>0xcf</size>
         <input_file_ref idref="fl-2"/>
      </object_component>
      <object_component id="oc-1c0">
         <name>.debug_info</name>
         <load_address>0x65ab</load_address>
         <run_address>0x65ab</run_address>
         <size>0x446</size>
         <input_file_ref idref="fl-2"/>
      </object_component>
      <object_component id="oc-1cc">
         <name>.debug_info</name>
         <load_address>0x69f1</load_address>
         <run_address>0x69f1</run_address>
         <size>0x8fd</size>
         <input_file_ref idref="fl-2"/>
      </object_component>
      <object_component id="oc-107">
         <name>.debug_info</name>
         <load_address>0x72ee</load_address>
         <run_address>0x72ee</run_address>
         <size>0x8b</size>
         <input_file_ref idref="fl-2"/>
      </object_component>
      <object_component id="oc-2f4">
         <name>.debug_info</name>
         <load_address>0x7379</load_address>
         <run_address>0x7379</run_address>
         <size>0x1a5</size>
         <input_file_ref idref="fl-2"/>
      </object_component>
      <object_component id="oc-2ef">
         <name>.debug_info</name>
         <load_address>0x751e</load_address>
         <run_address>0x751e</run_address>
         <size>0x2c9</size>
         <input_file_ref idref="fl-2"/>
      </object_component>
      <object_component id="oc-1c7">
         <name>.debug_info</name>
         <load_address>0x77e7</load_address>
         <run_address>0x77e7</run_address>
         <size>0xbb</size>
         <input_file_ref idref="fl-2"/>
      </object_component>
      <object_component id="oc-2d8">
         <name>.debug_info</name>
         <load_address>0x78a2</load_address>
         <run_address>0x78a2</run_address>
         <size>0x2c</size>
         <input_file_ref idref="fl-2"/>
      </object_component>
      <object_component id="oc-2ea">
         <name>.debug_info</name>
         <load_address>0x78ce</load_address>
         <run_address>0x78ce</run_address>
         <size>0x2a1</size>
         <input_file_ref idref="fl-2"/>
      </object_component>
      <object_component id="oc-25e">
         <name>.debug_info</name>
         <load_address>0x7b6f</load_address>
         <run_address>0x7b6f</run_address>
         <size>0x4ad</size>
         <input_file_ref idref="fl-3"/>
      </object_component>
      <object_component id="oc-ff">
         <name>.debug_info</name>
         <load_address>0x801c</load_address>
         <run_address>0x801c</run_address>
         <size>0xc63</size>
         <input_file_ref idref="fl-3"/>
      </object_component>
      <object_component id="oc-34b">
         <name>.debug_info</name>
         <load_address>0x8c7f</load_address>
         <run_address>0x8c7f</run_address>
         <size>0x26b</size>
         <input_file_ref idref="fl-3"/>
      </object_component>
      <object_component id="oc-222">
         <name>.debug_info</name>
         <load_address>0x8eea</load_address>
         <run_address>0x8eea</run_address>
         <size>0x110</size>
         <input_file_ref idref="fl-3"/>
      </object_component>
      <object_component id="oc-395">
         <name>.debug_info</name>
         <load_address>0x8ffa</load_address>
         <run_address>0x8ffa</run_address>
         <size>0x62</size>
         <input_file_ref idref="fl-3"/>
      </object_component>
      <object_component id="oc-350">
         <name>.debug_info</name>
         <load_address>0x905c</load_address>
         <run_address>0x905c</run_address>
         <size>0x297</size>
         <input_file_ref idref="fl-3"/>
      </object_component>
      <object_component id="oc-36b">
         <name>.debug_info</name>
         <load_address>0x92f3</load_address>
         <run_address>0x92f3</run_address>
         <size>0xbb</size>
         <input_file_ref idref="fl-3"/>
      </object_component>
      <object_component id="oc-17e">
         <name>.debug_info</name>
         <load_address>0x93ae</load_address>
         <run_address>0x93ae</run_address>
         <size>0x2c</size>
         <input_file_ref idref="fl-3"/>
      </object_component>
      <object_component id="oc-104">
         <name>.debug_info</name>
         <load_address>0x93da</load_address>
         <run_address>0x93da</run_address>
         <size>0x10d</size>
         <input_file_ref idref="fl-4"/>
      </object_component>
      <object_component id="oc-6c">
         <name>.debug_info</name>
         <load_address>0x94e7</load_address>
         <run_address>0x94e7</run_address>
         <size>0x76e</size>
         <input_file_ref idref="fl-4"/>
      </object_component>
      <object_component id="oc-36">
         <name>.debug_info</name>
         <load_address>0x9c55</load_address>
         <run_address>0x9c55</run_address>
         <size>0x84</size>
         <input_file_ref idref="fl-5"/>
      </object_component>
      <object_component id="oc-2f">
         <name>.debug_info</name>
         <load_address>0x9cd9</load_address>
         <run_address>0x9cd9</run_address>
         <size>0x1c6</size>
         <input_file_ref idref="fl-6"/>
      </object_component>
      <object_component id="oc-10">
         <name>.debug_info</name>
         <load_address>0x9e9f</load_address>
         <run_address>0x9e9f</run_address>
         <size>0x145</size>
         <input_file_ref idref="fl-6"/>
      </object_component>
      <object_component id="oc-28">
         <name>.debug_info</name>
         <load_address>0x9fe4</load_address>
         <run_address>0x9fe4</run_address>
         <size>0x4ca</size>
         <input_file_ref idref="fl-6"/>
      </object_component>
      <object_component id="oc-21c">
         <name>.debug_info</name>
         <load_address>0xa4ae</load_address>
         <run_address>0xa4ae</run_address>
         <size>0x40b</size>
         <input_file_ref idref="fl-7"/>
      </object_component>
      <object_component id="oc-219">
         <name>.debug_info</name>
         <load_address>0xa8b9</load_address>
         <run_address>0xa8b9</run_address>
         <size>0x13c</size>
         <input_file_ref idref="fl-7"/>
      </object_component>
      <object_component id="oc-fa">
         <name>.debug_info</name>
         <load_address>0xa9f5</load_address>
         <run_address>0xa9f5</run_address>
         <size>0x9a4</size>
         <input_file_ref idref="fl-7"/>
      </object_component>
      <object_component id="oc-21d">
         <name>.debug_info</name>
         <load_address>0xb399</load_address>
         <run_address>0xb399</run_address>
         <size>0x2c</size>
         <input_file_ref idref="fl-7"/>
      </object_component>
      <object_component id="oc-2d6">
         <name>.debug_info</name>
         <load_address>0xb3c5</load_address>
         <run_address>0xb3c5</run_address>
         <size>0xd22</size>
         <input_file_ref idref="fl-8"/>
      </object_component>
      <object_component id="oc-2ab">
         <name>.debug_info</name>
         <load_address>0xc0e7</load_address>
         <run_address>0xc0e7</run_address>
         <size>0x133</size>
         <input_file_ref idref="fl-8"/>
      </object_component>
      <object_component id="oc-1b4">
         <name>.debug_info</name>
         <load_address>0xc21a</load_address>
         <run_address>0xc21a</run_address>
         <size>0x6282</size>
         <input_file_ref idref="fl-8"/>
      </object_component>
      <object_component id="oc-459">
         <name>.debug_info</name>
         <load_address>0x1249c</load_address>
         <run_address>0x1249c</run_address>
         <size>0x16d</size>
         <input_file_ref idref="fl-c3"/>
      </object_component>
      <object_component id="oc-4f5">
         <name>.debug_info</name>
         <load_address>0x12609</load_address>
         <run_address>0x12609</run_address>
         <size>0x776</size>
         <input_file_ref idref="fl-c4"/>
      </object_component>
      <object_component id="oc-536">
         <name>.debug_info</name>
         <load_address>0x12d7f</load_address>
         <run_address>0x12d7f</run_address>
         <size>0x159</size>
         <input_file_ref idref="fl-c4"/>
      </object_component>
      <object_component id="oc-45f">
         <name>.debug_info</name>
         <load_address>0x12ed8</load_address>
         <run_address>0x12ed8</run_address>
         <size>0x15f</size>
         <input_file_ref idref="fl-c4"/>
      </object_component>
      <object_component id="oc-546">
         <name>.debug_info</name>
         <load_address>0x13037</load_address>
         <run_address>0x13037</run_address>
         <size>0x14b</size>
         <input_file_ref idref="fl-c4"/>
      </object_component>
      <object_component id="oc-4e6">
         <name>.debug_info</name>
         <load_address>0x13182</load_address>
         <run_address>0x13182</run_address>
         <size>0x151</size>
         <input_file_ref idref="fl-c4"/>
      </object_component>
      <object_component id="oc-578">
         <name>.debug_info</name>
         <load_address>0x132d3</load_address>
         <run_address>0x132d3</run_address>
         <size>0x150</size>
         <input_file_ref idref="fl-c4"/>
      </object_component>
      <object_component id="oc-541">
         <name>.debug_info</name>
         <load_address>0x13423</load_address>
         <run_address>0x13423</run_address>
         <size>0x156</size>
         <input_file_ref idref="fl-c4"/>
      </object_component>
      <object_component id="oc-54b">
         <name>.debug_info</name>
         <load_address>0x13579</load_address>
         <run_address>0x13579</run_address>
         <size>0x193</size>
         <input_file_ref idref="fl-c4"/>
      </object_component>
      <object_component id="oc-4eb">
         <name>.debug_info</name>
         <load_address>0x1370c</load_address>
         <run_address>0x1370c</run_address>
         <size>0x1ac</size>
         <input_file_ref idref="fl-c4"/>
      </object_component>
      <object_component id="oc-4f1">
         <name>.debug_info</name>
         <load_address>0x138b8</load_address>
         <run_address>0x138b8</run_address>
         <size>0x1a0</size>
         <input_file_ref idref="fl-c4"/>
      </object_component>
      <object_component id="oc-572">
         <name>.debug_info</name>
         <load_address>0x13a58</load_address>
         <run_address>0x13a58</run_address>
         <size>0x187</size>
         <input_file_ref idref="fl-c4"/>
      </object_component>
      <object_component id="oc-551">
         <name>.debug_info</name>
         <load_address>0x13bdf</load_address>
         <run_address>0x13bdf</run_address>
         <size>0x59b</size>
         <input_file_ref idref="fl-c4"/>
      </object_component>
      <object_component id="oc-29a">
         <name>.debug_info</name>
         <load_address>0x1417a</load_address>
         <run_address>0x1417a</run_address>
         <size>0x2c</size>
         <input_file_ref idref="fl-c4"/>
      </object_component>
      <object_component id="oc-55a">
         <name>.debug_info</name>
         <load_address>0x141a6</load_address>
         <run_address>0x141a6</run_address>
         <size>0x110</size>
         <input_file_ref idref="fl-c4"/>
      </object_component>
      <object_component id="oc-298">
         <name>.debug_info</name>
         <load_address>0x142b6</load_address>
         <run_address>0x142b6</run_address>
         <size>0x211</size>
         <input_file_ref idref="fl-c5"/>
      </object_component>
      <object_component id="oc-39d">
         <name>.debug_info</name>
         <load_address>0x144c7</load_address>
         <run_address>0x144c7</run_address>
         <size>0x158</size>
         <input_file_ref idref="fl-c5"/>
      </object_component>
      <object_component id="oc-293">
         <name>.debug_info</name>
         <load_address>0x1461f</load_address>
         <run_address>0x1461f</run_address>
         <size>0x1a6</size>
         <input_file_ref idref="fl-c5"/>
      </object_component>
      <object_component id="oc-1a8">
         <name>.debug_info</name>
         <load_address>0x147c5</load_address>
         <run_address>0x147c5</run_address>
         <size>0x1bc</size>
         <input_file_ref idref="fl-c5"/>
      </object_component>
      <object_component id="oc-4f9">
         <name>.debug_info</name>
         <load_address>0x14981</load_address>
         <run_address>0x14981</run_address>
         <size>0x17f</size>
         <input_file_ref idref="fl-c5"/>
      </object_component>
      <object_component id="oc-469">
         <name>.debug_info</name>
         <load_address>0x14b00</load_address>
         <run_address>0x14b00</run_address>
         <size>0x17c</size>
         <input_file_ref idref="fl-c5"/>
      </object_component>
      <object_component id="oc-29f">
         <name>.debug_info</name>
         <load_address>0x14c7c</load_address>
         <run_address>0x14c7c</run_address>
         <size>0x6c</size>
         <input_file_ref idref="fl-c5"/>
      </object_component>
      <object_component id="oc-31b">
         <name>.debug_info</name>
         <load_address>0x14ce8</load_address>
         <run_address>0x14ce8</run_address>
         <size>0x216</size>
         <input_file_ref idref="fl-c6"/>
      </object_component>
      <object_component id="oc-1ec">
         <name>.debug_info</name>
         <load_address>0x14efe</load_address>
         <run_address>0x14efe</run_address>
         <size>0x20c</size>
         <input_file_ref idref="fl-c6"/>
      </object_component>
      <object_component id="oc-312">
         <name>.debug_info</name>
         <load_address>0x1510a</load_address>
         <run_address>0x1510a</run_address>
         <size>0x1ca</size>
         <input_file_ref idref="fl-c6"/>
      </object_component>
      <object_component id="oc-315">
         <name>.debug_info</name>
         <load_address>0x152d4</load_address>
         <run_address>0x152d4</run_address>
         <size>0x17d</size>
         <input_file_ref idref="fl-c6"/>
      </object_component>
      <object_component id="oc-31c">
         <name>.debug_info</name>
         <load_address>0x15451</load_address>
         <run_address>0x15451</run_address>
         <size>0x2c</size>
         <input_file_ref idref="fl-c6"/>
      </object_component>
      <object_component id="oc-321">
         <name>.debug_info</name>
         <load_address>0x1547d</load_address>
         <run_address>0x1547d</run_address>
         <size>0x69</size>
         <input_file_ref idref="fl-c6"/>
      </object_component>
      <object_component id="oc-58e">
         <name>.debug_info</name>
         <load_address>0x154e6</load_address>
         <run_address>0x154e6</run_address>
         <size>0x57d</size>
         <input_file_ref idref="fl-c7"/>
      </object_component>
      <object_component id="oc-57d">
         <name>.debug_info</name>
         <load_address>0x15a63</load_address>
         <run_address>0x15a63</run_address>
         <size>0x130</size>
         <input_file_ref idref="fl-c7"/>
      </object_component>
      <object_component id="oc-58a">
         <name>.debug_info</name>
         <load_address>0x15b93</load_address>
         <run_address>0x15b93</run_address>
         <size>0x135</size>
         <input_file_ref idref="fl-c7"/>
      </object_component>
      <object_component id="oc-583">
         <name>.debug_info</name>
         <load_address>0x15cc8</load_address>
         <run_address>0x15cc8</run_address>
         <size>0x17b</size>
         <input_file_ref idref="fl-c7"/>
      </object_component>
      <object_component id="oc-598">
         <name>.debug_info</name>
         <load_address>0x15e43</load_address>
         <run_address>0x15e43</run_address>
         <size>0x2c</size>
         <input_file_ref idref="fl-c7"/>
      </object_component>
      <object_component id="oc-591">
         <name>.debug_info</name>
         <load_address>0x15e6f</load_address>
         <run_address>0x15e6f</run_address>
         <size>0x21e</size>
         <input_file_ref idref="fl-c7"/>
      </object_component>
      <object_component id="oc-59d">
         <name>.debug_info</name>
         <load_address>0x1608d</load_address>
         <run_address>0x1608d</run_address>
         <size>0x9c</size>
         <input_file_ref idref="fl-c7"/>
      </object_component>
      <object_component id="oc-2b9">
         <name>.debug_info</name>
         <load_address>0x16129</load_address>
         <run_address>0x16129</run_address>
         <size>0x13e</size>
         <input_file_ref idref="fl-c8"/>
      </object_component>
      <object_component id="oc-e5">
         <name>.debug_info</name>
         <load_address>0x16267</load_address>
         <run_address>0x16267</run_address>
         <size>0x13e</size>
[...]
         <value>0x20009a40</value>
         <object_component_ref idref="oc-545"/>
      </symbol>
      <symbol id="sm-3ce">
         <name>_ZN10__cxxabiv120__si_class_type_infoD1Ev</name>
         <value>0x200095bd</value>
         <object_component_ref idref="oc-4ea"/>
      </symbol>
      <symbol id="sm-3cf">
         <name>_ZTIN10__cxxabiv120__si_class_type_infoE</name>
         <value>0x20009a4c</value>
         <object_component_ref idref="oc-4e5"/>
      </symbol>
      <symbol id="sm-3d0">
         <name>_ZN10__cxxabiv117__class_type_infoD0Ev</name>
         <value>0x20009521</value>
         <object_component_ref idref="oc-571"/>
      </symbol>
      <symbol id="sm-3d1">
         <name>_ZTVN10__cxxabiv120__si_class_type_infoE</name>
         <value>0x200099fc</value>
         <object_component_ref idref="oc-45e"/>
      </symbol>
      <symbol id="sm-3d2">
         <name>_ZN10__cxxabiv120__si_class_type_infoD0Ev</name>
         <value>0x2000952f</value>
         <object_component_ref idref="oc-4f0"/>
      </symbol>
      <symbol id="sm-409">
         <name>_ZSt15get_new_handlerv</name>
         <value>0x20009571</value>
         <object_component_ref idref="oc-291"/>
      </symbol>
      <symbol id="sm-40a">
         <name>_Znwj</name>
         <value>0x200092a3</value>
         <object_component_ref idref="oc-1a6"/>
      </symbol>
      <symbol id="sm-40b">
         <name>_ZdlPv</name>
         <value>0x20009593</value>
         <object_component_ref idref="oc-4f8"/>
      </symbol>
      <symbol id="sm-40c">
         <name>_ZdlPvj</name>
         <value>0x200095c1</value>
         <object_component_ref idref="oc-468"/>
      </symbol>
      <symbol id="sm-43b">
         <name>vsnprintf</name>
         <value>0x20008efd</value>
         <object_component_ref idref="oc-1e8"/>
      </symbol>
      <symbol id="sm-464">
         <name>_ZTSSt9type_info</name>
         <value>0x20009a1a</value>
         <object_component_ref idref="oc-589"/>
      </symbol>
      <symbol id="sm-465">
         <name>_ZNSt9type_infoD2Ev</name>
         <value>0x20006613</value>
         <object_component_ref idref="oc-581"/>
      </symbol>
      <symbol id="sm-466">
         <name>_ZNSt9type_infoD1Ev</name>
         <value>0x20006613</value>
         <object_component_ref idref="oc-581"/>
      </symbol>
      <symbol id="sm-467">
         <name>_ZTISt9type_info</name>
         <value>0x20009a6c</value>
         <object_component_ref idref="oc-57c"/>
      </symbol>
      <symbol id="sm-47b">
         <name>__aeabi_ddiv</name>
         <value>0x20007aa1</value>
         <object_component_ref idref="oc-2b7"/>
      </symbol>
      <symbol id="sm-486">
         <name>__aeabi_dmul</name>
         <value>0x20007cf9</value>
         <object_component_ref idref="oc-e2"/>
      </symbol>
      <symbol id="sm-490">
         <name>__aeabi_d2iz</name>
         <value>0x20008e31</value>
         <object_component_ref idref="oc-2bc"/>
      </symbol>
      <symbol id="sm-49c">
         <name>__aeabi_d2f</name>
         <value>0x20008a99</value>
         <object_component_ref idref="oc-e7"/>
      </symbol>
      <symbol id="sm-4a6">
         <name>__aeabi_d2uiz</name>
         <value>0x20008e79</value>
         <object_component_ref idref="oc-2ad"/>
      </symbol>
      <symbol id="sm-4b7">
         <name>__aeabi_fadd</name>
         <value>0x20007df9</value>
         <object_component_ref idref="oc-2c6"/>
      </symbol>
      <symbol id="sm-4b8">
         <name>__aeabi_fsub</name>
         <value>0x20007df5</value>
         <object_component_ref idref="oc-2c6"/>
      </symbol>
      <symbol id="sm-4c5">
         <name>__aeabi_fdiv</name>
         <value>0x20008599</value>
         <object_component_ref idref="oc-ec"/>
      </symbol>
      <symbol id="sm-4cf">
         <name>__aeabi_fmul</name>
         <value>0x200088c1</value>
         <object_component_ref idref="oc-2cb"/>
      </symbol>
      <symbol id="sm-4da">
         <name>__aeabi_f2d</name>
         <value>0x20008fb9</value>
         <object_component_ref idref="oc-f1"/>
      </symbol>
      <symbol id="sm-4e4">
         <name>__aeabi_f2iz</name>
         <value>0x20008ff1</value>
         <object_component_ref idref="oc-2d0"/>
      </symbol>
      <symbol id="sm-4ee">
         <name>__aeabi_i2d</name>
         <value>0x20009089</value>
         <object_component_ref idref="oc-dd"/>
      </symbol>
      <symbol id="sm-509">
         <name>memcpy</name>
         <value>0x200083d1</value>
         <object_component_ref idref="oc-3b"/>
      </symbol>
      <symbol id="sm-50a">
         <name>__aeabi_memcpy</name>
         <value>0x200083d1</value>
         <object_component_ref idref="oc-3b"/>
      </symbol>
      <symbol id="sm-50b">
         <name>__aeabi_memcpy8</name>
         <value>0x200083d1</value>
         <object_component_ref idref="oc-3b"/>
      </symbol>
      <symbol id="sm-50c">
         <name>__aeabi_memcpy4</name>
         <value>0x200083d1</value>
         <object_component_ref idref="oc-3b"/>
      </symbol>
      <symbol id="sm-516">
         <name>__aeabi_ui2d</name>
         <value>0x200092e5</value>
         <object_component_ref idref="oc-2b2"/>
      </symbol>
      <symbol id="sm-521">
         <name>__aeabi_ui2f</name>
         <value>0x20009219</value>
         <object_component_ref idref="oc-2c1"/>
      </symbol>
      <symbol id="sm-530">
         <name>__aeabi_memset</name>
         <value>0x2000893d</value>
         <object_component_ref idref="oc-8f"/>
      </symbol>
      <symbol id="sm-531">
         <name>memset</name>
         <value>0x20008943</value>
         <object_component_ref idref="oc-8f"/>
      </symbol>
      <symbol id="sm-532">
         <name>__aeabi_memset8</name>
         <value>0x2000893d</value>
         <object_component_ref idref="oc-8f"/>
      </symbol>
      <symbol id="sm-533">
         <name>__aeabi_memset4</name>
         <value>0x2000893d</value>
         <object_component_ref idref="oc-8f"/>
      </symbol>
      <symbol id="sm-534">
         <name>__aeabi_memclr8</name>
         <value>0x2000893b</value>
         <object_component_ref idref="oc-8f"/>
      </symbol>
      <symbol id="sm-535">
         <name>__aeabi_memclr4</name>
         <value>0x2000893b</value>
         <object_component_ref idref="oc-8f"/>
      </symbol>
      <symbol id="sm-536">
         <name>__aeabi_memclr</name>
         <value>0x2000893b</value>
         <object_component_ref idref="oc-8f"/>
      </symbol>
      <symbol id="sm-54f">
         <name>__TI_zero_init_nomemset</name>
         <value>0x200094ef</value>
         <object_component_ref idref="oc-47"/>
      </symbol>
      <symbol id="sm-566">
         <name>__TI_decompress_none</name>
         <value>0x2000953d</value>
         <object_component_ref idref="oc-18"/>
      </symbol>
      <symbol id="sm-589">
         <name>__TI_decompress_lzss</name>
         <value>0x20008b07</value>
         <object_component_ref idref="oc-12"/>
      </symbol>
      <symbol id="sm-594">
         <name>C$$EXIT</name>
         <value>0x200095cd</value>
         <object_component_ref idref="oc-128"/>
      </symbol>
      <symbol id="sm-595">
         <name>abort</name>
         <value>0x200095cd</value>
         <object_component_ref idref="oc-128"/>
      </symbol>
      <symbol id="sm-5aa">
         <name>_nop</name>
         <value>0x200077eb</value>
         <object_component_ref idref="oc-372"/>
      </symbol>
      <symbol id="sm-5ab">
         <name>_lock</name>
         <value>0x20017824</value>
         <object_component_ref idref="oc-265"/>
      </symbol>
      <symbol id="sm-5ac">
         <name>_unlock</name>
         <value>0x20017828</value>
         <object_component_ref idref="oc-265"/>
      </symbol>
      <symbol id="sm-5bc">
         <name>memmove</name>
         <value>0x200091f5</value>
         <object_component_ref idref="oc-200"/>
      </symbol>
      <symbol id="sm-659">
         <name>_sys_memory</name>
         <value>0x20017000</value>
         <object_component_ref idref="oc-21"/>
      </symbol>
      <symbol id="sm-65a">
         <name>free</name>
         <value>0x20007fe5</value>
         <object_component_ref idref="oc-212"/>
      </symbol>
      <symbol id="sm-65b">
         <name>realloc</name>
         <value>0x200080cd</value>
         <object_component_ref idref="oc-20c"/>
      </symbol>
      <symbol id="sm-65c">
         <name>memalign</name>
         <value>0x20007ef1</value>
         <object_component_ref idref="oc-32c"/>
      </symbol>
      <symbol id="sm-65d">
         <name>malloc</name>
         <value>0x200095a5</value>
         <object_component_ref idref="oc-206"/>
      </symbol>
      <symbol id="sm-65e">
         <name>aligned_alloc</name>
         <value>0x20007ef1</value>
         <object_component_ref idref="oc-32c"/>
      </symbol>
      <symbol id="sm-66c">
         <name>strlen</name>
         <value>0x200094a5</value>
         <object_component_ref idref="oc-1fa"/>
      </symbol>
      <symbol id="sm-67e">
         <name>__stack</name>
         <value>0x2002f800</value>
         <object_component_ref idref="oc-24"/>
      </symbol>
      <symbol id="sm-67f">
         <name>_c_int00_noargs</name>
         <value>0x200091d1</value>
         <object_component_ref idref="oc-59"/>
      </symbol>
      <symbol id="sm-689">
         <name>__abort_execution</name>
         <value>0x200095c5</value>
         <object_component_ref idref="oc-4de"/>
      </symbol>
      <symbol id="sm-7ee">
         <name>__TI_printfi</name>
         <value>0x20005bc5</value>
         <object_component_ref idref="oc-308"/>
      </symbol>
      <symbol id="sm-80e">
         <name>frexpl</name>
         <value>0x20008c35</value>
         <object_component_ref idref="oc-4a5"/>
      </symbol>
      <symbol id="sm-80f">
         <name>frexp</name>
         <value>0x20008c35</value>
         <object_component_ref idref="oc-4a5"/>
      </symbol>
      <symbol id="sm-82d">
         <name>scalbn</name>
         <value>0x200081a5</value>
         <object_component_ref idref="oc-4ab"/>
      </symbol>
      <symbol id="sm-82e">
         <name>scalbnl</name>
         <value>0x200081a5</value>
         <object_component_ref idref="oc-4ab"/>
      </symbol>
      <symbol id="sm-82f">
         <name>ldexpl</name>
         <value>0x200081a5</value>
         <object_component_ref idref="oc-4ab"/>
      </symbol>
      <symbol id="sm-830">
         <name>ldexp</name>
         <value>0x200081a5</value>
         <object_component_ref idref="oc-4ab"/>
      </symbol>
      <symbol id="sm-83a">
         <name>copysign</name>
         <value>0x2000957d</value>
         <object_component_ref idref="oc-519"/>
      </symbol>
      <symbol id="sm-83b">
         <name>copysignl</name>
         <value>0x2000957d</value>
         <object_component_ref idref="oc-519"/>
      </symbol>
      <symbol id="sm-849">
         <name>__aeabi_uldivmod</name>
         <value>0x2000846d</value>
         <object_component_ref idref="oc-473"/>
      </symbol>
      <symbol id="sm-860">
         <name>__aeabi_dsub</name>
         <value>0x20007635</value>
         <object_component_ref idref="oc-485"/>
      </symbol>
      <symbol id="sm-861">
         <name>__aeabi_dadd</name>
         <value>0x2000763f</value>
         <object_component_ref idref="oc-485"/>
      </symbol>
      <symbol id="sm-883">
         <name>__aeabi_cdcmpeq</name>
         <value>0x200086b5</value>
         <object_component_ref idref="oc-3f7"/>
      </symbol>
      <symbol id="sm-884">
         <name>__aeabi_cdcmple</name>
         <value>0x200086b5</value>
         <object_component_ref idref="oc-3f7"/>
      </symbol>
      <symbol id="sm-885">
         <name>__aeabi_cdrcmple</name>
         <value>0x2000873b</value>
         <object_component_ref idref="oc-47a"/>
      </symbol>
      <symbol id="sm-8b2">
         <name>__TI_auto_init_nobinit</name>
         <value>0x20008bd5</value>
         <object_component_ref idref="oc-13a"/>
      </symbol>
      <symbol id="sm-8bc">
         <name>_system_pre_init</name>
         <value>0x200095c9</value>
         <object_component_ref idref="oc-95"/>
      </symbol>
      <symbol id="sm-8d4">
         <name>atoi</name>
         <value>0x20008de5</value>
         <object_component_ref idref="oc-3eb"/>
      </symbol>
      <symbol id="sm-8df">
         <name>_ctypes_</name>
         <value>0x200095d0</value>
         <object_component_ref idref="oc-46e"/>
      </symbol>
      <symbol id="sm-8ee">
         <name>ltoa</name>
         <value>0x20008d3f</value>
         <object_component_ref idref="oc-47f"/>
      </symbol>
      <symbol id="sm-8fe">
         <name>memccpy</name>
         <value>0x20009395</value>
         <object_component_ref idref="oc-414"/>
      </symbol>
      <symbol id="sm-90e">
         <name>strchr</name>
         <value>0x20009453</value>
         <object_component_ref idref="oc-4b1"/>
      </symbol>
      <symbol id="sm-924">
         <name>__aeabi_errno_addr</name>
         <value>0x2000959d</value>
         <object_component_ref idref="oc-420"/>
      </symbol>
      <symbol id="sm-925">
         <name>errno</name>
         <value>0x20017834</value>
         <object_component_ref idref="oc-4c1"/>
      </symbol>
      <symbol id="sm-93e">
         <name>wcslen</name>
         <value>0x20009501</value>
         <object_component_ref idref="oc-41a"/>
      </symbol>
      <symbol id="sm-948">
         <name>__aeabi_idiv0</name>
         <value>0x20007bd7</value>
         <object_component_ref idref="oc-504"/>
      </symbol>
      <symbol id="sm-949">
         <name>__aeabi_ldiv0</name>
         <value>0x20007bd7</value>
         <object_component_ref idref="oc-504"/>
      </symbol>
      <symbol id="sm-953">
         <name>GPIOPinWrite</name>
         <value>0x200092c5</value>
         <object_component_ref idref="oc-1b9"/>
      </symbol>
      <symbol id="sm-9b7">
         <name>I2CMasterDataPut</name>
         <value>0x200093fb</value>
         <object_component_ref idref="oc-24b"/>
      </symbol>
      <symbol id="sm-9b8">
         <name>I2CMasterInitExpClk</name>
         <value>0x200087c1</value>
         <object_component_ref idref="oc-257"/>
      </symbol>
      <symbol id="sm-9b9">
         <name>I2CMasterIntClearEx</name>
         <value>0x200094cb</value>
         <object_component_ref idref="oc-22d"/>
      </symbol>
      <symbol id="sm-9ba">
         <name>I2CMasterSlaveAddrSet</name>
         <value>0x2000923d</value>
         <object_component_ref idref="oc-245"/>
      </symbol>
      <symbol id="sm-9bb">
         <name>I2CMasterDataGet</name>
         <value>0x20009513</value>
         <object_component_ref idref="oc-251"/>
      </symbol>
      <symbol id="sm-9bc">
         <name>I2CMasterErr</name>
         <value>0x200090b7</value>
         <object_component_ref idref="oc-23f"/>
      </symbol>
      <symbol id="sm-9bd">
         <name>I2CMasterTimeoutSet</name>
         <value>0x200094dd</value>
         <object_component_ref idref="oc-233"/>
      </symbol>
      <symbol id="sm-9be">
         <name>I2CMasterControl</name>
         <value>0x200094b9</value>
         <object_component_ref idref="oc-239"/>
      </symbol>
      <symbol id="sm-9bf">
         <name>I2CMasterEnable</name>
         <value>0x20009411</value>
         <object_component_ref idref="oc-362"/>
      </symbol>
      <symbol id="sm-9c0">
         <name>I2CMasterIntStatusEx</name>
         <value>0x20009305</value>
         <object_component_ref idref="oc-227"/>
      </symbol>
      <symbol id="sm-9f7">
         <name>IntVTableBaseSet</name>
         <value>0x2000947d</value>
         <object_component_ref idref="oc-bf"/>
      </symbol>
      <symbol id="sm-9f8">
         <name>IntEnable</name>
         <value>0x20008329</value>
         <object_component_ref idref="oc-cb"/>
      </symbol>
      <symbol id="sm-9f9">
         <name>IntMasterEnable</name>
         <value>0x20009589</value>
         <object_component_ref idref="oc-c5"/>
      </symbol>
      <symbol id="sm-a2e">
         <name>PinTypeI2C</name>
         <value>0x20009341</value>
         <object_component_ref idref="oc-b9"/>
      </symbol>
      <symbol id="sm-a2f">
         <name>PinTypeUART</name>
         <value>0x200093b1</value>
         <object_component_ref idref="oc-b3"/>
      </symbol>
      <symbol id="sm-a30">
         <name>PinConfigSet</name>
         <value>0x2000862d</value>
         <object_component_ref idref="oc-16e"/>
      </symbol>
      <symbol id="sm-a31">
         <name>PinModeSet</name>
         <value>0x20008ebd</value>
         <object_component_ref idref="oc-a7"/>
      </symbol>
      <symbol id="sm-ab7">
         <name>PRCMPeripheralReset</name>
         <value>0x20008c91</value>
         <object_component_ref idref="oc-199"/>
      </symbol>
      <symbol id="sm-ab8">
         <name>PRCMPeripheralClkEnable</name>
         <value>0x20008f7d</value>
         <object_component_ref idref="oc-ad"/>
      </symbol>
      <symbol id="sm-ab9">
         <name>PRCMPeripheralClockGet</name>
         <value>0x20008505</value>
         <object_component_ref idref="oc-1d6"/>
      </symbol>
      <symbol id="sm-aba">
         <name>PRCMCC3200MCUInit</name>
         <value>0x200077ed</value>
         <object_component_ref idref="oc-d1"/>
      </symbol>
      <symbol id="sm-abb">
         <name>PRCMHIBRegWrite</name>
         <value>0x2000943d</value>
         <object_component_ref idref="oc-193"/>
      </symbol>
      <symbol id="sm-abc">
         <name>PRCMSysResetCauseGet</name>
         <value>0x200090e5</value>
         <object_component_ref idref="oc-187"/>
      </symbol>
      <symbol id="sm-abd">
         <name>PRCMPeripheralClkDisable</name>
         <value>0x20009111</value>
         <object_component_ref idref="oc-19f"/>
      </symbol>
      <symbol id="sm-abe">
         <name>PRCMHIBRegRead</name>
         <value>0x20009427</value>
         <object_component_ref idref="oc-18d"/>
      </symbol>
      <symbol id="sm-afa">
         <name>UARTConfigSetExpClk</name>
         <value>0x200089b5</value>
         <object_component_ref idref="oc-1dc"/>
      </symbol>
      <symbol id="sm-afb">
         <name>UARTDisable</name>
         <value>0x20009029</value>
         <object_component_ref idref="oc-2fa"/>
      </symbol>
      <symbol id="sm-afc">
         <name>UARTCharsAvail</name>
         <value>0x200093cb</value>
         <object_component_ref idref="oc-1ee"/>
      </symbol>
      <symbol id="sm-afd">
         <name>UARTCharGetNonBlocking</name>
         <value>0x2000935d</value>
         <object_component_ref idref="oc-1f4"/>
      </symbol>
      <symbol id="sm-afe">
         <name>UARTCharPut</name>
         <value>0x20009323</value>
         <object_component_ref idref="oc-1e2"/>
      </symbol>
      <symbol id="sm-aff">
         <name>UARTEnable</name>
         <value>0x20009189</value>
         <object_component_ref idref="oc-300"/>
      </symbol>
      <symbol id="sm-b03">
         <name>UtilsDelay</name>
         <value>0x200095ad</value>
         <object_component_ref idref="oc-fc"/>
      </symbol>
      <symbol id="sm-b0d">
         <name>CPUcpsie</name>
         <value>0x20009469</value>
         <object_component_ref idref="oc-177"/>
      </symbol>
      <symbol id="sm-b0f">
         <name>__TI_static_base__</name>
         <value>0x20009a80</value>
      </symbol>
      <symbol id="sm-b12">
         <name>__mpu_init</name>
         <value>0x0</value>
      </symbol>
      <symbol id="sm-b13">
         <name>_system_post_cinit</name>
         <value>0x0</value>
      </symbol>
      <symbol id="sm-b14">
         <name>_ZSt17__throw_bad_allocv</name>
         <value>0x200095cd</value>
      </symbol>
   </symbol_table>
   <title>Link successful</title>
</link_info>
