******************************************************************************
                  TI ARM Linker PC v18.12.1                    
******************************************************************************
>> Linked Wed Apr  3 14:13:34 2019

OUTPUT FILE NAME:   <Sensor_Test.out>
ENTRY POINT SYMBOL: "_c_int00_noargs"  address: 200091d1


MEMORY CONFIGURATION

         name            origin    length      used     unused   attr    fill
----------------------  --------  ---------  --------  --------  ----  --------
  SRAM_CODE             20004000   00013000  00005ab4  0000d54c  RW X
  SRAM_DATA             20017000   00019000  00001038  00017fc8  RW X


SEGMENT ALLOCATION MAP

run origin  load origin   length   init length attrs members
----------  ----------- ---------- ----------- ----- -------
20004000    20004000    00005ab8   00005ab8    r-x
  20004000    20004000    00000400   00000400    r-- .intvecs
  20004400    20004400    000051d0   000051d0    r-x .text
  200095d0    200095d0    000004a8   000004a8    r-- .const
  20009a78    20009a78    00000004   00000004    r-- .init_array
  20009a80    20009a80    00000038   00000038    r-- .cinit
20017000    20017000    00000838   00000000    rw-
  20017000    20017000    00000800   00000000    rw- .sysmem
  20017800    20017800    00000024   00000000    rw- .bss
  20017824    20017824    00000014   00000000    rw- .data
2002f800    2002f800    00000800   00000000    rw-
  2002f800    2002f800    00000800   00000000    rw- .stack


SECTION ALLOCATION MAP

 output                                  attributes/
section   page    origin      length       input sections
--------  ----  ----------  ----------   ----------------
.intvecs   0    20004000    00000400     
                  20004000    00000400     startup_ccs.obj (.intvecs)

.init_array 
*          0    20009a78    00000004     
                  20009a78    00000004     main.obj (.init_array)

.text      0    20004400    000051d0     
                  20004400    000017c4     vl53l1x_class.obj (.text)
                  20005bc4    00000a4e     rtsv7M4_T_le_eabi.lib : _printfi.c.obj (.text:__TI_printfi)
                  20006612    00000002                           : stdlib_typeinfo.cpp.obj (.text:_ZNSt9type_infoD1Ev)
                  20006614    000004b8     SparkFun_VL53L1X.obj (.text)
                  20006acc    00000284     i2c_if.obj (.text)
                  20006d50    00000280     uart_if.obj (.text)
                  20006fd0    00000268     rtsv7M4_T_le_eabi.lib : _printfi.c.obj (.text:_pconv_a)
                  20007238    00000230     main.obj (.text)
                  20007468    000001cc     rtsv7M4_T_le_eabi.lib : _printfi.c.obj (.text:_pconv_g)
                  20007634    000001b6                           : fd_add_t2.asm.obj (.text)
                  200077ea    00000002                           : _lock.c.obj (.text:_nop)
                  200077ec    00000178     driverlib.a : prcm.obj (.text:PRCMCC3200MCUInit)
                  20007964    0000013c     rtsv7M4_T_le_eabi.lib : _printfi.c.obj (.text:_pconv_e)
                  20007aa0    00000136                           : fd_div_t2.asm.obj (.text)
                  20007bd6    00000002                           : div0.asm.obj (.text)
                  20007bd8    00000120                           : _printfi.c.obj (.text:fcvt)
                  20007cf8    000000fc                           : fd_mul_t2.asm.obj (.text)
                  20007df4    000000fa                           : fs_add_t2.asm.obj (.text)
                  20007eee    00000002     --HOLE-- [fill = 0]
                  20007ef0    000000f4                           : memory.c.obj (.text:aligned_alloc)
                  20007fe4    000000e8                           : memory.c.obj (.text:free)
                  200080cc    000000d8                           : memory.c.obj (.text:realloc)
                  200081a4    000000d0                           : s_scalbn.c.obj (.text:scalbn)
                  20008274    000000b1                           : _printfi.c.obj (.text:_ltostr)
                  20008325    00000003     --HOLE-- [fill = 0]
                  20008328    000000a8     driverlib.a : interrupt.obj (.text:IntEnable)
                  200083d0    0000009c     rtsv7M4_T_le_eabi.lib : memcpy_t2.asm.obj (.text)
                  2000846c    00000096                           : ull_div_t2.asm.obj (.text)
                  20008502    00000002     --HOLE-- [fill = 0]
                  20008504    00000094     driverlib.a : prcm.obj (.text:PRCMPeripheralClockGet)
                  20008598    00000092     rtsv7M4_T_le_eabi.lib : fs_div_t2.asm.obj (.text)
                  2000862a    00000002     --HOLE-- [fill = 0]
                  2000862c    00000088     driverlib.a : pin.obj (.text:PinConfigSet)
                  200086b4    00000086     rtsv7M4_T_le_eabi.lib : fd_cmp_t2.asm.obj (.text:__aeabi_cdcmple)
                  2000873a    00000086                           : fd_cmp_t2.asm.obj (.text:__aeabi_cdrcmple)
                  200087c0    00000084     driverlib.a : i2c.obj (.text:I2CMasterInitExpClk)
                  20008844    0000007c     rtsv7M4_T_le_eabi.lib : memory.c.obj (.text:split)
                  200088c0    0000007a                           : fs_mul_t2.asm.obj (.text)
                  2000893a    0000007a                           : memset_t2.asm.obj (.text)
                  200089b4    00000076     driverlib.a : uart.obj (.text:UARTConfigSetExpClk)
                  20008a2a    0000006e     rtsv7M4_T_le_eabi.lib : _printfi.c.obj (.text:_mcpy)
                  20008a98    0000006e                           : fd_tos_t2.asm.obj (.text)
                  20008b06    00000068                           : copy_decompress_lzss.c.obj (.text:decompress:lzss:__TI_decompress_lzss)
                  20008b6e    00000002     --HOLE-- [fill = 0]
                  20008b70    00000064     SparkFun_VL53L1X.obj (.text:_ZN7VL53L1XC1Ejmhmh)
                  20008bd4    00000060     rtsv7M4_T_le_eabi.lib : autoinit.c.obj (.text:__TI_auto_init_nobinit:__TI_auto_init_nobinit)
                  20008c34    0000005c                           : s_frexp.c.obj (.text:frexp)
                  20008c90    00000058     driverlib.a : prcm.obj (.text:PRCMPeripheralReset)
                  20008ce8    00000056     rtsv7M4_T_le_eabi.lib : _printfi.c.obj (.text:_pconv_f)
                  20008d3e    00000054                           : ltoa.c.obj (.text:ltoa)
                  20008d92    00000052                           : _printfi.c.obj (.text:_ecpy)
                  20008de4    0000004c                           : atoi.c.obj (.text:atoi)
                  20008e30    00000048                           : fd_toi_t2.asm.obj (.text)
                  20008e78    00000044                           : fd_tou_t2.asm.obj (.text)
                  20008ebc    00000040     driverlib.a : pin.obj (.text:PinModeSet)
                  20008efc    00000040     rtsv7M4_T_le_eabi.lib : vsnprintf.c.obj (.text:vsnprintf)
                  20008f3c    0000003e                           : _printfi.c.obj (.text:_fcpy)
                  20008f7a    00000002     --HOLE-- [fill = 0]
                  20008f7c    0000003c     driverlib.a : prcm.obj (.text:PRCMPeripheralClkEnable)
                  20008fb8    00000038     rtsv7M4_T_le_eabi.lib : fs_tod_t2.asm.obj (.text)
                  20008ff0    00000038                           : fs_toi_t2.asm.obj (.text)
                  20009028    00000030     driverlib.a : uart.obj (.text:UARTDisable)
                  20009058    00000030     rtsv7M4_T_le_eabi.lib : vsnprintf.c.obj (.text:_outs)
                  20009088    0000002e                           : i_tofd_t2.asm.obj (.text)
                  200090b6    0000002c     driverlib.a : i2c.obj (.text:I2CMasterErr)
                  200090e2    00000002     --HOLE-- [fill = 0]
                  200090e4    0000002c                 : prcm.obj (.text:PRCMSysResetCauseGet)
                  20009110    00000028                 : prcm.obj (.text:PRCMPeripheralClkDisable)
                  20009138    00000028     SparkFun_VL53L1X.obj (.text:_ZN7VL53L1X9VL53L1_OnEv)
                  20009160    00000028     rtsv7M4_T_le_eabi.lib : memory.c.obj (.text:free_list_insert)
                  20009188    00000024     driverlib.a : uart.obj (.text:UARTEnable)
                  200091ac    00000024     SparkFun_VL53L1X.obj (.text:_ZN7VL53L1X10VL53L1_OffEv)
                  200091d0    00000024     rtsv7M4_T_le_eabi.lib : boot_cortex_m.c.obj (.text:_c_int00_noargs:_c_int00_noargs)
                  200091f4    00000024                           : memmov.c.obj (.text:memmove)
                  20009218    00000024                           : u_tofs_t2.asm.obj (.text)
                  2000923c    00000022     driverlib.a : i2c.obj (.text:I2CMasterSlaveAddrSet)
                  2000925e    00000022     SparkFun_VL53L1X.obj (.text:_ZN7VL53L1X11GetDistanceEPj)
                  20009280    00000022     SparkFun_VL53L1X.obj (.text:_ZN7VL53L1X6ReadIDEv)
                  200092a2    00000022     rtsv7M4_T_le_eabi.lib : new.cpp.obj (.text:_Znwj)
                  200092c4    00000020     driverlib.a : gpio.obj (.text:GPIOPinWrite)
                  200092e4    00000020     rtsv7M4_T_le_eabi.lib : u_tofd_t2.asm.obj (.text)
                  20009304    0000001e     driverlib.a : i2c.obj (.text:I2CMasterIntStatusEx)
                  20009322    0000001e                 : uart.obj (.text:UARTCharPut)
                  20009340    0000001c                 : pin.obj (.text:PinTypeI2C)
                  2000935c    0000001c                 : uart.obj (.text:UARTCharGetNonBlocking)
                  20009378    0000001c     rtsv7M4_T_le_eabi.lib : memory.c.obj (.text:free_list_remove)
                  20009394    0000001c                           : memccpy.c.obj (.text:memccpy)
                  200093b0    0000001a     driverlib.a : pin.obj (.text:PinTypeUART)
                  200093ca    00000018                 : uart.obj (.text:UARTCharsAvail)
                  200093e2    00000018     rtsv7M4_T_le_eabi.lib : vsnprintf.c.obj (.text:_outc)
                  200093fa    00000016     driverlib.a : i2c.obj (.text:I2CMasterDataPut)
                  20009410    00000016                 : i2c.obj (.text:I2CMasterEnable)
                  20009426    00000016                 : prcm.obj (.text:PRCMHIBRegRead)
                  2000943c    00000016                 : prcm.obj (.text:PRCMHIBRegWrite)
                  20009452    00000016     rtsv7M4_T_le_eabi.lib : strchr.c.obj (.text:strchr)
                  20009468    00000014     driverlib.a : cpu.obj (.text:CPUcpsie)
                  2000947c    00000014                 : interrupt.obj (.text:IntVTableBaseSet)
                  20009490    00000014     SparkFun_VL53L1X.obj (.text:_ZN7VL53L1XD0Ev)
                  200094a4    00000014     rtsv7M4_T_le_eabi.lib : strlen.c.obj (.text:strlen)
                  200094b8    00000012     driverlib.a : i2c.obj (.text:I2CMasterControl)
                  200094ca    00000012                 : i2c.obj (.text:I2CMasterIntClearEx)
                  200094dc    00000012                 : i2c.obj (.text:I2CMasterTimeoutSet)
                  200094ee    00000012     rtsv7M4_T_le_eabi.lib : copy_zero_init.c.obj (.text:decompress:ZI:__TI_zero_init_nomemset:__TI_zero_init_nomemset)
                  20009500    00000012                           : wcslen.c.obj (.text:wcslen)
                  20009512    0000000e     driverlib.a : i2c.obj (.text:I2CMasterDataGet)
                  20009520    0000000e     rtsv7M4_T_le_eabi.lib : typeinfo.c.obj (.text:_ZN10__cxxabiv117__class_type_infoD0Ev)
                  2000952e    0000000e                           : typeinfo.c.obj (.text:_ZN10__cxxabiv120__si_class_type_infoD0Ev)
                  2000953c    0000000e                           : copy_decompress_none.c.obj (.text:decompress:none:__TI_decompress_none)
                  2000954a    0000000e     startup_ccs.obj (.text)
                  20009558    0000000c     SparkFun_VL53L1X.obj (.text:_ZN7VL53L1X4InitEv)
                  20009564    0000000c     SparkFun_VL53L1X.obj (.text:_ZN7VL53L1XD1Ev)
                  20009570    0000000c     rtsv7M4_T_le_eabi.lib : new.cpp.obj (.text:_ZSt15get_new_handlerv)
                  2000957c    0000000c                           : s_copysign.c.obj (.text:copysign)
                  20009588    0000000a     driverlib.a : interrupt.obj (.text:IntMasterEnable)
                  20009592    00000008     rtsv7M4_T_le_eabi.lib : new.cpp.obj (.text:_ZdlPv)
                  2000959a    00000002     --HOLE-- [fill = 0]
                  2000959c    00000008                           : errno.c.obj (.text:__aeabi_errno_addr)
                  200095a4    00000008                           : memory.c.obj (.text:malloc)
                  200095ac    00000006     driverlib.a : utils.obj (.text:UtilsDelay)
                  200095b2    00000006     rtsv7M4_T_le_eabi.lib : pure_virt.c.obj (.text:__cxa_pure_virtual)
                  200095b8    00000004                           : typeinfo.c.obj (.text:_ZN10__cxxabiv117__class_type_infoD1Ev)
                  200095bc    00000004                           : typeinfo.c.obj (.text:_ZN10__cxxabiv120__si_class_type_infoD1Ev)
                  200095c0    00000004                           : new.cpp.obj (.text:_ZdlPvj)
                  200095c4    00000004                           : error.c.obj (.text:__abort_execution)
                  200095c8    00000004                           : pre_init.c.obj (.text:_system_pre_init)
                  200095cc    00000004                           : exit.c.obj (.text:abort:abort)

.const     0    200095d0    000004a8     
                  200095d0    00000101     rtsv7M4_T_le_eabi.lib : ctype.c.obj (.const:.string:_ctypes_)
                  200096d1    00000003     --HOLE-- [fill = 0]
                  200096d4    00000100     driverlib.a : pin.obj (.const:g_ulPinToPadMap)
                  200097d4    000000a8                 : prcm.obj (.const:PRCM_PeriphRegsList)
                  2000987c    00000080                 : interrupt.obj (.const)
                  200098fc    0000005b     vl53l1x_class.obj (.const:.string:VL51L1X_DEFAULT_CONFIGURATION)
                  20009957    00000025     rtsv7M4_T_le_eabi.lib : typeinfo.c.obj (.const:.typeinfo:_ZTSN10__cxxabiv120__si_class_type_infoE)
                  2000997c    00000024     SparkFun_VL53L1X.obj (.const:_ZTV7VL53L1X)
                  200099a0    00000022     rtsv7M4_T_le_eabi.lib : typeinfo.c.obj (.const:.typeinfo:_ZTSN10__cxxabiv117__class_type_infoE)
                  200099c2    00000002     --HOLE-- [fill = 0]
                  200099c4    00000014     SparkFun_VL53L1X.obj (.const:_ZTV11RangeSensor)
                  200099d8    00000012     SparkFun_VL53L1X.obj (.const:.typeinfo:_ZTS15ComponentObject)
                  200099ea    00000002     --HOLE-- [fill = 0]
                  200099ec    00000010     rtsv7M4_T_le_eabi.lib : typeinfo.c.obj (.const:_ZTVN10__cxxabiv117__class_type_infoE)
                  200099fc    00000010                           : typeinfo.c.obj (.const:_ZTVN10__cxxabiv120__si_class_type_infoE)
                  20009a0c    0000000e     SparkFun_VL53L1X.obj (.const:.typeinfo:_ZTS11RangeSensor)
                  20009a1a    0000000d     rtsv7M4_T_le_eabi.lib : stdlib_typeinfo.cpp.obj (.const:.typeinfo:_ZTSSt9type_info)
                  20009a27    00000001     --HOLE-- [fill = 0]
                  20009a28    0000000c     SparkFun_VL53L1X.obj (.const:.typeinfo:_ZTI11RangeSensor)
                  20009a34    0000000c     SparkFun_VL53L1X.obj (.const:.typeinfo:_ZTI7VL53L1X)
                  20009a40    0000000c     rtsv7M4_T_le_eabi.lib : typeinfo.c.obj (.const:.typeinfo:_ZTIN10__cxxabiv117__class_type_infoE)
                  20009a4c    0000000c                           : typeinfo.c.obj (.const:.typeinfo:_ZTIN10__cxxabiv120__si_class_type_infoE)
                  20009a58    00000009     SparkFun_VL53L1X.obj (.const:.typeinfo:_ZTS7VL53L1X)
                  20009a61    00000003     --HOLE-- [fill = 0]
                  20009a64    00000008     SparkFun_VL53L1X.obj (.const:.typeinfo:_ZTI15ComponentObject)
                  20009a6c    00000008     rtsv7M4_T_le_eabi.lib : stdlib_typeinfo.cpp.obj (.const:.typeinfo:_ZTISt9type_info)
                  20009a74    00000004     SparkFun_VL53L1X.obj (.const:$P$T0$1)

.cinit     0    20009a80    00000038     
                  20009a80    0000000d     (.cinit..data.load) [load image, compression = lzss]
                  20009a8d    00000003     --HOLE-- [fill = 0]
                  20009a90    0000000c     (__TI_handler_table)
                  20009a9c    00000004     --HOLE-- [fill = 0]
                  20009aa0    00000008     (.cinit..bss.load) [load image, compression = zero_init]
                  20009aa8    00000010     (__TI_cinit_table)

.sysmem    0    20017000    00000800     UNINITIALIZED
                  20017000    00000010     rtsv7M4_T_le_eabi.lib : memory.c.obj (.sysmem)
                  20017010    000007f0     --HOLE--

.bss       0    20017800    00000024     UNINITIALIZED
                  20017800    0000001c     main.obj (.bss:distanceSensor)
                  2001781c    00000004     rtsv7M4_T_le_eabi.lib : new.cpp.obj (.bss)
                  20017820    00000004     uart_if.obj (.bss)

.data      0    20017824    00000014     UNINITIALIZED
                  20017824    00000008     rtsv7M4_T_le_eabi.lib : _lock.c.obj (.data:$O1$$)
                  2001782c    00000008                           : memory.c.obj (.data:$O1$$)
                  20017834    00000004                           : errno.c.obj (.data)

.stack     0    2002f800    00000800     UNINITIALIZED
                  2002f800    00000004     rtsv7M4_T_le_eabi.lib : boot_cortex_m.c.obj (.stack)
                  2002f804    000007fc     --HOLE--

MODULE SUMMARY

       Module                       code    ro data   rw data
       ------                       ----    -------   -------
    .\
       vl53l1x_class.obj            6084    91        0      
       SparkFun_VL53L1X.obj         1496    133       0      
       startup_ccs.obj              14      1024      0      
       i2c_if.obj                   644     0         0      
       uart_if.obj                  640     0         4      
       main.obj                     560     4         28     
    +--+----------------------------+-------+---------+---------+
       Total:                       9438    1252      32     
                                                             
    D:/ti/CC3200SDK/CC3200SDK_1.3.0/cc3200-sdk/driverlib/ccs/Release/driverlib.a
       prcm.obj                     800     168       0      
       pin.obj                      254     256       0      
       i2c.obj                      352     0         0      
       interrupt.obj                198     128       0      
       uart.obj                     284     0         0      
       gpio.obj                     32      0         0      
       cpu.obj                      20      0         0      
       utils.obj                    6       0         0      
    +--+----------------------------+-------+---------+---------+
       Total:                       1946    552       0      
                                                             
    D:\ti\ccs800\ccsv8\tools\compiler\ti-cgt-arm_18.12.1.LTS\lib\rtsv7M4_T_le_eabi.lib
       _printfi.c.obj               4835    0         0      
       memory.c.obj                 892     0         8      
       fd_add_t2.asm.obj            438     0         0      
       fd_div_t2.asm.obj            310     0         0      
       fd_cmp_t2.asm.obj            268     0         0      
       ctype.c.obj                  0       257       0      
       fd_mul_t2.asm.obj            252     0         0      
       fs_add_t2.asm.obj            250     0         0      
       s_scalbn.c.obj               208     0         0      
       typeinfo.c.obj               36      127       0      
       memcpy_t2.asm.obj            156     0         0      
       ull_div_t2.asm.obj           150     0         0      
       fs_div_t2.asm.obj            146     0         0      
       vsnprintf.c.obj              136     0         0      
       fs_mul_t2.asm.obj            122     0         0      
       memset_t2.asm.obj            122     0         0      
       fd_tos_t2.asm.obj            110     0         0      
       copy_decompress_lzss.c.obj   104     0         0      
       autoinit.c.obj               96      0         0      
       s_frexp.c.obj                92      0         0      
       ltoa.c.obj                   84      0         0      
       atoi.c.obj                   76      0         0      
       fd_toi_t2.asm.obj            72      0         0      
       fd_tou_t2.asm.obj            68      0         0      
       new.cpp.obj                  58      0         4      
       fs_tod_t2.asm.obj            56      0         0      
       fs_toi_t2.asm.obj            56      0         0      
       i_tofd_t2.asm.obj            46      0         0      
       boot_cortex_m.c.obj          36      0         0      
       memmov.c.obj                 36      0         0      
       u_tofs_t2.asm.obj            36      0         0      
       u_tofd_t2.asm.obj            32      0         0      
       memccpy.c.obj                28      0         0      
       stdlib_typeinfo.cpp.obj      2       21        0      
       strchr.c.obj                 22      0         0      
       strlen.c.obj                 20      0         0      
       copy_zero_init.c.obj         18      0         0      
       wcslen.c.obj                 18      0         0      
       copy_decompress_none.c.obj   14      0         0      
       errno.c.obj                  8       0         4      
       s_copysign.c.obj             12      0         0      
       _lock.c.obj                  2       0         8      
       pure_virt.c.obj              6       0         0      
       error.c.obj                  4       0         0      
       exit.c.obj                   4       0         0      
       pre_init.c.obj               4       0         0      
       div0.asm.obj                 2       0         0      
    +--+----------------------------+-------+---------+---------+
       Total:                       9543    405       24     
                                                             
       Heap:                        0       0         2048   
       Stack:                       0       0         2048   
       Linker Generated:            0       49        0      
    +--+----------------------------+-------+---------+---------+
       Grand Total:                 20927   2258      4152   


LINKER GENERATED COPY TABLES

__TI_cinit_table @ 20009aa8 records: 2, size/record: 8, table size: 16
	.data: load addr=20009a80, load size=0000000d bytes, run addr=20017824, run size=00000014 bytes, compression=lzss
	.bss: load addr=20009aa0, load size=00000008 bytes, run addr=20017800, run size=00000024 bytes, compression=zero_init


LINKER GENERATED HANDLER TABLE

__TI_handler_table @ 20009a90 records: 3, size/record: 4, table size: 12
	index: 0, handler: __TI_decompress_lzss
	index: 1, handler: __TI_decompress_none
	index: 2, handler: __TI_zero_init


GLOBAL SYMBOLS: SORTED ALPHABETICALLY BY Name 

address   name                                                    
-------   ----                                                    
200095cd  C$$EXIT                                                 
20009469  CPUcpsie                                                
20006d91  ClearTerm                                               
20006d9b  Error                                                   
200092c5  GPIOPinWrite                                            
20006dd3  GetCmd                                                  
200094b9  I2CMasterControl                                        
20009513  I2CMasterDataGet                                        
200093fb  I2CMasterDataPut                                        
20009411  I2CMasterEnable                                         
200090b7  I2CMasterErr                                            
200087c1  I2CMasterInitExpClk                                     
200094cb  I2CMasterIntClearEx                                     
20009305  I2CMasterIntStatusEx                                    
2000923d  I2CMasterSlaveAddrSet                                   
200094dd  I2CMasterTimeoutSet                                     
20006d3b  I2C_IF_Close                                            
20006cf3  I2C_IF_Open                                             
20006bf1  I2C_IF_Read                                             
20006cad  I2C_IF_ReadFrom                                         
20006b41  I2C_IF_Write                                            
20006d51  InitTerm                                                
20008329  IntEnable                                               
20009589  IntMasterEnable                                         
2000947d  IntVTableBaseSet                                        
20006d6f  Message                                                 
200077ed  PRCMCC3200MCUInit                                       
20009427  PRCMHIBRegRead                                          
2000943d  PRCMHIBRegWrite                                         
20009111  PRCMPeripheralClkDisable                                
20008f7d  PRCMPeripheralClkEnable                                 
20008505  PRCMPeripheralClockGet                                  
20008c91  PRCMPeripheralReset                                     
200090e5  PRCMSysResetCauseGet                                    
2000862d  PinConfigSet                                            
20008ebd  PinModeSet                                              
20009341  PinTypeI2C                                              
200093b1  PinTypeUART                                             
20006f11  Report                                                  
2000954b  ResetISR                                                
20009a78  SHT$$INIT_ARRAY$$Base                                   
20009a7c  SHT$$INIT_ARRAY$$Limit                                  
20006e79  TrimSpace                                               
2000935d  UARTCharGetNonBlocking                                  
20009323  UARTCharPut                                             
200093cb  UARTCharsAvail                                          
200089b5  UARTConfigSetExpClk                                     
20009029  UARTDisable                                             
20009189  UARTEnable                                              
200095ad  UtilsDelay                                              
20007239  _Z12PinMuxConfigv                                       
200072fd  _Z13GetSensorDatav                                      
20006885  _ZN10SFEVL53L1X11getDistanceEv                          
20006871  _ZN10SFEVL53L1X11getSensorIDEv                          
200067a7  _ZN10SFEVL53L1X11stopRangingEv                          
20006799  _ZN10SFEVL53L1X12startRangingEv                         
20006749  _ZN10SFEVL53L1X13getI2CAddressEv                        
200068c1  _ZN10SFEVL53L1X13getSignalRateEv                        
2000672b  _ZN10SFEVL53L1X13setI2CAddressEh                        
20006aa9  _ZN10SFEVL53L1X14calibrateXTalkEt                       
20006857  _ZN10SFEVL53L1X14checkBootStateEv                       
20006757  _ZN10SFEVL53L1X14clearInterruptEv                       
200068e9  _ZN10SFEVL53L1X14getAmbientRateEv                       
200068fd  _ZN10SFEVL53L1X14getRangeStatusEv                       
20006a85  _ZN10SFEVL53L1X15calibrateOffsetEt                      
20006819  _ZN10SFEVL53L1X15getDistanceModeEv                      
20006899  _ZN10SFEVL53L1X16getSignalPerSpadEv                     
200067b5  _ZN10SFEVL53L1X17checkForDataReadyEv                    
200068ad  _ZN10SFEVL53L1X17getAmbientPerSpadEv                    
20006a63  _ZN10SFEVL53L1X17getSigmaThresholdEv                    
20006a4d  _ZN10SFEVL53L1X17setSigmaThresholdEt                    
20006a39  _ZN10SFEVL53L1X18getSignalThresholdEv                   
2000670f  _ZN10SFEVL53L1X18getSoftwareVersionEv                   
20006a23  _ZN10SFEVL53L1X18setSignalThresholdEt                   
200067e5  _ZN10SFEVL53L1X19getTimingBudgetInMsEv                  
200067f9  _ZN10SFEVL53L1X19setDistanceModeLongEv                  
200067cf  _ZN10SFEVL53L1X19setTimingBudgetInMsEt                  
20006785  _ZN10SFEVL53L1X20getInterruptPolarityEv                 
20006809  _ZN10SFEVL53L1X20setDistanceModeShortEv                 
20006965  _ZN10SFEVL53L1X20setDistanceThresholdEtth               
20006a77  _ZN10SFEVL53L1X22startTemperatureUpdateEv               
200069ad  _ZN10SFEVL53L1X23getDistanceThresholdLowEv              
20006775  _ZN10SFEVL53L1X23setInterruptPolarityLowEv              
200069c1  _ZN10SFEVL53L1X24getDistanceThresholdHighEv             
20006765  _ZN10SFEVL53L1X24setInterruptPolarityHighEv             
20006843  _ZN10SFEVL53L1X25getIntermeasurementPeriodEv            
2000682d  _ZN10SFEVL53L1X25setIntermeasurementPeriodEt            
20006999  _ZN10SFEVL53L1X26getDistanceThresholdWindowEv           
2000667f  _ZN10SFEVL53L1X4initEv                                  
20006695  _ZN10SFEVL53L1X5beginEv                                 
200069d5  _ZN10SFEVL53L1X6setROIEtt                               
200066ab  _ZN10SFEVL53L1X7checkIDEv                               
200069f3  _ZN10SFEVL53L1X7getROIXEv                               
20006a0b  _ZN10SFEVL53L1X7getROIYEv                               
20006951  _ZN10SFEVL53L1X8getXTalkEv                              
200066cd  _ZN10SFEVL53L1X8sensorOnEv                              
2000693b  _ZN10SFEVL53L1X8setXTalkEt                              
20006927  _ZN10SFEVL53L1X9getOffsetEv                             
200068d5  _ZN10SFEVL53L1X9getSpadNbEv                             
200066ef  _ZN10SFEVL53L1X9sensorOffEv                             
20006911  _ZN10SFEVL53L1X9setOffsetEs                             
20006615  _ZN10SFEVL53L1XC1Ejmhmh                                 
20006615  _ZN10SFEVL53L1XC2Ejmhmh                                 
20009521  _ZN10__cxxabiv117__class_type_infoD0Ev                  
200095b9  _ZN10__cxxabiv117__class_type_infoD1Ev                  
200095b9  _ZN10__cxxabiv117__class_type_infoD2Ev                  
2000952f  _ZN10__cxxabiv120__si_class_type_infoD0Ev               
200095bd  _ZN10__cxxabiv120__si_class_type_infoD1Ev               
200095bd  _ZN10__cxxabiv120__si_class_type_infoD2Ev               
200091ad  _ZN7VL53L1X10VL53L1_OffEv                               
2000925f  _ZN7VL53L1X11GetDistanceEPj                             
20005721  _ZN7VL53L1X13VL53L1_RdByteEP12VL53L1_Dev_ttPh           
20005757  _ZN7VL53L1X13VL53L1_RdWordEP12VL53L1_Dev_ttPt           
20005adf  _ZN7VL53L1X13VL53L1_WaitMsEP12VL53L1_Dev_ti             
20005ac1  _ZN7VL53L1X13VL53L1_WaitUsEP12VL53L1_Dev_ti             
20005651  _ZN7VL53L1X13VL53L1_WrByteEP12VL53L1_Dev_tth            
20005683  _ZN7VL53L1X13VL53L1_WrWordEP12VL53L1_Dev_ttt            
2000519b  _ZN7VL53L1X14VL53L1X_SetROIEtt                          
200059a3  _ZN7VL53L1X14VL53L1_I2CReadEhtPht                       
200057a7  _ZN7VL53L1X14VL53L1_RdDWordEP12VL53L1_Dev_ttPj          
200056c9  _ZN7VL53L1X14VL53L1_WrDWordEP12VL53L1_Dev_ttj           
200058e1  _ZN7VL53L1X15VL53L1_I2CWriteEhtPht                      
20005029  _ZN7VL53L1X16VL53L1X_GetXtalkEPt                        
20004fc9  _ZN7VL53L1X16VL53L1X_SetXtalkEt                         
200058a5  _ZN7VL53L1X16VL53L1_ReadMultiEP12VL53L1_Dev_ttPhj       
20004c23  _ZN7VL53L1X17VL53L1X_BootStateEPh                       
20004f89  _ZN7VL53L1X17VL53L1X_GetOffsetEPs                       
2000522f  _ZN7VL53L1X17VL53L1X_GetROI_XYEPtS0_                    
20004dd5  _ZN7VL53L1X17VL53L1X_GetSpadNbEPt                       
20004f3f  _ZN7VL53L1X17VL53L1X_SetOffsetEs                        
2000580d  _ZN7VL53L1X17VL53L1_UpdateByteEP12VL53L1_Dev_tthh       
20005875  _ZN7VL53L1X17VL53L1_WriteMultiEP12VL53L1_Dev_ttPhj      
200044d7  _ZN7VL53L1X18VL53L1X_SensorInitEv                       
20004c8b  _ZN7VL53L1X19VL53L1X_GetDistanceEPt                     
20004c57  _ZN7VL53L1X19VL53L1X_GetSensorIdEPt                     
20004681  _ZN7VL53L1X19VL53L1X_StopRangingEv                      
20005aa5  _ZN7VL53L1X19VL53L1_GetTickCountEPj                     
20004475  _ZN7VL53L1X20VL53L1X_GetSWVersionEP17VL53L1X_Version_t  
2000465f  _ZN7VL53L1X20VL53L1X_StartRangingEv                     
20004da7  _ZN7VL53L1X21VL53L1X_GetSignalRateEPt                   
200044a3  _ZN7VL53L1X21VL53L1X_SetI2CAddressEh                    
200054e5  _ZN7VL53L1X22VL53L1X_CalibrateXtalkEtPt                 
20004593  _ZN7VL53L1X22VL53L1X_ClearInterruptEv                   
20004e03  _ZN7VL53L1X22VL53L1X_GetAmbientRateEPt                  
20004e41  _ZN7VL53L1X22VL53L1X_GetRangeStatusEPh                  
20005af5  _ZN7VL53L1X22VL53L1_WaitValueMaskExEP12VL53L1_Dev_tjthhj
200053d7  _ZN7VL53L1X23VL53L1X_CalibrateOffsetEtPs                
20004b07  _ZN7VL53L1X23VL53L1X_GetDistanceModeEPt                 
200049e5  _ZN7VL53L1X23VL53L1X_SetDistanceModeEt                  
20004cb7  _ZN7VL53L1X24VL53L1X_GetSignalPerSpadEPt                
200046a3  _ZN7VL53L1X25VL53L1X_CheckForDataReadyEPh               
20004d2f  _ZN7VL53L1X25VL53L1X_GetAmbientPerSpadEPt               
2000530b  _ZN7VL53L1X25VL53L1X_GetSigmaThresholdEPt               
200052cf  _ZN7VL53L1X25VL53L1X_SetSigmaThresholdEt                
200052a1  _ZN7VL53L1X26VL53L1X_GetSignalThresholdEPt              
2000527b  _ZN7VL53L1X26VL53L1X_SetSignalThresholdEt               
2000492f  _ZN7VL53L1X27VL53L1X_GetTimingBudgetInMsEPt             
20004701  _ZN7VL53L1X27VL53L1X_SetTimingBudgetInMsEt              
20004617  _ZN7VL53L1X28VL53L1X_GetInterruptPolarityEPh            
2000505d  _ZN7VL53L1X28VL53L1X_SetDistanceThresholdEtthh          
200045b5  _ZN7VL53L1X28VL53L1X_SetInterruptPolarityEh             
20005339  _ZN7VL53L1X30VL53L1X_StartTemperatureUpdateEv           
20005143  _ZN7VL53L1X31VL53L1X_GetDistanceThresholdLowEPt         
20004ba3  _ZN7VL53L1X31VL53L1X_GetInterMeasurementInMsEPt         
20004b47  _ZN7VL53L1X31VL53L1X_SetInterMeasurementInMsEt          
2000516f  _ZN7VL53L1X32VL53L1X_GetDistanceThresholdHighEPt        
20005111  _ZN7VL53L1X34VL53L1X_GetDistanceThresholdWindowEPt      
20009559  _ZN7VL53L1X4InitEv                                      
20009281  _ZN7VL53L1X6ReadIDEv                                    
20009139  _ZN7VL53L1X9VL53L1_OnEv                                 
20008b71  _ZN7VL53L1XC1Ejmhmh                                     
20009491  _ZN7VL53L1XD0Ev                                         
20009565  _ZN7VL53L1XD1Ev                                         
20006613  _ZNSt9type_infoD1Ev                                     
20006613  _ZNSt9type_infoD2Ev                                     
20009571  _ZSt15get_new_handlerv                                  
200095cd  _ZSt17__throw_bad_allocv                                
20009a28  _ZTI11RangeSensor                                       
20009a64  _ZTI15ComponentObject                                   
20009a34  _ZTI7VL53L1X                                            
20009a40  _ZTIN10__cxxabiv117__class_type_infoE                   
20009a4c  _ZTIN10__cxxabiv120__si_class_type_infoE                
20009a6c  _ZTISt9type_info                                        
20009a0c  _ZTS11RangeSensor                                       
200099d8  _ZTS15ComponentObject                                   
20009a58  _ZTS7VL53L1X                                            
200099a0  _ZTSN10__cxxabiv117__class_type_infoE                   
20009957  _ZTSN10__cxxabiv120__si_class_type_infoE                
20009a1a  _ZTSSt9type_info                                        
200099c4  _ZTV11RangeSensor                                       
2000997c  _ZTV7VL53L1X                                            
200099ec  _ZTVN10__cxxabiv117__class_type_infoE                   
200099fc  _ZTVN10__cxxabiv120__si_class_type_infoE                
20009593  _ZdlPv                                                  
200095c1  _ZdlPvj                                                 
200092a3  _Znwj                                                   
20030000  __STACK_END                                             
00000800  __STACK_SIZE                                            
00000800  __SYSMEM_SIZE                                           
20009aa8  __TI_CINIT_Base                                         
20009ab8  __TI_CINIT_Limit                                        
20009a90  __TI_Handler_Table_Base                                 
20009a9c  __TI_Handler_Table_Limit                                
20008bd5  __TI_auto_init_nobinit                                  
20008b07  __TI_decompress_lzss                                    
2000953d  __TI_decompress_none                                    
ffffffff  __TI_pprof_out_hndl                                     
20005bc5  __TI_printfi                                            
ffffffff  __TI_prof_data_size                                     
ffffffff  __TI_prof_data_start                                    
20009a80  __TI_static_base__                                      
200094ef  __TI_zero_init_nomemset                                 
200095c5  __abort_execution                                       
200086b5  __aeabi_cdcmpeq                                         
200086b5  __aeabi_cdcmple                                         
2000873b  __aeabi_cdrcmple                                        
20008a99  __aeabi_d2f                                             
20008e31  __aeabi_d2iz                                            
20008e79  __aeabi_d2uiz                                           
2000763f  __aeabi_dadd                                            
20007aa1  __aeabi_ddiv                                            
20007cf9  __aeabi_dmul                                            
20007635  __aeabi_dsub                                            
2000959d  __aeabi_errno_addr                                      
20008fb9  __aeabi_f2d                                             
20008ff1  __aeabi_f2iz                                            
20007df9  __aeabi_fadd                                            
20008599  __aeabi_fdiv                                            
200088c1  __aeabi_fmul                                            
20007df5  __aeabi_fsub                                            
20009089  __aeabi_i2d                                             
20007bd7  __aeabi_idiv0                                           
20007bd7  __aeabi_ldiv0                                           
2000893b  __aeabi_memclr                                          
2000893b  __aeabi_memclr4                                         
2000893b  __aeabi_memclr8                                         
200083d1  __aeabi_memcpy                                          
200083d1  __aeabi_memcpy4                                         
200083d1  __aeabi_memcpy8                                         
2000893d  __aeabi_memset                                          
2000893d  __aeabi_memset4                                         
2000893d  __aeabi_memset8                                         
200092e5  __aeabi_ui2d                                            
20009219  __aeabi_ui2f                                            
2000846d  __aeabi_uldivmod                                        
ffffffff  __binit__                                               
ffffffff  __c_args__                                              
200095b3  __cxa_pure_virtual                                      
UNDEFED   __mpu_init                                              
2002f800  __stack                                                 
200073a3  __sti___8_main_cpp_36b080ae                             
200091d1  _c_int00_noargs                                         
200095d0  _ctypes_                                                
20017824  _lock                                                   
200077eb  _nop                                                    
20017000  _sys_memory                                             
UNDEFED   _system_post_cinit                                      
200095c9  _system_pre_init                                        
20017828  _unlock                                                 
200095cd  abort                                                   
20007ef1  aligned_alloc                                           
20008de5  atoi                                                    
ffffffff  binit                                                   
2000957d  copysign                                                
2000957d  copysignl                                               
20017800  distanceSensor                                          
20017834  errno                                                   
20007fe5  free                                                    
20008c35  frexp                                                   
20008c35  frexpl                                                  
20004000  g_pfnVectors                                            
200081a5  ldexp                                                   
200081a5  ldexpl                                                  
20008d3f  ltoa                                                    
20007371  main                                                    
200095a5  malloc                                                  
20007ef1  memalign                                                
20009395  memccpy                                                 
200083d1  memcpy                                                  
200091f5  memmove                                                 
20008943  memset                                                  
200080cd  realloc                                                 
200081a5  scalbn                                                  
200081a5  scalbnl                                                 
20009453  strchr                                                  
200094a5  strlen                                                  
20008efd  vsnprintf                                               
20009501  wcslen                                                  


GLOBAL SYMBOLS: SORTED BY Symbol Address 

address   name                                                    
-------   ----                                                    
00000800  __STACK_SIZE                                            
00000800  __SYSMEM_SIZE                                           
20004000  g_pfnVectors                                            
20004475  _ZN7VL53L1X20VL53L1X_GetSWVersionEP17VL53L1X_Version_t  
200044a3  _ZN7VL53L1X21VL53L1X_SetI2CAddressEh                    
200044d7  _ZN7VL53L1X18VL53L1X_SensorInitEv                       
20004593  _ZN7VL53L1X22VL53L1X_ClearInterruptEv                   
200045b5  _ZN7VL53L1X28VL53L1X_SetInterruptPolarityEh             
20004617  _ZN7VL53L1X28VL53L1X_GetInterruptPolarityEPh            
2000465f  _ZN7VL53L1X20VL53L1X_StartRangingEv                     
20004681  _ZN7VL53L1X19VL53L1X_StopRangingEv                      
200046a3  _ZN7VL53L1X25VL53L1X_CheckForDataReadyEPh               
20004701  _ZN7VL53L1X27VL53L1X_SetTimingBudgetInMsEt              
2000492f  _ZN7VL53L1X27VL53L1X_GetTimingBudgetInMsEPt             
200049e5  _ZN7VL53L1X23VL53L1X_SetDistanceModeEt                  
20004b07  _ZN7VL53L1X23VL53L1X_GetDistanceModeEPt                 
20004b47  _ZN7VL53L1X31VL53L1X_SetInterMeasurementInMsEt          
20004ba3  _ZN7VL53L1X31VL53L1X_GetInterMeasurementInMsEPt         
20004c23  _ZN7VL53L1X17VL53L1X_BootStateEPh                       
20004c57  _ZN7VL53L1X19VL53L1X_GetSensorIdEPt                     
20004c8b  _ZN7VL53L1X19VL53L1X_GetDistanceEPt                     
20004cb7  _ZN7VL53L1X24VL53L1X_GetSignalPerSpadEPt                
20004d2f  _ZN7VL53L1X25VL53L1X_GetAmbientPerSpadEPt               
20004da7  _ZN7VL53L1X21VL53L1X_GetSignalRateEPt                   
20004dd5  _ZN7VL53L1X17VL53L1X_GetSpadNbEPt                       
20004e03  _ZN7VL53L1X22VL53L1X_GetAmbientRateEPt                  
20004e41  _ZN7VL53L1X22VL53L1X_GetRangeStatusEPh                  
20004f3f  _ZN7VL53L1X17VL53L1X_SetOffsetEs                        
20004f89  _ZN7VL53L1X17VL53L1X_GetOffsetEPs                       
20004fc9  _ZN7VL53L1X16VL53L1X_SetXtalkEt                         
20005029  _ZN7VL53L1X16VL53L1X_GetXtalkEPt                        
2000505d  _ZN7VL53L1X28VL53L1X_SetDistanceThresholdEtthh          
20005111  _ZN7VL53L1X34VL53L1X_GetDistanceThresholdWindowEPt      
20005143  _ZN7VL53L1X31VL53L1X_GetDistanceThresholdLowEPt         
2000516f  _ZN7VL53L1X32VL53L1X_GetDistanceThresholdHighEPt        
2000519b  _ZN7VL53L1X14VL53L1X_SetROIEtt                          
2000522f  _ZN7VL53L1X17VL53L1X_GetROI_XYEPtS0_                    
2000527b  _ZN7VL53L1X26VL53L1X_SetSignalThresholdEt               
200052a1  _ZN7VL53L1X26VL53L1X_GetSignalThresholdEPt              
200052cf  _ZN7VL53L1X25VL53L1X_SetSigmaThresholdEt                
2000530b  _ZN7VL53L1X25VL53L1X_GetSigmaThresholdEPt               
20005339  _ZN7VL53L1X30VL53L1X_StartTemperatureUpdateEv           
200053d7  _ZN7VL53L1X23VL53L1X_CalibrateOffsetEtPs                
200054e5  _ZN7VL53L1X22VL53L1X_CalibrateXtalkEtPt                 
20005651  _ZN7VL53L1X13VL53L1_WrByteEP12VL53L1_Dev_tth            
20005683  _ZN7VL53L1X13VL53L1_WrWordEP12VL53L1_Dev_ttt            
200056c9  _ZN7VL53L1X14VL53L1_WrDWordEP12VL53L1_Dev_ttj           
20005721  _ZN7VL53L1X13VL53L1_RdByteEP12VL53L1_Dev_ttPh           
20005757  _ZN7VL53L1X13VL53L1_RdWordEP12VL53L1_Dev_ttPt           
200057a7  _ZN7VL53L1X14VL53L1_RdDWordEP12VL53L1_Dev_ttPj          
2000580d  _ZN7VL53L1X17VL53L1_UpdateByteEP12VL53L1_Dev_tthh       
20005875  _ZN7VL53L1X17VL53L1_WriteMultiEP12VL53L1_Dev_ttPhj      
200058a5  _ZN7VL53L1X16VL53L1_ReadMultiEP12VL53L1_Dev_ttPhj       
200058e1  _ZN7VL53L1X15VL53L1_I2CWriteEhtPht                      
200059a3  _ZN7VL53L1X14VL53L1_I2CReadEhtPht                       
20005aa5  _ZN7VL53L1X19VL53L1_GetTickCountEPj                     
20005ac1  _ZN7VL53L1X13VL53L1_WaitUsEP12VL53L1_Dev_ti             
20005adf  _ZN7VL53L1X13VL53L1_WaitMsEP12VL53L1_Dev_ti             
20005af5  _ZN7VL53L1X22VL53L1_WaitValueMaskExEP12VL53L1_Dev_tjthhj
20005bc5  __TI_printfi                                            
20006613  _ZNSt9type_infoD1Ev                                     
20006613  _ZNSt9type_infoD2Ev                                     
20006615  _ZN10SFEVL53L1XC1Ejmhmh                                 
20006615  _ZN10SFEVL53L1XC2Ejmhmh                                 
2000667f  _ZN10SFEVL53L1X4initEv                                  
20006695  _ZN10SFEVL53L1X5beginEv                                 
200066ab  _ZN10SFEVL53L1X7checkIDEv                               
200066cd  _ZN10SFEVL53L1X8sensorOnEv                              
200066ef  _ZN10SFEVL53L1X9sensorOffEv                             
2000670f  _ZN10SFEVL53L1X18getSoftwareVersionEv                   
2000672b  _ZN10SFEVL53L1X13setI2CAddressEh                        
20006749  _ZN10SFEVL53L1X13getI2CAddressEv                        
20006757  _ZN10SFEVL53L1X14clearInterruptEv                       
20006765  _ZN10SFEVL53L1X24setInterruptPolarityHighEv             
20006775  _ZN10SFEVL53L1X23setInterruptPolarityLowEv              
20006785  _ZN10SFEVL53L1X20getInterruptPolarityEv                 
20006799  _ZN10SFEVL53L1X12startRangingEv                         
200067a7  _ZN10SFEVL53L1X11stopRangingEv                          
200067b5  _ZN10SFEVL53L1X17checkForDataReadyEv                    
200067cf  _ZN10SFEVL53L1X19setTimingBudgetInMsEt                  
200067e5  _ZN10SFEVL53L1X19getTimingBudgetInMsEv                  
200067f9  _ZN10SFEVL53L1X19setDistanceModeLongEv                  
20006809  _ZN10SFEVL53L1X20setDistanceModeShortEv                 
20006819  _ZN10SFEVL53L1X15getDistanceModeEv                      
2000682d  _ZN10SFEVL53L1X25setIntermeasurementPeriodEt            
20006843  _ZN10SFEVL53L1X25getIntermeasurementPeriodEv            
20006857  _ZN10SFEVL53L1X14checkBootStateEv                       
20006871  _ZN10SFEVL53L1X11getSensorIDEv                          
20006885  _ZN10SFEVL53L1X11getDistanceEv                          
20006899  _ZN10SFEVL53L1X16getSignalPerSpadEv                     
200068ad  _ZN10SFEVL53L1X17getAmbientPerSpadEv                    
200068c1  _ZN10SFEVL53L1X13getSignalRateEv                        
200068d5  _ZN10SFEVL53L1X9getSpadNbEv                             
200068e9  _ZN10SFEVL53L1X14getAmbientRateEv                       
200068fd  _ZN10SFEVL53L1X14getRangeStatusEv                       
20006911  _ZN10SFEVL53L1X9setOffsetEs                             
20006927  _ZN10SFEVL53L1X9getOffsetEv                             
2000693b  _ZN10SFEVL53L1X8setXTalkEt                              
20006951  _ZN10SFEVL53L1X8getXTalkEv                              
20006965  _ZN10SFEVL53L1X20setDistanceThresholdEtth               
20006999  _ZN10SFEVL53L1X26getDistanceThresholdWindowEv           
200069ad  _ZN10SFEVL53L1X23getDistanceThresholdLowEv              
200069c1  _ZN10SFEVL53L1X24getDistanceThresholdHighEv             
200069d5  _ZN10SFEVL53L1X6setROIEtt                               
200069f3  _ZN10SFEVL53L1X7getROIXEv                               
20006a0b  _ZN10SFEVL53L1X7getROIYEv                               
20006a23  _ZN10SFEVL53L1X18setSignalThresholdEt                   
20006a39  _ZN10SFEVL53L1X18getSignalThresholdEv                   
20006a4d  _ZN10SFEVL53L1X17setSigmaThresholdEt                    
20006a63  _ZN10SFEVL53L1X17getSigmaThresholdEv                    
20006a77  _ZN10SFEVL53L1X22startTemperatureUpdateEv               
20006a85  _ZN10SFEVL53L1X15calibrateOffsetEt                      
20006aa9  _ZN10SFEVL53L1X14calibrateXTalkEt                       
20006b41  I2C_IF_Write                                            
20006bf1  I2C_IF_Read                                             
20006cad  I2C_IF_ReadFrom                                         
20006cf3  I2C_IF_Open                                             
20006d3b  I2C_IF_Close                                            
20006d51  InitTerm                                                
20006d6f  Message                                                 
20006d91  ClearTerm                                               
20006d9b  Error                                                   
20006dd3  GetCmd                                                  
20006e79  TrimSpace                                               
20006f11  Report                                                  
20007239  _Z12PinMuxConfigv                                       
200072fd  _Z13GetSensorDatav                                      
20007371  main                                                    
200073a3  __sti___8_main_cpp_36b080ae                             
20007635  __aeabi_dsub                                            
2000763f  __aeabi_dadd                                            
200077eb  _nop                                                    
200077ed  PRCMCC3200MCUInit                                       
20007aa1  __aeabi_ddiv                                            
20007bd7  __aeabi_idiv0                                           
20007bd7  __aeabi_ldiv0                                           
20007cf9  __aeabi_dmul                                            
20007df5  __aeabi_fsub                                            
20007df9  __aeabi_fadd                                            
20007ef1  aligned_alloc                                           
20007ef1  memalign                                                
20007fe5  free                                                    
200080cd  realloc                                                 
200081a5  ldexp                                                   
200081a5  ldexpl                                                  
200081a5  scalbn                                                  
200081a5  scalbnl                                                 
20008329  IntEnable                                               
200083d1  __aeabi_memcpy                                          
200083d1  __aeabi_memcpy4                                         
200083d1  __aeabi_memcpy8                                         
200083d1  memcpy                                                  
2000846d  __aeabi_uldivmod                                        
20008505  PRCMPeripheralClockGet                                  
20008599  __aeabi_fdiv                                            
2000862d  PinConfigSet                                            
200086b5  __aeabi_cdcmpeq                                         
200086b5  __aeabi_cdcmple                                         
2000873b  __aeabi_cdrcmple                                        
200087c1  I2CMasterInitExpClk                                     
200088c1  __aeabi_fmul                                            
2000893b  __aeabi_memclr                                          
2000893b  __aeabi_memclr4                                         
2000893b  __aeabi_memclr8                                         
2000893d  __aeabi_memset                                          
2000893d  __aeabi_memset4                                         
2000893d  __aeabi_memset8                                         
20008943  memset                                                  
200089b5  UARTConfigSetExpClk                                     
20008a99  __aeabi_d2f                                             
20008b07  __TI_decompress_lzss                                    
20008b71  _ZN7VL53L1XC1Ejmhmh                                     
20008bd5  __TI_auto_init_nobinit                                  
20008c35  frexp                                                   
20008c35  frexpl                                                  
20008c91  PRCMPeripheralReset                                     
20008d3f  ltoa                                                    
20008de5  atoi                                                    
20008e31  __aeabi_d2iz                                            
20008e79  __aeabi_d2uiz                                           
20008ebd  PinModeSet                                              
20008efd  vsnprintf                                               
20008f7d  PRCMPeripheralClkEnable                                 
20008fb9  __aeabi_f2d                                             
20008ff1  __aeabi_f2iz                                            
20009029  UARTDisable                                             
20009089  __aeabi_i2d                                             
200090b7  I2CMasterErr                                            
200090e5  PRCMSysResetCauseGet                                    
20009111  PRCMPeripheralClkDisable                                
20009139  _ZN7VL53L1X9VL53L1_OnEv                                 
20009189  UARTEnable                                              
200091ad  _ZN7VL53L1X10VL53L1_OffEv                               
200091d1  _c_int00_noargs                                         
200091f5  memmove                                                 
20009219  __aeabi_ui2f                                            
2000923d  I2CMasterSlaveAddrSet                                   
2000925f  _ZN7VL53L1X11GetDistanceEPj                             
20009281  _ZN7VL53L1X6ReadIDEv                                    
200092a3  _Znwj                                                   
200092c5  GPIOPinWrite                                            
200092e5  __aeabi_ui2d                                            
20009305  I2CMasterIntStatusEx                                    
20009323  UARTCharPut                                             
20009341  PinTypeI2C                                              
2000935d  UARTCharGetNonBlocking                                  
20009395  memccpy                                                 
200093b1  PinTypeUART                                             
200093cb  UARTCharsAvail                                          
200093fb  I2CMasterDataPut                                        
20009411  I2CMasterEnable                                         
20009427  PRCMHIBRegRead                                          
2000943d  PRCMHIBRegWrite                                         
20009453  strchr                                                  
20009469  CPUcpsie                                                
2000947d  IntVTableBaseSet                                        
20009491  _ZN7VL53L1XD0Ev                                         
200094a5  strlen                                                  
200094b9  I2CMasterControl                                        
200094cb  I2CMasterIntClearEx                                     
200094dd  I2CMasterTimeoutSet                                     
200094ef  __TI_zero_init_nomemset                                 
20009501  wcslen                                                  
20009513  I2CMasterDataGet                                        
20009521  _ZN10__cxxabiv117__class_type_infoD0Ev                  
2000952f  _ZN10__cxxabiv120__si_class_type_infoD0Ev               
2000953d  __TI_decompress_none                                    
2000954b  ResetISR                                                
20009559  _ZN7VL53L1X4InitEv                                      
20009565  _ZN7VL53L1XD1Ev                                         
20009571  _ZSt15get_new_handlerv                                  
2000957d  copysign                                                
2000957d  copysignl                                               
20009589  IntMasterEnable                                         
20009593  _ZdlPv                                                  
2000959d  __aeabi_errno_addr                                      
200095a5  malloc                                                  
200095ad  UtilsDelay                                              
200095b3  __cxa_pure_virtual                                      
200095b9  _ZN10__cxxabiv117__class_type_infoD1Ev                  
200095b9  _ZN10__cxxabiv117__class_type_infoD2Ev                  
200095bd  _ZN10__cxxabiv120__si_class_type_infoD1Ev               
200095bd  _ZN10__cxxabiv120__si_class_type_infoD2Ev               
200095c1  _ZdlPvj                                                 
200095c5  __abort_execution                                       
200095c9  _system_pre_init                                        
200095cd  C$$EXIT                                                 
200095cd  _ZSt17__throw_bad_allocv                                
200095cd  abort                                                   
200095d0  _ctypes_                                                
20009957  _ZTSN10__cxxabiv120__si_class_type_infoE                
2000997c  _ZTV7VL53L1X                                            
200099a0  _ZTSN10__cxxabiv117__class_type_infoE                   
200099c4  _ZTV11RangeSensor                                       
200099d8  _ZTS15ComponentObject                                   
200099ec  _ZTVN10__cxxabiv117__class_type_infoE                   
200099fc  _ZTVN10__cxxabiv120__si_class_type_infoE                
20009a0c  _ZTS11RangeSensor                                       
20009a1a  _ZTSSt9type_info                                        
20009a28  _ZTI11RangeSensor                                       
20009a34  _ZTI7VL53L1X                                            
20009a40  _ZTIN10__cxxabiv117__class_type_infoE                   
20009a4c  _ZTIN10__cxxabiv120__si_class_type_infoE                
20009a58  _ZTS7VL53L1X                                            
20009a64  _ZTI15ComponentObject                                   
20009a6c  _ZTISt9type_info                                        
20009a78  SHT$$INIT_ARRAY$$Base                                   
20009a7c  SHT$$INIT_ARRAY$$Limit                                  
20009a80  __TI_static_base__                                      
20009a90  __TI_Handler_Table_Base                                 
20009a9c  __TI_Handler_Table_Limit                                
20009aa8  __TI_CINIT_Base                                         
20009ab8  __TI_CINIT_Limit                                        
20017000  _sys_memory                                             
20017800  distanceSensor                                          
20017824  _lock                                                   
20017828  _unlock                                                 
20017834  errno                                                   
2002f800  __stack                                                 
20030000  __STACK_END                                             
ffffffff  __TI_pprof_out_hndl                                     
ffffffff  __TI_prof_data_size                                     
ffffffff  __TI_prof_data_start                                    
ffffffff  __binit__                                               
ffffffff  __c_args__                                              
ffffffff  binit                                                   
UNDEFED   __mpu_init                                              
UNDEFED   _system_post_cinit                                      

[288 symbols]
