<?xml version="1.0" encoding="ISO-8859-1" ?>
<link_info>
   <banner>TI ARM Linker PC v18.1.1.LTS</banner>
   <copyright>Copyright (c) 1996-2017 Texas Instruments Incorporated</copyright>
   <link_time>0x5ca51d0c</link_time>
   <link_errors>0x0</link_errors>
   <output_file>Lab6.out</output_file>
   <entry_point>
      <name>_c_int00_noargs</name>
      <address>0x2000e591</address>
   </entry_point>
   <input_file_list>
      <input_file id="fl-2">
         <path>.\</path>
         <kind>object</kind>
         <file>Adafruit_GFX.obj</file>
         <name>Adafruit_GFX.obj</name>
      </input_file>
      <input_file id="fl-3">
         <path>.\</path>
         <kind>object</kind>
         <file>Adafruit_OLED.obj</file>
         <name>Adafruit_OLED.obj</name>
      </input_file>
      <input_file id="fl-4">
         <path>.\</path>
         <kind>object</kind>
         <file>camera_app.obj</file>
         <name>camera_app.obj</name>
      </input_file>
      <input_file id="fl-5">
         <path>.\</path>
         <kind>object</kind>
         <file>gpio_if.obj</file>
         <name>gpio_if.obj</name>
      </input_file>
      <input_file id="fl-6">
         <path>.\</path>
         <kind>object</kind>
         <file>main.obj</file>
         <name>main.obj</name>
      </input_file>
      <input_file id="fl-7">
         <path>.\</path>
         <kind>object</kind>
         <file>network_common.obj</file>
         <name>network_common.obj</name>
      </input_file>
      <input_file id="fl-8">
         <path>.\</path>
         <kind>object</kind>
         <file>pin_mux_config.obj</file>
         <name>pin_mux_config.obj</name>
      </input_file>
      <input_file id="fl-9">
         <path>.\</path>
         <kind>object</kind>
         <file>startup_ccs.obj</file>
         <name>startup_ccs.obj</name>
      </input_file>
      <input_file id="fl-a">
         <path>.\</path>
         <kind>object</kind>
         <file>test.obj</file>
         <name>test.obj</name>
      </input_file>
      <input_file id="fl-b">
         <path>.\</path>
         <kind>object</kind>
         <file>timer_if.obj</file>
         <name>timer_if.obj</name>
      </input_file>
      <input_file id="fl-c">
         <path>.\</path>
         <kind>object</kind>
         <file>uart_if.obj</file>
         <name>uart_if.obj</name>
      </input_file>
      <input_file id="fl-12">
         <kind>object</kind>
         <file>&lt;internal&gt;</file>
         <name>&lt;internal&gt;</name>
      </input_file>
      <input_file id="fl-c8">
         <path>D:\ti\ccs800\ccsv8\tools\compiler\ti-cgt-arm_18.1.1.LTS\lib\</path>
         <kind>archive</kind>
         <file>rtsv7M4_T_le_eabi.lib</file>
         <name>fd_mul_t2.asm.obj</name>
      </input_file>
      <input_file id="fl-c9">
         <path>D:\ti\ccs800\ccsv8\tools\compiler\ti-cgt-arm_18.1.1.LTS\lib\</path>
         <kind>archive</kind>
         <file>rtsv7M4_T_le_eabi.lib</file>
         <name>fd_tou_t2.asm.obj</name>
      </input_file>
      <input_file id="fl-ca">
         <path>D:\ti\ccs800\ccsv8\tools\compiler\ti-cgt-arm_18.1.1.LTS\lib\</path>
         <kind>archive</kind>
         <file>rtsv7M4_T_le_eabi.lib</file>
         <name>memcpy_t2.asm.obj</name>
      </input_file>
      <input_file id="fl-cb">
         <path>D:\ti\ccs800\ccsv8\tools\compiler\ti-cgt-arm_18.1.1.LTS\lib\</path>
         <kind>archive</kind>
         <file>rtsv7M4_T_le_eabi.lib</file>
         <name>u_tofd_t2.asm.obj</name>
      </input_file>
      <input_file id="fl-cc">
         <path>D:\ti\ccs800\ccsv8\tools\compiler\ti-cgt-arm_18.1.1.LTS\lib\</path>
         <kind>archive</kind>
         <file>rtsv7M4_T_le_eabi.lib</file>
         <name>memset_t2.asm.obj</name>
      </input_file>
      <input_file id="fl-cd">
         <path>D:\ti\ccs800\ccsv8\tools\compiler\ti-cgt-arm_18.1.1.LTS\lib\</path>
         <kind>archive</kind>
         <file>rtsv7M4_T_le_eabi.lib</file>
         <name>copy_zero_init.c.obj</name>
      </input_file>
      <input_file id="fl-ce">
         <path>D:\ti\ccs800\ccsv8\tools\compiler\ti-cgt-arm_18.1.1.LTS\lib\</path>
         <kind>archive</kind>
         <file>rtsv7M4_T_le_eabi.lib</file>
         <name>copy_decompress_none.c.obj</name>
      </input_file>
      <input_file id="fl-cf">
         <path>D:\ti\ccs800\ccsv8\tools\compiler\ti-cgt-arm_18.1.1.LTS\lib\</path>
         <kind>archive</kind>
         <file>rtsv7M4_T_le_eabi.lib</file>
         <name>copy_decompress_lzss.c.obj</name>
      </input_file>
      <input_file id="fl-d0">
         <path>D:\ti\ccs800\ccsv8\tools\compiler\ti-cgt-arm_18.1.1.LTS\lib\</path>
         <kind>archive</kind>
         <file>rtsv7M4_T_le_eabi.lib</file>
         <name>boot_cortex_m.c.obj</name>
      </input_file>
      <input_file id="fl-d1">
         <path>D:\ti\ccs800\ccsv8\tools\compiler\ti-cgt-arm_18.1.1.LTS\lib\</path>
         <kind>archive</kind>
         <file>rtsv7M4_T_le_eabi.lib</file>
         <name>exit.c.obj</name>
      </input_file>
      <input_file id="fl-d2">
         <path>D:\ti\ccs800\ccsv8\tools\compiler\ti-cgt-arm_18.1.1.LTS\lib\</path>
         <kind>archive</kind>
         <file>rtsv7M4_T_le_eabi.lib</file>
         <name>memory.c.obj</name>
      </input_file>
      <input_file id="fl-d3">
         <path>D:\ti\ccs800\ccsv8\tools\compiler\ti-cgt-arm_18.1.1.LTS\lib\</path>
         <kind>archive</kind>
         <file>rtsv7M4_T_le_eabi.lib</file>
         <name>_lock.c.obj</name>
      </input_file>
      <input_file id="fl-d4">
         <path>D:\ti\ccs800\ccsv8\tools\compiler\ti-cgt-arm_18.1.1.LTS\lib\</path>
         <kind>archive</kind>
         <file>rtsv7M4_T_le_eabi.lib</file>
         <name>args_main.c.obj</name>
      </input_file>
      <input_file id="fl-d5">
         <path>D:\ti\ccs800\ccsv8\tools\compiler\ti-cgt-arm_18.1.1.LTS\lib\</path>
         <kind>archive</kind>
         <file>rtsv7M4_T_le_eabi.lib</file>
         <name>memmov.c.obj</name>
      </input_file>
      <input_file id="fl-d6">
         <path>D:\ti\ccs800\ccsv8\tools\compiler\ti-cgt-arm_18.1.1.LTS\lib\</path>
         <kind>archive</kind>
         <file>rtsv7M4_T_le_eabi.lib</file>
         <name>sprintf.c.obj</name>
      </input_file>
      <input_file id="fl-d7">
         <path>D:\ti\ccs800\ccsv8\tools\compiler\ti-cgt-arm_18.1.1.LTS\lib\</path>
         <kind>archive</kind>
         <file>rtsv7M4_T_le_eabi.lib</file>
         <name>strcat.c.obj</name>
      </input_file>
      <input_file id="fl-d8">
         <path>D:\ti\ccs800\ccsv8\tools\compiler\ti-cgt-arm_18.1.1.LTS\lib\</path>
         <kind>archive</kind>
         <file>rtsv7M4_T_le_eabi.lib</file>
         <name>strcpy.c.obj</name>
      </input_file>
      <input_file id="fl-d9">
         <path>D:\ti\ccs800\ccsv8\tools\compiler\ti-cgt-arm_18.1.1.LTS\lib\</path>
         <kind>archive</kind>
         <file>rtsv7M4_T_le_eabi.lib</file>
         <name>strlen.c.obj</name>
      </input_file>
      <input_file id="fl-da">
         <path>D:\ti\ccs800\ccsv8\tools\compiler\ti-cgt-arm_18.1.1.LTS\lib\</path>
         <kind>archive</kind>
         <file>rtsv7M4_T_le_eabi.lib</file>
         <name>vsnprintf.c.obj</name>
      </input_file>
      <input_file id="fl-db">
         <path>D:\ti\ccs800\ccsv8\tools\compiler\ti-cgt-arm_18.1.1.LTS\lib\</path>
         <kind>archive</kind>
         <file>rtsv7M4_T_le_eabi.lib</file>
         <name>autoinit.c.obj</name>
      </input_file>
      <input_file id="fl-dc">
         <path>D:\ti\ccs800\ccsv8\tools\compiler\ti-cgt-arm_18.1.1.LTS\lib\</path>
         <kind>archive</kind>
         <file>rtsv7M4_T_le_eabi.lib</file>
         <name>pre_init.c.obj</name>
      </input_file>
      <input_file id="fl-dd">
         <path>D:\ti\ccs800\ccsv8\tools\compiler\ti-cgt-arm_18.1.1.LTS\lib\</path>
         <kind>archive</kind>
         <file>rtsv7M4_T_le_eabi.lib</file>
         <name>cpy_tbl.c.obj</name>
      </input_file>
      <input_file id="fl-de">
         <path>D:\ti\ccs800\ccsv8\tools\compiler\ti-cgt-arm_18.1.1.LTS\lib\</path>
         <kind>archive</kind>
         <file>rtsv7M4_T_le_eabi.lib</file>
         <name>_printfi.c.obj</name>
      </input_file>
      <input_file id="fl-df">
         <path>D:\ti\ccs800\ccsv8\tools\compiler\ti-cgt-arm_18.1.1.LTS\lib\</path>
         <kind>archive</kind>
         <file>rtsv7M4_T_le_eabi.lib</file>
         <name>atoi.c.obj</name>
      </input_file>
      <input_file id="fl-e0">
         <path>D:\ti\ccs800\ccsv8\tools\compiler\ti-cgt-arm_18.1.1.LTS\lib\</path>
         <kind>archive</kind>
         <file>rtsv7M4_T_le_eabi.lib</file>
         <name>ctype.c.obj</name>
      </input_file>
      <input_file id="fl-e1">
         <path>D:\ti\ccs800\ccsv8\tools\compiler\ti-cgt-arm_18.1.1.LTS\lib\</path>
         <kind>archive</kind>
         <file>rtsv7M4_T_le_eabi.lib</file>
         <name>ltoa.c.obj</name>
      </input_file>
      <input_file id="fl-e2">
         <path>D:\ti\ccs800\ccsv8\tools\compiler\ti-cgt-arm_18.1.1.LTS\lib\</path>
         <kind>archive</kind>
         <file>rtsv7M4_T_le_eabi.lib</file>
         <name>memccpy.c.obj</name>
      </input_file>
      <input_file id="fl-e3">
         <path>D:\ti\ccs800\ccsv8\tools\compiler\ti-cgt-arm_18.1.1.LTS\lib\</path>
         <kind>archive</kind>
         <file>rtsv7M4_T_le_eabi.lib</file>
         <name>strchr.c.obj</name>
      </input_file>
      <input_file id="fl-e4">
         <path>D:\ti\ccs800\ccsv8\tools\compiler\ti-cgt-arm_18.1.1.LTS\lib\</path>
         <kind>archive</kind>
         <file>rtsv7M4_T_le_eabi.lib</file>
         <name>s_frexp.c.obj</name>
      </input_file>
      <input_file id="fl-e5">
         <path>D:\ti\ccs800\ccsv8\tools\compiler\ti-cgt-arm_18.1.1.LTS\lib\</path>
         <kind>archive</kind>
         <file>rtsv7M4_T_le_eabi.lib</file>
         <name>s_scalbn.c.obj</name>
      </input_file>
      <input_file id="fl-e6">
         <path>D:\ti\ccs800\ccsv8\tools\compiler\ti-cgt-arm_18.1.1.LTS\lib\</path>
         <kind>archive</kind>
         <file>rtsv7M4_T_le_eabi.lib</file>
         <name>s_copysign.c.obj</name>
      </input_file>
      <input_file id="fl-e7">
         <path>D:\ti\ccs800\ccsv8\tools\compiler\ti-cgt-arm_18.1.1.LTS\lib\</path>
         <kind>archive</kind>
         <file>rtsv7M4_T_le_eabi.lib</file>
         <name>wcslen.c.obj</name>
      </input_file>
      <input_file id="fl-e8">
         <path>D:\ti\ccs800\ccsv8\tools\compiler\ti-cgt-arm_18.1.1.LTS\lib\</path>
         <kind>archive</kind>
         <file>rtsv7M4_T_le_eabi.lib</file>
         <name>fd_add_t2.asm.obj</name>
      </input_file>
      <input_file id="fl-e9">
         <path>D:\ti\ccs800\ccsv8\tools\compiler\ti-cgt-arm_18.1.1.LTS\lib\</path>
         <kind>archive</kind>
         <file>rtsv7M4_T_le_eabi.lib</file>
         <name>fd_cmp_t2.asm.obj</name>
      </input_file>
      <input_file id="fl-ea">
         <path>D:\ti\ccs800\ccsv8\tools\compiler\ti-cgt-arm_18.1.1.LTS\lib\</path>
         <kind>archive</kind>
         <file>rtsv7M4_T_le_eabi.lib</file>
         <name>fd_div_t2.asm.obj</name>
      </input_file>
      <input_file id="fl-eb">
         <path>D:\ti\ccs800\ccsv8\tools\compiler\ti-cgt-arm_18.1.1.LTS\lib\</path>
         <kind>archive</kind>
         <file>rtsv7M4_T_le_eabi.lib</file>
         <name>fd_toi_t2.asm.obj</name>
      </input_file>
      <input_file id="fl-ec">
         <path>D:\ti\ccs800\ccsv8\tools\compiler\ti-cgt-arm_18.1.1.LTS\lib\</path>
         <kind>archive</kind>
         <file>rtsv7M4_T_le_eabi.lib</file>
         <name>i_tofd_t2.asm.obj</name>
      </input_file>
      <input_file id="fl-ed">
         <path>D:\ti\ccs800\ccsv8\tools\compiler\ti-cgt-arm_18.1.1.LTS\lib\</path>
         <kind>archive</kind>
         <file>rtsv7M4_T_le_eabi.lib</file>
         <name>ull_div_t2.asm.obj</name>
      </input_file>
      <input_file id="fl-ee">
         <path>D:\ti\ccs800\ccsv8\tools\compiler\ti-cgt-arm_18.1.1.LTS\lib\</path>
         <kind>archive</kind>
         <file>rtsv7M4_T_le_eabi.lib</file>
         <name>errno.c.obj</name>
      </input_file>
      <input_file id="fl-ef">
         <path>D:\ti\ccs800\ccsv8\tools\compiler\ti-cgt-arm_18.1.1.LTS\lib\</path>
         <kind>archive</kind>
         <file>rtsv7M4_T_le_eabi.lib</file>
         <name>div0.asm.obj</name>
      </input_file>
      <input_file id="fl-f0">
         <path>D:\ti\cc3200sdk\CC3200SDK_1.3.0\cc3200-sdk\driverlib\ccs\Release\</path>
         <kind>archive</kind>
         <file>driverlib.a</file>
         <name>gpio.obj</name>
      </input_file>
      <input_file id="fl-f1">
         <path>D:\ti\cc3200sdk\CC3200SDK_1.3.0\cc3200-sdk\driverlib\ccs\Release\</path>
         <kind>archive</kind>
         <file>driverlib.a</file>
         <name>interrupt.obj</name>
      </input_file>
      <input_file id="fl-f2">
         <path>D:\ti\cc3200sdk\CC3200SDK_1.3.0\cc3200-sdk\driverlib\ccs\Release\</path>
         <kind>archive</kind>
         <file>driverlib.a</file>
         <name>pin.obj</name>
      </input_file>
      <input_file id="fl-f3">
         <path>D:\ti\cc3200sdk\CC3200SDK_1.3.0\cc3200-sdk\driverlib\ccs\Release\</path>
         <kind>archive</kind>
         <file>driverlib.a</file>
         <name>prcm.obj</name>
      </input_file>
      <input_file id="fl-f4">
         <path>D:\ti\cc3200sdk\CC3200SDK_1.3.0\cc3200-sdk\driverlib\ccs\Release\</path>
         <kind>archive</kind>
         <file>driverlib.a</file>
         <name>spi.obj</name>
      </input_file>
      <input_file id="fl-f5">
         <path>D:\ti\cc3200sdk\CC3200SDK_1.3.0\cc3200-sdk\driverlib\ccs\Release\</path>
         <kind>archive</kind>
         <file>driverlib.a</file>
         <name>timer.obj</name>
      </input_file>
      <input_file id="fl-f6">
         <path>D:\ti\cc3200sdk\CC3200SDK_1.3.0\cc3200-sdk\driverlib\ccs\Release\</path>
         <kind>archive</kind>
         <file>driverlib.a</file>
         <name>uart.obj</name>
      </input_file>
      <input_file id="fl-f7">
         <path>D:\ti\cc3200sdk\CC3200SDK_1.3.0\cc3200-sdk\driverlib\ccs\Release\</path>
         <kind>archive</kind>
         <file>driverlib.a</file>
         <name>utils.obj</name>
      </input_file>
      <input_file id="fl-f8">
         <path>D:\ti\cc3200sdk\CC3200SDK_1.3.0\cc3200-sdk\driverlib\ccs\Release\</path>
         <kind>archive</kind>
         <file>driverlib.a</file>
         <name>cpu.obj</name>
      </input_file>
      <input_file id="fl-f9">
         <path>D:\ti\cc3200sdk\CC3200SDK_1.3.0\cc3200-sdk\driverlib\ccs\Release\</path>
         <kind>archive</kind>
         <file>driverlib.a</file>
         <name>flash.obj</name>
      </input_file>
      <input_file id="fl-fa">
         <path>D:\ti\cc3200sdk\CC3200SDK_1.3.0\cc3200-sdk\simplelink\ccs\NON_OS\</path>
         <kind>archive</kind>
         <file>simplelink.a</file>
         <name>device.obj</name>
      </input_file>
      <input_file id="fl-fb">
         <path>D:\ti\cc3200sdk\CC3200SDK_1.3.0\cc3200-sdk\simplelink\ccs\NON_OS\</path>
         <kind>archive</kind>
         <file>simplelink.a</file>
         <name>driver.obj</name>
      </input_file>
      <input_file id="fl-fc">
         <path>D:\ti\cc3200sdk\CC3200SDK_1.3.0\cc3200-sdk\simplelink\ccs\NON_OS\</path>
         <kind>archive</kind>
         <file>simplelink.a</file>
         <name>fs.obj</name>
      </input_file>
      <input_file id="fl-fd">
         <path>D:\ti\cc3200sdk\CC3200SDK_1.3.0\cc3200-sdk\simplelink\ccs\NON_OS\</path>
         <kind>archive</kind>
         <file>simplelink.a</file>
         <name>netapp.obj</name>
      </input_file>
      <input_file id="fl-fe">
         <path>D:\ti\cc3200sdk\CC3200SDK_1.3.0\cc3200-sdk\simplelink\ccs\NON_OS\</path>
         <kind>archive</kind>
         <file>simplelink.a</file>
         <name>netcfg.obj</name>
      </input_file>
      <input_file id="fl-ff">
         <path>D:\ti\cc3200sdk\CC3200SDK_1.3.0\cc3200-sdk\simplelink\ccs\NON_OS\</path>
         <kind>archive</kind>
         <file>simplelink.a</file>
         <name>nonos.obj</name>
      </input_file>
      <input_file id="fl-100">
         <path>D:\ti\cc3200sdk\CC3200SDK_1.3.0\cc3200-sdk\simplelink\ccs\NON_OS\</path>
         <kind>archive</kind>
         <file>simplelink.a</file>
         <name>socket.obj</name>
      </input_file>
      <input_file id="fl-101">
         <path>D:\ti\cc3200sdk\CC3200SDK_1.3.0\cc3200-sdk\simplelink\ccs\NON_OS\</path>
         <kind>archive</kind>
         <file>simplelink.a</file>
         <name>wlan.obj</name>
      </input_file>
      <input_file id="fl-102">
         <path>D:\ti\cc3200sdk\CC3200SDK_1.3.0\cc3200-sdk\simplelink\ccs\NON_OS\</path>
         <kind>archive</kind>
         <file>simplelink.a</file>
         <name>cc_pal.obj</name>
      </input_file>
      <input_file id="fl-103">
         <path>D:\ti\cc3200sdk\CC3200SDK_1.3.0\cc3200-sdk\driverlib\ccs\Release\</path>
         <kind>archive</kind>
         <file>driverlib.a</file>
         <name>udma.obj</name>
      </input_file>
   </input_file_list>
   <object_component_list>
      <object_component id="oc-f">
         <name>.intvecs</name>
         <load_address>0x20004000</load_address>
         <run_address>0x20004000</run_address>
         <size>0x400</size>
         <input_file_ref idref="fl-9"/>
      </object_component>
      <object_component id="oc-94">
         <name>.text</name>
         <load_address>0x20004400</load_address>
         <run_address>0x20004400</run_address>
         <size>0x2130</size>
         <input_file_ref idref="fl-6"/>
      </object_component>
      <object_component id="oc-493">
         <name>.text:__TI_printfi</name>
         <load_address>0x20006530</load_address>
         <run_address>0x20006530</run_address>
         <size>0xa4a</size>
         <input_file_ref idref="fl-de"/>
      </object_component>
      <object_component id="oc-7a5">
         <name>.text:IntDefaultHandler</name>
         <load_address>0x20006f7a</load_address>
         <run_address>0x20006f7a</run_address>
         <size>0x2</size>
         <input_file_ref idref="fl-f1"/>
      </object_component>
      <object_component id="oc-7fd">
         <name>.text:_SlDrvMsgRead</name>
         <load_address>0x20006f7c</load_address>
         <run_address>0x20006f7c</run_address>
         <size>0x590</size>
         <input_file_ref idref="fl-fb"/>
      </object_component>
      <object_component id="oc-8e">
         <name>.text:_system_pre_init</name>
         <load_address>0x2000750c</load_address>
         <run_address>0x2000750c</run_address>
         <size>0x4</size>
         <input_file_ref idref="fl-dc"/>
      </object_component>
      <object_component id="oc-1e9">
         <name>.text</name>
         <load_address>0x20007510</load_address>
         <run_address>0x20007510</run_address>
         <size>0x544</size>
         <input_file_ref idref="fl-3"/>
      </object_component>
      <object_component id="oc-26b">
         <name>.text:abort:abort</name>
         <load_address>0x20007a54</load_address>
         <run_address>0x20007a54</run_address>
         <size>0x4</size>
         <input_file_ref idref="fl-d1"/>
      </object_component>
      <object_component id="oc-17a">
         <name>.text</name>
         <load_address>0x20007a58</load_address>
         <run_address>0x20007a58</run_address>
         <size>0x4ac</size>
         <input_file_ref idref="fl-5"/>
      </object_component>
      <object_component id="oc-73b">
         <name>.text:_nop</name>
         <load_address>0x20007f04</load_address>
         <run_address>0x20007f04</run_address>
         <size>0x2</size>
         <input_file_ref idref="fl-d3"/>
      </object_component>
      <object_component id="oc-90b">
         <name>.text</name>
         <load_address>0x20007f06</load_address>
         <run_address>0x20007f06</run_address>
         <size>0x2</size>
         <input_file_ref idref="fl-ef"/>
      </object_component>
      <object_component id="oc-115">
         <name>.text</name>
         <load_address>0x20007f08</load_address>
         <run_address>0x20007f08</run_address>
         <size>0x31a</size>
         <input_file_ref idref="fl-c"/>
      </object_component>
      <object_component id="oc-173">
         <name>.text:sl_WlanConnect</name>
         <load_address>0x20008224</load_address>
         <run_address>0x20008224</run_address>
         <size>0x27c</size>
         <input_file_ref idref="fl-101"/>
      </object_component>
      <object_component id="oc-6f4">
         <name>.text:_pconv_a</name>
         <load_address>0x200084a0</load_address>
         <run_address>0x200084a0</run_address>
         <size>0x268</size>
         <input_file_ref idref="fl-de"/>
      </object_component>
      <object_component id="oc-8d0">
         <name>.text:_SlDrvRxHdrRead</name>
         <load_address>0x20008708</load_address>
         <run_address>0x20008708</run_address>
         <size>0x24c</size>
         <input_file_ref idref="fl-fb"/>
      </object_component>
      <object_component id="oc-d1">
         <name>.text</name>
         <load_address>0x20008958</load_address>
         <run_address>0x20008958</run_address>
         <size>0x1e6</size>
         <input_file_ref idref="fl-b"/>
      </object_component>
      <object_component id="oc-4bf">
         <name>.text:_SlDrvDataReadOp</name>
         <load_address>0x20008b40</load_address>
         <run_address>0x20008b40</run_address>
         <size>0x1e4</size>
         <input_file_ref idref="fl-fb"/>
      </object_component>
      <object_component id="oc-3aa">
         <name>.text:_SlDrvReleasePoolObj</name>
         <load_address>0x20008d24</load_address>
         <run_address>0x20008d24</run_address>
         <size>0x1d0</size>
         <input_file_ref idref="fl-fb"/>
      </object_component>
      <object_component id="oc-6e2">
         <name>.text:_pconv_g</name>
         <load_address>0x20008ef4</load_address>
         <run_address>0x20008ef4</run_address>
         <size>0x1cc</size>
         <input_file_ref idref="fl-de"/>
      </object_component>
      <object_component id="oc-848">
         <name>.text</name>
         <load_address>0x200090c0</load_address>
         <run_address>0x200090c0</run_address>
         <size>0x1b6</size>
         <input_file_ref idref="fl-e8"/>
      </object_component>
      <object_component id="oc-380">
         <name>.text:_SlDrvDriverCBInit</name>
         <load_address>0x20009278</load_address>
         <run_address>0x20009278</run_address>
         <size>0x1b4</size>
         <input_file_ref idref="fl-fb"/>
      </object_component>
      <object_component id="oc-677">
         <name>.text:_SlDrvMsgWrite</name>
         <load_address>0x2000942c</load_address>
         <run_address>0x2000942c</run_address>
         <size>0x19c</size>
         <input_file_ref idref="fl-fb"/>
      </object_component>
      <object_component id="oc-1ef">
         <name>.text</name>
         <load_address>0x200095c8</load_address>
         <run_address>0x200095c8</run_address>
         <size>0x192</size>
         <input_file_ref idref="fl-4"/>
      </object_component>
      <object_component id="oc-454">
         <name>.text:_SlDrvWaitForPoolObj</name>
         <load_address>0x2000975c</load_address>
         <run_address>0x2000975c</run_address>
         <size>0x190</size>
         <input_file_ref idref="fl-fb"/>
      </object_component>
      <object_component id="oc-1a7">
         <name>.text:sl_Connect</name>
         <load_address>0x200098ec</load_address>
         <run_address>0x200098ec</run_address>
         <size>0x18c</size>
         <input_file_ref idref="fl-100"/>
      </object_component>
      <object_component id="oc-10d">
         <name>.text:PRCMCC3200MCUInit</name>
         <load_address>0x20009a78</load_address>
         <run_address>0x20009a78</run_address>
         <size>0x178</size>
         <input_file_ref idref="fl-f3"/>
      </object_component>
      <object_component id="oc-214">
         <name>.text</name>
         <load_address>0x20009bf0</load_address>
         <run_address>0x20009bf0</run_address>
         <size>0x178</size>
         <input_file_ref idref="fl-8"/>
      </object_component>
      <object_component id="oc-8e2">
         <name>.text:_SlFindAndSetActiveObj</name>
         <load_address>0x20009d68</load_address>
         <run_address>0x20009d68</run_address>
         <size>0x170</size>
         <input_file_ref idref="fl-fb"/>
      </object_component>
      <object_component id="oc-4b1">
         <name>.text:_SlDrvDataWriteOp</name>
         <load_address>0x20009ed8</load_address>
         <run_address>0x20009ed8</run_address>
         <size>0x150</size>
         <input_file_ref idref="fl-fb"/>
      </object_component>
      <object_component id="oc-386">
         <name>.text:spi_Open</name>
         <load_address>0x2000a028</load_address>
         <run_address>0x2000a028</run_address>
         <size>0x148</size>
         <input_file_ref idref="fl-102"/>
      </object_component>
      <object_component id="oc-67d">
         <name>.text:_SlDrvMsgReadCmdCtx</name>
         <load_address>0x2000a170</load_address>
         <run_address>0x2000a170</run_address>
         <size>0x144</size>
         <input_file_ref idref="fl-fb"/>
      </object_component>
      <object_component id="oc-189">
         <name>.text:sl_NetAppDnsGetHostByName</name>
         <load_address>0x2000a2b4</load_address>
         <run_address>0x2000a2b4</run_address>
         <size>0x144</size>
         <input_file_ref idref="fl-fd"/>
      </object_component>
      <object_component id="oc-6ee">
         <name>.text:_pconv_e</name>
         <load_address>0x2000a3f8</load_address>
         <run_address>0x2000a3f8</run_address>
         <size>0x13c</size>
         <input_file_ref idref="fl-de"/>
      </object_component>
      <object_component id="oc-82e">
         <name>.text</name>
         <load_address>0x2000a534</load_address>
         <run_address>0x2000a534</run_address>
         <size>0x136</size>
         <input_file_ref idref="fl-ea"/>
      </object_component>
      <object_component id="oc-1c8">
         <name>.text:sl_Send</name>
         <load_address>0x2000a66c</load_address>
         <run_address>0x2000a66c</run_address>
         <size>0x134</size>
         <input_file_ref idref="fl-100"/>
      </object_component>
      <object_component id="oc-3ef">
         <name>.text:_SlDrvDriverCBDeinit</name>
         <load_address>0x2000a7a0</load_address>
         <run_address>0x2000a7a0</run_address>
         <size>0x130</size>
         <input_file_ref idref="fl-fb"/>
      </object_component>
      <object_component id="oc-85a">
         <name>.text:fcvt</name>
         <load_address>0x2000a8d0</load_address>
         <run_address>0x2000a8d0</run_address>
         <size>0x120</size>
         <input_file_ref idref="fl-de"/>
      </object_component>
      <object_component id="oc-516">
         <name>.text:sl_FsWrite</name>
         <load_address>0x2000a9f0</load_address>
         <run_address>0x2000a9f0</run_address>
         <size>0x118</size>
         <input_file_ref idref="fl-fc"/>
      </object_component>
      <object_component id="oc-36a">
         <name>.text:realloc</name>
         <load_address>0x2000ab08</load_address>
         <run_address>0x2000ab08</run_address>
         <size>0x114</size>
         <input_file_ref idref="fl-d2"/>
      </object_component>
      <object_component id="oc-954">
         <name>.text:_SlDrvNetAppEventHandler</name>
         <load_address>0x2000ac1c</load_address>
         <run_address>0x2000ac1c</run_address>
         <size>0x104</size>
         <input_file_ref idref="fl-fd"/>
      </object_component>
      <object_component id="oc-203">
         <name>.text</name>
         <load_address>0x2000ad20</load_address>
         <run_address>0x2000ad20</run_address>
         <size>0xfc</size>
         <input_file_ref idref="fl-c8"/>
      </object_component>
      <object_component id="oc-134">
         <name>.text:sl_Stop</name>
         <load_address>0x2000ae1c</load_address>
         <run_address>0x2000ae1c</run_address>
         <size>0xf0</size>
         <input_file_ref idref="fl-fa"/>
      </object_component>
      <object_component id="oc-8dc">
         <name>.text:spi_Read</name>
         <load_address>0x2000af0c</load_address>
         <run_address>0x2000af0c</run_address>
         <size>0xf0</size>
         <input_file_ref idref="fl-102"/>
      </object_component>
      <object_component id="oc-9e5">
         <name>.text:uDMAChannelTransferSet</name>
         <load_address>0x2000affc</load_address>
         <run_address>0x2000affc</run_address>
         <size>0xf0</size>
         <input_file_ref idref="fl-103"/>
      </object_component>
      <object_component id="oc-121">
         <name>.text:sl_Start</name>
         <load_address>0x2000b0ec</load_address>
         <run_address>0x2000b0ec</run_address>
         <size>0xec</size>
         <input_file_ref idref="fl-fa"/>
      </object_component>
      <object_component id="oc-803">
         <name>.text:_SlAsyncEventGenericHandler</name>
         <load_address>0x2000b1d8</load_address>
         <run_address>0x2000b1d8</run_address>
         <size>0xe8</size>
         <input_file_ref idref="fl-fb"/>
      </object_component>
      <object_component id="oc-65e">
         <name>.text:_SlDrvMsgReadSpawnCtx</name>
         <load_address>0x2000b2c0</load_address>
         <run_address>0x2000b2c0</run_address>
         <size>0xe8</size>
         <input_file_ref idref="fl-fb"/>
      </object_component>
      <object_component id="oc-42a">
         <name>.text:sl_NetAppMDNSRegisterUnregisterService</name>
         <load_address>0x2000b3a8</load_address>
         <run_address>0x2000b3a8</run_address>
         <size>0xe4</size>
         <input_file_ref idref="fl-fd"/>
      </object_component>
      <object_component id="oc-8d6">
         <name>.text:_SlDrvClassifyRxMsg</name>
         <load_address>0x2000b48c</load_address>
         <run_address>0x2000b48c</run_address>
         <size>0xdc</size>
         <input_file_ref idref="fl-fb"/>
      </object_component>
      <object_component id="oc-1dd">
         <name>.text:free</name>
         <load_address>0x2000b568</load_address>
         <run_address>0x2000b568</run_address>
         <size>0xd8</size>
         <input_file_ref idref="fl-d2"/>
      </object_component>
      <object_component id="oc-86e">
         <name>.text:scalbn</name>
         <load_address>0x2000b640</load_address>
         <run_address>0x2000b640</run_address>
         <size>0xd0</size>
         <input_file_ref idref="fl-e5"/>
      </object_component>
      <object_component id="oc-9a3">
         <name>.text:_sl_HandleAsync_DnsGetHostByService</name>
         <load_address>0x2000b710</load_address>
         <run_address>0x2000b710</run_address>
         <size>0xcc</size>
         <input_file_ref idref="fl-fd"/>
      </object_component>
      <object_component id="oc-13a">
         <name>.text:sl_DevGet</name>
         <load_address>0x2000b7dc</load_address>
         <run_address>0x2000b7dc</run_address>
         <size>0xcc</size>
         <input_file_ref idref="fl-fa"/>
      </object_component>
      <object_component id="oc-63e">
         <name>.text:_SlRemoveFromList</name>
         <load_address>0x2000b8a8</load_address>
         <run_address>0x2000b8a8</run_address>
         <size>0xc4</size>
         <input_file_ref idref="fl-fb"/>
      </object_component>
      <object_component id="oc-3d3">
         <name>.text:_SlDrvCmdOp</name>
         <load_address>0x2000b96c</load_address>
         <run_address>0x2000b96c</run_address>
         <size>0xc0</size>
         <input_file_ref idref="fl-fb"/>
      </object_component>
      <object_component id="oc-50f">
         <name>.text:sl_FsClose</name>
         <load_address>0x2000ba2c</load_address>
         <run_address>0x2000ba2c</run_address>
         <size>0xb4</size>
         <input_file_ref idref="fl-fc"/>
      </object_component>
      <object_component id="oc-6d7">
         <name>.text:_ltostr</name>
         <load_address>0x2000bae0</load_address>
         <run_address>0x2000bae0</run_address>
         <size>0xb1</size>
         <input_file_ref idref="fl-de"/>
      </object_component>
      <object_component id="oc-5d9">
         <name>.text:_SlNonOsSemGet</name>
         <load_address>0x2000bb94</load_address>
         <run_address>0x2000bb94</run_address>
         <size>0xb0</size>
         <input_file_ref idref="fl-ff"/>
      </object_component>
      <object_component id="oc-586">
         <name>.text:IntDisable</name>
         <load_address>0x2000bc44</load_address>
         <run_address>0x2000bc44</run_address>
         <size>0xa8</size>
         <input_file_ref idref="fl-f1"/>
      </object_component>
      <object_component id="oc-107">
         <name>.text:IntEnable</name>
         <load_address>0x2000bcec</load_address>
         <run_address>0x2000bcec</run_address>
         <size>0xa8</size>
         <input_file_ref idref="fl-f1"/>
      </object_component>
      <object_component id="oc-637">
         <name>.text:_SlDriverHandleError</name>
         <load_address>0x2000bd94</load_address>
         <run_address>0x2000bd94</run_address>
         <size>0xa4</size>
         <input_file_ref idref="fl-fb"/>
      </object_component>
      <object_component id="oc-509">
         <name>.text:sl_FsOpen</name>
         <load_address>0x2000be38</load_address>
         <run_address>0x2000be38</run_address>
         <size>0xa4</size>
         <input_file_ref idref="fl-fc"/>
      </object_component>
      <object_component id="oc-232">
         <name>.text:SPIConfigSetExpClk</name>
         <load_address>0x2000bedc</load_address>
         <run_address>0x2000bedc</run_address>
         <size>0xa0</size>
         <input_file_ref idref="fl-f4"/>
      </object_component>
      <object_component id="oc-1d4">
         <name>.text:sl_Recv</name>
         <load_address>0x2000bf7c</load_address>
         <run_address>0x2000bf7c</run_address>
         <size>0xa0</size>
         <input_file_ref idref="fl-100"/>
      </object_component>
      <object_component id="oc-3a">
         <name>.text</name>
         <load_address>0x2000c01c</load_address>
         <run_address>0x2000c01c</run_address>
         <size>0x9c</size>
         <input_file_ref idref="fl-ca"/>
      </object_component>
      <object_component id="oc-995">
         <name>.text:_SlDrvDeviceEventHandler</name>
         <load_address>0x2000c0b8</load_address>
         <run_address>0x2000c0b8</run_address>
         <size>0x9a</size>
         <input_file_ref idref="fl-fa"/>
      </object_component>
      <object_component id="oc-182">
         <name>.text:sl_DevSet</name>
         <load_address>0x2000c154</load_address>
         <run_address>0x2000c154</run_address>
         <size>0x98</size>
         <input_file_ref idref="fl-fa"/>
      </object_component>
      <object_component id="oc-152">
         <name>.text:sl_NetCfgSet</name>
         <load_address>0x2000c1ec</load_address>
         <run_address>0x2000c1ec</run_address>
         <size>0x98</size>
         <input_file_ref idref="fl-fe"/>
      </object_component>
      <object_component id="oc-1a1">
         <name>.text:sl_SetSockOpt</name>
         <load_address>0x2000c284</load_address>
         <run_address>0x2000c284</run_address>
         <size>0x98</size>
         <input_file_ref idref="fl-100"/>
      </object_component>
      <object_component id="oc-158">
         <name>.text:sl_WlanSet</name>
         <load_address>0x2000c31c</load_address>
         <run_address>0x2000c31c</run_address>
         <size>0x98</size>
         <input_file_ref idref="fl-101"/>
      </object_component>
      <object_component id="oc-80c">
         <name>.text:spi_Write</name>
         <load_address>0x2000c3b4</load_address>
         <run_address>0x2000c3b4</run_address>
         <size>0x98</size>
         <input_file_ref idref="fl-102"/>
      </object_component>
      <object_component id="oc-827">
         <name>.text</name>
         <load_address>0x2000c44c</load_address>
         <run_address>0x2000c44c</run_address>
         <size>0x96</size>
         <input_file_ref idref="fl-ed"/>
      </object_component>
      <object_component id="oc-22c">
         <name>.text:PRCMPeripheralClockGet</name>
         <load_address>0x2000c4e4</load_address>
         <run_address>0x2000c4e4</run_address>
         <size>0x94</size>
         <input_file_ref idref="fl-f3"/>
      </object_component>
      <object_component id="oc-503">
         <name>.text:_sl_GetCreateFsMode</name>
         <load_address>0x2000c578</load_address>
         <run_address>0x2000c578</run_address>
         <size>0x94</size>
         <input_file_ref idref="fl-fc"/>
      </object_component>
      <object_component id="oc-99d">
         <name>.text:_sl_HandleAsync_DnsGetHostByName</name>
         <load_address>0x2000c60c</load_address>
         <run_address>0x2000c60c</run_address>
         <size>0x90</size>
         <input_file_ref idref="fl-fd"/>
      </object_component>
      <object_component id="oc-95a">
         <name>.text:_sl_HandleAsync_PingResponse</name>
         <load_address>0x2000c69c</load_address>
         <run_address>0x2000c69c</run_address>
         <size>0x90</size>
         <input_file_ref idref="fl-fd"/>
      </object_component>
      <object_component id="oc-140">
         <name>.text:sl_WlanPolicySet</name>
         <load_address>0x2000c72c</load_address>
         <run_address>0x2000c72c</run_address>
         <size>0x90</size>
         <input_file_ref idref="fl-101"/>
      </object_component>
      <object_component id="oc-961">
         <name>.text:SetupDMAReceive</name>
         <load_address>0x2000c7bc</load_address>
         <run_address>0x2000c7bc</run_address>
         <size>0x8c</size>
         <input_file_ref idref="fl-102"/>
      </object_component>
      <object_component id="oc-8ed">
         <name>.text:SetupDMASend</name>
         <load_address>0x2000c848</load_address>
         <run_address>0x2000c848</run_address>
         <size>0x8c</size>
         <input_file_ref idref="fl-102"/>
      </object_component>
      <object_component id="oc-7bf">
         <name>.text:_SlDrvIsTimeoutExpired</name>
         <load_address>0x2000c8d4</load_address>
         <run_address>0x2000c8d4</run_address>
         <size>0x8c</size>
         <input_file_ref idref="fl-fb"/>
      </object_component>
      <object_component id="oc-9f2">
         <name>.text:_sl_HandleAsync_InitComplete</name>
         <load_address>0x2000c960</load_address>
         <run_address>0x2000c960</run_address>
         <size>0x8c</size>
         <input_file_ref idref="fl-fa"/>
      </object_component>
      <object_component id="oc-19b">
         <name>.text:sl_Socket</name>
         <load_address>0x2000c9ec</load_address>
         <run_address>0x2000c9ec</run_address>
         <size>0x8c</size>
         <input_file_ref idref="fl-100"/>
      </object_component>
      <object_component id="oc-772">
         <name>.text:PinConfigSet</name>
         <load_address>0x2000ca78</load_address>
         <run_address>0x2000ca78</run_address>
         <size>0x88</size>
         <input_file_ref idref="fl-f2"/>
      </object_component>
      <object_component id="oc-6dd">
         <name>.text:__aeabi_cdcmple</name>
         <load_address>0x2000cb00</load_address>
         <run_address>0x2000cb00</run_address>
         <size>0x86</size>
         <input_file_ref idref="fl-e9"/>
      </object_component>
      <object_component id="oc-833">
         <name>.text:__aeabi_cdrcmple</name>
         <load_address>0x2000cb86</load_address>
         <run_address>0x2000cb86</run_address>
         <size>0x86</size>
         <input_file_ref idref="fl-e9"/>
      </object_component>
      <object_component id="oc-164">
         <name>.text:sl_WlanRxFilterSet</name>
         <load_address>0x2000cc0c</load_address>
         <run_address>0x2000cc0c</run_address>
         <size>0x84</size>
         <input_file_ref idref="fl-101"/>
      </object_component>
      <object_component id="oc-244">
         <name>.text:GPIOIntTypeSet</name>
         <load_address>0x2000cc90</load_address>
         <run_address>0x2000cc90</run_address>
         <size>0x82</size>
         <input_file_ref idref="fl-f0"/>
      </object_component>
      <object_component id="oc-9c5">
         <name>.text:_sl_HandleAsync_Connect</name>
         <load_address>0x2000cd14</load_address>
         <run_address>0x2000cd14</run_address>
         <size>0x80</size>
         <input_file_ref idref="fl-100"/>
      </object_component>
      <object_component id="oc-967">
         <name>.text:spi_Read_CPU</name>
         <load_address>0x2000cd94</load_address>
         <run_address>0x2000cd94</run_address>
         <size>0x80</size>
         <input_file_ref idref="fl-102"/>
      </object_component>
      <object_component id="oc-8f9">
         <name>.text:spi_Write_CPU</name>
         <load_address>0x2000ce14</load_address>
         <run_address>0x2000ce14</run_address>
         <size>0x80</size>
         <input_file_ref idref="fl-102"/>
      </object_component>
      <object_component id="oc-88">
         <name>.text</name>
         <load_address>0x2000ce94</load_address>
         <run_address>0x2000ce94</run_address>
         <size>0x7a</size>
         <input_file_ref idref="fl-cc"/>
      </object_component>
      <object_component id="oc-364">
         <name>.text:malloc</name>
         <load_address>0x2000cf10</load_address>
         <run_address>0x2000cf10</run_address>
         <size>0x78</size>
         <input_file_ref idref="fl-d2"/>
      </object_component>
      <object_component id="oc-3e9">
         <name>.text:spi_Close</name>
         <load_address>0x2000cf88</load_address>
         <run_address>0x2000cf88</run_address>
         <size>0x78</size>
         <input_file_ref idref="fl-102"/>
      </object_component>
      <object_component id="oc-33d">
         <name>.text:UARTConfigSetExpClk</name>
         <load_address>0x2000d000</load_address>
         <run_address>0x2000d000</run_address>
         <size>0x76</size>
         <input_file_ref idref="fl-f6"/>
      </object_component>
      <object_component id="oc-128">
         <name>.text:_SlNonOsMainLoopTask</name>
         <load_address>0x2000d078</load_address>
         <run_address>0x2000d078</run_address>
         <size>0x74</size>
         <input_file_ref idref="fl-ff"/>
      </object_component>
      <object_component id="oc-2c4">
         <name>.text:TimerIntRegister</name>
         <load_address>0x2000d0ec</load_address>
         <run_address>0x2000d0ec</run_address>
         <size>0x70</size>
         <input_file_ref idref="fl-f5"/>
      </object_component>
      <object_component id="oc-853">
         <name>.text:_mcpy</name>
         <load_address>0x2000d15c</load_address>
         <run_address>0x2000d15c</run_address>
         <size>0x6e</size>
         <input_file_ref idref="fl-de"/>
      </object_component>
      <object_component id="oc-9fc">
         <name>.text:_SlDrvCmdSend</name>
         <load_address>0x2000d1cc</load_address>
         <run_address>0x2000d1cc</run_address>
         <size>0x6c</size>
         <input_file_ref idref="fl-fb"/>
      </object_component>
      <object_component id="oc-9af">
         <name>.text:_sl_NetAppSendTokenValue</name>
         <load_address>0x2000d238</load_address>
         <run_address>0x2000d238</run_address>
         <size>0x6c</size>
         <input_file_ref idref="fl-fd"/>
      </object_component>
      <object_component id="oc-2e8">
         <name>.text:TimerIntUnregister</name>
         <load_address>0x2000d2a4</load_address>
         <run_address>0x2000d2a4</run_address>
         <size>0x68</size>
         <input_file_ref idref="fl-f5"/>
      </object_component>
      <object_component id="oc-12">
         <name>.text:decompress:lzss:__TI_decompress_lzss</name>
         <load_address>0x2000d30c</load_address>
         <run_address>0x2000d30c</run_address>
         <size>0x68</size>
         <input_file_ref idref="fl-cf"/>
      </object_component>
      <object_component id="oc-658">
         <name>.text:_SlNonOsSpawn</name>
         <load_address>0x2000d374</load_address>
         <run_address>0x2000d374</run_address>
         <size>0x64</size>
         <input_file_ref idref="fl-ff"/>
      </object_component>
      <object_component id="oc-9bf">
         <name>.text:_sl_HandleAsync_Accept</name>
         <load_address>0x2000d3d8</load_address>
         <run_address>0x2000d3d8</run_address>
         <size>0x64</size>
         <input_file_ref idref="fl-100"/>
      </object_component>
      <object_component id="oc-15e">
         <name>.text:sl_NetAppMDNSUnRegisterService</name>
         <load_address>0x2000d43c</load_address>
         <run_address>0x2000d43c</run_address>
         <size>0x64</size>
         <input_file_ref idref="fl-fd"/>
      </object_component>
      <object_component id="oc-7d3">
         <name>.text:uDMAChannelAttributeDisable</name>
         <load_address>0x2000d4a0</load_address>
         <run_address>0x2000d4a0</run_address>
         <size>0x64</size>
         <input_file_ref idref="fl-103"/>
      </object_component>
      <object_component id="oc-9df">
         <name>.text:uDMAChannelAttributeEnable</name>
         <load_address>0x2000d504</load_address>
         <run_address>0x2000d504</run_address>
         <size>0x64</size>
         <input_file_ref idref="fl-103"/>
      </object_component>
      <object_component id="oc-1ce">
         <name>.text:sl_Close</name>
         <load_address>0x2000d568</load_address>
         <run_address>0x2000d568</run_address>
         <size>0x60</size>
         <input_file_ref idref="fl-100"/>
      </object_component>
      <object_component id="oc-146">
         <name>.text:sl_WlanProfileDel</name>
         <load_address>0x2000d5c8</load_address>
         <run_address>0x2000d5c8</run_address>
         <size>0x60</size>
         <input_file_ref idref="fl-101"/>
      </object_component>
      <object_component id="oc-12e">
         <name>.text:sl_WlanSetMode</name>
         <load_address>0x2000d628</load_address>
         <run_address>0x2000d628</run_address>
         <size>0x60</size>
         <input_file_ref idref="fl-101"/>
      </object_component>
      <object_component id="oc-868">
         <name>.text:frexp</name>
         <load_address>0x2000d688</load_address>
         <run_address>0x2000d688</run_address>
         <size>0x5c</size>
         <input_file_ref idref="fl-e4"/>
      </object_component>
      <object_component id="oc-629">
         <name>.text:IntPendClear</name>
         <load_address>0x2000d6e4</load_address>
         <run_address>0x2000d6e4</run_address>
         <size>0x58</size>
         <input_file_ref idref="fl-f1"/>
      </object_component>
      <object_component id="oc-220">
         <name>.text:PRCMPeripheralReset</name>
         <load_address>0x2000d73c</load_address>
         <run_address>0x2000d73c</run_address>
         <size>0x58</size>
         <input_file_ref idref="fl-f3"/>
      </object_component>
      <object_component id="oc-6e8">
         <name>.text:_pconv_f</name>
         <load_address>0x2000d794</load_address>
         <run_address>0x2000d794</run_address>
         <size>0x56</size>
         <input_file_ref idref="fl-de"/>
      </object_component>
      <object_component id="oc-2be">
         <name>.text:IntPrioritySet</name>
         <load_address>0x2000d7ec</load_address>
         <run_address>0x2000d7ec</run_address>
         <size>0x54</size>
         <input_file_ref idref="fl-f1"/>
      </object_component>
      <object_component id="oc-3bc">
         <name>.text:_SlDrvRxIrqHandler</name>
         <load_address>0x2000d840</load_address>
         <run_address>0x2000d840</run_address>
         <size>0x54</size>
         <input_file_ref idref="fl-fb"/>
      </object_component>
      <object_component id="oc-9cb">
         <name>.text:_sl_HandleAsync_Select</name>
         <load_address>0x2000d894</load_address>
         <run_address>0x2000d894</run_address>
         <size>0x54</size>
         <input_file_ref idref="fl-100"/>
      </object_component>
      <object_component id="oc-83d">
         <name>.text:ltoa</name>
         <load_address>0x2000d8e8</load_address>
         <run_address>0x2000d8e8</run_address>
         <size>0x54</size>
         <input_file_ref idref="fl-e1"/>
      </object_component>
      <object_component id="oc-84d">
         <name>.text:_ecpy</name>
         <load_address>0x2000d93c</load_address>
         <run_address>0x2000d93c</run_address>
         <size>0x52</size>
         <input_file_ref idref="fl-de"/>
      </object_component>
      <object_component id="oc-9d1">
         <name>.text:_sl_HandleAsync_Stop</name>
         <load_address>0x2000d990</load_address>
         <run_address>0x2000d990</run_address>
         <size>0x50</size>
         <input_file_ref idref="fl-fa"/>
      </object_component>
      <object_component id="oc-608">
         <name>.text:SPIIntEnable</name>
         <load_address>0x2000d9e0</load_address>
         <run_address>0x2000d9e0</run_address>
         <size>0x4c</size>
         <input_file_ref idref="fl-f4"/>
      </object_component>
      <object_component id="oc-817">
         <name>.text:SPIIntNumberGet</name>
         <load_address>0x2000da2c</load_address>
         <run_address>0x2000da2c</run_address>
         <size>0x4c</size>
         <input_file_ref idref="fl-f4"/>
      </object_component>
      <object_component id="oc-38c">
         <name>.text:_SlDrvProtectAsyncRespSetting</name>
         <load_address>0x2000da78</load_address>
         <run_address>0x2000da78</run_address>
         <size>0x4c</size>
         <input_file_ref idref="fl-fb"/>
      </object_component>
      <object_component id="oc-485">
         <name>.text:_sl_BuildAddress</name>
         <load_address>0x2000dac4</load_address>
         <run_address>0x2000dac4</run_address>
         <size>0x4c</size>
         <input_file_ref idref="fl-100"/>
      </object_component>
      <object_component id="oc-6d1">
         <name>.text:atoi</name>
         <load_address>0x2000db10</load_address>
         <run_address>0x2000db10</run_address>
         <size>0x4c</size>
         <input_file_ref idref="fl-df"/>
      </object_component>
      <object_component id="oc-7cd">
         <name>.text:uDMAChannelAssign</name>
         <load_address>0x2000db5c</load_address>
         <run_address>0x2000db5c</run_address>
         <size>0x4c</size>
         <input_file_ref idref="fl-103"/>
      </object_component>
      <object_component id="oc-54c">
         <name>.text:GPIOGetIntNumber</name>
         <load_address>0x2000dba8</load_address>
         <run_address>0x2000dba8</run_address>
         <size>0x48</size>
         <input_file_ref idref="fl-f0"/>
      </object_component>
      <object_component id="oc-7ed">
         <name>.text:SPIIntClear</name>
         <load_address>0x2000dbf0</load_address>
         <run_address>0x2000dbf0</run_address>
         <size>0x48</size>
         <input_file_ref idref="fl-f4"/>
      </object_component>
      <object_component id="oc-415">
         <name>.text:_SlDrvBasicCmd</name>
         <load_address>0x2000dc38</load_address>
         <run_address>0x2000dc38</run_address>
         <size>0x48</size>
         <input_file_ref idref="fl-fb"/>
      </object_component>
      <object_component id="oc-838">
         <name>.text</name>
         <load_address>0x2000dc80</load_address>
         <run_address>0x2000dc80</run_address>
         <size>0x48</size>
         <input_file_ref idref="fl-eb"/>
      </object_component>
      <object_component id="oc-7dd">
         <name>.text:SPIDmaMaskGet</name>
         <load_address>0x2000dcc8</load_address>
         <run_address>0x2000dcc8</run_address>
         <size>0x44</size>
         <input_file_ref idref="fl-f4"/>
      </object_component>
      <object_component id="oc-2b2">
         <name>.text:TimerConfigure</name>
         <load_address>0x2000dd0c</load_address>
         <run_address>0x2000dd0c</run_address>
         <size>0x44</size>
         <input_file_ref idref="fl-f5"/>
      </object_component>
      <object_component id="oc-3a4">
         <name>.text:_SlDrvSyncObjWaitTimeout</name>
         <load_address>0x2000dd50</load_address>
         <run_address>0x2000dd50</run_address>
         <size>0x44</size>
         <input_file_ref idref="fl-fb"/>
      </object_component>
      <object_component id="oc-277">
         <name>.text:__TI_auto_init_nobinit_nopinit:__TI_auto_init_nobinit_nopinit</name>
         <load_address>0x2000dd94</load_address>
         <run_address>0x2000dd94</run_address>
         <size>0x44</size>
         <input_file_ref idref="fl-db"/>
      </object_component>
      <object_component id="oc-974">
         <name>.text:cc_SetupTransfer</name>
         <load_address>0x2000ddd8</load_address>
         <run_address>0x2000ddd8</run_address>
         <size>0x44</size>
         <input_file_ref idref="fl-102"/>
      </object_component>
      <object_component id="oc-208">
         <name>.text</name>
         <load_address>0x2000de1c</load_address>
         <run_address>0x2000de1c</run_address>
         <size>0x44</size>
         <input_file_ref idref="fl-c9"/>
      </object_component>
      <object_component id="oc-195">
         <name>.text:sl_Htonl</name>
         <load_address>0x2000de60</load_address>
         <run_address>0x2000de60</run_address>
         <size>0x42</size>
         <input_file_ref idref="fl-100"/>
      </object_component>
      <object_component id="oc-523">
         <name>.text:PinModeSet</name>
         <load_address>0x2000dea4</load_address>
         <run_address>0x2000dea4</run_address>
         <size>0x40</size>
         <input_file_ref idref="fl-f2"/>
      </object_component>
      <object_component id="oc-4ab">
         <name>.text:_sl_TruncatePayloadByProtocol</name>
         <load_address>0x2000dee4</load_address>
         <run_address>0x2000dee4</run_address>
         <size>0x40</size>
         <input_file_ref idref="fl-100"/>
      </object_component>
      <object_component id="oc-1b5">
         <name>.text:sprintf</name>
         <load_address>0x2000df24</load_address>
         <run_address>0x2000df24</run_address>
         <size>0x40</size>
         <input_file_ref idref="fl-d6"/>
      </object_component>
      <object_component id="oc-34c">
         <name>.text:vsnprintf</name>
         <load_address>0x2000df64</load_address>
         <run_address>0x2000df64</run_address>
         <size>0x40</size>
         <input_file_ref idref="fl-da"/>
      </object_component>
      <object_component id="oc-398">
         <name>.text:NwpRegisterInterruptHandler</name>
         <load_address>0x2000dfa4</load_address>
         <run_address>0x2000dfa4</run_address>
         <size>0x3e</size>
         <input_file_ref idref="fl-102"/>
      </object_component>
      <object_component id="oc-860">
         <name>.text:_fcpy</name>
         <load_address>0x2000dfe2</load_address>
         <run_address>0x2000dfe2</run_address>
         <size>0x3e</size>
         <input_file_ref idref="fl-de"/>
      </object_component>
      <object_component id="oc-9b6">
         <name>.text:CopyPingResultsToReport</name>
         <load_address>0x2000e020</load_address>
         <run_address>0x2000e020</run_address>
         <size>0x3c</size>
         <input_file_ref idref="fl-fd"/>
      </object_component>
      <object_component id="oc-21a">
         <name>.text:PRCMPeripheralClkEnable</name>
         <load_address>0x2000e05c</load_address>
         <run_address>0x2000e05c</run_address>
         <size>0x3c</size>
         <input_file_ref idref="fl-f3"/>
      </object_component>
      <object_component id="oc-4d5">
         <name>.text:minsert</name>
         <load_address>0x2000e098</load_address>
         <run_address>0x2000e098</run_address>
         <size>0x3c</size>
         <input_file_ref idref="fl-d2"/>
      </object_component>
      <object_component id="oc-941">
         <name>.text:simplelink_timerA2_start</name>
         <load_address>0x2000e0d4</load_address>
         <run_address>0x2000e0d4</run_address>
         <size>0x3c</size>
         <input_file_ref idref="fl-102"/>
      </object_component>
      <object_component id="oc-18f">
         <name>.text:sl_Htons</name>
         <load_address>0x2000e110</load_address>
         <run_address>0x2000e110</run_address>
         <size>0x3c</size>
         <input_file_ref idref="fl-100"/>
      </object_component>
      <object_component id="oc-9d9">
         <name>.text:uDMAChannelControlSet</name>
         <load_address>0x2000e14c</load_address>
         <run_address>0x2000e14c</run_address>
         <size>0x3c</size>
         <input_file_ref idref="fl-103"/>
      </object_component>
      <object_component id="oc-392">
         <name>.text:NwpPowerOff</name>
         <load_address>0x2000e188</load_address>
         <run_address>0x2000e188</run_address>
         <size>0x38</size>
         <input_file_ref idref="fl-102"/>
      </object_component>
      <object_component id="oc-4c9">
         <name>.text:minit</name>
         <load_address>0x2000e1c0</load_address>
         <run_address>0x2000e1c0</run_address>
         <size>0x38</size>
         <input_file_ref idref="fl-d2"/>
      </object_component>
      <object_component id="oc-14c">
         <name>.text:sl_WlanDisconnect</name>
         <load_address>0x2000e1f8</load_address>
         <run_address>0x2000e1f8</run_address>
         <size>0x38</size>
         <input_file_ref idref="fl-101"/>
      </object_component>
      <object_component id="oc-52f">
         <name>.text:GPIODirModeSet</name>
         <load_address>0x2000e230</load_address>
         <run_address>0x2000e230</run_address>
         <size>0x36</size>
         <input_file_ref idref="fl-f0"/>
      </object_component>
      <object_component id="oc-5ea">
         <name>.text:PRCMPeripheralStatusGet</name>
         <load_address>0x2000e268</load_address>
         <run_address>0x2000e268</run_address>
         <size>0x34</size>
         <input_file_ref idref="fl-f3"/>
      </object_component>
      <object_component id="oc-602">
         <name>.text:SPIFIFOLevelSet</name>
         <load_address>0x2000e29c</load_address>
         <run_address>0x2000e29c</run_address>
         <size>0x34</size>
         <input_file_ref idref="fl-f4"/>
      </object_component>
      <object_component id="oc-529">
         <name>.text:PinTypeGPIO</name>
         <load_address>0x2000e2d0</load_address>
         <run_address>0x2000e2d0</run_address>
         <size>0x30</size>
         <input_file_ref idref="fl-f2"/>
      </object_component>
      <object_component id="oc-5a2">
         <name>.text:UARTDisable</name>
         <load_address>0x2000e300</load_address>
         <run_address>0x2000e300</run_address>
         <size>0x30</size>
         <input_file_ref idref="fl-f6"/>
      </object_component>
      <object_component id="oc-5b2">
         <name>.text:_outs</name>
         <load_address>0x2000e330</load_address>
         <run_address>0x2000e330</run_address>
         <size>0x30</size>
         <input_file_ref idref="fl-da"/>
      </object_component>
      <object_component id="oc-757">
         <name>.text:_sl_Strlen</name>
         <load_address>0x2000e360</load_address>
         <run_address>0x2000e360</run_address>
         <size>0x30</size>
         <input_file_ref idref="fl-fc"/>
      </object_component>
      <object_component id="oc-843">
         <name>.text</name>
         <load_address>0x2000e390</load_address>
         <run_address>0x2000e390</run_address>
         <size>0x2e</size>
         <input_file_ref idref="fl-ec"/>
      </object_component>
      <object_component id="oc-39e">
         <name>.text:NwpPowerOn</name>
         <load_address>0x2000e3c0</load_address>
         <run_address>0x2000e3c0</run_address>
         <size>0x2c</size>
         <input_file_ref idref="fl-102"/>
      </object_component>
      <object_component id="oc-324">
         <name>.text:PRCMSysResetCauseGet</name>
         <load_address>0x2000e3ec</load_address>
         <run_address>0x2000e3ec</run_address>
         <size>0x2c</size>
         <input_file_ref idref="fl-f3"/>
      </object_component>
      <object_component id="oc-66b">
         <name>.text:_SlDrvObjGlobalLockWaitForever</name>
         <load_address>0x2000e418</load_address>
         <run_address>0x2000e418</run_address>
         <size>0x2c</size>
         <input_file_ref idref="fl-fb"/>
      </object_component>
      <object_component id="oc-45a">
         <name>.text:_SlDrvProtectionObjLockWaitForever</name>
         <load_address>0x2000e444</load_address>
         <run_address>0x2000e444</run_address>
         <size>0x2c</size>
         <input_file_ref idref="fl-fb"/>
      </object_component>
      <object_component id="oc-2dc">
         <name>.text:TimerLoadSet</name>
         <load_address>0x2000e470</load_address>
         <run_address>0x2000e470</run_address>
         <size>0x2a</size>
         <input_file_ref idref="fl-f5"/>
      </object_component>
      <object_component id="oc-2b8">
         <name>.text:TimerPrescaleSet</name>
         <load_address>0x2000e49a</load_address>
         <run_address>0x2000e49a</run_address>
         <size>0x2a</size>
         <input_file_ref idref="fl-f5"/>
      </object_component>
      <object_component id="oc-1e3">
         <name>.text:calloc</name>
         <load_address>0x2000e4c4</load_address>
         <run_address>0x2000e4c4</run_address>
         <size>0x2a</size>
         <input_file_ref idref="fl-d2"/>
      </object_component>
      <object_component id="oc-336">
         <name>.text:PRCMPeripheralClkDisable</name>
         <load_address>0x2000e4f0</load_address>
         <run_address>0x2000e4f0</run_address>
         <size>0x28</size>
         <input_file_ref idref="fl-f3"/>
      </object_component>
      <object_component id="oc-671">
         <name>.text:_SlDrvGlobalObjUnLock</name>
         <load_address>0x2000e518</load_address>
         <run_address>0x2000e518</run_address>
         <size>0x28</size>
         <input_file_ref idref="fl-fb"/>
      </object_component>
      <object_component id="oc-460">
         <name>.text:_SlDrvProtectionObjUnLock</name>
         <load_address>0x2000e540</load_address>
         <run_address>0x2000e540</run_address>
         <size>0x28</size>
         <input_file_ref idref="fl-fb"/>
      </object_component>
      <object_component id="oc-466">
         <name>.text:_SlDrvSyncObjWaitForever</name>
         <load_address>0x2000e568</load_address>
         <run_address>0x2000e568</run_address>
         <size>0x28</size>
         <input_file_ref idref="fl-fb"/>
      </object_component>
      <object_component id="oc-58">
         <name>.text:_c_int00_noargs:_c_int00_noargs</name>
         <load_address>0x2000e590</load_address>
         <run_address>0x2000e590</run_address>
         <size>0x28</size>
         <input_file_ref idref="fl-d0"/>
      </object_component>
      <object_component id="oc-4cf">
         <name>.text:mremove</name>
         <load_address>0x2000e5b8</load_address>
         <run_address>0x2000e5b8</run_address>
         <size>0x28</size>
         <input_file_ref idref="fl-d2"/>
      </object_component>
      <object_component id="oc-724">
         <name>.text:_SlDrvObjLockWaitForever</name>
         <load_address>0x2000e5e0</load_address>
         <run_address>0x2000e5e0</run_address>
         <size>0x26</size>
         <input_file_ref idref="fl-fb"/>
      </object_component>
      <object_component id="oc-614">
         <name>.text:DmaSpiSwIntHandler</name>
         <load_address>0x2000e608</load_address>
         <run_address>0x2000e608</run_address>
         <size>0x24</size>
         <input_file_ref idref="fl-102"/>
      </object_component>
      <object_component id="oc-58c">
         <name>.text:IntUnregister</name>
         <load_address>0x2000e62c</load_address>
         <run_address>0x2000e62c</run_address>
         <size>0x24</size>
         <input_file_ref idref="fl-f1"/>
      </object_component>
      <object_component id="oc-5a8">
         <name>.text:UARTEnable</name>
         <load_address>0x2000e650</load_address>
         <run_address>0x2000e650</run_address>
         <size>0x24</size>
         <input_file_ref idref="fl-f6"/>
      </object_component>
      <object_component id="oc-35e">
         <name>.text:memmove</name>
         <load_address>0x2000e674</load_address>
         <run_address>0x2000e674</run_address>
         <size>0x24</size>
         <input_file_ref idref="fl-d5"/>
      </object_component>
      <object_component id="oc-c2">
         <name>.text:GPIOIntStatus</name>
         <load_address>0x2000e698</load_address>
         <run_address>0x2000e698</run_address>
         <size>0x22</size>
         <input_file_ref idref="fl-f0"/>
      </object_component>
      <object_component id="oc-226">
         <name>.text:SPIReset</name>
         <load_address>0x2000e6ba</load_address>
         <run_address>0x2000e6ba</run_address>
         <size>0x22</size>
         <input_file_ref idref="fl-f4"/>
      </object_component>
      <object_component id="oc-8f3">
         <name>.text:SPIWordCountSet</name>
         <load_address>0x2000e6dc</load_address>
         <run_address>0x2000e6dc</run_address>
         <size>0x22</size>
         <input_file_ref idref="fl-f4"/>
      </object_component>
      <object_component id="oc-26">
         <name>.text</name>
         <load_address>0x2000e700</load_address>
         <run_address>0x2000e700</run_address>
         <size>0x22</size>
         <input_file_ref idref="fl-9"/>
      </object_component>
      <object_component id="oc-1f5">
         <name>.text:GPIOPinWrite</name>
         <load_address>0x2000e722</load_address>
         <run_address>0x2000e722</run_address>
         <size>0x20</size>
         <input_file_ref idref="fl-f0"/>
      </object_component>
      <object_component id="oc-552">
         <name>.text:IntRegister</name>
         <load_address>0x2000e744</load_address>
         <run_address>0x2000e744</run_address>
         <size>0x20</size>
         <input_file_ref idref="fl-f1"/>
      </object_component>
      <object_component id="oc-3e3">
         <name>.text:NwpPrePowerOffTimout0</name>
         <load_address>0x2000e764</load_address>
         <run_address>0x2000e764</run_address>
         <size>0x20</size>
         <input_file_ref idref="fl-102"/>
      </object_component>
      <object_component id="oc-4ef">
         <name>.text:SPIDataGet</name>
         <load_address>0x2000e784</load_address>
         <run_address>0x2000e784</run_address>
         <size>0x20</size>
         <input_file_ref idref="fl-f4"/>
      </object_component>
      <object_component id="oc-8bf">
         <name>.text:TimerGetCurrentTimestamp</name>
         <load_address>0x2000e7a4</load_address>
         <run_address>0x2000e7a4</run_address>
         <size>0x20</size>
         <input_file_ref idref="fl-102"/>
      </object_component>
      <object_component id="oc-72a">
         <name>.text:_SlDrvObjUnLock</name>
         <load_address>0x2000e7c4</load_address>
         <run_address>0x2000e7c4</run_address>
         <size>0x20</size>
         <input_file_ref idref="fl-fb"/>
      </object_component>
      <object_component id="oc-644">
         <name>.text:_SlDrvSyncObjSignal</name>
         <load_address>0x2000e7e4</load_address>
         <run_address>0x2000e7e4</run_address>
         <size>0x20</size>
         <input_file_ref idref="fl-fb"/>
      </object_component>
      <object_component id="oc-1fb">
         <name>.text</name>
         <load_address>0x2000e804</load_address>
         <run_address>0x2000e804</run_address>
         <size>0x20</size>
         <input_file_ref idref="fl-cb"/>
      </object_component>
      <object_component id="oc-23e">
         <name>.text:GPIOIntRegister</name>
         <load_address>0x2000e824</load_address>
         <run_address>0x2000e824</run_address>
         <size>0x1e</size>
         <input_file_ref idref="fl-f0"/>
      </object_component>
      <object_component id="oc-4e9">
         <name>.text:SPIDataPut</name>
         <load_address>0x2000e842</load_address>
         <run_address>0x2000e842</run_address>
         <size>0x1e</size>
         <input_file_ref idref="fl-f4"/>
      </object_component>
      <object_component id="oc-f5">
         <name>.text:TimerDisable</name>
         <load_address>0x2000e860</load_address>
         <run_address>0x2000e860</run_address>
         <size>0x1e</size>
         <input_file_ref idref="fl-f5"/>
      </object_component>
      <object_component id="oc-e9">
         <name>.text:TimerEnable</name>
         <load_address>0x2000e87e</load_address>
         <run_address>0x2000e87e</run_address>
         <size>0x1e</size>
         <input_file_ref idref="fl-f5"/>
      </object_component>
      <object_component id="oc-2d0">
         <name>.text:TimerIntStatus</name>
         <load_address>0x2000e89c</load_address>
         <run_address>0x2000e89c</run_address>
         <size>0x1e</size>
         <input_file_ref idref="fl-f5"/>
      </object_component>
      <object_component id="oc-346">
         <name>.text:UARTCharPut</name>
         <load_address>0x2000e8ba</load_address>
         <run_address>0x2000e8ba</run_address>
         <size>0x1e</size>
         <input_file_ref idref="fl-f6"/>
      </object_component>
      <object_component id="oc-5f0">
         <name>.text:cc_UDMAChannelSelect</name>
         <load_address>0x2000e8d8</load_address>
         <run_address>0x2000e8d8</run_address>
         <size>0x1e</size>
         <input_file_ref idref="fl-102"/>
      </object_component>
      <object_component id="oc-1c1">
         <name>.text:strcat</name>
         <load_address>0x2000e8f6</load_address>
         <run_address>0x2000e8f6</run_address>
         <size>0x1e</size>
         <input_file_ref idref="fl-d7"/>
      </object_component>
      <object_component id="oc-e3">
         <name>.text:TimerLoadGet</name>
         <load_address>0x2000e914</load_address>
         <run_address>0x2000e914</run_address>
         <size>0x1c</size>
         <input_file_ref idref="fl-f5"/>
      </object_component>
      <object_component id="oc-ef">
         <name>.text:TimerValueGet</name>
         <load_address>0x2000e930</load_address>
         <run_address>0x2000e930</run_address>
         <size>0x1c</size>
         <input_file_ref idref="fl-f5"/>
      </object_component>
      <object_component id="oc-358">
         <name>.text:UARTCharGetNonBlocking</name>
         <load_address>0x2000e94c</load_address>
         <run_address>0x2000e94c</run_address>
         <size>0x1c</size>
         <input_file_ref idref="fl-f6"/>
      </object_component>
      <object_component id="oc-7b9">
         <name>.text:_SlDrvStartMeasureTimeout</name>
         <load_address>0x2000e968</load_address>
         <run_address>0x2000e968</run_address>
         <size>0x1c</size>
         <input_file_ref idref="fl-fb"/>
      </object_component>
      <object_component id="oc-6fa">
         <name>.text:memccpy</name>
         <load_address>0x2000e984</load_address>
         <run_address>0x2000e984</run_address>
         <size>0x1c</size>
         <input_file_ref idref="fl-e2"/>
      </object_component>
      <object_component id="oc-9eb">
         <name>.text:uDMAChannelEnable</name>
         <load_address>0x2000e9a0</load_address>
         <run_address>0x2000e9a0</run_address>
         <size>0x1c</size>
         <input_file_ref idref="fl-103"/>
      </object_component>
      <object_component id="oc-24a">
         <name>.text:GPIOIntEnable</name>
         <load_address>0x2000e9bc</load_address>
         <run_address>0x2000e9bc</run_address>
         <size>0x1a</size>
         <input_file_ref idref="fl-f0"/>
      </object_component>
      <object_component id="oc-535">
         <name>.text:PinTypeSPI</name>
         <load_address>0x2000e9d6</load_address>
         <run_address>0x2000e9d6</run_address>
         <size>0x1a</size>
         <input_file_ref idref="fl-f2"/>
      </object_component>
      <object_component id="oc-53b">
         <name>.text:PinTypeUART</name>
         <load_address>0x2000e9f0</load_address>
         <run_address>0x2000e9f0</run_address>
         <size>0x1a</size>
         <input_file_ref idref="fl-f2"/>
      </object_component>
      <object_component id="oc-695">
         <name>.text:SPIDmaDisable</name>
         <load_address>0x2000ea0a</load_address>
         <run_address>0x2000ea0a</run_address>
         <size>0x1a</size>
         <input_file_ref idref="fl-f4"/>
      </object_component>
      <object_component id="oc-5fc">
         <name>.text:SPIDmaEnable</name>
         <load_address>0x2000ea24</load_address>
         <run_address>0x2000ea24</run_address>
         <size>0x1a</size>
         <input_file_ref idref="fl-f4"/>
      </object_component>
      <object_component id="oc-68f">
         <name>.text:SPIFIFODisable</name>
         <load_address>0x2000ea3e</load_address>
         <run_address>0x2000ea3e</run_address>
         <size>0x1a</size>
         <input_file_ref idref="fl-f4"/>
      </object_component>
      <object_component id="oc-5f6">
         <name>.text:SPIFIFOEnable</name>
         <load_address>0x2000ea58</load_address>
         <run_address>0x2000ea58</run_address>
         <size>0x1a</size>
         <input_file_ref idref="fl-f4"/>
      </object_component>
      <object_component id="oc-689">
         <name>.text:SPIIntUnregister</name>
         <load_address>0x2000ea72</load_address>
         <run_address>0x2000ea72</run_address>
         <size>0x1a</size>
         <input_file_ref idref="fl-f4"/>
      </object_component>
      <object_component id="oc-dd">
         <name>.text:GPIOPinRead</name>
         <load_address>0x2000ea8c</load_address>
         <run_address>0x2000ea8c</run_address>
         <size>0x18</size>
         <input_file_ref idref="fl-f0"/>
      </object_component>
      <object_component id="oc-4f5">
         <name>.text:SPICSDisable</name>
         <load_address>0x2000eaa4</load_address>
         <run_address>0x2000eaa4</run_address>
         <size>0x18</size>
         <input_file_ref idref="fl-f4"/>
      </object_component>
      <object_component id="oc-4e3">
         <name>.text:SPICSEnable</name>
         <load_address>0x2000eabc</load_address>
         <run_address>0x2000eabc</run_address>
         <size>0x18</size>
         <input_file_ref idref="fl-f4"/>
      </object_component>
      <object_component id="oc-5e4">
         <name>.text:SPIDisable</name>
         <load_address>0x2000ead4</load_address>
         <run_address>0x2000ead4</run_address>
         <size>0x18</size>
         <input_file_ref idref="fl-f4"/>
      </object_component>
      <object_component id="oc-238">
         <name>.text:SPIEnable</name>
         <load_address>0x2000eaec</load_address>
         <run_address>0x2000eaec</run_address>
         <size>0x18</size>
         <input_file_ref idref="fl-f4"/>
      </object_component>
      <object_component id="oc-2e2">
         <name>.text:TimerIntDisable</name>
         <load_address>0x2000eb04</load_address>
         <run_address>0x2000eb04</run_address>
         <size>0x18</size>
         <input_file_ref idref="fl-f5"/>
      </object_component>
      <object_component id="oc-2ca">
         <name>.text:TimerIntEnable</name>
         <load_address>0x2000eb1c</load_address>
         <run_address>0x2000eb1c</run_address>
         <size>0x18</size>
         <input_file_ref idref="fl-f5"/>
      </object_component>
      <object_component id="oc-352">
         <name>.text:UARTCharsAvail</name>
         <load_address>0x2000eb34</load_address>
         <run_address>0x2000eb34</run_address>
         <size>0x18</size>
         <input_file_ref idref="fl-f6"/>
      </object_component>
      <object_component id="oc-5d3">
         <name>.text:_SlNonOsSemSet</name>
         <load_address>0x2000eb4c</load_address>
         <run_address>0x2000eb4c</run_address>
         <size>0x18</size>
         <input_file_ref idref="fl-ff"/>
      </object_component>
      <object_component id="oc-5b8">
         <name>.text:_outc</name>
         <load_address>0x2000eb64</load_address>
         <run_address>0x2000eb64</run_address>
         <size>0x18</size>
         <input_file_ref idref="fl-da"/>
      </object_component>
      <object_component id="oc-499">
         <name>.text:_outs</name>
         <load_address>0x2000eb7c</load_address>
         <run_address>0x2000eb7c</run_address>
         <size>0x18</size>
         <input_file_ref idref="fl-d6"/>
      </object_component>
      <object_component id="oc-3b0">
         <name>.text:_sl_GetStartResponseConvert</name>
         <load_address>0x2000eb94</load_address>
         <run_address>0x2000eb94</run_address>
         <size>0x18</size>
         <input_file_ref idref="fl-fa"/>
      </object_component>
      <object_component id="oc-32a">
         <name>.text:PRCMHIBRegRead</name>
         <load_address>0x2000ebac</load_address>
         <run_address>0x2000ebac</run_address>
         <size>0x16</size>
         <input_file_ref idref="fl-f3"/>
      </object_component>
      <object_component id="oc-330">
         <name>.text:PRCMHIBRegWrite</name>
         <load_address>0x2000ebc2</load_address>
         <run_address>0x2000ebc2</run_address>
         <size>0x16</size>
         <input_file_ref idref="fl-f3"/>
      </object_component>
      <object_component id="oc-43a">
         <name>.text:_SlDrvMemZero</name>
         <load_address>0x2000ebd8</load_address>
         <run_address>0x2000ebd8</run_address>
         <size>0x16</size>
         <input_file_ref idref="fl-fb"/>
      </object_component>
      <object_component id="oc-874">
         <name>.text:strchr</name>
         <load_address>0x2000ebee</load_address>
         <run_address>0x2000ebee</run_address>
         <size>0x16</size>
         <input_file_ref idref="fl-e3"/>
      </object_component>
      <object_component id="oc-319">
         <name>.text:CPUcpsie</name>
         <load_address>0x2000ec04</load_address>
         <run_address>0x2000ec04</run_address>
         <size>0x14</size>
         <input_file_ref idref="fl-f8"/>
      </object_component>
      <object_component id="oc-c8">
         <name>.text:GPIOIntClear</name>
         <load_address>0x2000ec18</load_address>
         <run_address>0x2000ec18</run_address>
         <size>0x14</size>
         <input_file_ref idref="fl-f0"/>
      </object_component>
      <object_component id="oc-fb">
         <name>.text:IntVTableBaseSet</name>
         <load_address>0x2000ec2c</load_address>
         <run_address>0x2000ec2c</run_address>
         <size>0x14</size>
         <input_file_ref idref="fl-f1"/>
      </object_component>
      <object_component id="oc-1bb">
         <name>.text:strcpy</name>
         <load_address>0x2000ec40</load_address>
         <run_address>0x2000ec40</run_address>
         <size>0x14</size>
         <input_file_ref idref="fl-d8"/>
      </object_component>
      <object_component id="oc-16d">
         <name>.text:strlen</name>
         <load_address>0x2000ec54</load_address>
         <run_address>0x2000ec54</run_address>
         <size>0x14</size>
         <input_file_ref idref="fl-d9"/>
      </object_component>
      <object_component id="oc-2d6">
         <name>.text:TimerIntClear</name>
         <load_address>0x2000ec68</load_address>
         <run_address>0x2000ec68</run_address>
         <size>0x12</size>
         <input_file_ref idref="fl-f5"/>
      </object_component>
      <object_component id="oc-700">
[...]
         <name>TimerEnable</name>
         <value>0x2000e87f</value>
         <object_component_ref idref="oc-e9"/>
      </symbol>
      <symbol id="sm-b7e">
         <name>TimerIntUnregister</name>
         <value>0x2000d2a5</value>
         <object_component_ref idref="oc-2e8"/>
      </symbol>
      <symbol id="sm-b7f">
         <name>TimerIntStatus</name>
         <value>0x2000e89d</value>
         <object_component_ref idref="oc-2d0"/>
      </symbol>
      <symbol id="sm-b80">
         <name>TimerIntDisable</name>
         <value>0x2000eb05</value>
         <object_component_ref idref="oc-2e2"/>
      </symbol>
      <symbol id="sm-b81">
         <name>TimerValueGet</name>
         <value>0x2000e931</value>
         <object_component_ref idref="oc-ef"/>
      </symbol>
      <symbol id="sm-b82">
         <name>TimerPrescaleSet</name>
         <value>0x2000e49b</value>
         <object_component_ref idref="oc-2b8"/>
      </symbol>
      <symbol id="sm-b83">
         <name>TimerLoadGet</name>
         <value>0x2000e915</value>
         <object_component_ref idref="oc-e3"/>
      </symbol>
      <symbol id="sm-b84">
         <name>TimerIntEnable</name>
         <value>0x2000eb1d</value>
         <object_component_ref idref="oc-2ca"/>
      </symbol>
      <symbol id="sm-b85">
         <name>TimerConfigure</name>
         <value>0x2000dd0d</value>
         <object_component_ref idref="oc-2b2"/>
      </symbol>
      <symbol id="sm-b86">
         <name>TimerIntClear</name>
         <value>0x2000ec69</value>
         <object_component_ref idref="oc-2d6"/>
      </symbol>
      <symbol id="sm-bc2">
         <name>UARTConfigSetExpClk</name>
         <value>0x2000d001</value>
         <object_component_ref idref="oc-33d"/>
      </symbol>
      <symbol id="sm-bc3">
         <name>UARTDisable</name>
         <value>0x2000e301</value>
         <object_component_ref idref="oc-5a2"/>
      </symbol>
      <symbol id="sm-bc4">
         <name>UARTCharsAvail</name>
         <value>0x2000eb35</value>
         <object_component_ref idref="oc-352"/>
      </symbol>
      <symbol id="sm-bc5">
         <name>UARTCharGetNonBlocking</name>
         <value>0x2000e94d</value>
         <object_component_ref idref="oc-358"/>
      </symbol>
      <symbol id="sm-bc6">
         <name>UARTCharPut</name>
         <value>0x2000e8bb</value>
         <object_component_ref idref="oc-346"/>
      </symbol>
      <symbol id="sm-bc7">
         <name>UARTEnable</name>
         <value>0x2000e651</value>
         <object_component_ref idref="oc-5a8"/>
      </symbol>
      <symbol id="sm-bcb">
         <name>UtilsDelay</name>
         <value>0x2000ed01</value>
         <object_component_ref idref="oc-180"/>
      </symbol>
      <symbol id="sm-bd5">
         <name>CPUcpsie</name>
         <value>0x2000ec05</value>
         <object_component_ref idref="oc-319"/>
      </symbol>
      <symbol id="sm-c8c">
         <name>_sl_HandleAsync_InitComplete</name>
         <value>0x2000c961</value>
         <object_component_ref idref="oc-9f2"/>
      </symbol>
      <symbol id="sm-c8d">
         <name>_SlDrvDeviceEventHandler</name>
         <value>0x2000c0b9</value>
         <object_component_ref idref="oc-995"/>
      </symbol>
      <symbol id="sm-c8e">
         <name>_sl_HandleAsync_Stop</name>
         <value>0x2000d991</value>
         <object_component_ref idref="oc-9d1"/>
      </symbol>
      <symbol id="sm-c8f">
         <name>sl_DevSet</name>
         <value>0x2000c155</value>
         <object_component_ref idref="oc-182"/>
      </symbol>
      <symbol id="sm-c90">
         <name>sl_Stop</name>
         <value>0x2000ae1d</value>
         <object_component_ref idref="oc-134"/>
      </symbol>
      <symbol id="sm-c91">
         <name>sl_Start</name>
         <value>0x2000b0ed</value>
         <object_component_ref idref="oc-121"/>
      </symbol>
      <symbol id="sm-c92">
         <name>sl_DevGet</name>
         <value>0x2000b7dd</value>
         <object_component_ref idref="oc-13a"/>
      </symbol>
      <symbol id="sm-f41">
         <name>RxIrqCnt</name>
         <value>0x20020240</value>
      </symbol>
      <symbol id="sm-f42">
         <name>g_bDeviceRestartIsRequired</name>
         <value>0x20020241</value>
      </symbol>
      <symbol id="sm-f43">
         <name>_SlDrvProtectionObjUnLock</name>
         <value>0x2000e541</value>
         <object_component_ref idref="oc-460"/>
      </symbol>
      <symbol id="sm-f44">
         <name>_SlDrvBasicCmd</name>
         <value>0x2000dc39</value>
         <object_component_ref idref="oc-415"/>
      </symbol>
      <symbol id="sm-f45">
         <name>_SlDrvObjUnLock</name>
         <value>0x2000e7c5</value>
         <object_component_ref idref="oc-72a"/>
      </symbol>
      <symbol id="sm-f46">
         <name>_SlDrvObjLockWaitForever</name>
         <value>0x2000e5e1</value>
         <object_component_ref idref="oc-724"/>
      </symbol>
      <symbol id="sm-f47">
         <name>_SlDrvMsgReadSpawnCtx</name>
         <value>0x2000b2c1</value>
         <object_component_ref idref="oc-65e"/>
      </symbol>
      <symbol id="sm-f48">
         <name>_SlDrvDispatchHttpServerEvents</name>
         <value>0x2000ec8d</value>
         <object_component_ref idref="oc-9a9"/>
      </symbol>
      <symbol id="sm-f49">
         <name>_SlDriverHandleError</name>
         <value>0x2000bd95</value>
         <object_component_ref idref="oc-637"/>
      </symbol>
      <symbol id="sm-f4a">
         <name>_SlDrvDriverCBDeinit</name>
         <value>0x2000a7a1</value>
         <object_component_ref idref="oc-3ef"/>
      </symbol>
      <symbol id="sm-f4b">
         <name>_SlDrvStartMeasureTimeout</name>
         <value>0x2000e969</value>
         <object_component_ref idref="oc-7b9"/>
      </symbol>
      <symbol id="sm-f4c">
         <name>_SlDrvResetCmdExt</name>
         <value>0x2000ec9d</value>
         <object_component_ref idref="oc-3fe"/>
      </symbol>
      <symbol id="sm-f4d">
         <name>_SlDrvIsTimeoutExpired</name>
         <value>0x2000c8d5</value>
         <object_component_ref idref="oc-7bf"/>
      </symbol>
      <symbol id="sm-f4e">
         <name>_SlDrvProtectAsyncRespSetting</name>
         <value>0x2000da79</value>
         <object_component_ref idref="oc-38c"/>
      </symbol>
      <symbol id="sm-f4f">
         <name>_SlDrvReleasePoolObj</name>
         <value>0x20008d25</value>
         <object_component_ref idref="oc-3aa"/>
      </symbol>
      <symbol id="sm-f50">
         <name>OpcodeTranslateTable</name>
         <value>0x2000f108</value>
         <object_component_ref idref="oc-8e9"/>
      </symbol>
      <symbol id="sm-f51">
         <name>pPingCallBackFunc</name>
         <value>0x200202c8</value>
         <object_component_ref idref="oc-3b9"/>
      </symbol>
      <symbol id="sm-f52">
         <name>_SlDrvDriverCBInit</name>
         <value>0x20009279</value>
         <object_component_ref idref="oc-380"/>
      </symbol>
      <symbol id="sm-f53">
         <name>g_pCB</name>
         <value>0x200202c4</value>
         <object_component_ref idref="oc-3b9"/>
      </symbol>
      <symbol id="sm-f54">
         <name>_SlDrvProtectionObjLockWaitForever</name>
         <value>0x2000e445</value>
         <object_component_ref idref="oc-45a"/>
      </symbol>
      <symbol id="sm-f55">
         <name>_SlDrvCmdOp</name>
         <value>0x2000b96d</value>
         <object_component_ref idref="oc-3d3"/>
      </symbol>
      <symbol id="sm-f56">
         <name>_SlDrvSyncObjWaitTimeout</name>
         <value>0x2000dd51</value>
         <object_component_ref idref="oc-3a4"/>
      </symbol>
      <symbol id="sm-f57">
         <name>_SlDrvGlobalObjUnLock</name>
         <value>0x2000e519</value>
         <object_component_ref idref="oc-671"/>
      </symbol>
      <symbol id="sm-f58">
         <name>_SlDrvMemZero</name>
         <value>0x2000ebd9</value>
         <object_component_ref idref="oc-43a"/>
      </symbol>
      <symbol id="sm-f59">
         <name>_SlDrvWaitForPoolObj</name>
         <value>0x2000975d</value>
         <object_component_ref idref="oc-454"/>
      </symbol>
      <symbol id="sm-f5a">
         <name>_SlDrvSyncObjSignal</name>
         <value>0x2000e7e5</value>
         <object_component_ref idref="oc-644"/>
      </symbol>
      <symbol id="sm-f5b">
         <name>_SlDrvDataReadOp</name>
         <value>0x20008b41</value>
         <object_component_ref idref="oc-4bf"/>
      </symbol>
      <symbol id="sm-f5c">
         <name>_SlDrvDataWriteOp</name>
         <value>0x20009ed9</value>
         <object_component_ref idref="oc-4b1"/>
      </symbol>
      <symbol id="sm-f5d">
         <name>_SlDrvRxIrqHandler</name>
         <value>0x2000d841</value>
         <object_component_ref idref="oc-3bc"/>
      </symbol>
      <symbol id="sm-f5e">
         <name>_SlDrvSyncObjWaitForever</name>
         <value>0x2000e569</value>
         <object_component_ref idref="oc-466"/>
      </symbol>
      <symbol id="sm-f5f">
         <name>g_SlDeviceStatus</name>
         <value>0x200202c0</value>
         <object_component_ref idref="oc-3b9"/>
      </symbol>
      <symbol id="sm-f60">
         <name>_SlDrvCmdSend</name>
         <value>0x2000d1cd</value>
         <object_component_ref idref="oc-9fc"/>
      </symbol>
      <symbol id="sm-f61">
         <name>_SlActionLookupTable</name>
         <value>0x2000f144</value>
         <object_component_ref idref="oc-96e"/>
      </symbol>
      <symbol id="sm-fe0">
         <name>sl_FsClose</name>
         <value>0x2000ba2d</value>
         <object_component_ref idref="oc-50f"/>
      </symbol>
      <symbol id="sm-fe1">
         <name>_sl_GetCreateFsMode</name>
         <value>0x2000c579</value>
         <object_component_ref idref="oc-503"/>
      </symbol>
      <symbol id="sm-fe2">
         <name>sl_FsWrite</name>
         <value>0x2000a9f1</value>
         <object_component_ref idref="oc-516"/>
      </symbol>
      <symbol id="sm-fe3">
         <name>sl_FsOpen</name>
         <value>0x2000be39</value>
         <object_component_ref idref="oc-509"/>
      </symbol>
      <symbol id="sm-108b">
         <name>sl_NetAppMDNSUnRegisterService</name>
         <value>0x2000d43d</value>
         <object_component_ref idref="oc-15e"/>
      </symbol>
      <symbol id="sm-108c">
         <name>_SlNetAppSendTokenValueCmdCtrl</name>
         <value>0x2000f382</value>
         <object_component_ref idref="oc-a02"/>
      </symbol>
      <symbol id="sm-108d">
         <name>sl_NetAppDnsGetHostByName</name>
         <value>0x2000a2b5</value>
         <object_component_ref idref="oc-189"/>
      </symbol>
      <symbol id="sm-108e">
         <name>_sl_HandleAsync_DnsGetHostByName</name>
         <value>0x2000c60d</value>
         <object_component_ref idref="oc-99d"/>
      </symbol>
      <symbol id="sm-108f">
         <name>_sl_HandleAsync_PingResponse</name>
         <value>0x2000c69d</value>
         <object_component_ref idref="oc-95a"/>
      </symbol>
      <symbol id="sm-1090">
         <name>_SlDrvNetAppEventHandler</name>
         <value>0x2000ac1d</value>
         <object_component_ref idref="oc-954"/>
      </symbol>
      <symbol id="sm-1091">
         <name>_sl_HandleAsync_DnsGetHostByService</name>
         <value>0x2000b711</value>
         <object_component_ref idref="oc-9a3"/>
      </symbol>
      <symbol id="sm-1092">
         <name>_sl_NetAppSendTokenValue</name>
         <value>0x2000d239</value>
         <object_component_ref idref="oc-9af"/>
      </symbol>
      <symbol id="sm-1093">
         <name>sl_NetAppMDNSRegisterUnregisterService</name>
         <value>0x2000b3a9</value>
         <object_component_ref idref="oc-42a"/>
      </symbol>
      <symbol id="sm-10b5">
         <name>sl_NetCfgSet</name>
         <value>0x2000c1ed</value>
         <object_component_ref idref="oc-152"/>
      </symbol>
      <symbol id="sm-10fd">
         <name>_SlNonOsSemSet</name>
         <value>0x2000eb4d</value>
         <object_component_ref idref="oc-5d3"/>
      </symbol>
      <symbol id="sm-10fe">
         <name>_SlNonOsSpawn</name>
         <value>0x2000d375</value>
         <object_component_ref idref="oc-658"/>
      </symbol>
      <symbol id="sm-10ff">
         <name>_SlNonOsSemGet</name>
         <value>0x2000bb95</value>
         <object_component_ref idref="oc-5d9"/>
      </symbol>
      <symbol id="sm-1100">
         <name>_SlNonOsMainLoopTask</name>
         <value>0x2000d079</value>
         <object_component_ref idref="oc-128"/>
      </symbol>
      <symbol id="sm-1101">
         <name>g__SlNonOsCB</name>
         <value>0x2002024c</value>
         <object_component_ref idref="oc-3ce"/>
      </symbol>
      <symbol id="sm-1202">
         <name>sl_Recv</name>
         <value>0x2000bf7d</value>
         <object_component_ref idref="oc-1d4"/>
      </symbol>
      <symbol id="sm-1203">
         <name>sl_Send</name>
         <value>0x2000a66d</value>
         <object_component_ref idref="oc-1c8"/>
      </symbol>
      <symbol id="sm-1204">
         <name>_sl_HandleAsync_Connect</name>
         <value>0x2000cd15</value>
         <object_component_ref idref="oc-9c5"/>
      </symbol>
      <symbol id="sm-1205">
         <name>sl_Htonl</name>
         <value>0x2000de61</value>
         <object_component_ref idref="oc-195"/>
      </symbol>
      <symbol id="sm-1206">
         <name>sl_Htons</name>
         <value>0x2000e111</value>
         <object_component_ref idref="oc-18f"/>
      </symbol>
      <symbol id="sm-1207">
         <name>sl_Connect</name>
         <value>0x200098ed</value>
         <object_component_ref idref="oc-1a7"/>
      </symbol>
      <symbol id="sm-1208">
         <name>sl_Socket</name>
         <value>0x2000c9ed</value>
         <object_component_ref idref="oc-19b"/>
      </symbol>
      <symbol id="sm-1209">
         <name>_sl_HandleAsync_Select</name>
         <value>0x2000d895</value>
         <object_component_ref idref="oc-9cb"/>
      </symbol>
      <symbol id="sm-120a">
         <name>sl_Close</name>
         <value>0x2000d569</value>
         <object_component_ref idref="oc-1ce"/>
      </symbol>
      <symbol id="sm-120b">
         <name>_sl_HandleAsync_Accept</name>
         <value>0x2000d3d9</value>
         <object_component_ref idref="oc-9bf"/>
      </symbol>
      <symbol id="sm-120c">
         <name>sl_SetSockOpt</name>
         <value>0x2000c285</value>
         <object_component_ref idref="oc-1a1"/>
      </symbol>
      <symbol id="sm-12c6">
         <name>sl_WlanDisconnect</name>
         <value>0x2000e1f9</value>
         <object_component_ref idref="oc-14c"/>
      </symbol>
      <symbol id="sm-12c7">
         <name>sl_WlanPolicySet</name>
         <value>0x2000c72d</value>
         <object_component_ref idref="oc-140"/>
      </symbol>
      <symbol id="sm-12c8">
         <name>sl_WlanProfileDel</name>
         <value>0x2000d5c9</value>
         <object_component_ref idref="oc-146"/>
      </symbol>
      <symbol id="sm-12c9">
         <name>sl_WlanRxFilterSet</name>
         <value>0x2000cc0d</value>
         <object_component_ref idref="oc-164"/>
      </symbol>
      <symbol id="sm-12ca">
         <name>sl_WlanConnect</name>
         <value>0x20008225</value>
         <object_component_ref idref="oc-173"/>
      </symbol>
      <symbol id="sm-12cb">
         <name>sl_WlanSet</name>
         <value>0x2000c31d</value>
         <object_component_ref idref="oc-158"/>
      </symbol>
      <symbol id="sm-12cc">
         <name>sl_WlanSetMode</name>
         <value>0x2000d629</value>
         <object_component_ref idref="oc-12e"/>
      </symbol>
      <symbol id="sm-13ec">
         <name>g_ucDinDout</name>
         <value>0x20020168</value>
      </symbol>
      <symbol id="sm-13ed">
         <name>g_cDummy</name>
         <value>0x20020243</value>
      </symbol>
      <symbol id="sm-13ee">
         <name>NwpMaskInterrupt</name>
         <value>0x2000ecb9</value>
         <object_component_ref idref="oc-622"/>
      </symbol>
      <symbol id="sm-13ef">
         <name>NwpPrePowerOffTimout0</name>
         <value>0x2000e765</value>
         <object_component_ref idref="oc-3e3"/>
      </symbol>
      <symbol id="sm-13f0">
         <name>NwpRegisterInterruptHandler</name>
         <value>0x2000dfa5</value>
         <object_component_ref idref="oc-398"/>
      </symbol>
      <symbol id="sm-13f1">
         <name>g_pHostIntHdl</name>
         <value>0x200202ec</value>
         <object_component_ref idref="oc-60e"/>
      </symbol>
      <symbol id="sm-13f2">
         <name>simplelink_timerA2_start</name>
         <value>0x2000e0d5</value>
         <object_component_ref idref="oc-941"/>
      </symbol>
      <symbol id="sm-13f3">
         <name>NwpUnMaskInterrupt</name>
         <value>0x2000ecc5</value>
         <object_component_ref idref="oc-630"/>
      </symbol>
      <symbol id="sm-13f4">
         <name>NwpPowerOff</name>
         <value>0x2000e189</value>
         <object_component_ref idref="oc-392"/>
      </symbol>
      <symbol id="sm-13f5">
         <name>TimerGetCurrentTimestamp</name>
         <value>0x2000e7a5</value>
         <object_component_ref idref="oc-8bf"/>
      </symbol>
      <symbol id="sm-13f6">
         <name>spi_Read</name>
         <value>0x2000af0d</value>
         <object_component_ref idref="oc-8dc"/>
      </symbol>
      <symbol id="sm-13f7">
         <name>DmaSpiSwIntHandler</name>
         <value>0x2000e609</value>
         <object_component_ref idref="oc-614"/>
      </symbol>
      <symbol id="sm-13f8">
         <name>NwpPowerOn</name>
         <value>0x2000e3c1</value>
         <object_component_ref idref="oc-39e"/>
      </symbol>
      <symbol id="sm-13f9">
         <name>spi_Close</name>
         <value>0x2000cf89</value>
         <object_component_ref idref="oc-3e9"/>
      </symbol>
      <symbol id="sm-13fa">
         <name>spi_Write</name>
         <value>0x2000c3b5</value>
         <object_component_ref idref="oc-80c"/>
      </symbol>
      <symbol id="sm-13fb">
         <name>spi_Open</name>
         <value>0x2000a029</value>
         <object_component_ref idref="oc-386"/>
      </symbol>
      <symbol id="sm-13fc">
         <name>g_ucDMAEnabled</name>
         <value>0x200202f0</value>
         <object_component_ref idref="oc-60e"/>
      </symbol>
      <symbol id="sm-13fd">
         <name>g_SpiFd</name>
         <value>0x200202e8</value>
         <object_component_ref idref="oc-60e"/>
      </symbol>
      <symbol id="sm-1454">
         <name>uDMAChannelControlSet</name>
         <value>0x2000e14d</value>
         <object_component_ref idref="oc-9d9"/>
      </symbol>
      <symbol id="sm-1455">
         <name>uDMAChannelAttributeEnable</name>
         <value>0x2000d505</value>
         <object_component_ref idref="oc-9df"/>
      </symbol>
      <symbol id="sm-1456">
         <name>uDMAChannelTransferSet</name>
         <value>0x2000affd</value>
         <object_component_ref idref="oc-9e5"/>
      </symbol>
      <symbol id="sm-1457">
         <name>uDMAChannelAssign</name>
         <value>0x2000db5d</value>
         <object_component_ref idref="oc-7cd"/>
      </symbol>
      <symbol id="sm-1458">
         <name>uDMAChannelAttributeDisable</name>
         <value>0x2000d4a1</value>
         <object_component_ref idref="oc-7d3"/>
      </symbol>
      <symbol id="sm-1459">
         <name>uDMAChannelEnable</name>
         <value>0x2000e9a1</value>
         <object_component_ref idref="oc-9eb"/>
      </symbol>
      <symbol id="sm-145a">
         <name>__TI_static_base__</name>
         <value>0x2000f3c0</value>
      </symbol>
      <symbol id="sm-145d">
         <name>__mpu_init</name>
         <value>0x0</value>
      </symbol>
      <symbol id="sm-145e">
         <name>_system_post_cinit</name>
         <value>0x0</value>
      </symbol>
   </symbol_table>
   <title>Link successful</title>
</link_info>
