******************************************************************************
                  TI ARM Linker PC v18.12.1                    
******************************************************************************
>> Linked Fri Apr 12 17:53:27 2019

OUTPUT FILE NAME:   <REST_POST_GET.out>
ENTRY POINT SYMBOL: "_c_int00_noargs"  address: 2000c965


MEMORY CONFIGURATION

         name            origin    length      used     unused   attr    fill
----------------------  --------  ---------  --------  --------  ----  --------
  SRAM_CODE             20004000   00013000  00009574  00009a8c  RW X
  SRAM_DATA             20017000   00019000  000092b6  0000fd4a  RW X


SEGMENT ALLOCATION MAP

run origin  load origin   length   init length attrs members
----------  ----------- ---------- ----------- ----- -------
20004000    20004000    00009578   00009578    r-x
  20004000    20004000    00000400   00000400    r-- .intvecs
  20004400    20004400    00008aea   00008aea    r-x .text
  2000ceec    2000ceec    00000632   00000632    r-- .const
  2000d520    2000d520    00000058   00000058    r-- .cinit
20017000    20017000    000082b8   00000000    rw-
  20017000    20017000    00008000   00000000    rw- .sysmem
  2001f000    2001f000    0000021a   00000000    rw- .bss
  2001f21c    2001f21c    0000009c   00000000    rw- .data
2002f000    2002f000    00001000   00000000    rw-
  2002f000    2002f000    00001000   00000000    rw- .stack


SECTION ALLOCATION MAP

 output                                  attributes/
section   page    origin      length       input sections
--------  ----  ----------  ----------   ----------------
.intvecs   0    20004000    00000400     
                  20004000    00000400     startup_ccs.obj (.intvecs)

.init_array 
*          0    20004000    00000000     UNINITIALIZED

.text      0    20004400    00008aea     
                  20004400    00001408     main.obj (.text)
                  20005808    00000a4e     rtsv7M4_T_le_eabi.lib : _printfi.c.obj (.text:__TI_printfi)
                  20006256    00000002     driverlib.a : interrupt.obj (.text:IntDefaultHandler)
                  20006258    00000590     simplelink.a : driver.obj (.text:_SlDrvMsgRead)
                  200067e8    00000398     gpio_if.obj (.text)
                  20006b80    00000280     uart_if.obj (.text)
                  20006e00    0000027c     simplelink.a : wlan.obj (.text:sl_WlanConnect)
                  2000707c    00000268     rtsv7M4_T_le_eabi.lib : _printfi.c.obj (.text:_pconv_a)
                  200072e4    0000024c     simplelink.a : driver.obj (.text:_SlDrvRxHdrRead)
                  20007530    000001e4                  : driver.obj (.text:_SlDrvDataReadOp)
                  20007714    000001d0                  : driver.obj (.text:_SlDrvReleasePoolObj)
                  200078e4    000001cc     rtsv7M4_T_le_eabi.lib : _printfi.c.obj (.text:_pconv_g)
                  20007ab0    000001b6                           : fd_add_t2.asm.obj (.text)
                  20007c66    00000002                           : _lock.c.obj (.text:_nop)
                  20007c68    000001b4     simplelink.a : driver.obj (.text:_SlDrvDriverCBInit)
                  20007e1c    0000019c                  : driver.obj (.text:_SlDrvMsgWrite)
                  20007fb8    00000190                  : driver.obj (.text:_SlDrvWaitForPoolObj)
                  20008148    0000018c                  : socket.obj (.text:sl_Connect)
                  200082d4    00000178     driverlib.a : prcm.obj (.text:PRCMCC3200MCUInit)
                  2000844c    00000170     simplelink.a : driver.obj (.text:_SlFindAndSetActiveObj)
                  200085bc    00000150                  : driver.obj (.text:_SlDrvDataWriteOp)
                  2000870c    00000148                  : cc_pal.obj (.text:spi_Open)
                  20008854    00000144                  : driver.obj (.text:_SlDrvMsgReadCmdCtx)
                  20008998    00000144                  : netapp.obj (.text:sl_NetAppDnsGetHostByName)
                  20008adc    0000013c     rtsv7M4_T_le_eabi.lib : _printfi.c.obj (.text:_pconv_e)
                  20008c18    00000136                           : fd_div_t2.asm.obj (.text)
                  20008d4e    00000002                           : div0.asm.obj (.text)
                  20008d50    00000134     simplelink.a : socket.obj (.text:sl_Send)
                  20008e84    00000130                  : driver.obj (.text:_SlDrvDriverCBDeinit)
                  20008fb4    00000120     rtsv7M4_T_le_eabi.lib : _printfi.c.obj (.text:fcvt)
                  200090d4    00000104     simplelink.a : netapp.obj (.text:_SlDrvNetAppEventHandler)
                  200091d8    000000fc     rtsv7M4_T_le_eabi.lib : fd_mul_t2.asm.obj (.text)
                  200092d4    000000f4                           : memory.c.obj (.text:aligned_alloc)
                  200093c8    000000f0     simplelink.a : device.obj (.text:sl_Stop)
                  200094b8    000000f0                  : cc_pal.obj (.text:spi_Read)
                  200095a8    000000f0     driverlib.a : udma.obj (.text:uDMAChannelTransferSet)
                  20009698    000000ec     simplelink.a : device.obj (.text:sl_Start)
                  20009784    000000e8                  : driver.obj (.text:_SlAsyncEventGenericHandler)
                  2000986c    000000e8                  : driver.obj (.text:_SlDrvMsgReadSpawnCtx)
                  20009954    000000e8     rtsv7M4_T_le_eabi.lib : memory.c.obj (.text:free)
                  20009a3c    000000e4     simplelink.a : netapp.obj (.text:sl_NetAppMDNSRegisterUnregisterService)
                  20009b20    000000dc                  : driver.obj (.text:_SlDrvClassifyRxMsg)
                  20009bfc    000000d8     rtsv7M4_T_le_eabi.lib : memory.c.obj (.text:realloc)
                  20009cd4    000000d0                           : s_scalbn.c.obj (.text:scalbn)
                  20009da4    000000cc     simplelink.a : netapp.obj (.text:_sl_HandleAsync_DnsGetHostByService)
                  20009e70    000000cc                  : device.obj (.text:sl_DevGet)
                  20009f3c    000000c4                  : driver.obj (.text:_SlRemoveFromList)
                  2000a000    000000c0                  : driver.obj (.text:_SlDrvCmdOp)
                  2000a0c0    000000b1     rtsv7M4_T_le_eabi.lib : _printfi.c.obj (.text:_ltostr)
                  2000a171    00000003     --HOLE-- [fill = 0]
                  2000a174    000000b0     simplelink.a : nonos.obj (.text:_SlNonOsSemGet)
                  2000a224    000000a8     driverlib.a : interrupt.obj (.text:IntDisable)
                  2000a2cc    000000a8                 : interrupt.obj (.text:IntEnable)
                  2000a374    000000a4     simplelink.a : driver.obj (.text:_SlDriverHandleError)
                  2000a418    000000a0     driverlib.a : spi.obj (.text:SPIConfigSetExpClk)
                  2000a4b8    000000a0     simplelink.a : socket.obj (.text:sl_Recv)
                  2000a558    0000009c     rtsv7M4_T_le_eabi.lib : memcpy_t2.asm.obj (.text)
                  2000a5f4    0000009a     simplelink.a : device.obj (.text:_SlDrvDeviceEventHandler)
                  2000a68e    00000002     --HOLE-- [fill = 0]
                  2000a690    00000098                  : device.obj (.text:sl_DevSet)
                  2000a728    00000098                  : netcfg.obj (.text:sl_NetCfgSet)
                  2000a7c0    00000098                  : socket.obj (.text:sl_SetSockOpt)
                  2000a858    00000098                  : wlan.obj (.text:sl_WlanSet)
                  2000a8f0    00000098                  : cc_pal.obj (.text:spi_Write)
                  2000a988    00000096     rtsv7M4_T_le_eabi.lib : ull_div_t2.asm.obj (.text)
                  2000aa1e    00000002     --HOLE-- [fill = 0]
                  2000aa20    00000094     driverlib.a : prcm.obj (.text:PRCMPeripheralClockGet)
                  2000aab4    00000090     simplelink.a : netapp.obj (.text:_sl_HandleAsync_DnsGetHostByName)
                  2000ab44    00000090                  : netapp.obj (.text:_sl_HandleAsync_PingResponse)
                  2000abd4    00000090                  : wlan.obj (.text:sl_WlanPolicySet)
                  2000ac64    0000008c                  : cc_pal.obj (.text:SetupDMAReceive)
                  2000acf0    0000008c                  : cc_pal.obj (.text:SetupDMASend)
                  2000ad7c    0000008c                  : driver.obj (.text:_SlDrvIsTimeoutExpired)
                  2000ae08    0000008c                  : device.obj (.text:_sl_HandleAsync_InitComplete)
                  2000ae94    0000008c                  : socket.obj (.text:sl_Socket)
                  2000af20    00000088     driverlib.a : pin.obj (.text:PinConfigSet)
                  2000afa8    00000086     rtsv7M4_T_le_eabi.lib : fd_cmp_t2.asm.obj (.text:__aeabi_cdcmple)
                  2000b02e    00000086                           : fd_cmp_t2.asm.obj (.text:__aeabi_cdrcmple)
                  2000b0b4    00000084     simplelink.a : wlan.obj (.text:sl_WlanRxFilterSet)
                  2000b138    00000082     driverlib.a : gpio.obj (.text:GPIOIntTypeSet)
                  2000b1ba    00000002     --HOLE-- [fill = 0]
                  2000b1bc    00000080     simplelink.a : socket.obj (.text:_sl_HandleAsync_Connect)
                  2000b23c    00000080                  : cc_pal.obj (.text:spi_Read_CPU)
                  2000b2bc    00000080                  : cc_pal.obj (.text:spi_Write_CPU)
                  2000b33c    0000007c     rtsv7M4_T_le_eabi.lib : memory.c.obj (.text:split)
                  2000b3b8    0000007a                           : memset_t2.asm.obj (.text)
                  2000b432    00000002     --HOLE-- [fill = 0]
                  2000b434    00000078     simplelink.a : cc_pal.obj (.text:spi_Close)
                  2000b4ac    00000076     driverlib.a : uart.obj (.text:UARTConfigSetExpClk)
                  2000b522    00000002     --HOLE-- [fill = 0]
                  2000b524    00000074     simplelink.a : nonos.obj (.text:_SlNonOsMainLoopTask)
                  2000b598    0000006e     rtsv7M4_T_le_eabi.lib : _printfi.c.obj (.text:_mcpy)
                  2000b606    00000002     --HOLE-- [fill = 0]
                  2000b608    0000006c     simplelink.a : driver.obj (.text:_SlDrvCmdSend)
                  2000b674    0000006c                  : netapp.obj (.text:_sl_NetAppSendTokenValue)
                  2000b6e0    00000068     rtsv7M4_T_le_eabi.lib : copy_decompress_lzss.c.obj (.text:decompress:lzss:__TI_decompress_lzss)
                  2000b748    00000064     simplelink.a : nonos.obj (.text:_SlNonOsSpawn)
                  2000b7ac    00000064                  : socket.obj (.text:_sl_HandleAsync_Accept)
                  2000b810    00000064                  : netapp.obj (.text:sl_NetAppMDNSUnRegisterService)
                  2000b874    00000064     driverlib.a : udma.obj (.text:uDMAChannelAttributeDisable)
                  2000b8d8    00000064                 : udma.obj (.text:uDMAChannelAttributeEnable)
                  2000b93c    00000060     simplelink.a : socket.obj (.text:sl_Close)
                  2000b99c    00000060                  : wlan.obj (.text:sl_WlanProfileDel)
                  2000b9fc    00000060                  : wlan.obj (.text:sl_WlanSetMode)
                  2000ba5c    0000005c     rtsv7M4_T_le_eabi.lib : s_frexp.c.obj (.text:frexp)
                  2000bab8    00000058     driverlib.a : interrupt.obj (.text:IntPendClear)
                  2000bb10    00000058                 : prcm.obj (.text:PRCMPeripheralReset)
                  2000bb68    00000058     pinmux.obj (.text)
                  2000bbc0    00000056     rtsv7M4_T_le_eabi.lib : _printfi.c.obj (.text:_pconv_f)
                  2000bc16    00000002     --HOLE-- [fill = 0]
                  2000bc18    00000054     driverlib.a : interrupt.obj (.text:IntPrioritySet)
                  2000bc6c    00000054     simplelink.a : driver.obj (.text:_SlDrvRxIrqHandler)
                  2000bcc0    00000054                  : socket.obj (.text:_sl_HandleAsync_Select)
                  2000bd14    00000054     rtsv7M4_T_le_eabi.lib : ltoa.c.obj (.text:ltoa)
                  2000bd68    00000052                           : _printfi.c.obj (.text:_ecpy)
                  2000bdba    00000002     --HOLE-- [fill = 0]
                  2000bdbc    00000050     simplelink.a : device.obj (.text:_sl_HandleAsync_Stop)
                  2000be0c    0000004c     driverlib.a : spi.obj (.text:SPIIntEnable)
                  2000be58    0000004c                 : spi.obj (.text:SPIIntNumberGet)
                  2000bea4    0000004c     simplelink.a : driver.obj (.text:_SlDrvProtectAsyncRespSetting)
                  2000bef0    0000004c                  : socket.obj (.text:_sl_BuildAddress)
                  2000bf3c    0000004c     rtsv7M4_T_le_eabi.lib : atoi.c.obj (.text:atoi)
                  2000bf88    0000004c     driverlib.a : udma.obj (.text:uDMAChannelAssign)
                  2000bfd4    00000048                 : gpio.obj (.text:GPIOGetIntNumber)
                  2000c01c    00000048                 : spi.obj (.text:SPIIntClear)
                  2000c064    00000048     simplelink.a : driver.obj (.text:_SlDrvBasicCmd)
                  2000c0ac    00000048     rtsv7M4_T_le_eabi.lib : fd_toi_t2.asm.obj (.text)
                  2000c0f4    00000044     driverlib.a : spi.obj (.text:SPIDmaMaskGet)
                  2000c138    00000044                 : timer.obj (.text:TimerConfigure)
                  2000c17c    00000044     simplelink.a : driver.obj (.text:_SlDrvSyncObjWaitTimeout)
                  2000c1c0    00000044     rtsv7M4_T_le_eabi.lib : autoinit.c.obj (.text:__TI_auto_init_nobinit_nopinit:__TI_auto_init_nobinit_nopinit)
                  2000c204    00000044     simplelink.a : cc_pal.obj (.text:cc_SetupTransfer)
                  2000c248    00000042                  : socket.obj (.text:sl_Htonl)
                  2000c28a    00000002     --HOLE-- [fill = 0]
                  2000c28c    00000040     driverlib.a : pin.obj (.text:PinModeSet)
                  2000c2cc    00000040     simplelink.a : socket.obj (.text:_sl_TruncatePayloadByProtocol)
                  2000c30c    00000040     rtsv7M4_T_le_eabi.lib : sprintf.c.obj (.text:sprintf)
                  2000c34c    00000040                           : vsnprintf.c.obj (.text:vsnprintf)
                  2000c38c    0000003e     simplelink.a : cc_pal.obj (.text:NwpRegisterInterruptHandler)
                  2000c3ca    0000003e     rtsv7M4_T_le_eabi.lib : _printfi.c.obj (.text:_fcpy)
                  2000c408    0000003c     simplelink.a : netapp.obj (.text:CopyPingResultsToReport)
                  2000c444    0000003c     driverlib.a : prcm.obj (.text:PRCMPeripheralClkEnable)
                  2000c480    0000003c     simplelink.a : cc_pal.obj (.text:simplelink_timerA2_start)
                  2000c4bc    0000003c                  : socket.obj (.text:sl_Htons)
                  2000c4f8    0000003c     driverlib.a : udma.obj (.text:uDMAChannelControlSet)
                  2000c534    00000038     simplelink.a : cc_pal.obj (.text:NwpPowerOff)
                  2000c56c    00000038                  : wlan.obj (.text:sl_WlanDisconnect)
                  2000c5a4    00000036     driverlib.a : gpio.obj (.text:GPIODirModeSet)
                  2000c5da    00000002     --HOLE-- [fill = 0]
                  2000c5dc    00000034                 : prcm.obj (.text:PRCMPeripheralStatusGet)
                  2000c610    00000034                 : spi.obj (.text:SPIFIFOLevelSet)
                  2000c644    00000030                 : pin.obj (.text:PinTypeGPIO)
                  2000c674    00000030                 : uart.obj (.text:UARTDisable)
                  2000c6a4    00000030     rtsv7M4_T_le_eabi.lib : vsnprintf.c.obj (.text:_outs)
                  2000c6d4    0000002e                           : i_tofd_t2.asm.obj (.text)
                  2000c702    00000002     --HOLE-- [fill = 0]
                  2000c704    0000002c     simplelink.a : cc_pal.obj (.text:NwpPowerOn)
                  2000c730    0000002c     driverlib.a : prcm.obj (.text:PRCMSysResetCauseGet)
                  2000c75c    0000002c     simplelink.a : driver.obj (.text:_SlDrvObjGlobalLockWaitForever)
                  2000c788    0000002c                  : driver.obj (.text:_SlDrvProtectionObjLockWaitForever)
                  2000c7b4    0000002a     driverlib.a : timer.obj (.text:TimerLoadSet)
                  2000c7de    0000002a                 : timer.obj (.text:TimerPrescaleSet)
                  2000c808    00000028                 : prcm.obj (.text:PRCMPeripheralClkDisable)
                  2000c830    00000028     simplelink.a : driver.obj (.text:_SlDrvGlobalObjUnLock)
                  2000c858    00000028                  : driver.obj (.text:_SlDrvProtectionObjUnLock)
                  2000c880    00000028                  : driver.obj (.text:_SlDrvSyncObjWaitForever)
                  2000c8a8    00000028     rtsv7M4_T_le_eabi.lib : memory.c.obj (.text:free_list_insert)
                  2000c8d0    00000026     simplelink.a : driver.obj (.text:_SlDrvObjLockWaitForever)
                  2000c8f6    00000002     --HOLE-- [fill = 0]
                  2000c8f8    00000024                  : cc_pal.obj (.text:DmaSpiSwIntHandler)
                  2000c91c    00000024     driverlib.a : interrupt.obj (.text:IntUnregister)
                  2000c940    00000024                 : uart.obj (.text:UARTEnable)
                  2000c964    00000024     rtsv7M4_T_le_eabi.lib : boot_cortex_m.c.obj (.text:_c_int00_noargs:_c_int00_noargs)
                  2000c988    00000024                           : memmov.c.obj (.text:memmove)
                  2000c9ac    00000022     driverlib.a : spi.obj (.text:SPIReset)
                  2000c9ce    00000022                 : spi.obj (.text:SPIWordCountSet)
                  2000c9f0    00000020                 : gpio.obj (.text:GPIOPinWrite)
                  2000ca10    00000020                 : interrupt.obj (.text:IntRegister)
                  2000ca30    00000020     simplelink.a : cc_pal.obj (.text:NwpPrePowerOffTimout0)
                  2000ca50    00000020                  : cc_pal.obj (.text:TimerGetCurrentTimestamp)
                  2000ca70    00000020                  : driver.obj (.text:_SlDrvObjUnLock)
                  2000ca90    00000020                  : driver.obj (.text:_SlDrvSyncObjSignal)
                  2000cab0    0000001e     driverlib.a : gpio.obj (.text:GPIOIntRegister)
                  2000cace    0000001e                 : timer.obj (.text:TimerEnable)
                  2000caec    0000001e                 : uart.obj (.text:UARTCharPut)
                  2000cb0a    0000001e     simplelink.a : cc_pal.obj (.text:cc_UDMAChannelSelect)
                  2000cb28    0000001c     driverlib.a : timer.obj (.text:TimerValueGet)
                  2000cb44    0000001c                 : uart.obj (.text:UARTCharGetNonBlocking)
                  2000cb60    0000001c     simplelink.a : driver.obj (.text:_SlDrvStartMeasureTimeout)
                  2000cb7c    0000001c     rtsv7M4_T_le_eabi.lib : memory.c.obj (.text:free_list_remove)
                  2000cb98    0000001c                           : memccpy.c.obj (.text:memccpy)
                  2000cbb4    0000001c     driverlib.a : udma.obj (.text:uDMAChannelEnable)
                  2000cbd0    0000001a                 : gpio.obj (.text:GPIOIntEnable)
                  2000cbea    0000001a                 : pin.obj (.text:PinTypeUART)
                  2000cc04    0000001a                 : spi.obj (.text:SPIDmaDisable)
                  2000cc1e    0000001a                 : spi.obj (.text:SPIDmaEnable)
                  2000cc38    0000001a                 : spi.obj (.text:SPIFIFODisable)
                  2000cc52    0000001a                 : spi.obj (.text:SPIFIFOEnable)
                  2000cc6c    0000001a                 : spi.obj (.text:SPIIntUnregister)
                  2000cc86    00000018                 : gpio.obj (.text:GPIOPinRead)
                  2000cc9e    00000018                 : spi.obj (.text:SPICSDisable)
                  2000ccb6    00000018                 : spi.obj (.text:SPICSEnable)
                  2000ccce    00000018                 : spi.obj (.text:SPIDisable)
                  2000cce6    00000018                 : spi.obj (.text:SPIEnable)
                  2000ccfe    00000018                 : uart.obj (.text:UARTCharsAvail)
                  2000cd16    00000018     simplelink.a : nonos.obj (.text:_SlNonOsSemSet)
                  2000cd2e    00000018     rtsv7M4_T_le_eabi.lib : vsnprintf.c.obj (.text:_outc)
                  2000cd46    00000018                           : sprintf.c.obj (.text:_outs)
                  2000cd5e    00000002     --HOLE-- [fill = 0]
                  2000cd60    00000018     simplelink.a : device.obj (.text:_sl_GetStartResponseConvert)
                  2000cd78    00000016     driverlib.a : prcm.obj (.text:PRCMHIBRegRead)
                  2000cd8e    00000016                 : prcm.obj (.text:PRCMHIBRegWrite)
                  2000cda4    00000016     simplelink.a : driver.obj (.text:_SlDrvMemZero)
                  2000cdba    00000016     rtsv7M4_T_le_eabi.lib : strchr.c.obj (.text:strchr)
                  2000cdd0    00000014     driverlib.a : cpu.obj (.text:CPUcpsie)
                  2000cde4    00000014                 : gpio.obj (.text:GPIOIntClear)
                  2000cdf8    00000014                 : interrupt.obj (.text:IntVTableBaseSet)
                  2000ce0c    00000014     rtsv7M4_T_le_eabi.lib : strcpy.c.obj (.text:strcpy)
                  2000ce20    00000014                           : strlen.c.obj (.text:strlen)
                  2000ce34    00000012                           : copy_zero_init.c.obj (.text:decompress:ZI:__TI_zero_init_nomemset:__TI_zero_init_nomemset)
                  2000ce46    00000012                           : wcslen.c.obj (.text:wcslen)
                  2000ce58    00000010     simplelink.a : driver.obj (.text:_SlDrvDispatchHttpServerEvents)
                  2000ce68    0000000e                  : driver.obj (.text:_SlDrvResetCmdExt)
                  2000ce76    0000000e     rtsv7M4_T_le_eabi.lib : copy_decompress_none.c.obj (.text:decompress:none:__TI_decompress_none)
                  2000ce84    0000000e     startup_ccs.obj (.text)
                  2000ce92    00000002     --HOLE-- [fill = 0]
                  2000ce94    0000000c     simplelink.a : cc_pal.obj (.text:NwpMaskInterrupt)
                  2000cea0    0000000c                  : cc_pal.obj (.text:NwpUnMaskInterrupt)
                  2000ceac    0000000c     rtsv7M4_T_le_eabi.lib : s_copysign.c.obj (.text:copysign)
                  2000ceb8    0000000a     driverlib.a : interrupt.obj (.text:IntMasterEnable)
                  2000cec2    0000000a     rtsv7M4_T_le_eabi.lib : sprintf.c.obj (.text:_outc)
                  2000cecc    00000008                           : errno.c.obj (.text:__aeabi_errno_addr)
                  2000ced4    00000008                           : memory.c.obj (.text:malloc)
                  2000cedc    00000006     driverlib.a : utils.obj (.text:UtilsDelay)
                  2000cee2    00000004     rtsv7M4_T_le_eabi.lib : pre_init.c.obj (.text:_system_pre_init)
                  2000cee6    00000004                           : exit.c.obj (.text:abort:abort)

.const     0    2000ceec    00000632     
                  2000ceec    00000101     rtsv7M4_T_le_eabi.lib : ctype.c.obj (.const:.string:_ctypes_)
                  2000cfed    00000003     --HOLE-- [fill = 0]
                  2000cff0    00000100     driverlib.a : pin.obj (.const:g_ulPinToPadMap)
                  2000d0f0    000000d4                 : interrupt.obj (.const:g_pulRegs)
                  2000d1c4    000000a8                 : prcm.obj (.const:PRCM_PeriphRegsList)
                  2000d26c    00000080                 : interrupt.obj (.const)
                  2000d2ec    0000003c     simplelink.a : driver.obj (.const:OpcodeTranslateTable)
                  2000d328    00000038                  : driver.obj (.const:_SlActionLookupTable)
                  2000d360    0000002c     main.obj (.const:$P$T1$2)
                  2000d38c    0000002c     main.obj (.const:.string)
                  2000d3b8    00000024     driverlib.a : spi.obj (.const:g_ppulSPIIntMap)
                  2000d3dc    00000022     main.obj (.const:.string:$P$T0$1)
                  2000d3fe    00000002     --HOLE-- [fill = 0]
                  2000d400    00000020     simplelink.a : driver.obj (.const:RxMsgClassLUT)
                  2000d420    00000018     driverlib.a : spi.obj (.const)
                  2000d438    00000015     main.obj (.const:.string:$P$T5$6)
                  2000d44d    00000003     --HOLE-- [fill = 0]
                  2000d450    00000014     simplelink.a : driver.obj (.const:$P$T0$1)
                  2000d464    00000014                  : nonos.obj (.const:$P$T0$1)
                  2000d478    00000014     main.obj (.const:$P$T2$3)
                  2000d48c    00000010     simplelink.a : socket.obj (.const:.string:_SlPayloadByProtocolLUT)
                  2000d49c    0000000c     main.obj (.const:.string:$P$T3$4)
                  2000d4a8    00000009     main.obj (.const:.string:$P$T4$5)
                  2000d4b1    00000008     simplelink.a : device.obj (.const:StartResponseLUT)
                  2000d4b9    00000003     --HOLE-- [fill = 0]
                  2000d4bc    00000008                  : driver.obj (.const:g_H2NCnysPattern)
                  2000d4c4    00000008                  : driver.obj (.const:g_H2NSyncPattern)
                  2000d4cc    00000005     main.obj (.const:.string:$P$T6$7)
                  2000d4d1    00000001     --HOLE-- [fill = 0]
                  2000d4d2    00000004     simplelink.a : wlan.obj (.const:$P$T0$1)
                  2000d4d6    00000004                  : socket.obj (.const:$P$T2$3)
                  2000d4da    00000004                  : device.obj (.const:_SlDeviceGetCmdCtrl)
                  2000d4de    00000004                  : device.obj (.const:_SlDeviceSetCmdCtrl)
                  2000d4e2    00000004                  : netapp.obj (.const:_SlGetHostByNameCtrl)
                  2000d4e6    00000004                  : netapp.obj (.const:_SlNetAppSendTokenValueCmdCtrl)
                  2000d4ea    00000004                  : netcfg.obj (.const:_SlNetCfgSetCmdCtrl)
                  2000d4ee    00000004                  : wlan.obj (.const:_SlPolicySetCmdCtrl)
                  2000d4f2    00000004                  : wlan.obj (.const:_SlProfileDelCmdCtrl)
                  2000d4f6    00000004                  : socket.obj (.const:_SlRecvCmdCtrl)
                  2000d4fa    00000004                  : netapp.obj (.const:_SlRegisterServiceCtrl)
                  2000d4fe    00000004                  : wlan.obj (.const:_SlRxFilterSetCmdCtrl)
                  2000d502    00000004                  : socket.obj (.const:_SlSendCmdCtrl)
                  2000d506    00000004                  : socket.obj (.const:_SlSetSockOptCmdCtrl)
                  2000d50a    00000004                  : socket.obj (.const:_SlSockCloseCmdCtrl)
                  2000d50e    00000004                  : socket.obj (.const:_SlSockSocketCmdCtrl)
                  2000d512    00000004                  : device.obj (.const:_SlStopCmdCtrl)
                  2000d516    00000004                  : wlan.obj (.const:_SlWlanCfgSetCmdCtrl)
                  2000d51a    00000004                  : wlan.obj (.const:_SlWlanSetModeCmdCtrl)

.cinit     0    2000d520    00000058     
                  2000d520    0000002e     (.cinit..data.load) [load image, compression = lzss]
                  2000d54e    00000002     --HOLE-- [fill = 0]
                  2000d550    0000000c     (__TI_handler_table)
                  2000d55c    00000004     --HOLE-- [fill = 0]
                  2000d560    00000008     (.cinit..bss.load) [load image, compression = zero_init]
                  2000d568    00000010     (__TI_cinit_table)

.sysmem    0    20017000    00008000     UNINITIALIZED
                  20017000    00000010     rtsv7M4_T_le_eabi.lib : memory.c.obj (.sysmem)
                  20017010    00007ff0     --HOLE--

.bss       0    2001f000    0000021a     UNINITIALIZED
                  2001f000    00000168     simplelink.a : driver.obj (.bss:g_StatMem)
                  2001f168    00000050     (.common:g_ucDinDout)
                  2001f1b8    0000002c     (.common:g_time)
                  2001f1e4    00000024     (.common:g_ucConnectionSSID)
                  2001f208    00000008     (.common:g_ucConnectionBSSID)
                  2001f210    00000004     uart_if.obj (.bss)
                  2001f214    00000001     (.common:RxIrqCnt)
                  2001f215    00000001     (.common:g_bDeviceRestartIsRequired)
                  2001f216    00000001     (.common:g_cDummy)
                  2001f217    00000001     (.common:g_ucLED1Pin)
                  2001f218    00000001     (.common:g_ucLED2Pin)
                  2001f219    00000001     (.common:g_ucLED3Pin)

.data      0    2001f21c    0000009c     UNINITIALIZED
                  2001f21c    0000003c     simplelink.a : nonos.obj (.data:g__SlNonOsCB)
                  2001f258    00000014     gpio_if.obj (.data:ulReg)
                  2001f26c    00000010     main.obj (.data)
                  2001f27c    0000000d     simplelink.a : driver.obj (.data)
                  2001f289    00000003     --HOLE--
                  2001f28c    0000000c     gpio_if.obj (.data)
                  2001f298    00000009     simplelink.a : cc_pal.obj (.data)
                  2001f2a1    00000003     --HOLE--
                  2001f2a4    00000008     rtsv7M4_T_le_eabi.lib : _lock.c.obj (.data:$O1$$)
                  2001f2ac    00000008                           : memory.c.obj (.data:$O1$$)
                  2001f2b4    00000004                           : errno.c.obj (.data)

.stack     0    2002f000    00001000     UNINITIALIZED
                  2002f000    00000004     rtsv7M4_T_le_eabi.lib : boot_cortex_m.c.obj (.stack)
                  2002f004    00000ffc     --HOLE--

MODULE SUMMARY

       Module                       code    ro data   rw data
       ------                       ----    -------   -------
    .\
       main.obj                     5128    189       104    
       startup_ccs.obj              14      1024      0      
       gpio_if.obj                  920     0         35     
       uart_if.obj                  640     0         4      
       pinmux.obj                   88      0         0      
    +--+----------------------------+-------+---------+---------+
       Total:                       6790    1213      143    
                                                             
    D:/ti/CC3200SDK/CC3200SDK_1.3.0/cc3200-sdk/driverlib/ccs/Release/driverlib.a
       prcm.obj                     852     168       0      
       interrupt.obj                608     340       0      
       spi.obj                      798     60        0      
       udma.obj                     604     0         0      
       pin.obj                      274     256       0      
       gpio.obj                     388     0         0      
       uart.obj                     284     0         0      
       timer.obj                    210     0         0      
       cpu.obj                      20      0         0      
       utils.obj                    6       0         0      
    +--+----------------------------+-------+---------+---------+
       Total:                       4044    824       0      
                                                             
    D:/ti/CC3200SDK/CC3200SDK_1.3.0/cc3200-sdk/simplelink/ccs/NON_OS/simplelink.a
       driver.obj                   7714    184       375    
       cc_pal.obj                   1820    0         90     
       socket.obj                   1830    40        0      
       netapp.obj                   1572    12        0      
       wlan.obj                     1312    24        0      
       device.obj                   1230    20        0      
       nonos.obj                    416     20        60     
       netcfg.obj                   152     4         0      
    +--+----------------------------+-------+---------+---------+
       Total:                       16046   304       525    
                                                             
    D:\ti\ccs800\ccsv8\tools\compiler\ti-cgt-arm_18.12.1.LTS\lib\rtsv7M4_T_le_eabi.lib
       _printfi.c.obj               4835    0         0      
       memory.c.obj                 892     0         8      
       fd_add_t2.asm.obj            438     0         0      
       fd_div_t2.asm.obj            310     0         0      
       fd_cmp_t2.asm.obj            268     0         0      
       ctype.c.obj                  0       257       0      
       fd_mul_t2.asm.obj            252     0         0      
       s_scalbn.c.obj               208     0         0      
       memcpy_t2.asm.obj            156     0         0      
       ull_div_t2.asm.obj           150     0         0      
       vsnprintf.c.obj              136     0         0      
       memset_t2.asm.obj            122     0         0      
       copy_decompress_lzss.c.obj   104     0         0      
       sprintf.c.obj                98      0         0      
       s_frexp.c.obj                92      0         0      
       ltoa.c.obj                   84      0         0      
       atoi.c.obj                   76      0         0      
       fd_toi_t2.asm.obj            72      0         0      
       autoinit.c.obj               68      0         0      
       i_tofd_t2.asm.obj            46      0         0      
       boot_cortex_m.c.obj          36      0         0      
       memmov.c.obj                 36      0         0      
       memccpy.c.obj                28      0         0      
       strchr.c.obj                 22      0         0      
       strcpy.c.obj                 20      0         0      
       strlen.c.obj                 20      0         0      
       copy_zero_init.c.obj         18      0         0      
       wcslen.c.obj                 18      0         0      
       copy_decompress_none.c.obj   14      0         0      
       errno.c.obj                  8       0         4      
       s_copysign.c.obj             12      0         0      
       _lock.c.obj                  2       0         8      
       exit.c.obj                   4       0         0      
       pre_init.c.obj               4       0         0      
       div0.asm.obj                 2       0         0      
    +--+----------------------------+-------+---------+---------+
       Total:                       8651    257       20     
                                                             
       Heap:                        0       0         32768  
       Stack:                       0       0         4096   
       Linker Generated:            0       82        0      
    +--+----------------------------+-------+---------+---------+
       Grand Total:                 35531   2680      37552  


LINKER GENERATED COPY TABLES

__TI_cinit_table @ 2000d568 records: 2, size/record: 8, table size: 16
	.data: load addr=2000d520, load size=0000002e bytes, run addr=2001f21c, run size=0000009c bytes, compression=lzss
	.bss: load addr=2000d560, load size=00000008 bytes, run addr=2001f000, run size=0000021a bytes, compression=zero_init


LINKER GENERATED HANDLER TABLE

__TI_handler_table @ 2000d550 records: 3, size/record: 4, table size: 12
	index: 0, handler: __TI_decompress_lzss
	index: 1, handler: __TI_decompress_none
	index: 2, handler: __TI_zero_init


GLOBAL SYMBOLS: SORTED ALPHABETICALLY BY Name 

address   name                                  
-------   ----                                  
2000cee7  C$$EXIT                               
2000cdd1  CPUcpsie                              
20006bc1  ClearTerm                             
2000c8f9  DmaSpiSwIntHandler                    
20006bcb  Error                                 
2000c5a5  GPIODirModeSet                        
2000cde5  GPIOIntClear                          
2000cbd1  GPIOIntEnable                         
2000cab1  GPIOIntRegister                       
2000b139  GPIOIntTypeSet                        
2000cc87  GPIOPinRead                           
2000c9f1  GPIOPinWrite                          
20006aa9  GPIO_IF_ConfigureNIntEnable           
20006b35  GPIO_IF_Get                           
20006a63  GPIO_IF_GetPortNPin                   
20006825  GPIO_IF_LedConfigure                  
20006917  GPIO_IF_LedOff                        
20006863  GPIO_IF_LedOn                         
200069cb  GPIO_IF_LedStatus                     
20006a35  GPIO_IF_LedToggle                     
20006af1  GPIO_IF_Set                           
20006c03  GetCmd                                
20006b81  InitTerm                              
2000a225  IntDisable                            
2000a2cd  IntEnable                             
2000ceb9  IntMasterEnable                       
2000bab9  IntPendClear                          
2000bc19  IntPrioritySet                        
2000ca11  IntRegister                           
2000c91d  IntUnregister                         
2000cdf9  IntVTableBaseSet                      
20006b9f  Message                               
2000ce95  NwpMaskInterrupt                      
2000c535  NwpPowerOff                           
2000c705  NwpPowerOn                            
2000ca31  NwpPrePowerOffTimout0                 
2000c38d  NwpRegisterInterruptHandler           
2000cea1  NwpUnMaskInterrupt                    
2000d2ec  OpcodeTranslateTable                  
200082d5  PRCMCC3200MCUInit                     
2000cd79  PRCMHIBRegRead                        
2000cd8f  PRCMHIBRegWrite                       
2000c809  PRCMPeripheralClkDisable              
2000c445  PRCMPeripheralClkEnable               
2000aa21  PRCMPeripheralClockGet                
2000bb11  PRCMPeripheralReset                   
2000c5dd  PRCMPeripheralStatusGet               
2000c731  PRCMSysResetCauseGet                  
2000af21  PinConfigSet                          
2000c28d  PinModeSet                            
2000bb69  PinMuxConfig                          
2000c645  PinTypeGPIO                           
2000cbeb  PinTypeUART                           
20006d41  Report                                
2000ce85  ResetISR                              
2001f214  RxIrqCnt                              
2000cc9f  SPICSDisable                          
2000ccb7  SPICSEnable                           
2000a419  SPIConfigSetExpClk                    
2000cccf  SPIDisable                            
2000cc05  SPIDmaDisable                         
2000cc1f  SPIDmaEnable                          
2000cce7  SPIEnable                             
2000cc39  SPIFIFODisable                        
2000cc53  SPIFIFOEnable                         
2000c611  SPIFIFOLevelSet                       
2000c01d  SPIIntClear                           
2000be0d  SPIIntEnable                          
2000cc6d  SPIIntUnregister                      
2000c9ad  SPIReset                              
2000c9cf  SPIWordCountSet                       
200045d5  SimpleLinkGeneralEventHandler         
200045b1  SimpleLinkHttpServerCallback          
2000450f  SimpleLinkNetAppEventHandler          
200045f5  SimpleLinkSockEventHandler            
20004401  SimpleLinkWlanEventHandler            
2000c139  TimerConfigure                        
2000cacf  TimerEnable                           
2000ca51  TimerGetCurrentTimestamp              
2000c7b5  TimerLoadSet                          
2000c7df  TimerPrescaleSet                      
2000cb29  TimerValueGet                         
20006ca9  TrimSpace                             
2000cb45  UARTCharGetNonBlocking                
2000caed  UARTCharPut                           
2000ccff  UARTCharsAvail                        
2000b4ad  UARTConfigSetExpClk                   
2000c675  UARTDisable                           
2000c941  UARTEnable                            
2000cedd  UtilsDelay                            
2000d328  _SlActionLookupTable                  
2000a375  _SlDriverHandleError                  
2000c065  _SlDrvBasicCmd                        
2000a001  _SlDrvCmdOp                           
2000b609  _SlDrvCmdSend                         
20007531  _SlDrvDataReadOp                      
200085bd  _SlDrvDataWriteOp                     
2000a5f5  _SlDrvDeviceEventHandler              
2000ce59  _SlDrvDispatchHttpServerEvents        
20008e85  _SlDrvDriverCBDeinit                  
20007c69  _SlDrvDriverCBInit                    
2000c831  _SlDrvGlobalObjUnLock                 
2000ad7d  _SlDrvIsTimeoutExpired                
2000cda5  _SlDrvMemZero                         
2000986d  _SlDrvMsgReadSpawnCtx                 
200090d5  _SlDrvNetAppEventHandler              
2000c8d1  _SlDrvObjLockWaitForever              
2000ca71  _SlDrvObjUnLock                       
2000bea5  _SlDrvProtectAsyncRespSetting         
2000c789  _SlDrvProtectionObjLockWaitForever    
2000c859  _SlDrvProtectionObjUnLock             
20007715  _SlDrvReleasePoolObj                  
2000ce69  _SlDrvResetCmdExt                     
2000bc6d  _SlDrvRxIrqHandler                    
2000cb61  _SlDrvStartMeasureTimeout             
2000ca91  _SlDrvSyncObjSignal                   
2000c881  _SlDrvSyncObjWaitForever              
2000c17d  _SlDrvSyncObjWaitTimeout              
20007fb9  _SlDrvWaitForPoolObj                  
2000d4e6  _SlNetAppSendTokenValueCmdCtrl        
2000b525  _SlNonOsMainLoopTask                  
2000a175  _SlNonOsSemGet                        
2000cd17  _SlNonOsSemSet                        
2000b749  _SlNonOsSpawn                         
20030000  __STACK_END                           
00001000  __STACK_SIZE                          
00008000  __SYSMEM_SIZE                         
2000d568  __TI_CINIT_Base                       
2000d578  __TI_CINIT_Limit                      
2000d550  __TI_Handler_Table_Base               
2000d55c  __TI_Handler_Table_Limit              
2000c1c1  __TI_auto_init_nobinit_nopinit        
2000b6e1  __TI_decompress_lzss                  
2000ce77  __TI_decompress_none                  
ffffffff  __TI_pprof_out_hndl                   
20005809  __TI_printfi                          
ffffffff  __TI_prof_data_size                   
ffffffff  __TI_prof_data_start                  
2000d520  __TI_static_base__                    
2000ce35  __TI_zero_init_nomemset               
2000afa9  __aeabi_cdcmpeq                       
2000afa9  __aeabi_cdcmple                       
2000b02f  __aeabi_cdrcmple                      
2000c0ad  __aeabi_d2iz                          
20007abb  __aeabi_dadd                          
20008c19  __aeabi_ddiv                          
200091d9  __aeabi_dmul                          
20007ab1  __aeabi_dsub                          
2000cecd  __aeabi_errno_addr                    
2000c6d5  __aeabi_i2d                           
20008d4f  __aeabi_idiv0                         
20008d4f  __aeabi_ldiv0                         
2000b3b9  __aeabi_memclr                        
2000b3b9  __aeabi_memclr4                       
2000b3b9  __aeabi_memclr8                       
2000a559  __aeabi_memcpy                        
2000a559  __aeabi_memcpy4                       
2000a559  __aeabi_memcpy8                       
2000b3bb  __aeabi_memset                        
2000b3bb  __aeabi_memset4                       
2000b3bb  __aeabi_memset8                       
2000a989  __aeabi_uldivmod                      
ffffffff  __binit__                             
ffffffff  __c_args__                            
UNDEFED   __mpu_init                            
2002f000  __stack                               
2000c965  _c_int00_noargs                       
2000ceec  _ctypes_                              
2001f2a4  _lock                                 
20007c67  _nop                                  
2000b7ad  _sl_HandleAsync_Accept                
2000b1bd  _sl_HandleAsync_Connect               
2000aab5  _sl_HandleAsync_DnsGetHostByName      
20009da5  _sl_HandleAsync_DnsGetHostByService   
2000ae09  _sl_HandleAsync_InitComplete          
2000ab45  _sl_HandleAsync_PingResponse          
2000bcc1  _sl_HandleAsync_Select                
2000bdbd  _sl_HandleAsync_Stop                  
2000b675  _sl_NetAppSendTokenValue              
20017000  _sys_memory                           
UNDEFED   _system_post_cinit                    
2000cee3  _system_pre_init                      
2001f2a8  _unlock                               
2000cee7  abort                                 
200092d5  aligned_alloc                         
2000bf3d  atoi                                  
ffffffff  binit                                 
2000cead  copysign                              
2000cead  copysignl                             
2001f2b4  errno                                 
20009955  free                                  
2000ba5d  frexp                                 
2000ba5d  frexpl                                
2001f278  g_Host                                
2001f27c  g_SlDeviceStatus                      
2001f298  g_SpiFd                               
2001f21c  g__SlNonOsCB                          
2001f215  g_bDeviceRestartIsRequired            
2001f216  g_cDummy                              
2001f280  g_pCB                                 
2001f29c  g_pHostIntHdl                         
20004000  g_pfnVectors                          
2001f1b8  g_time                                
2001f208  g_ucConnectionBSSID                   
2001f1e4  g_ucConnectionSSID                    
2001f2a0  g_ucDMAEnabled                        
2001f168  g_ucDinDout                           
2001f217  g_ucLED1Pin                           
2001f218  g_ucLED2Pin                           
2001f219  g_ucLED3Pin                           
2001f28c  g_uiLED1Port                          
2001f290  g_uiLED2Port                          
2001f294  g_uiLED3Port                          
2001f274  g_ulGatewayIP                         
2001f270  g_ulPingPacketsRecv                   
2001f26c  g_ulStatus                            
20009cd5  ldexp                                 
20009cd5  ldexpl                                
2000bd15  ltoa                                  
200056e1  main                                  
2000ced5  malloc                                
200092d5  memalign                              
2000cb99  memccpy                               
2000a559  memcpy                                
2000c989  memmove                               
2000b3c1  memset                                
2001f284  pPingCallBackFunc                     
20005049  printErrConvenience                   
20009bfd  realloc                               
20009cd5  scalbn                                
20009cd5  scalbnl                               
2000c481  simplelink_timerA2_start              
2000b93d  sl_Close                              
20008149  sl_Connect                            
20009e71  sl_DevGet                             
2000a691  sl_DevSet                             
2000c249  sl_Htonl                              
2000c4bd  sl_Htons                              
20008999  sl_NetAppDnsGetHostByName             
20009a3d  sl_NetAppMDNSRegisterUnregisterService
2000b811  sl_NetAppMDNSUnRegisterService        
2000a729  sl_NetCfgSet                          
2000a4b9  sl_Recv                               
20008d51  sl_Send                               
2000a7c1  sl_SetSockOpt                         
2000ae95  sl_Socket                             
20009699  sl_Start                              
200093c9  sl_Stop                               
20006e01  sl_WlanConnect                        
2000c56d  sl_WlanDisconnect                     
2000abd5  sl_WlanPolicySet                      
2000b99d  sl_WlanProfileDel                     
2000b0b5  sl_WlanRxFilterSet                    
2000a859  sl_WlanSet                            
2000b9fd  sl_WlanSetMode                        
2000b435  spi_Close                             
2000870d  spi_Open                              
200094b9  spi_Read                              
2000a8f1  spi_Write                             
2000c30d  sprintf                               
2000cdbb  strchr                                
2000ce0d  strcpy                                
2000ce21  strlen                                
2000bf89  uDMAChannelAssign                     
2000b875  uDMAChannelAttributeDisable           
2000b8d9  uDMAChannelAttributeEnable            
2000c4f9  uDMAChannelControlSet                 
2000cbb5  uDMAChannelEnable                     
200095a9  uDMAChannelTransferSet                
2000c34d  vsnprintf                             
2000ce47  wcslen                                


GLOBAL SYMBOLS: SORTED BY Symbol Address 

address   name                                  
-------   ----                                  
00001000  __STACK_SIZE                          
00008000  __SYSMEM_SIZE                         
20004000  g_pfnVectors                          
20004401  SimpleLinkWlanEventHandler            
2000450f  SimpleLinkNetAppEventHandler          
200045b1  SimpleLinkHttpServerCallback          
200045d5  SimpleLinkGeneralEventHandler         
200045f5  SimpleLinkSockEventHandler            
20005049  printErrConvenience                   
200056e1  main                                  
20005809  __TI_printfi                          
20006825  GPIO_IF_LedConfigure                  
20006863  GPIO_IF_LedOn                         
20006917  GPIO_IF_LedOff                        
200069cb  GPIO_IF_LedStatus                     
20006a35  GPIO_IF_LedToggle                     
20006a63  GPIO_IF_GetPortNPin                   
20006aa9  GPIO_IF_ConfigureNIntEnable           
20006af1  GPIO_IF_Set                           
20006b35  GPIO_IF_Get                           
20006b81  InitTerm                              
20006b9f  Message                               
20006bc1  ClearTerm                             
20006bcb  Error                                 
20006c03  GetCmd                                
20006ca9  TrimSpace                             
20006d41  Report                                
20006e01  sl_WlanConnect                        
20007531  _SlDrvDataReadOp                      
20007715  _SlDrvReleasePoolObj                  
20007ab1  __aeabi_dsub                          
20007abb  __aeabi_dadd                          
20007c67  _nop                                  
20007c69  _SlDrvDriverCBInit                    
20007fb9  _SlDrvWaitForPoolObj                  
20008149  sl_Connect                            
200082d5  PRCMCC3200MCUInit                     
200085bd  _SlDrvDataWriteOp                     
2000870d  spi_Open                              
20008999  sl_NetAppDnsGetHostByName             
20008c19  __aeabi_ddiv                          
20008d4f  __aeabi_idiv0                         
20008d4f  __aeabi_ldiv0                         
20008d51  sl_Send                               
20008e85  _SlDrvDriverCBDeinit                  
200090d5  _SlDrvNetAppEventHandler              
200091d9  __aeabi_dmul                          
200092d5  aligned_alloc                         
200092d5  memalign                              
200093c9  sl_Stop                               
200094b9  spi_Read                              
200095a9  uDMAChannelTransferSet                
20009699  sl_Start                              
2000986d  _SlDrvMsgReadSpawnCtx                 
20009955  free                                  
20009a3d  sl_NetAppMDNSRegisterUnregisterService
20009bfd  realloc                               
20009cd5  ldexp                                 
20009cd5  ldexpl                                
20009cd5  scalbn                                
20009cd5  scalbnl                               
20009da5  _sl_HandleAsync_DnsGetHostByService   
20009e71  sl_DevGet                             
2000a001  _SlDrvCmdOp                           
2000a175  _SlNonOsSemGet                        
2000a225  IntDisable                            
2000a2cd  IntEnable                             
2000a375  _SlDriverHandleError                  
2000a419  SPIConfigSetExpClk                    
2000a4b9  sl_Recv                               
2000a559  __aeabi_memcpy                        
2000a559  __aeabi_memcpy4                       
2000a559  __aeabi_memcpy8                       
2000a559  memcpy                                
2000a5f5  _SlDrvDeviceEventHandler              
2000a691  sl_DevSet                             
2000a729  sl_NetCfgSet                          
2000a7c1  sl_SetSockOpt                         
2000a859  sl_WlanSet                            
2000a8f1  spi_Write                             
2000a989  __aeabi_uldivmod                      
2000aa21  PRCMPeripheralClockGet                
2000aab5  _sl_HandleAsync_DnsGetHostByName      
2000ab45  _sl_HandleAsync_PingResponse          
2000abd5  sl_WlanPolicySet                      
2000ad7d  _SlDrvIsTimeoutExpired                
2000ae09  _sl_HandleAsync_InitComplete          
2000ae95  sl_Socket                             
2000af21  PinConfigSet                          
2000afa9  __aeabi_cdcmpeq                       
2000afa9  __aeabi_cdcmple                       
2000b02f  __aeabi_cdrcmple                      
2000b0b5  sl_WlanRxFilterSet                    
2000b139  GPIOIntTypeSet                        
2000b1bd  _sl_HandleAsync_Connect               
2000b3b9  __aeabi_memclr                        
2000b3b9  __aeabi_memclr4                       
2000b3b9  __aeabi_memclr8                       
2000b3bb  __aeabi_memset                        
2000b3bb  __aeabi_memset4                       
2000b3bb  __aeabi_memset8                       
2000b3c1  memset                                
2000b435  spi_Close                             
2000b4ad  UARTConfigSetExpClk                   
2000b525  _SlNonOsMainLoopTask                  
2000b609  _SlDrvCmdSend                         
2000b675  _sl_NetAppSendTokenValue              
2000b6e1  __TI_decompress_lzss                  
2000b749  _SlNonOsSpawn                         
2000b7ad  _sl_HandleAsync_Accept                
2000b811  sl_NetAppMDNSUnRegisterService        
2000b875  uDMAChannelAttributeDisable           
2000b8d9  uDMAChannelAttributeEnable            
2000b93d  sl_Close                              
2000b99d  sl_WlanProfileDel                     
2000b9fd  sl_WlanSetMode                        
2000ba5d  frexp                                 
2000ba5d  frexpl                                
2000bab9  IntPendClear                          
2000bb11  PRCMPeripheralReset                   
2000bb69  PinMuxConfig                          
2000bc19  IntPrioritySet                        
2000bc6d  _SlDrvRxIrqHandler                    
2000bcc1  _sl_HandleAsync_Select                
2000bd15  ltoa                                  
2000bdbd  _sl_HandleAsync_Stop                  
2000be0d  SPIIntEnable                          
2000bea5  _SlDrvProtectAsyncRespSetting         
2000bf3d  atoi                                  
2000bf89  uDMAChannelAssign                     
2000c01d  SPIIntClear                           
2000c065  _SlDrvBasicCmd                        
2000c0ad  __aeabi_d2iz                          
2000c139  TimerConfigure                        
2000c17d  _SlDrvSyncObjWaitTimeout              
2000c1c1  __TI_auto_init_nobinit_nopinit        
2000c249  sl_Htonl                              
2000c28d  PinModeSet                            
2000c30d  sprintf                               
2000c34d  vsnprintf                             
2000c38d  NwpRegisterInterruptHandler           
2000c445  PRCMPeripheralClkEnable               
2000c481  simplelink_timerA2_start              
2000c4bd  sl_Htons                              
2000c4f9  uDMAChannelControlSet                 
2000c535  NwpPowerOff                           
2000c56d  sl_WlanDisconnect                     
2000c5a5  GPIODirModeSet                        
2000c5dd  PRCMPeripheralStatusGet               
2000c611  SPIFIFOLevelSet                       
2000c645  PinTypeGPIO                           
2000c675  UARTDisable                           
2000c6d5  __aeabi_i2d                           
2000c705  NwpPowerOn                            
2000c731  PRCMSysResetCauseGet                  
2000c789  _SlDrvProtectionObjLockWaitForever    
2000c7b5  TimerLoadSet                          
2000c7df  TimerPrescaleSet                      
2000c809  PRCMPeripheralClkDisable              
2000c831  _SlDrvGlobalObjUnLock                 
2000c859  _SlDrvProtectionObjUnLock             
2000c881  _SlDrvSyncObjWaitForever              
2000c8d1  _SlDrvObjLockWaitForever              
2000c8f9  DmaSpiSwIntHandler                    
2000c91d  IntUnregister                         
2000c941  UARTEnable                            
2000c965  _c_int00_noargs                       
2000c989  memmove                               
2000c9ad  SPIReset                              
2000c9cf  SPIWordCountSet                       
2000c9f1  GPIOPinWrite                          
2000ca11  IntRegister                           
2000ca31  NwpPrePowerOffTimout0                 
2000ca51  TimerGetCurrentTimestamp              
2000ca71  _SlDrvObjUnLock                       
2000ca91  _SlDrvSyncObjSignal                   
2000cab1  GPIOIntRegister                       
2000cacf  TimerEnable                           
2000caed  UARTCharPut                           
2000cb29  TimerValueGet                         
2000cb45  UARTCharGetNonBlocking                
2000cb61  _SlDrvStartMeasureTimeout             
2000cb99  memccpy                               
2000cbb5  uDMAChannelEnable                     
2000cbd1  GPIOIntEnable                         
2000cbeb  PinTypeUART                           
2000cc05  SPIDmaDisable                         
2000cc1f  SPIDmaEnable                          
2000cc39  SPIFIFODisable                        
2000cc53  SPIFIFOEnable                         
2000cc6d  SPIIntUnregister                      
2000cc87  GPIOPinRead                           
2000cc9f  SPICSDisable                          
2000ccb7  SPICSEnable                           
2000cccf  SPIDisable                            
2000cce7  SPIEnable                             
2000ccff  UARTCharsAvail                        
2000cd17  _SlNonOsSemSet                        
2000cd79  PRCMHIBRegRead                        
2000cd8f  PRCMHIBRegWrite                       
2000cda5  _SlDrvMemZero                         
2000cdbb  strchr                                
2000cdd1  CPUcpsie                              
2000cde5  GPIOIntClear                          
2000cdf9  IntVTableBaseSet                      
2000ce0d  strcpy                                
2000ce21  strlen                                
2000ce35  __TI_zero_init_nomemset               
2000ce47  wcslen                                
2000ce59  _SlDrvDispatchHttpServerEvents        
2000ce69  _SlDrvResetCmdExt                     
2000ce77  __TI_decompress_none                  
2000ce85  ResetISR                              
2000ce95  NwpMaskInterrupt                      
2000cea1  NwpUnMaskInterrupt                    
2000cead  copysign                              
2000cead  copysignl                             
2000ceb9  IntMasterEnable                       
2000cecd  __aeabi_errno_addr                    
2000ced5  malloc                                
2000cedd  UtilsDelay                            
2000cee3  _system_pre_init                      
2000cee7  C$$EXIT                               
2000cee7  abort                                 
2000ceec  _ctypes_                              
2000d2ec  OpcodeTranslateTable                  
2000d328  _SlActionLookupTable                  
2000d4e6  _SlNetAppSendTokenValueCmdCtrl        
2000d520  __TI_static_base__                    
2000d550  __TI_Handler_Table_Base               
2000d55c  __TI_Handler_Table_Limit              
2000d568  __TI_CINIT_Base                       
2000d578  __TI_CINIT_Limit                      
20017000  _sys_memory                           
2001f168  g_ucDinDout                           
2001f1b8  g_time                                
2001f1e4  g_ucConnectionSSID                    
2001f208  g_ucConnectionBSSID                   
2001f214  RxIrqCnt                              
2001f215  g_bDeviceRestartIsRequired            
2001f216  g_cDummy                              
2001f217  g_ucLED1Pin                           
2001f218  g_ucLED2Pin                           
2001f219  g_ucLED3Pin                           
2001f21c  g__SlNonOsCB                          
2001f26c  g_ulStatus                            
2001f270  g_ulPingPacketsRecv                   
2001f274  g_ulGatewayIP                         
2001f278  g_Host                                
2001f27c  g_SlDeviceStatus                      
2001f280  g_pCB                                 
2001f284  pPingCallBackFunc                     
2001f28c  g_uiLED1Port                          
2001f290  g_uiLED2Port                          
2001f294  g_uiLED3Port                          
2001f298  g_SpiFd                               
2001f29c  g_pHostIntHdl                         
2001f2a0  g_ucDMAEnabled                        
2001f2a4  _lock                                 
2001f2a8  _unlock                               
2001f2b4  errno                                 
2002f000  __stack                               
20030000  __STACK_END                           
ffffffff  __TI_pprof_out_hndl                   
ffffffff  __TI_prof_data_size                   
ffffffff  __TI_prof_data_start                  
ffffffff  __binit__                             
ffffffff  __c_args__                            
ffffffff  binit                                 
UNDEFED   __mpu_init                            
UNDEFED   _system_post_cinit                    

[271 symbols]
