******************************************************************************
                  TI ARM Linker PC v18.1.1                     
******************************************************************************
>> Linked Wed May 23 16:46:47 2018

OUTPUT FILE NAME:   <SSL_REST_API_AWS.out>
ENTRY POINT SYMBOL: "_c_int00_noargs"  address: 2000c801


MEMORY CONFIGURATION

         name            origin    length      used     unused   attr    fill
----------------------  --------  ---------  --------  --------  ----  --------
  SRAM_CODE             20004000   00013000  000094bc  00009b44  RW X
  SRAM_DATA             20017000   00019000  000092ba  0000fd46  RW X


SEGMENT ALLOCATION MAP

run origin  load origin   length   init length attrs members
----------  ----------- ---------- ----------- ----- -------
20004000    20004000    000094c0   000094c0    r-x
  20004000    20004000    00000400   00000400    r-- .intvecs
  20004400    20004400    00008a1e   00008a1e    r-x .text
  2000ce20    2000ce20    0000063e   0000063e    r-- .const
  2000d460    2000d460    00000060   00000060    r-- .cinit
20017000    20017000    000082bc   00000000    rw-
  20017000    20017000    00008000   00000000    rw- .sysmem
  2001f000    2001f000    0000021a   00000000    rw- .bss
  2001f21c    2001f21c    000000a0   00000000    rw- .data
2002f000    2002f000    00001000   00000000    rw-
  2002f000    2002f000    00001000   00000000    rw- .stack


SECTION ALLOCATION MAP

 output                                  attributes/
section   page    origin      length       input sections
--------  ----  ----------  ----------   ----------------
.intvecs   0    20004000    00000400     
                  20004000    00000400     startup_ccs.obj (.intvecs)

.init_array 
*          0    20004000    00000000     UNINITIALIZED

.text      0    20004400    00008a1e     
                  20004400    000013bc     main.obj (.text)
                  200057bc    00000a4a     rtsv7M4_T_le_eabi.lib : _printfi.c.obj (.text:__TI_printfi)
                  20006206    00000002     driverlib.a : interrupt.obj (.text:IntDefaultHandler)
                  20006208    00000590     simplelink.a : driver.obj (.text:_SlDrvMsgRead)
                  20006798    00000398     gpio_if.obj (.text)
                  20006b30    00000280     uart_if.obj (.text)
                  20006db0    0000027c     simplelink.a : wlan.obj (.text:sl_WlanConnect)
                  2000702c    00000268     rtsv7M4_T_le_eabi.lib : _printfi.c.obj (.text:_pconv_a)
                  20007294    0000024c     simplelink.a : driver.obj (.text:_SlDrvRxHdrRead)
                  200074e0    000001e4                  : driver.obj (.text:_SlDrvDataReadOp)
                  200076c4    000001d0                  : driver.obj (.text:_SlDrvReleasePoolObj)
                  20007894    000001cc     rtsv7M4_T_le_eabi.lib : _printfi.c.obj (.text:_pconv_g)
                  20007a60    000001b6                           : fd_add_t2.asm.obj (.text)
                  20007c16    00000002                           : _lock.c.obj (.text:_nop)
                  20007c18    000001b4     simplelink.a : driver.obj (.text:_SlDrvDriverCBInit)
                  20007dcc    0000019c                  : driver.obj (.text:_SlDrvMsgWrite)
                  20007f68    00000190                  : driver.obj (.text:_SlDrvWaitForPoolObj)
                  200080f8    0000018c                  : socket.obj (.text:sl_Connect)
                  20008284    00000178     driverlib.a : prcm.obj (.text:PRCMCC3200MCUInit)
                  200083fc    00000170     simplelink.a : driver.obj (.text:_SlFindAndSetActiveObj)
                  2000856c    00000150                  : driver.obj (.text:_SlDrvDataWriteOp)
                  200086bc    00000148                  : cc_pal.obj (.text:spi_Open)
                  20008804    00000144                  : driver.obj (.text:_SlDrvMsgReadCmdCtx)
                  20008948    00000144                  : netapp.obj (.text:sl_NetAppDnsGetHostByName)
                  20008a8c    0000013c     rtsv7M4_T_le_eabi.lib : _printfi.c.obj (.text:_pconv_e)
                  20008bc8    00000136                           : fd_div_t2.asm.obj (.text)
                  20008cfe    00000002                           : div0.asm.obj (.text)
                  20008d00    00000134     simplelink.a : socket.obj (.text:sl_Send)
                  20008e34    00000130                  : driver.obj (.text:_SlDrvDriverCBDeinit)
                  20008f64    00000120     rtsv7M4_T_le_eabi.lib : _printfi.c.obj (.text:fcvt)
                  20009084    00000114                           : memory.c.obj (.text:realloc)
                  20009198    00000104     simplelink.a : netapp.obj (.text:_SlDrvNetAppEventHandler)
                  2000929c    000000fc     rtsv7M4_T_le_eabi.lib : fd_mul_t2.asm.obj (.text)
                  20009398    000000f0     simplelink.a : device.obj (.text:sl_Stop)
                  20009488    000000f0                  : cc_pal.obj (.text:spi_Read)
                  20009578    000000f0     driverlib.a : udma.obj (.text:uDMAChannelTransferSet)
                  20009668    000000ec     simplelink.a : device.obj (.text:sl_Start)
                  20009754    000000e8                  : driver.obj (.text:_SlAsyncEventGenericHandler)
                  2000983c    000000e8                  : driver.obj (.text:_SlDrvMsgReadSpawnCtx)
                  20009924    000000e4                  : netapp.obj (.text:sl_NetAppMDNSRegisterUnregisterService)
                  20009a08    000000dc                  : driver.obj (.text:_SlDrvClassifyRxMsg)
                  20009ae4    000000d8     rtsv7M4_T_le_eabi.lib : memory.c.obj (.text:free)
                  20009bbc    000000d0                           : s_scalbn.c.obj (.text:scalbn)
                  20009c8c    000000cc     simplelink.a : netapp.obj (.text:_sl_HandleAsync_DnsGetHostByService)
                  20009d58    000000cc                  : device.obj (.text:sl_DevGet)
                  20009e24    000000c4                  : driver.obj (.text:_SlRemoveFromList)
                  20009ee8    000000c0                  : driver.obj (.text:_SlDrvCmdOp)
                  20009fa8    000000b1     rtsv7M4_T_le_eabi.lib : _printfi.c.obj (.text:_ltostr)
                  2000a059    00000003     --HOLE-- [fill = 0]
                  2000a05c    000000b0     simplelink.a : nonos.obj (.text:_SlNonOsSemGet)
                  2000a10c    000000a8     driverlib.a : interrupt.obj (.text:IntDisable)
                  2000a1b4    000000a8                 : interrupt.obj (.text:IntEnable)
                  2000a25c    000000a4     simplelink.a : driver.obj (.text:_SlDriverHandleError)
                  2000a300    000000a0     driverlib.a : spi.obj (.text:SPIConfigSetExpClk)
                  2000a3a0    000000a0     simplelink.a : socket.obj (.text:sl_Recv)
                  2000a440    0000009c     rtsv7M4_T_le_eabi.lib : memcpy_t2.asm.obj (.text)
                  2000a4dc    0000009a     simplelink.a : device.obj (.text:_SlDrvDeviceEventHandler)
                  2000a576    00000002     --HOLE-- [fill = 0]
                  2000a578    00000098                  : device.obj (.text:sl_DevSet)
                  2000a610    00000098                  : netcfg.obj (.text:sl_NetCfgSet)
                  2000a6a8    00000098                  : socket.obj (.text:sl_SetSockOpt)
                  2000a740    00000098                  : wlan.obj (.text:sl_WlanSet)
                  2000a7d8    00000098                  : cc_pal.obj (.text:spi_Write)
                  2000a870    00000096     rtsv7M4_T_le_eabi.lib : ull_div_t2.asm.obj (.text)
                  2000a906    00000002     --HOLE-- [fill = 0]
                  2000a908    00000094     driverlib.a : prcm.obj (.text:PRCMPeripheralClockGet)
                  2000a99c    00000090     simplelink.a : netapp.obj (.text:_sl_HandleAsync_DnsGetHostByName)
                  2000aa2c    00000090                  : netapp.obj (.text:_sl_HandleAsync_PingResponse)
                  2000aabc    00000090                  : wlan.obj (.text:sl_WlanPolicySet)
                  2000ab4c    0000008c                  : cc_pal.obj (.text:SetupDMAReceive)
                  2000abd8    0000008c                  : cc_pal.obj (.text:SetupDMASend)
                  2000ac64    0000008c                  : driver.obj (.text:_SlDrvIsTimeoutExpired)
                  2000acf0    0000008c                  : device.obj (.text:_sl_HandleAsync_InitComplete)
                  2000ad7c    0000008c                  : socket.obj (.text:sl_Socket)
                  2000ae08    00000088     driverlib.a : pin.obj (.text:PinConfigSet)
                  2000ae90    00000086     rtsv7M4_T_le_eabi.lib : fd_cmp_t2.asm.obj (.text:__aeabi_cdcmple)
                  2000af16    00000086                           : fd_cmp_t2.asm.obj (.text:__aeabi_cdrcmple)
                  2000af9c    00000084     simplelink.a : wlan.obj (.text:sl_WlanRxFilterSet)
                  2000b020    00000082     driverlib.a : gpio.obj (.text:GPIOIntTypeSet)
                  2000b0a2    00000002     --HOLE-- [fill = 0]
                  2000b0a4    00000080     simplelink.a : socket.obj (.text:_sl_HandleAsync_Connect)
                  2000b124    00000080                  : cc_pal.obj (.text:spi_Read_CPU)
                  2000b1a4    00000080                  : cc_pal.obj (.text:spi_Write_CPU)
                  2000b224    0000007a     rtsv7M4_T_le_eabi.lib : memset_t2.asm.obj (.text)
                  2000b29e    00000002     --HOLE-- [fill = 0]
                  2000b2a0    00000078                           : memory.c.obj (.text:malloc)
                  2000b318    00000078     simplelink.a : cc_pal.obj (.text:spi_Close)
                  2000b390    00000076     driverlib.a : uart.obj (.text:UARTConfigSetExpClk)
                  2000b406    00000002     --HOLE-- [fill = 0]
                  2000b408    00000074     simplelink.a : nonos.obj (.text:_SlNonOsMainLoopTask)
                  2000b47c    0000006e     rtsv7M4_T_le_eabi.lib : _printfi.c.obj (.text:_mcpy)
                  2000b4ea    00000002     --HOLE-- [fill = 0]
                  2000b4ec    0000006c     simplelink.a : driver.obj (.text:_SlDrvCmdSend)
                  2000b558    0000006c                  : netapp.obj (.text:_sl_NetAppSendTokenValue)
                  2000b5c4    00000068     rtsv7M4_T_le_eabi.lib : copy_decompress_lzss.c.obj (.text:decompress:lzss:__TI_decompress_lzss)
                  2000b62c    00000064     simplelink.a : nonos.obj (.text:_SlNonOsSpawn)
                  2000b690    00000064                  : socket.obj (.text:_sl_HandleAsync_Accept)
                  2000b6f4    00000064                  : netapp.obj (.text:sl_NetAppMDNSUnRegisterService)
                  2000b758    00000064     driverlib.a : udma.obj (.text:uDMAChannelAttributeDisable)
                  2000b7bc    00000064                 : udma.obj (.text:uDMAChannelAttributeEnable)
                  2000b820    00000060     simplelink.a : socket.obj (.text:sl_Close)
                  2000b880    00000060                  : wlan.obj (.text:sl_WlanProfileDel)
                  2000b8e0    00000060                  : wlan.obj (.text:sl_WlanSetMode)
                  2000b940    0000005c     rtsv7M4_T_le_eabi.lib : s_frexp.c.obj (.text:frexp)
                  2000b99c    00000058     driverlib.a : interrupt.obj (.text:IntPendClear)
                  2000b9f4    00000058                 : prcm.obj (.text:PRCMPeripheralReset)
                  2000ba4c    00000058     pinmux.obj (.text)
                  2000baa4    00000056     rtsv7M4_T_le_eabi.lib : _printfi.c.obj (.text:_pconv_f)
                  2000bafa    00000002     --HOLE-- [fill = 0]
                  2000bafc    00000054     driverlib.a : interrupt.obj (.text:IntPrioritySet)
                  2000bb50    00000054     simplelink.a : driver.obj (.text:_SlDrvRxIrqHandler)
                  2000bba4    00000054                  : socket.obj (.text:_sl_HandleAsync_Select)
                  2000bbf8    00000054     rtsv7M4_T_le_eabi.lib : ltoa.c.obj (.text:ltoa)
                  2000bc4c    00000052                           : _printfi.c.obj (.text:_ecpy)
                  2000bc9e    00000002     --HOLE-- [fill = 0]
                  2000bca0    00000050     simplelink.a : device.obj (.text:_sl_HandleAsync_Stop)
                  2000bcf0    0000004c     driverlib.a : spi.obj (.text:SPIIntEnable)
                  2000bd3c    0000004c                 : spi.obj (.text:SPIIntNumberGet)
                  2000bd88    0000004c     simplelink.a : driver.obj (.text:_SlDrvProtectAsyncRespSetting)
                  2000bdd4    0000004c                  : socket.obj (.text:_sl_BuildAddress)
                  2000be20    0000004c     rtsv7M4_T_le_eabi.lib : atoi.c.obj (.text:atoi)
                  2000be6c    0000004c     driverlib.a : udma.obj (.text:uDMAChannelAssign)
                  2000beb8    00000048                 : gpio.obj (.text:GPIOGetIntNumber)
                  2000bf00    00000048                 : spi.obj (.text:SPIIntClear)
                  2000bf48    00000048     simplelink.a : driver.obj (.text:_SlDrvBasicCmd)
                  2000bf90    00000048     rtsv7M4_T_le_eabi.lib : fd_toi_t2.asm.obj (.text)
                  2000bfd8    00000044     driverlib.a : spi.obj (.text:SPIDmaMaskGet)
                  2000c01c    00000044                 : timer.obj (.text:TimerConfigure)
                  2000c060    00000044     simplelink.a : driver.obj (.text:_SlDrvSyncObjWaitTimeout)
                  2000c0a4    00000044     rtsv7M4_T_le_eabi.lib : autoinit.c.obj (.text:__TI_auto_init_nobinit_nopinit:__TI_auto_init_nobinit_nopinit)
                  2000c0e8    00000044     simplelink.a : cc_pal.obj (.text:cc_SetupTransfer)
                  2000c12c    00000042                  : socket.obj (.text:sl_Htonl)
                  2000c16e    00000002     --HOLE-- [fill = 0]
                  2000c170    00000040     driverlib.a : pin.obj (.text:PinModeSet)
                  2000c1b0    00000040     simplelink.a : socket.obj (.text:_sl_TruncatePayloadByProtocol)
                  2000c1f0    00000040     rtsv7M4_T_le_eabi.lib : sprintf.c.obj (.text:sprintf)
                  2000c230    00000040                           : vsnprintf.c.obj (.text:vsnprintf)
                  2000c270    0000003e     simplelink.a : cc_pal.obj (.text:NwpRegisterInterruptHandler)
                  2000c2ae    0000003e     rtsv7M4_T_le_eabi.lib : _printfi.c.obj (.text:_fcpy)
                  2000c2ec    0000003c     simplelink.a : netapp.obj (.text:CopyPingResultsToReport)
                  2000c328    0000003c     driverlib.a : prcm.obj (.text:PRCMPeripheralClkEnable)
                  2000c364    0000003c     rtsv7M4_T_le_eabi.lib : memory.c.obj (.text:minsert)
                  2000c3a0    0000003c     simplelink.a : cc_pal.obj (.text:simplelink_timerA2_start)
                  2000c3dc    0000003c                  : socket.obj (.text:sl_Htons)
                  2000c418    0000003c     driverlib.a : udma.obj (.text:uDMAChannelControlSet)
                  2000c454    00000038     simplelink.a : cc_pal.obj (.text:NwpPowerOff)
                  2000c48c    00000038     rtsv7M4_T_le_eabi.lib : memory.c.obj (.text:minit)
                  2000c4c4    00000038     simplelink.a : wlan.obj (.text:sl_WlanDisconnect)
                  2000c4fc    00000036     driverlib.a : gpio.obj (.text:GPIODirModeSet)
                  2000c532    00000002     --HOLE-- [fill = 0]
                  2000c534    00000034                 : prcm.obj (.text:PRCMPeripheralStatusGet)
                  2000c568    00000034                 : spi.obj (.text:SPIFIFOLevelSet)
                  2000c59c    00000030                 : pin.obj (.text:PinTypeGPIO)
                  2000c5cc    00000030                 : uart.obj (.text:UARTDisable)
                  2000c5fc    00000030     rtsv7M4_T_le_eabi.lib : vsnprintf.c.obj (.text:_outs)
                  2000c62c    0000002e                           : i_tofd_t2.asm.obj (.text)
                  2000c65a    00000002     --HOLE-- [fill = 0]
                  2000c65c    0000002c     simplelink.a : cc_pal.obj (.text:NwpPowerOn)
                  2000c688    0000002c     driverlib.a : prcm.obj (.text:PRCMSysResetCauseGet)
                  2000c6b4    0000002c     simplelink.a : driver.obj (.text:_SlDrvObjGlobalLockWaitForever)
                  2000c6e0    0000002c                  : driver.obj (.text:_SlDrvProtectionObjLockWaitForever)
                  2000c70c    0000002a     driverlib.a : timer.obj (.text:TimerLoadSet)
                  2000c736    0000002a                 : timer.obj (.text:TimerPrescaleSet)
                  2000c760    00000028                 : prcm.obj (.text:PRCMPeripheralClkDisable)
                  2000c788    00000028     simplelink.a : driver.obj (.text:_SlDrvGlobalObjUnLock)
                  2000c7b0    00000028                  : driver.obj (.text:_SlDrvProtectionObjUnLock)
                  2000c7d8    00000028                  : driver.obj (.text:_SlDrvSyncObjWaitForever)
                  2000c800    00000028     rtsv7M4_T_le_eabi.lib : boot_cortex_m.c.obj (.text:_c_int00_noargs:_c_int00_noargs)
                  2000c828    00000028                           : memory.c.obj (.text:mremove)
                  2000c850    00000026     simplelink.a : driver.obj (.text:_SlDrvObjLockWaitForever)
                  2000c876    00000002     --HOLE-- [fill = 0]
                  2000c878    00000024                  : cc_pal.obj (.text:DmaSpiSwIntHandler)
                  2000c89c    00000024     driverlib.a : interrupt.obj (.text:IntUnregister)
                  2000c8c0    00000024                 : uart.obj (.text:UARTEnable)
                  2000c8e4    00000024     rtsv7M4_T_le_eabi.lib : memmov.c.obj (.text:memmove)
                  2000c908    00000022     driverlib.a : spi.obj (.text:SPIReset)
                  2000c92a    00000022                 : spi.obj (.text:SPIWordCountSet)
                  2000c94c    00000020                 : gpio.obj (.text:GPIOPinWrite)
                  2000c96c    00000020                 : interrupt.obj (.text:IntRegister)
                  2000c98c    00000020     simplelink.a : cc_pal.obj (.text:NwpPrePowerOffTimout0)
                  2000c9ac    00000020                  : cc_pal.obj (.text:TimerGetCurrentTimestamp)
                  2000c9cc    00000020                  : driver.obj (.text:_SlDrvObjUnLock)
                  2000c9ec    00000020                  : driver.obj (.text:_SlDrvSyncObjSignal)
                  2000ca0c    0000001e     driverlib.a : gpio.obj (.text:GPIOIntRegister)
                  2000ca2a    0000001e                 : timer.obj (.text:TimerEnable)
                  2000ca48    0000001e                 : uart.obj (.text:UARTCharPut)
                  2000ca66    0000001e     simplelink.a : cc_pal.obj (.text:cc_UDMAChannelSelect)
                  2000ca84    0000001c     driverlib.a : timer.obj (.text:TimerValueGet)
                  2000caa0    0000001c                 : uart.obj (.text:UARTCharGetNonBlocking)
                  2000cabc    0000001c     simplelink.a : driver.obj (.text:_SlDrvStartMeasureTimeout)
                  2000cad8    0000001c     rtsv7M4_T_le_eabi.lib : memccpy.c.obj (.text:memccpy)
                  2000caf4    0000001c     driverlib.a : udma.obj (.text:uDMAChannelEnable)
                  2000cb10    0000001a                 : gpio.obj (.text:GPIOIntEnable)
                  2000cb2a    0000001a                 : pin.obj (.text:PinTypeUART)
                  2000cb44    0000001a                 : spi.obj (.text:SPIDmaDisable)
                  2000cb5e    0000001a                 : spi.obj (.text:SPIDmaEnable)
                  2000cb78    0000001a                 : spi.obj (.text:SPIFIFODisable)
                  2000cb92    0000001a                 : spi.obj (.text:SPIFIFOEnable)
                  2000cbac    0000001a                 : spi.obj (.text:SPIIntUnregister)
                  2000cbc6    00000018                 : gpio.obj (.text:GPIOPinRead)
                  2000cbde    00000018                 : spi.obj (.text:SPICSDisable)
                  2000cbf6    00000018                 : spi.obj (.text:SPICSEnable)
                  2000cc0e    00000018                 : spi.obj (.text:SPIDisable)
                  2000cc26    00000018                 : spi.obj (.text:SPIEnable)
                  2000cc3e    00000018                 : uart.obj (.text:UARTCharsAvail)
                  2000cc56    00000018     simplelink.a : nonos.obj (.text:_SlNonOsSemSet)
                  2000cc6e    00000018     rtsv7M4_T_le_eabi.lib : vsnprintf.c.obj (.text:_outc)
                  2000cc86    00000018                           : sprintf.c.obj (.text:_outs)
                  2000cc9e    00000002     --HOLE-- [fill = 0]
                  2000cca0    00000018     simplelink.a : device.obj (.text:_sl_GetStartResponseConvert)
                  2000ccb8    00000016     driverlib.a : prcm.obj (.text:PRCMHIBRegRead)
                  2000ccce    00000016                 : prcm.obj (.text:PRCMHIBRegWrite)
                  2000cce4    00000016     simplelink.a : driver.obj (.text:_SlDrvMemZero)
                  2000ccfa    00000016     rtsv7M4_T_le_eabi.lib : strchr.c.obj (.text:strchr)
                  2000cd10    00000014     driverlib.a : cpu.obj (.text:CPUcpsie)
                  2000cd24    00000014                 : gpio.obj (.text:GPIOIntClear)
                  2000cd38    00000014                 : interrupt.obj (.text:IntVTableBaseSet)
                  2000cd4c    00000014     rtsv7M4_T_le_eabi.lib : strcpy.c.obj (.text:strcpy)
                  2000cd60    00000014                           : strlen.c.obj (.text:strlen)
                  2000cd74    00000012                           : copy_zero_init.c.obj (.text:decompress:ZI:__TI_zero_init_nomemset:__TI_zero_init_nomemset)
                  2000cd86    00000012                           : wcslen.c.obj (.text:wcslen)
                  2000cd98    00000010     simplelink.a : driver.obj (.text:_SlDrvDispatchHttpServerEvents)
                  2000cda8    0000000e                  : driver.obj (.text:_SlDrvResetCmdExt)
                  2000cdb6    0000000e     rtsv7M4_T_le_eabi.lib : copy_decompress_none.c.obj (.text:decompress:none:__TI_decompress_none)
                  2000cdc4    0000000e     startup_ccs.obj (.text)
                  2000cdd2    00000002     --HOLE-- [fill = 0]
                  2000cdd4    0000000c     simplelink.a : cc_pal.obj (.text:NwpMaskInterrupt)
                  2000cde0    0000000c                  : cc_pal.obj (.text:NwpUnMaskInterrupt)
                  2000cdec    0000000a     driverlib.a : interrupt.obj (.text:IntMasterEnable)
                  2000cdf6    0000000a     rtsv7M4_T_le_eabi.lib : sprintf.c.obj (.text:_outc)
                  2000ce00    00000008                           : errno.c.obj (.text:__aeabi_errno_addr)
                  2000ce08    00000008                           : s_copysign.c.obj (.text:copysign)
                  2000ce10    00000006     driverlib.a : utils.obj (.text:UtilsDelay)
                  2000ce16    00000004     rtsv7M4_T_le_eabi.lib : pre_init.c.obj (.text:_system_pre_init)
                  2000ce1a    00000004                           : exit.c.obj (.text:abort:abort)

.const     0    2000ce20    0000063e     
                  2000ce20    00000101     rtsv7M4_T_le_eabi.lib : ctype.c.obj (.const:.string:_ctypes_)
                  2000cf21    00000003     --HOLE-- [fill = 0]
                  2000cf24    00000100     driverlib.a : pin.obj (.const:g_ulPinToPadMap)
                  2000d024    000000d4                 : interrupt.obj (.const:g_pulRegs)
                  2000d0f8    000000a8                 : prcm.obj (.const:PRCM_PeriphRegsList)
                  2000d1a0    00000080                 : interrupt.obj (.const)
                  2000d220    0000003c     simplelink.a : driver.obj (.const:OpcodeTranslateTable)
                  2000d25c    00000038                  : driver.obj (.const:_SlActionLookupTable)
                  2000d294    0000002c     main.obj (.const:$P$T1$2)
                  2000d2c0    0000002c     main.obj (.const:.string)
                  2000d2ec    00000024     driverlib.a : spi.obj (.const:g_ppulSPIIntMap)
                  2000d310    00000022     main.obj (.const:.string:$P$T0$1)
                  2000d332    00000002     --HOLE-- [fill = 0]
                  2000d334    00000020     simplelink.a : driver.obj (.const:RxMsgClassLUT)
                  2000d354    00000018     driverlib.a : spi.obj (.const)
                  2000d36c    00000015     main.obj (.const:.string:$P$T6$7)
                  2000d381    00000003     --HOLE-- [fill = 0]
                  2000d384    00000014     simplelink.a : driver.obj (.const:$P$T0$1)
                  2000d398    00000014                  : nonos.obj (.const:$P$T0$1)
                  2000d3ac    00000014     main.obj (.const:$P$T2$3)
                  2000d3c0    00000010     simplelink.a : socket.obj (.const:.string:_SlPayloadByProtocolLUT)
                  2000d3d0    0000000c     main.obj (.const:$P$T4$5)
                  2000d3dc    0000000c     main.obj (.const:.string:$P$T3$4)
                  2000d3e8    00000009     main.obj (.const:.string:$P$T5$6)
                  2000d3f1    00000008     simplelink.a : device.obj (.const:StartResponseLUT)
                  2000d3f9    00000003     --HOLE-- [fill = 0]
                  2000d3fc    00000008                  : driver.obj (.const:g_H2NCnysPattern)
                  2000d404    00000008                  : driver.obj (.const:g_H2NSyncPattern)
                  2000d40c    00000005     main.obj (.const:.string:$P$T7$8)
                  2000d411    00000001     --HOLE-- [fill = 0]
                  2000d412    00000004     simplelink.a : wlan.obj (.const:$P$T0$1)
                  2000d416    00000004                  : socket.obj (.const:$P$T2$3)
                  2000d41a    00000004                  : device.obj (.const:_SlDeviceGetCmdCtrl)
                  2000d41e    00000004                  : device.obj (.const:_SlDeviceSetCmdCtrl)
                  2000d422    00000004                  : netapp.obj (.const:_SlGetHostByNameCtrl)
                  2000d426    00000004                  : netapp.obj (.const:_SlNetAppSendTokenValueCmdCtrl)
                  2000d42a    00000004                  : netcfg.obj (.const:_SlNetCfgSetCmdCtrl)
                  2000d42e    00000004                  : wlan.obj (.const:_SlPolicySetCmdCtrl)
                  2000d432    00000004                  : wlan.obj (.const:_SlProfileDelCmdCtrl)
                  2000d436    00000004                  : socket.obj (.const:_SlRecvCmdCtrl)
                  2000d43a    00000004                  : netapp.obj (.const:_SlRegisterServiceCtrl)
                  2000d43e    00000004                  : wlan.obj (.const:_SlRxFilterSetCmdCtrl)
                  2000d442    00000004                  : socket.obj (.const:_SlSendCmdCtrl)
                  2000d446    00000004                  : socket.obj (.const:_SlSetSockOptCmdCtrl)
                  2000d44a    00000004                  : socket.obj (.const:_SlSockCloseCmdCtrl)
                  2000d44e    00000004                  : socket.obj (.const:_SlSockSocketCmdCtrl)
                  2000d452    00000004                  : device.obj (.const:_SlStopCmdCtrl)
                  2000d456    00000004                  : wlan.obj (.const:_SlWlanCfgSetCmdCtrl)
                  2000d45a    00000004                  : wlan.obj (.const:_SlWlanSetModeCmdCtrl)

.cinit     0    2000d460    00000060     
                  2000d460    00000037     (.cinit..data.load) [load image, compression = lzss]
                  2000d497    00000001     --HOLE-- [fill = 0]
                  2000d498    0000000c     (__TI_handler_table)
                  2000d4a4    00000004     --HOLE-- [fill = 0]
                  2000d4a8    00000008     (.cinit..bss.load) [load image, compression = zero_init]
                  2000d4b0    00000010     (__TI_cinit_table)

.sysmem    0    20017000    00008000     UNINITIALIZED
                  20017000    00000008     rtsv7M4_T_le_eabi.lib : memory.c.obj (.sysmem)
                  20017008    00007ff8     --HOLE--

.bss       0    2001f000    0000021a     UNINITIALIZED
                  2001f000    00000168     simplelink.a : driver.obj (.bss:g_StatMem)
                  2001f168    00000050     (.common:g_ucDinDout)
                  2001f1b8    0000002c     (.common:g_time)
                  2001f1e4    00000024     (.common:g_ucConnectionSSID)
                  2001f208    00000008     (.common:g_ucConnectionBSSID)
                  2001f210    00000004     uart_if.obj (.bss)
                  2001f214    00000001     (.common:RxIrqCnt)
                  2001f215    00000001     (.common:g_bDeviceRestartIsRequired)
                  2001f216    00000001     (.common:g_cDummy)
                  2001f217    00000001     (.common:g_ucLED1Pin)
                  2001f218    00000001     (.common:g_ucLED2Pin)
                  2001f219    00000001     (.common:g_ucLED3Pin)

.data      0    2001f21c    000000a0     UNINITIALIZED
                  2001f21c    0000003c     simplelink.a : nonos.obj (.data:g__SlNonOsCB)
                  2001f258    00000014     gpio_if.obj (.data:ulReg)
                  2001f26c    00000010     main.obj (.data)
                  2001f27c    0000000d     simplelink.a : driver.obj (.data)
                  2001f289    00000003     --HOLE--
                  2001f28c    0000000c     rtsv7M4_T_le_eabi.lib : memory.c.obj (.data:$O1$$)
                  2001f298    0000000c     gpio_if.obj (.data)
                  2001f2a4    00000009     simplelink.a : cc_pal.obj (.data)
                  2001f2ad    00000003     --HOLE--
                  2001f2b0    00000008     rtsv7M4_T_le_eabi.lib : _lock.c.obj (.data:$O1$$)
                  2001f2b8    00000004                           : errno.c.obj (.data)

.stack     0    2002f000    00001000     UNINITIALIZED
                  2002f000    00000004     rtsv7M4_T_le_eabi.lib : boot_cortex_m.c.obj (.stack)
                  2002f004    00000ffc     --HOLE--

MODULE SUMMARY

       Module                       code    ro data   rw data
       ------                       ----    -------   -------
    .\
       main.obj                     5052    201       104    
       startup_ccs.obj              14      1024      0      
       gpio_if.obj                  920     0         35     
       uart_if.obj                  640     0         4      
       pinmux.obj                   88      0         0      
    +--+----------------------------+-------+---------+---------+
       Total:                       6714    1225      143    
                                                             
    D:/ti/CC3200SDK/CC3200SDK_1.3.0/cc3200-sdk/driverlib/ccs/Release/driverlib.a
       prcm.obj                     852     168       0      
       interrupt.obj                608     340       0      
       spi.obj                      798     60        0      
       udma.obj                     604     0         0      
       pin.obj                      274     256       0      
       gpio.obj                     388     0         0      
       uart.obj                     284     0         0      
       timer.obj                    210     0         0      
       cpu.obj                      20      0         0      
       utils.obj                    6       0         0      
    +--+----------------------------+-------+---------+---------+
       Total:                       4044    824       0      
                                                             
    D:/ti/CC3200SDK/CC3200SDK_1.3.0/cc3200-sdk/simplelink/ccs/NON_OS/simplelink.a
       driver.obj                   7714    184       375    
       cc_pal.obj                   1820    0         90     
       socket.obj                   1830    40        0      
       netapp.obj                   1572    12        0      
       wlan.obj                     1312    24        0      
       device.obj                   1230    20        0      
       nonos.obj                    416     20        60     
       netcfg.obj                   152     4         0      
    +--+----------------------------+-------+---------+---------+
       Total:                       16046   304       525    
                                                             
    D:\ti\ccs800\ccsv8\tools\compiler\ti-cgt-arm_18.1.1.LTS\lib\rtsv7M4_T_le_eabi.lib
       _printfi.c.obj               4831    0         0      
       memory.c.obj                 768     0         12     
       fd_add_t2.asm.obj            438     0         0      
       fd_div_t2.asm.obj            310     0         0      
       fd_cmp_t2.asm.obj            268     0         0      
       ctype.c.obj                  0       257       0      
       fd_mul_t2.asm.obj            252     0         0      
       s_scalbn.c.obj               208     0         0      
       memcpy_t2.asm.obj            156     0         0      
       ull_div_t2.asm.obj           150     0         0      
       vsnprintf.c.obj              136     0         0      
       memset_t2.asm.obj            122     0         0      
       copy_decompress_lzss.c.obj   104     0         0      
       sprintf.c.obj                98      0         0      
       s_frexp.c.obj                92      0         0      
       ltoa.c.obj                   84      0         0      
       atoi.c.obj                   76      0         0      
       fd_toi_t2.asm.obj            72      0         0      
       autoinit.c.obj               68      0         0      
       i_tofd_t2.asm.obj            46      0         0      
       boot_cortex_m.c.obj          40      0         0      
       memmov.c.obj                 36      0         0      
       memccpy.c.obj                28      0         0      
       strchr.c.obj                 22      0         0      
       strcpy.c.obj                 20      0         0      
       strlen.c.obj                 20      0         0      
       copy_zero_init.c.obj         18      0         0      
       wcslen.c.obj                 18      0         0      
       copy_decompress_none.c.obj   14      0         0      
       errno.c.obj                  8       0         4      
       _lock.c.obj                  2       0         8      
       s_copysign.c.obj             8       0         0      
       exit.c.obj                   4       0         0      
       pre_init.c.obj               4       0         0      
       div0.asm.obj                 2       0         0      
    +--+----------------------------+-------+---------+---------+
       Total:                       8523    257       24     
                                                             
       Heap:                        0       0         32768  
       Stack:                       0       0         4096   
       Linker Generated:            0       91        0      
    +--+----------------------------+-------+---------+---------+
       Grand Total:                 35327   2701      37556  


LINKER GENERATED COPY TABLES

__TI_cinit_table @ 2000d4b0 records: 2, size/record: 8, table size: 16
	.data: load addr=2000d460, load size=00000037 bytes, run addr=2001f21c, run size=000000a0 bytes, compression=lzss
	.bss: load addr=2000d4a8, load size=00000008 bytes, run addr=2001f000, run size=0000021a bytes, compression=zero_init


LINKER GENERATED HANDLER TABLE

__TI_handler_table @ 2000d498 records: 3, size/record: 4, table size: 12
	index: 0, handler: __TI_decompress_lzss
	index: 1, handler: __TI_decompress_none
	index: 2, handler: __TI_zero_init


GLOBAL SYMBOLS: SORTED ALPHABETICALLY BY Name 

address   name                                  
-------   ----                                  
2000ce1b  C$$EXIT                               
2000cd11  CPUcpsie                              
20006b71  ClearTerm                             
2000c879  DmaSpiSwIntHandler                    
20006b7b  Error                                 
2000c4fd  GPIODirModeSet                        
2000cd25  GPIOIntClear                          
2000cb11  GPIOIntEnable                         
2000ca0d  GPIOIntRegister                       
2000b021  GPIOIntTypeSet                        
2000cbc7  GPIOPinRead                           
2000c94d  GPIOPinWrite                          
20006a59  GPIO_IF_ConfigureNIntEnable           
20006ae5  GPIO_IF_Get                           
20006a13  GPIO_IF_GetPortNPin                   
200067d5  GPIO_IF_LedConfigure                  
200068c7  GPIO_IF_LedOff                        
20006813  GPIO_IF_LedOn                         
2000697b  GPIO_IF_LedStatus                     
200069e5  GPIO_IF_LedToggle                     
20006aa1  GPIO_IF_Set                           
20006bb3  GetCmd                                
20006b31  InitTerm                              
2000a10d  IntDisable                            
2000a1b5  IntEnable                             
2000cded  IntMasterEnable                       
2000b99d  IntPendClear                          
2000bafd  IntPrioritySet                        
2000c96d  IntRegister                           
2000c89d  IntUnregister                         
2000cd39  IntVTableBaseSet                      
20006b4f  Message                               
2000cdd5  NwpMaskInterrupt                      
2000c455  NwpPowerOff                           
2000c65d  NwpPowerOn                            
2000c98d  NwpPrePowerOffTimout0                 
2000c271  NwpRegisterInterruptHandler           
2000cde1  NwpUnMaskInterrupt                    
2000d220  OpcodeTranslateTable                  
20008285  PRCMCC3200MCUInit                     
2000ccb9  PRCMHIBRegRead                        
2000cccf  PRCMHIBRegWrite                       
2000c761  PRCMPeripheralClkDisable              
2000c329  PRCMPeripheralClkEnable               
2000a909  PRCMPeripheralClockGet                
2000b9f5  PRCMPeripheralReset                   
2000c535  PRCMPeripheralStatusGet               
2000c689  PRCMSysResetCauseGet                  
2000ae09  PinConfigSet                          
2000c171  PinModeSet                            
2000ba4d  PinMuxConfig                          
2000c59d  PinTypeGPIO                           
2000cb2b  PinTypeUART                           
20006cf1  Report                                
2000cdc5  ResetISR                              
2001f214  RxIrqCnt                              
2000cbdf  SPICSDisable                          
2000cbf7  SPICSEnable                           
2000a301  SPIConfigSetExpClk                    
2000cc0f  SPIDisable                            
2000cb45  SPIDmaDisable                         
2000cb5f  SPIDmaEnable                          
2000cc27  SPIEnable                             
2000cb79  SPIFIFODisable                        
2000cb93  SPIFIFOEnable                         
2000c569  SPIFIFOLevelSet                       
2000bf01  SPIIntClear                           
2000bcf1  SPIIntEnable                          
2000cbad  SPIIntUnregister                      
2000c909  SPIReset                              
2000c92b  SPIWordCountSet                       
200045d5  SimpleLinkGeneralEventHandler         
200045b1  SimpleLinkHttpServerCallback          
2000450f  SimpleLinkNetAppEventHandler          
200045f5  SimpleLinkSockEventHandler            
20004401  SimpleLinkWlanEventHandler            
2000c01d  TimerConfigure                        
2000ca2b  TimerEnable                           
2000c9ad  TimerGetCurrentTimestamp              
2000c70d  TimerLoadSet                          
2000c737  TimerPrescaleSet                      
2000ca85  TimerValueGet                         
20006c59  TrimSpace                             
2000caa1  UARTCharGetNonBlocking                
2000ca49  UARTCharPut                           
2000cc3f  UARTCharsAvail                        
2000b391  UARTConfigSetExpClk                   
2000c5cd  UARTDisable                           
2000c8c1  UARTEnable                            
2000ce11  UtilsDelay                            
2000d25c  _SlActionLookupTable                  
2000a25d  _SlDriverHandleError                  
2000bf49  _SlDrvBasicCmd                        
20009ee9  _SlDrvCmdOp                           
2000b4ed  _SlDrvCmdSend                         
200074e1  _SlDrvDataReadOp                      
2000856d  _SlDrvDataWriteOp                     
2000a4dd  _SlDrvDeviceEventHandler              
2000cd99  _SlDrvDispatchHttpServerEvents        
20008e35  _SlDrvDriverCBDeinit                  
20007c19  _SlDrvDriverCBInit                    
2000c789  _SlDrvGlobalObjUnLock                 
2000ac65  _SlDrvIsTimeoutExpired                
2000cce5  _SlDrvMemZero                         
2000983d  _SlDrvMsgReadSpawnCtx                 
20009199  _SlDrvNetAppEventHandler              
2000c851  _SlDrvObjLockWaitForever              
2000c9cd  _SlDrvObjUnLock                       
2000bd89  _SlDrvProtectAsyncRespSetting         
2000c6e1  _SlDrvProtectionObjLockWaitForever    
2000c7b1  _SlDrvProtectionObjUnLock             
200076c5  _SlDrvReleasePoolObj                  
2000cda9  _SlDrvResetCmdExt                     
2000bb51  _SlDrvRxIrqHandler                    
2000cabd  _SlDrvStartMeasureTimeout             
2000c9ed  _SlDrvSyncObjSignal                   
2000c7d9  _SlDrvSyncObjWaitForever              
2000c061  _SlDrvSyncObjWaitTimeout              
20007f69  _SlDrvWaitForPoolObj                  
2000d426  _SlNetAppSendTokenValueCmdCtrl        
2000b409  _SlNonOsMainLoopTask                  
2000a05d  _SlNonOsSemGet                        
2000cc57  _SlNonOsSemSet                        
2000b62d  _SlNonOsSpawn                         
20030000  __STACK_END                           
00001000  __STACK_SIZE                          
00008000  __SYSMEM_SIZE                         
2000d4b0  __TI_CINIT_Base                       
2000d4c0  __TI_CINIT_Limit                      
2000d498  __TI_Handler_Table_Base               
2000d4a4  __TI_Handler_Table_Limit              
2000c0a5  __TI_auto_init_nobinit_nopinit        
2000b5c5  __TI_decompress_lzss                  
2000cdb7  __TI_decompress_none                  
ffffffff  __TI_pprof_out_hndl                   
200057bd  __TI_printfi                          
ffffffff  __TI_prof_data_size                   
ffffffff  __TI_prof_data_start                  
2000d460  __TI_static_base__                    
2000cd75  __TI_zero_init_nomemset               
2000ae91  __aeabi_cdcmpeq                       
2000ae91  __aeabi_cdcmple                       
2000af17  __aeabi_cdrcmple                      
2000bf91  __aeabi_d2iz                          
20007a6b  __aeabi_dadd                          
20008bc9  __aeabi_ddiv                          
2000929d  __aeabi_dmul                          
20007a61  __aeabi_dsub                          
2000ce01  __aeabi_errno_addr                    
2000c62d  __aeabi_i2d                           
20008cff  __aeabi_idiv0                         
20008cff  __aeabi_ldiv0                         
2000b225  __aeabi_memclr                        
2000b225  __aeabi_memclr4                       
2000b225  __aeabi_memclr8                       
2000a441  __aeabi_memcpy                        
2000a441  __aeabi_memcpy4                       
2000a441  __aeabi_memcpy8                       
2000b227  __aeabi_memset                        
2000b227  __aeabi_memset4                       
2000b227  __aeabi_memset8                       
2000a871  __aeabi_uldivmod                      
ffffffff  __binit__                             
ffffffff  __c_args__                            
UNDEFED   __mpu_init                            
2002f000  __stack                               
2000c801  _c_int00_noargs                       
2000ce20  _ctypes_                              
2001f2b0  _lock                                 
20007c17  _nop                                  
2000b691  _sl_HandleAsync_Accept                
2000b0a5  _sl_HandleAsync_Connect               
2000a99d  _sl_HandleAsync_DnsGetHostByName      
20009c8d  _sl_HandleAsync_DnsGetHostByService   
2000acf1  _sl_HandleAsync_InitComplete          
2000aa2d  _sl_HandleAsync_PingResponse          
2000bba5  _sl_HandleAsync_Select                
2000bca1  _sl_HandleAsync_Stop                  
2000b559  _sl_NetAppSendTokenValue              
20017000  _sys_memory                           
UNDEFED   _system_post_cinit                    
2000ce17  _system_pre_init                      
2001f2b4  _unlock                               
2000ce1b  abort                                 
2000be21  atoi                                  
ffffffff  binit                                 
2000ce09  copysign                              
2000ce09  copysignl                             
2001f2b8  errno                                 
20009ae5  free                                  
2000b941  frexp                                 
2000b941  frexpl                                
2001f278  g_Host                                
2001f27c  g_SlDeviceStatus                      
2001f2a4  g_SpiFd                               
2001f21c  g__SlNonOsCB                          
2001f215  g_bDeviceRestartIsRequired            
2001f216  g_cDummy                              
2001f280  g_pCB                                 
2001f2a8  g_pHostIntHdl                         
20004000  g_pfnVectors                          
2001f1b8  g_time                                
2001f208  g_ucConnectionBSSID                   
2001f1e4  g_ucConnectionSSID                    
2001f2ac  g_ucDMAEnabled                        
2001f168  g_ucDinDout                           
2001f217  g_ucLED1Pin                           
2001f218  g_ucLED2Pin                           
2001f219  g_ucLED3Pin                           
2001f298  g_uiLED1Port                          
2001f29c  g_uiLED2Port                          
2001f2a0  g_uiLED3Port                          
2001f274  g_ulGatewayIP                         
2001f270  g_ulPingPacketsRecv                   
2001f26c  g_ulStatus                            
20009bbd  ldexp                                 
20009bbd  ldexpl                                
2000bbf9  ltoa                                  
200050ef  main                                  
2000b2a1  malloc                                
2000cad9  memccpy                               
2000a441  memcpy                                
2000c8e5  memmove                               
2000b22d  memset                                
2000c48d  minit                                 
2001f284  pPingCallBackFunc                     
20004fe1  printErrConvenience                   
20009085  realloc                               
20009bbd  scalbn                                
20009bbd  scalbnl                               
2000c3a1  simplelink_timerA2_start              
2000b821  sl_Close                              
200080f9  sl_Connect                            
20009d59  sl_DevGet                             
2000a579  sl_DevSet                             
2000c12d  sl_Htonl                              
2000c3dd  sl_Htons                              
20008949  sl_NetAppDnsGetHostByName             
20009925  sl_NetAppMDNSRegisterUnregisterService
2000b6f5  sl_NetAppMDNSUnRegisterService        
2000a611  sl_NetCfgSet                          
2000a3a1  sl_Recv                               
20008d01  sl_Send                               
2000a6a9  sl_SetSockOpt                         
2000ad7d  sl_Socket                             
20009669  sl_Start                              
20009399  sl_Stop                               
20006db1  sl_WlanConnect                        
2000c4c5  sl_WlanDisconnect                     
2000aabd  sl_WlanPolicySet                      
2000b881  sl_WlanProfileDel                     
2000af9d  sl_WlanRxFilterSet                    
2000a741  sl_WlanSet                            
2000b8e1  sl_WlanSetMode                        
2000b319  spi_Close                             
200086bd  spi_Open                              
20009489  spi_Read                              
2000a7d9  spi_Write                             
2000c1f1  sprintf                               
2000ccfb  strchr                                
2000cd4d  strcpy                                
2000cd61  strlen                                
2000be6d  uDMAChannelAssign                     
2000b759  uDMAChannelAttributeDisable           
2000b7bd  uDMAChannelAttributeEnable            
2000c419  uDMAChannelControlSet                 
2000caf5  uDMAChannelEnable                     
20009579  uDMAChannelTransferSet                
2000c231  vsnprintf                             
2000cd87  wcslen                                


GLOBAL SYMBOLS: SORTED BY Symbol Address 

address   name                                  
-------   ----                                  
00001000  __STACK_SIZE                          
00008000  __SYSMEM_SIZE                         
20004000  g_pfnVectors                          
20004401  SimpleLinkWlanEventHandler            
2000450f  SimpleLinkNetAppEventHandler          
200045b1  SimpleLinkHttpServerCallback          
200045d5  SimpleLinkGeneralEventHandler         
200045f5  SimpleLinkSockEventHandler            
20004fe1  printErrConvenience                   
200050ef  main                                  
200057bd  __TI_printfi                          
200067d5  GPIO_IF_LedConfigure                  
20006813  GPIO_IF_LedOn                         
200068c7  GPIO_IF_LedOff                        
2000697b  GPIO_IF_LedStatus                     
200069e5  GPIO_IF_LedToggle                     
20006a13  GPIO_IF_GetPortNPin                   
20006a59  GPIO_IF_ConfigureNIntEnable           
20006aa1  GPIO_IF_Set                           
20006ae5  GPIO_IF_Get                           
20006b31  InitTerm                              
20006b4f  Message                               
20006b71  ClearTerm                             
20006b7b  Error                                 
20006bb3  GetCmd                                
20006c59  TrimSpace                             
20006cf1  Report                                
20006db1  sl_WlanConnect                        
200074e1  _SlDrvDataReadOp                      
200076c5  _SlDrvReleasePoolObj                  
20007a61  __aeabi_dsub                          
20007a6b  __aeabi_dadd                          
20007c17  _nop                                  
20007c19  _SlDrvDriverCBInit                    
20007f69  _SlDrvWaitForPoolObj                  
200080f9  sl_Connect                            
20008285  PRCMCC3200MCUInit                     
2000856d  _SlDrvDataWriteOp                     
200086bd  spi_Open                              
20008949  sl_NetAppDnsGetHostByName             
20008bc9  __aeabi_ddiv                          
20008cff  __aeabi_idiv0                         
20008cff  __aeabi_ldiv0                         
20008d01  sl_Send                               
20008e35  _SlDrvDriverCBDeinit                  
20009085  realloc                               
20009199  _SlDrvNetAppEventHandler              
2000929d  __aeabi_dmul                          
20009399  sl_Stop                               
20009489  spi_Read                              
20009579  uDMAChannelTransferSet                
20009669  sl_Start                              
2000983d  _SlDrvMsgReadSpawnCtx                 
20009925  sl_NetAppMDNSRegisterUnregisterService
20009ae5  free                                  
20009bbd  ldexp                                 
20009bbd  ldexpl                                
20009bbd  scalbn                                
20009bbd  scalbnl                               
20009c8d  _sl_HandleAsync_DnsGetHostByService   
20009d59  sl_DevGet                             
20009ee9  _SlDrvCmdOp                           
2000a05d  _SlNonOsSemGet                        
2000a10d  IntDisable                            
2000a1b5  IntEnable                             
2000a25d  _SlDriverHandleError                  
2000a301  SPIConfigSetExpClk                    
2000a3a1  sl_Recv                               
2000a441  __aeabi_memcpy                        
2000a441  __aeabi_memcpy4                       
2000a441  __aeabi_memcpy8                       
2000a441  memcpy                                
2000a4dd  _SlDrvDeviceEventHandler              
2000a579  sl_DevSet                             
2000a611  sl_NetCfgSet                          
2000a6a9  sl_SetSockOpt                         
2000a741  sl_WlanSet                            
2000a7d9  spi_Write                             
2000a871  __aeabi_uldivmod                      
2000a909  PRCMPeripheralClockGet                
2000a99d  _sl_HandleAsync_DnsGetHostByName      
2000aa2d  _sl_HandleAsync_PingResponse          
2000aabd  sl_WlanPolicySet                      
2000ac65  _SlDrvIsTimeoutExpired                
2000acf1  _sl_HandleAsync_InitComplete          
2000ad7d  sl_Socket                             
2000ae09  PinConfigSet                          
2000ae91  __aeabi_cdcmpeq                       
2000ae91  __aeabi_cdcmple                       
2000af17  __aeabi_cdrcmple                      
2000af9d  sl_WlanRxFilterSet                    
2000b021  GPIOIntTypeSet                        
2000b0a5  _sl_HandleAsync_Connect               
2000b225  __aeabi_memclr                        
2000b225  __aeabi_memclr4                       
2000b225  __aeabi_memclr8                       
2000b227  __aeabi_memset                        
2000b227  __aeabi_memset4                       
2000b227  __aeabi_memset8                       
2000b22d  memset                                
2000b2a1  malloc                                
2000b319  spi_Close                             
2000b391  UARTConfigSetExpClk                   
2000b409  _SlNonOsMainLoopTask                  
2000b4ed  _SlDrvCmdSend                         
2000b559  _sl_NetAppSendTokenValue              
2000b5c5  __TI_decompress_lzss                  
2000b62d  _SlNonOsSpawn                         
2000b691  _sl_HandleAsync_Accept                
2000b6f5  sl_NetAppMDNSUnRegisterService        
2000b759  uDMAChannelAttributeDisable           
2000b7bd  uDMAChannelAttributeEnable            
2000b821  sl_Close                              
2000b881  sl_WlanProfileDel                     
2000b8e1  sl_WlanSetMode                        
2000b941  frexp                                 
2000b941  frexpl                                
2000b99d  IntPendClear                          
2000b9f5  PRCMPeripheralReset                   
2000ba4d  PinMuxConfig                          
2000bafd  IntPrioritySet                        
2000bb51  _SlDrvRxIrqHandler                    
2000bba5  _sl_HandleAsync_Select                
2000bbf9  ltoa                                  
2000bca1  _sl_HandleAsync_Stop                  
2000bcf1  SPIIntEnable                          
2000bd89  _SlDrvProtectAsyncRespSetting         
2000be21  atoi                                  
2000be6d  uDMAChannelAssign                     
2000bf01  SPIIntClear                           
2000bf49  _SlDrvBasicCmd                        
2000bf91  __aeabi_d2iz                          
2000c01d  TimerConfigure                        
2000c061  _SlDrvSyncObjWaitTimeout              
2000c0a5  __TI_auto_init_nobinit_nopinit        
2000c12d  sl_Htonl                              
2000c171  PinModeSet                            
2000c1f1  sprintf                               
2000c231  vsnprintf                             
2000c271  NwpRegisterInterruptHandler           
2000c329  PRCMPeripheralClkEnable               
2000c3a1  simplelink_timerA2_start              
2000c3dd  sl_Htons                              
2000c419  uDMAChannelControlSet                 
2000c455  NwpPowerOff                           
2000c48d  minit                                 
2000c4c5  sl_WlanDisconnect                     
2000c4fd  GPIODirModeSet                        
2000c535  PRCMPeripheralStatusGet               
2000c569  SPIFIFOLevelSet                       
2000c59d  PinTypeGPIO                           
2000c5cd  UARTDisable                           
2000c62d  __aeabi_i2d                           
2000c65d  NwpPowerOn                            
2000c689  PRCMSysResetCauseGet                  
2000c6e1  _SlDrvProtectionObjLockWaitForever    
2000c70d  TimerLoadSet                          
2000c737  TimerPrescaleSet                      
2000c761  PRCMPeripheralClkDisable              
2000c789  _SlDrvGlobalObjUnLock                 
2000c7b1  _SlDrvProtectionObjUnLock             
2000c7d9  _SlDrvSyncObjWaitForever              
2000c801  _c_int00_noargs                       
2000c851  _SlDrvObjLockWaitForever              
2000c879  DmaSpiSwIntHandler                    
2000c89d  IntUnregister                         
2000c8c1  UARTEnable                            
2000c8e5  memmove                               
2000c909  SPIReset                              
2000c92b  SPIWordCountSet                       
2000c94d  GPIOPinWrite                          
2000c96d  IntRegister                           
2000c98d  NwpPrePowerOffTimout0                 
2000c9ad  TimerGetCurrentTimestamp              
2000c9cd  _SlDrvObjUnLock                       
2000c9ed  _SlDrvSyncObjSignal                   
2000ca0d  GPIOIntRegister                       
2000ca2b  TimerEnable                           
2000ca49  UARTCharPut                           
2000ca85  TimerValueGet                         
2000caa1  UARTCharGetNonBlocking                
2000cabd  _SlDrvStartMeasureTimeout             
2000cad9  memccpy                               
2000caf5  uDMAChannelEnable                     
2000cb11  GPIOIntEnable                         
2000cb2b  PinTypeUART                           
2000cb45  SPIDmaDisable                         
2000cb5f  SPIDmaEnable                          
2000cb79  SPIFIFODisable                        
2000cb93  SPIFIFOEnable                         
2000cbad  SPIIntUnregister                      
2000cbc7  GPIOPinRead                           
2000cbdf  SPICSDisable                          
2000cbf7  SPICSEnable                           
2000cc0f  SPIDisable                            
2000cc27  SPIEnable                             
2000cc3f  UARTCharsAvail                        
2000cc57  _SlNonOsSemSet                        
2000ccb9  PRCMHIBRegRead                        
2000cccf  PRCMHIBRegWrite                       
2000cce5  _SlDrvMemZero                         
2000ccfb  strchr                                
2000cd11  CPUcpsie                              
2000cd25  GPIOIntClear                          
2000cd39  IntVTableBaseSet                      
2000cd4d  strcpy                                
2000cd61  strlen                                
2000cd75  __TI_zero_init_nomemset               
2000cd87  wcslen                                
2000cd99  _SlDrvDispatchHttpServerEvents        
2000cda9  _SlDrvResetCmdExt                     
2000cdb7  __TI_decompress_none                  
2000cdc5  ResetISR                              
2000cdd5  NwpMaskInterrupt                      
2000cde1  NwpUnMaskInterrupt                    
2000cded  IntMasterEnable                       
2000ce01  __aeabi_errno_addr                    
2000ce09  copysign                              
2000ce09  copysignl                             
2000ce11  UtilsDelay                            
2000ce17  _system_pre_init                      
2000ce1b  C$$EXIT                               
2000ce1b  abort                                 
2000ce20  _ctypes_                              
2000d220  OpcodeTranslateTable                  
2000d25c  _SlActionLookupTable                  
2000d426  _SlNetAppSendTokenValueCmdCtrl        
2000d460  __TI_static_base__                    
2000d498  __TI_Handler_Table_Base               
2000d4a4  __TI_Handler_Table_Limit              
2000d4b0  __TI_CINIT_Base                       
2000d4c0  __TI_CINIT_Limit                      
20017000  _sys_memory                           
2001f168  g_ucDinDout                           
2001f1b8  g_time                                
2001f1e4  g_ucConnectionSSID                    
2001f208  g_ucConnectionBSSID                   
2001f214  RxIrqCnt                              
2001f215  g_bDeviceRestartIsRequired            
2001f216  g_cDummy                              
2001f217  g_ucLED1Pin                           
2001f218  g_ucLED2Pin                           
2001f219  g_ucLED3Pin                           
2001f21c  g__SlNonOsCB                          
2001f26c  g_ulStatus                            
2001f270  g_ulPingPacketsRecv                   
2001f274  g_ulGatewayIP                         
2001f278  g_Host                                
2001f27c  g_SlDeviceStatus                      
2001f280  g_pCB                                 
2001f284  pPingCallBackFunc                     
2001f298  g_uiLED1Port                          
2001f29c  g_uiLED2Port                          
2001f2a0  g_uiLED3Port                          
2001f2a4  g_SpiFd                               
2001f2a8  g_pHostIntHdl                         
2001f2ac  g_ucDMAEnabled                        
2001f2b0  _lock                                 
2001f2b4  _unlock                               
2001f2b8  errno                                 
2002f000  __stack                               
20030000  __STACK_END                           
ffffffff  __TI_pprof_out_hndl                   
ffffffff  __TI_prof_data_size                   
ffffffff  __TI_prof_data_start                  
ffffffff  __binit__                             
ffffffff  __c_args__                            
ffffffff  binit                                 
UNDEFED   __mpu_init                            
UNDEFED   _system_post_cinit                    

[270 symbols]
