******************************************************************************
                  TI ARM Linker PC v18.12.1                    
******************************************************************************
>> Linked Wed Apr  3 13:45:59 2019

OUTPUT FILE NAME:   <Sensor_Test.out>
ENTRY POINT SYMBOL: "_c_int00_noargs"  address: 20009785


MEMORY CONFIGURATION

         name            origin    length      used     unused   attr    fill
----------------------  --------  ---------  --------  --------  ----  --------
  SRAM_CODE             20004000   00013000  00006054  0000cfac  RW X
  SRAM_DATA             20017000   00019000  00001038  00017fc8  RW X


SEGMENT ALLOCATION MAP

run origin  load origin   length   init length attrs members
----------  ----------- ---------- ----------- ----- -------
20004000    20004000    00006058   00006058    r-x
  20004000    20004000    00000400   00000400    r-- .intvecs
  20004400    20004400    00005770   00005770    r-x .text
  20009b70    20009b70    000004a8   000004a8    r-- .const
  2000a018    2000a018    00000004   00000004    r-- .init_array
  2000a020    2000a020    00000038   00000038    r-- .cinit
20017000    20017000    00000838   00000000    rw-
  20017000    20017000    00000800   00000000    rw- .sysmem
  20017800    20017800    00000024   00000000    rw- .bss
  20017824    20017824    00000014   00000000    rw- .data
2002f800    2002f800    00000800   00000000    rw-
  2002f800    2002f800    00000800   00000000    rw- .stack


SECTION ALLOCATION MAP

 output                                  attributes/
section   page    origin      length       input sections
--------  ----  ----------  ----------   ----------------
.intvecs   0    20004000    00000400     
                  20004000    00000400     startup_ccs.obj (.intvecs)

.init_array 
*          0    2000a018    00000004     
                  2000a018    00000004     main.obj (.init_array)

.text      0    20004400    00005770     
                  20004400    00001a4e     vl53l1x_class.obj (.text)
                  20005e4e    00000002     rtsv7M4_T_le_eabi.lib : stdlib_typeinfo.cpp.obj (.text:_ZNSt9type_infoD1Ev)
                  20005e50    00000a4e                           : _printfi.c.obj (.text:__TI_printfi)
                  2000689e    00000002                           : _lock.c.obj (.text:_nop)
                  200068a0    00000642     SparkFun_VL53L1X.obj (.text)
                  20006ee2    00000006     driverlib.a : utils.obj (.text:UtilsDelay)
                  20006ee8    0000032e     i2c_if.obj (.text)
                  20007216    00000002     rtsv7M4_T_le_eabi.lib : div0.asm.obj (.text)
                  20007218    0000031a     uart_if.obj (.text)
                  20007532    00000002     --HOLE-- [fill = 0]
                  20007534    00000268     rtsv7M4_T_le_eabi.lib : _printfi.c.obj (.text:_pconv_a)
                  2000779c    00000004                           : typeinfo.c.obj (.text:_ZN10__cxxabiv117__class_type_infoD1Ev)
                  200077a0    00000248     main.obj (.text)
                  200079e8    000001cc     rtsv7M4_T_le_eabi.lib : _printfi.c.obj (.text:_pconv_g)
                  20007bb4    000001b6                           : fd_add_t2.asm.obj (.text)
                  20007d6a    00000002     --HOLE-- [fill = 0]
                  20007d6c    00000178     driverlib.a : prcm.obj (.text:PRCMCC3200MCUInit)
                  20007ee4    0000013c     rtsv7M4_T_le_eabi.lib : _printfi.c.obj (.text:_pconv_e)
                  20008020    00000136                           : fd_div_t2.asm.obj (.text)
                  20008156    00000002     --HOLE-- [fill = 0]
                  20008158    00000120                           : _printfi.c.obj (.text:fcvt)
                  20008278    000000fc                           : fd_mul_t2.asm.obj (.text)
                  20008374    000000fa                           : fs_add_t2.asm.obj (.text)
                  2000846e    00000002     --HOLE-- [fill = 0]
                  20008470    000000f4                           : memory.c.obj (.text:aligned_alloc)
                  20008564    000000e8                           : memory.c.obj (.text:free)
                  2000864c    000000d8                           : memory.c.obj (.text:realloc)
                  20008724    000000d0                           : s_scalbn.c.obj (.text:scalbn)
                  200087f4    000000b1                           : _printfi.c.obj (.text:_ltostr)
                  200088a5    00000003     --HOLE-- [fill = 0]
                  200088a8    000000a8     driverlib.a : interrupt.obj (.text:IntEnable)
                  20008950    0000009c     rtsv7M4_T_le_eabi.lib : memcpy_t2.asm.obj (.text)
                  200089ec    00000096                           : ull_div_t2.asm.obj (.text)
                  20008a82    00000002     --HOLE-- [fill = 0]
                  20008a84    00000094     driverlib.a : prcm.obj (.text:PRCMPeripheralClockGet)
                  20008b18    00000092     rtsv7M4_T_le_eabi.lib : fs_div_t2.asm.obj (.text)
                  20008baa    00000002     --HOLE-- [fill = 0]
                  20008bac    00000088     driverlib.a : pin.obj (.text:PinConfigSet)
                  20008c34    00000086     rtsv7M4_T_le_eabi.lib : fd_cmp_t2.asm.obj (.text:__aeabi_cdcmple)
                  20008cba    00000086                           : fd_cmp_t2.asm.obj (.text:__aeabi_cdrcmple)
                  20008d40    00000084     driverlib.a : i2c.obj (.text:I2CMasterInitExpClk)
                  20008dc4    0000007c     rtsv7M4_T_le_eabi.lib : memory.c.obj (.text:split)
                  20008e40    0000007a                           : fs_mul_t2.asm.obj (.text)
                  20008eba    0000007a                           : memset_t2.asm.obj (.text)
                  20008f34    00000076     driverlib.a : uart.obj (.text:UARTConfigSetExpClk)
                  20008faa    0000006e     rtsv7M4_T_le_eabi.lib : _printfi.c.obj (.text:_mcpy)
                  20009018    0000006e                           : fd_tos_t2.asm.obj (.text)
                  20009086    00000002     --HOLE-- [fill = 0]
                  20009088    0000006a     SparkFun_VL53L1X.obj (.text:_ZN7VL53L1XC1Ejmhmh)
                  200090f2    00000068     rtsv7M4_T_le_eabi.lib : copy_decompress_lzss.c.obj (.text:decompress:lzss:__TI_decompress_lzss)
                  2000915a    00000002     --HOLE-- [fill = 0]
                  2000915c    00000060                           : autoinit.c.obj (.text:__TI_auto_init_nobinit:__TI_auto_init_nobinit)
                  200091bc    0000005c                           : s_frexp.c.obj (.text:frexp)
                  20009218    00000058     driverlib.a : prcm.obj (.text:PRCMPeripheralReset)
                  20009270    00000056     rtsv7M4_T_le_eabi.lib : _printfi.c.obj (.text:_pconv_f)
                  200092c6    00000054                           : ltoa.c.obj (.text:ltoa)
                  2000931a    00000052                           : _printfi.c.obj (.text:_ecpy)
                  2000936c    0000004c                           : atoi.c.obj (.text:atoi)
                  200093b8    00000048                           : fd_toi_t2.asm.obj (.text)
                  20009400    00000044                           : fd_tou_t2.asm.obj (.text)
                  20009444    00000040     driverlib.a : pin.obj (.text:PinModeSet)
                  20009484    00000040     rtsv7M4_T_le_eabi.lib : vsnprintf.c.obj (.text:vsnprintf)
                  200094c4    0000003e                           : _printfi.c.obj (.text:_fcpy)
                  20009502    00000002     --HOLE-- [fill = 0]
                  20009504    0000003c     driverlib.a : prcm.obj (.text:PRCMPeripheralClkEnable)
                  20009540    00000038     rtsv7M4_T_le_eabi.lib : fs_tod_t2.asm.obj (.text)
                  20009578    00000038                           : fs_toi_t2.asm.obj (.text)
                  200095b0    00000030     driverlib.a : uart.obj (.text:UARTDisable)
                  200095e0    00000030     rtsv7M4_T_le_eabi.lib : vsnprintf.c.obj (.text:_outs)
                  20009610    0000002e                           : i_tofd_t2.asm.obj (.text)
                  2000963e    0000002c     driverlib.a : i2c.obj (.text:I2CMasterErr)
                  2000966a    00000002     --HOLE-- [fill = 0]
                  2000966c    0000002c                 : prcm.obj (.text:PRCMSysResetCauseGet)
                  20009698    00000028                 : prcm.obj (.text:PRCMPeripheralClkDisable)
                  200096c0    00000028     SparkFun_VL53L1X.obj (.text:_ZN7VL53L1X6ReadIDEv)
                  200096e8    00000028     SparkFun_VL53L1X.obj (.text:_ZN7VL53L1X9VL53L1_OnEv)
                  20009710    00000028     rtsv7M4_T_le_eabi.lib : memory.c.obj (.text:free_list_insert)
                  20009738    00000026     SparkFun_VL53L1X.obj (.text:_ZN7VL53L1X10VL53L1_OffEv)
                  2000975e    00000024     driverlib.a : uart.obj (.text:UARTEnable)
                  20009782    00000002     --HOLE-- [fill = 0]
                  20009784    00000024     rtsv7M4_T_le_eabi.lib : boot_cortex_m.c.obj (.text:_c_int00_noargs:_c_int00_noargs)
                  200097a8    00000024                           : memmov.c.obj (.text:memmove)
                  200097cc    00000024                           : u_tofs_t2.asm.obj (.text)
                  200097f0    00000022     driverlib.a : i2c.obj (.text:I2CMasterSlaveAddrSet)
                  20009812    00000006     rtsv7M4_T_le_eabi.lib : pure_virt.c.obj (.text:__cxa_pure_virtual)
                  20009818    00000022     SparkFun_VL53L1X.obj (.text:_ZN7VL53L1X11GetDistanceEPj)
                  2000983a    00000022     rtsv7M4_T_le_eabi.lib : new.cpp.obj (.text:_Znwj)
                  2000985c    00000004                           : typeinfo.c.obj (.text:_ZN10__cxxabiv120__si_class_type_infoD1Ev)
                  20009860    00000022     startup_ccs.obj (.text)
                  20009882    00000020     driverlib.a : gpio.obj (.text:GPIOPinWrite)
                  200098a2    00000020     rtsv7M4_T_le_eabi.lib : u_tofd_t2.asm.obj (.text)
                  200098c2    0000001e     driverlib.a : i2c.obj (.text:I2CMasterIntStatusEx)
                  200098e0    0000001e                 : uart.obj (.text:UARTCharPut)
                  200098fe    0000001c                 : pin.obj (.text:PinTypeI2C)
                  2000991a    0000001c                 : uart.obj (.text:UARTCharGetNonBlocking)
                  20009936    00000002     --HOLE-- [fill = 0]
                  20009938    0000001c     rtsv7M4_T_le_eabi.lib : memory.c.obj (.text:free_list_remove)
                  20009954    0000001c                           : memccpy.c.obj (.text:memccpy)
                  20009970    0000001a     driverlib.a : pin.obj (.text:PinTypeUART)
                  2000998a    00000018                 : uart.obj (.text:UARTCharsAvail)
                  200099a2    00000018     rtsv7M4_T_le_eabi.lib : vsnprintf.c.obj (.text:_outc)
                  200099ba    00000016     driverlib.a : i2c.obj (.text:I2CMasterDataPut)
                  200099d0    00000016                 : i2c.obj (.text:I2CMasterEnable)
                  200099e6    00000016                 : prcm.obj (.text:PRCMHIBRegRead)
                  200099fc    00000016                 : prcm.obj (.text:PRCMHIBRegWrite)
                  20009a12    00000016     rtsv7M4_T_le_eabi.lib : strchr.c.obj (.text:strchr)
                  20009a28    00000014     driverlib.a : cpu.obj (.text:CPUcpsie)
                  20009a3c    00000014                 : interrupt.obj (.text:IntVTableBaseSet)
                  20009a50    00000014     SparkFun_VL53L1X.obj (.text:_ZN7VL53L1XD0Ev)
                  20009a64    00000014     rtsv7M4_T_le_eabi.lib : strlen.c.obj (.text:strlen)
                  20009a78    00000012     driverlib.a : i2c.obj (.text:I2CMasterControl)
                  20009a8a    00000012                 : i2c.obj (.text:I2CMasterIntClearEx)
                  20009a9c    00000012                 : i2c.obj (.text:I2CMasterTimeoutSet)
                  20009aae    00000012     rtsv7M4_T_le_eabi.lib : copy_zero_init.c.obj (.text:decompress:ZI:__TI_zero_init_nomemset:__TI_zero_init_nomemset)
                  20009ac0    00000012                           : wcslen.c.obj (.text:wcslen)
                  20009ad2    0000000e     driverlib.a : i2c.obj (.text:I2CMasterDataGet)
                  20009ae0    0000000e     rtsv7M4_T_le_eabi.lib : typeinfo.c.obj (.text:_ZN10__cxxabiv117__class_type_infoD0Ev)
                  20009aee    0000000e                           : typeinfo.c.obj (.text:_ZN10__cxxabiv120__si_class_type_infoD0Ev)
                  20009afc    0000000e                           : copy_decompress_none.c.obj (.text:decompress:none:__TI_decompress_none)
                  20009b0a    00000004                           : new.cpp.obj (.text:_ZdlPvj)
                  20009b0e    00000002     --HOLE-- [fill = 0]
                  20009b10    0000000c     SparkFun_VL53L1X.obj (.text:_ZN7VL53L1X4InitEv)
                  20009b1c    00000004     rtsv7M4_T_le_eabi.lib : error.c.obj (.text:__abort_execution)
                  20009b20    0000000c     SparkFun_VL53L1X.obj (.text:_ZN7VL53L1XD1Ev)
                  20009b2c    0000000c     rtsv7M4_T_le_eabi.lib : new.cpp.obj (.text:_ZSt15get_new_handlerv)
                  20009b38    0000000c                           : s_copysign.c.obj (.text:copysign)
                  20009b44    0000000a     driverlib.a : interrupt.obj (.text:IntMasterEnable)
                  20009b4e    00000008     rtsv7M4_T_le_eabi.lib : new.cpp.obj (.text:_ZdlPv)
                  20009b56    00000002     --HOLE-- [fill = 0]
                  20009b58    00000008                           : errno.c.obj (.text:__aeabi_errno_addr)
                  20009b60    00000008                           : memory.c.obj (.text:malloc)
                  20009b68    00000004                           : pre_init.c.obj (.text:_system_pre_init)
                  20009b6c    00000004                           : exit.c.obj (.text:abort:abort)

.const     0    20009b70    000004a8     
                  20009b70    00000101     rtsv7M4_T_le_eabi.lib : ctype.c.obj (.const:.string:_ctypes_)
                  20009c71    00000003     --HOLE-- [fill = 0]
                  20009c74    00000100     driverlib.a : pin.obj (.const:g_ulPinToPadMap)
                  20009d74    000000a8                 : prcm.obj (.const:PRCM_PeriphRegsList)
                  20009e1c    00000080                 : interrupt.obj (.const)
                  20009e9c    0000005b     vl53l1x_class.obj (.const:.string:VL51L1X_DEFAULT_CONFIGURATION)
                  20009ef7    00000025     rtsv7M4_T_le_eabi.lib : typeinfo.c.obj (.const:.typeinfo:_ZTSN10__cxxabiv120__si_class_type_infoE)
                  20009f1c    00000024     SparkFun_VL53L1X.obj (.const:_ZTV7VL53L1X)
                  20009f40    00000022     rtsv7M4_T_le_eabi.lib : typeinfo.c.obj (.const:.typeinfo:_ZTSN10__cxxabiv117__class_type_infoE)
                  20009f62    00000002     --HOLE-- [fill = 0]
                  20009f64    00000014     SparkFun_VL53L1X.obj (.const:_ZTV11RangeSensor)
                  20009f78    00000012     SparkFun_VL53L1X.obj (.const:.typeinfo:_ZTS15ComponentObject)
                  20009f8a    00000002     --HOLE-- [fill = 0]
                  20009f8c    00000010     rtsv7M4_T_le_eabi.lib : typeinfo.c.obj (.const:_ZTVN10__cxxabiv117__class_type_infoE)
                  20009f9c    00000010                           : typeinfo.c.obj (.const:_ZTVN10__cxxabiv120__si_class_type_infoE)
                  20009fac    0000000e     SparkFun_VL53L1X.obj (.const:.typeinfo:_ZTS11RangeSensor)
                  20009fba    0000000d     rtsv7M4_T_le_eabi.lib : stdlib_typeinfo.cpp.obj (.const:.typeinfo:_ZTSSt9type_info)
                  20009fc7    00000001     --HOLE-- [fill = 0]
                  20009fc8    0000000c     SparkFun_VL53L1X.obj (.const:.typeinfo:_ZTI11RangeSensor)
                  20009fd4    0000000c     SparkFun_VL53L1X.obj (.const:.typeinfo:_ZTI7VL53L1X)
                  20009fe0    0000000c     rtsv7M4_T_le_eabi.lib : typeinfo.c.obj (.const:.typeinfo:_ZTIN10__cxxabiv117__class_type_infoE)
                  20009fec    0000000c                           : typeinfo.c.obj (.const:.typeinfo:_ZTIN10__cxxabiv120__si_class_type_infoE)
                  20009ff8    00000009     SparkFun_VL53L1X.obj (.const:.typeinfo:_ZTS7VL53L1X)
                  2000a001    00000003     --HOLE-- [fill = 0]
                  2000a004    00000008     SparkFun_VL53L1X.obj (.const:.typeinfo:_ZTI15ComponentObject)
                  2000a00c    00000008     rtsv7M4_T_le_eabi.lib : stdlib_typeinfo.cpp.obj (.const:.typeinfo:_ZTISt9type_info)
                  2000a014    00000004     SparkFun_VL53L1X.obj (.const:$P$T0$1)

.cinit     0    2000a020    00000038     
                  2000a020    0000000d     (.cinit..data.load) [load image, compression = lzss]
                  2000a02d    00000003     --HOLE-- [fill = 0]
                  2000a030    0000000c     (__TI_handler_table)
                  2000a03c    00000004     --HOLE-- [fill = 0]
                  2000a040    00000008     (.cinit..bss.load) [load image, compression = zero_init]
                  2000a048    00000010     (__TI_cinit_table)

.sysmem    0    20017000    00000800     UNINITIALIZED
                  20017000    00000010     rtsv7M4_T_le_eabi.lib : memory.c.obj (.sysmem)
                  20017010    000007f0     --HOLE--

.bss       0    20017800    00000024     UNINITIALIZED
                  20017800    0000001c     main.obj (.bss:distanceSensor)
                  2001781c    00000004     rtsv7M4_T_le_eabi.lib : new.cpp.obj (.bss)
                  20017820    00000004     uart_if.obj (.bss)

.data      0    20017824    00000014     UNINITIALIZED
                  20017824    00000008     rtsv7M4_T_le_eabi.lib : _lock.c.obj (.data:$O1$$)
                  2001782c    00000008                           : memory.c.obj (.data:$O1$$)
                  20017834    00000004                           : errno.c.obj (.data)

.stack     0    2002f800    00000800     UNINITIALIZED
                  2002f800    00000004     rtsv7M4_T_le_eabi.lib : boot_cortex_m.c.obj (.stack)
                  2002f804    000007fc     --HOLE--

MODULE SUMMARY

       Module                       code    ro data   rw data
       ------                       ----    -------   -------
    .\
       vl53l1x_class.obj            6734    91        0      
       SparkFun_VL53L1X.obj         1904    133       0      
       startup_ccs.obj              34      1024      0      
       i2c_if.obj                   814     0         0      
       uart_if.obj                  794     0         4      
       main.obj                     584     4         28     
    +--+----------------------------+-------+---------+---------+
       Total:                       10864   1252      32     
                                                             
    D:/ti/CC3200SDK/CC3200SDK_1.3.0/cc3200-sdk/driverlib/ccs/Release/driverlib.a
       prcm.obj                     800     168       0      
       pin.obj                      254     256       0      
       i2c.obj                      352     0         0      
       interrupt.obj                198     128       0      
       uart.obj                     284     0         0      
       gpio.obj                     32      0         0      
       cpu.obj                      20      0         0      
       utils.obj                    6       0         0      
    +--+----------------------------+-------+---------+---------+
       Total:                       1946    552       0      
                                                             
    D:\ti\ccs800\ccsv8\tools\compiler\ti-cgt-arm_18.12.1.LTS\lib\rtsv7M4_T_le_eabi.lib
       _printfi.c.obj               4835    0         0      
       memory.c.obj                 892     0         8      
       fd_add_t2.asm.obj            438     0         0      
       fd_div_t2.asm.obj            310     0         0      
       fd_cmp_t2.asm.obj            268     0         0      
       ctype.c.obj                  0       257       0      
       fd_mul_t2.asm.obj            252     0         0      
       fs_add_t2.asm.obj            250     0         0      
       s_scalbn.c.obj               208     0         0      
       typeinfo.c.obj               36      127       0      
       memcpy_t2.asm.obj            156     0         0      
       ull_div_t2.asm.obj           150     0         0      
       fs_div_t2.asm.obj            146     0         0      
       vsnprintf.c.obj              136     0         0      
       fs_mul_t2.asm.obj            122     0         0      
       memset_t2.asm.obj            122     0         0      
       fd_tos_t2.asm.obj            110     0         0      
       copy_decompress_lzss.c.obj   104     0         0      
       autoinit.c.obj               96      0         0      
       s_frexp.c.obj                92      0         0      
       ltoa.c.obj                   84      0         0      
       atoi.c.obj                   76      0         0      
       fd_toi_t2.asm.obj            72      0         0      
       fd_tou_t2.asm.obj            68      0         0      
       new.cpp.obj                  58      0         4      
       fs_tod_t2.asm.obj            56      0         0      
       fs_toi_t2.asm.obj            56      0         0      
       i_tofd_t2.asm.obj            46      0         0      
       boot_cortex_m.c.obj          36      0         0      
       memmov.c.obj                 36      0         0      
       u_tofs_t2.asm.obj            36      0         0      
       u_tofd_t2.asm.obj            32      0         0      
       memccpy.c.obj                28      0         0      
       stdlib_typeinfo.cpp.obj      2       21        0      
       strchr.c.obj                 22      0         0      
       strlen.c.obj                 20      0         0      
       copy_zero_init.c.obj         18      0         0      
       wcslen.c.obj                 18      0         0      
       copy_decompress_none.c.obj   14      0         0      
       errno.c.obj                  8       0         4      
       s_copysign.c.obj             12      0         0      
       _lock.c.obj                  2       0         8      
       pure_virt.c.obj              6       0         0      
       error.c.obj                  4       0         0      
       exit.c.obj                   4       0         0      
       pre_init.c.obj               4       0         0      
       div0.asm.obj                 2       0         0      
    +--+----------------------------+-------+---------+---------+
       Total:                       9543    405       24     
                                                             
       Heap:                        0       0         2048   
       Stack:                       0       0         2048   
       Linker Generated:            0       49        0      
    +--+----------------------------+-------+---------+---------+
       Grand Total:                 22353   2258      4152   


LINKER GENERATED COPY TABLES

__TI_cinit_table @ 2000a048 records: 2, size/record: 8, table size: 16
	.data: load addr=2000a020, load size=0000000d bytes, run addr=20017824, run size=00000014 bytes, compression=lzss
	.bss: load addr=2000a040, load size=00000008 bytes, run addr=20017800, run size=00000024 bytes, compression=zero_init


LINKER GENERATED HANDLER TABLE

__TI_handler_table @ 2000a030 records: 3, size/record: 4, table size: 12
	index: 0, handler: __TI_decompress_lzss
	index: 1, handler: __TI_decompress_none
	index: 2, handler: __TI_zero_init


GLOBAL SYMBOLS: SORTED ALPHABETICALLY BY Name 

address   name                                                    
-------   ----                                                    
20009b6d  C$$EXIT                                                 
20009a29  CPUcpsie                                                
20007279  ClearTerm                                               
20007289  Error                                                   
20009883  GPIOPinWrite                                            
200072c9  GetCmd                                                  
20009a79  I2CMasterControl                                        
20009ad3  I2CMasterDataGet                                        
200099bb  I2CMasterDataPut                                        
200099d1  I2CMasterEnable                                         
2000963f  I2CMasterErr                                            
20008d41  I2CMasterInitExpClk                                     
20009a8b  I2CMasterIntClearEx                                     
200098c3  I2CMasterIntStatusEx                                    
200097f1  I2CMasterSlaveAddrSet                                   
20009a9d  I2CMasterTimeoutSet                                     
20007209  I2C_IF_Close                                            
20007199  I2C_IF_Open                                             
20007069  I2C_IF_Read                                             
20007149  I2C_IF_ReadFrom                                         
20006f99  I2C_IF_Write                                            
20007219  InitTerm                                                
200088a9  IntEnable                                               
20009b45  IntMasterEnable                                         
20009a3d  IntVTableBaseSet                                        
20007249  Message                                                 
20007d6d  PRCMCC3200MCUInit                                       
200099e7  PRCMHIBRegRead                                          
200099fd  PRCMHIBRegWrite                                         
20009699  PRCMPeripheralClkDisable                                
20009505  PRCMPeripheralClkEnable                                 
20008a85  PRCMPeripheralClockGet                                  
20009219  PRCMPeripheralReset                                     
2000966d  PRCMSysResetCauseGet                                    
20008bad  PinConfigSet                                            
20009445  PinModeSet                                              
200098ff  PinTypeI2C                                              
20009971  PinTypeUART                                             
20007479  Report                                                  
20009861  ResetISR                                                
2000a018  SHT$$INIT_ARRAY$$Base                                   
2000a01c  SHT$$INIT_ARRAY$$Limit                                  
200073d1  TrimSpace                                               
2000991b  UARTCharGetNonBlocking                                  
200098e1  UARTCharPut                                             
2000998b  UARTCharsAvail                                          
20008f35  UARTConfigSetExpClk                                     
200095b1  UARTDisable                                             
2000975f  UARTEnable                                              
20006ee3  UtilsDelay                                              
200077a1  _Z12PinMuxConfigv                                       
20007871  _Z13GetSensorDatav                                      
20006ba1  _ZN10SFEVL53L1X11getDistanceEv                          
20006b81  _ZN10SFEVL53L1X11getSensorIDEv                          
20006a71  _ZN10SFEVL53L1X11stopRangingEv                          
20006a61  _ZN10SFEVL53L1X12startRangingEv                         
20006a01  _ZN10SFEVL53L1X13getI2CAddressEv                        
20006c01  _ZN10SFEVL53L1X13getSignalRateEv                        
200069d9  _ZN10SFEVL53L1X13setI2CAddressEh                        
20006eb9  _ZN10SFEVL53L1X14calibrateXTalkEt                       
20006b61  _ZN10SFEVL53L1X14checkBootStateEv                       
20006a11  _ZN10SFEVL53L1X14clearInterruptEv                       
20006c41  _ZN10SFEVL53L1X14getAmbientRateEv                       
20006c61  _ZN10SFEVL53L1X14getRangeStatusEv                       
20006e89  _ZN10SFEVL53L1X15calibrateOffsetEt                      
20006b01  _ZN10SFEVL53L1X15getDistanceModeEv                      
20006bc1  _ZN10SFEVL53L1X16getSignalPerSpadEv                     
20006a81  _ZN10SFEVL53L1X17checkForDataReadyEv                    
20006be1  _ZN10SFEVL53L1X17getAmbientPerSpadEv                    
20006e59  _ZN10SFEVL53L1X17getSigmaThresholdEv                    
20006e39  _ZN10SFEVL53L1X17setSigmaThresholdEt                    
20006e19  _ZN10SFEVL53L1X18getSignalThresholdEv                   
200069b9  _ZN10SFEVL53L1X18getSoftwareVersionEv                   
20006df9  _ZN10SFEVL53L1X18setSignalThresholdEt                   
20006ac1  _ZN10SFEVL53L1X19getTimingBudgetInMsEv                  
20006ae1  _ZN10SFEVL53L1X19setDistanceModeLongEv                  
20006aa1  _ZN10SFEVL53L1X19setTimingBudgetInMsEt                  
20006a41  _ZN10SFEVL53L1X20getInterruptPolarityEv                 
20006af1  _ZN10SFEVL53L1X20setDistanceModeShortEv                 
20006d01  _ZN10SFEVL53L1X20setDistanceThresholdEtth               
20006e79  _ZN10SFEVL53L1X22startTemperatureUpdateEv               
20006d51  _ZN10SFEVL53L1X23getDistanceThresholdLowEv              
20006a31  _ZN10SFEVL53L1X23setInterruptPolarityLowEv              
20006d71  _ZN10SFEVL53L1X24getDistanceThresholdHighEv             
20006a21  _ZN10SFEVL53L1X24setInterruptPolarityHighEv             
20006b41  _ZN10SFEVL53L1X25getIntermeasurementPeriodEv            
20006b21  _ZN10SFEVL53L1X25setIntermeasurementPeriodEt            
20006d31  _ZN10SFEVL53L1X26getDistanceThresholdWindowEv           
20006911  _ZN10SFEVL53L1X4initEv                                  
20006929  _ZN10SFEVL53L1X5beginEv                                 
20006d91  _ZN10SFEVL53L1X6setROIEtt                               
20006941  _ZN10SFEVL53L1X7checkIDEv                               
20006db9  _ZN10SFEVL53L1X7getROIXEv                               
20006dd9  _ZN10SFEVL53L1X7getROIYEv                               
20006ce1  _ZN10SFEVL53L1X8getXTalkEv                              
20006969  _ZN10SFEVL53L1X8sensorOnEv                              
20006cc1  _ZN10SFEVL53L1X8setXTalkEt                              
20006ca1  _ZN10SFEVL53L1X9getOffsetEv                             
20006c21  _ZN10SFEVL53L1X9getSpadNbEv                             
20006991  _ZN10SFEVL53L1X9sensorOffEv                             
20006c81  _ZN10SFEVL53L1X9setOffsetEs                             
200068a1  _ZN10SFEVL53L1XC1Ejmhmh                                 
200068a1  _ZN10SFEVL53L1XC2Ejmhmh                                 
20009ae1  _ZN10__cxxabiv117__class_type_infoD0Ev                  
2000779d  _ZN10__cxxabiv117__class_type_infoD1Ev                  
2000779d  _ZN10__cxxabiv117__class_type_infoD2Ev                  
20009aef  _ZN10__cxxabiv120__si_class_type_infoD0Ev               
2000985d  _ZN10__cxxabiv120__si_class_type_infoD1Ev               
2000985d  _ZN10__cxxabiv120__si_class_type_infoD2Ev               
20009739  _ZN7VL53L1X10VL53L1_OffEv                               
20009819  _ZN7VL53L1X11GetDistanceEPj                             
20005951  _ZN7VL53L1X13VL53L1_RdByteEP12VL53L1_Dev_ttPh           
20005989  _ZN7VL53L1X13VL53L1_RdWordEP12VL53L1_Dev_ttPt           
20005d59  _ZN7VL53L1X13VL53L1_WaitMsEP12VL53L1_Dev_ti             
20005d29  _ZN7VL53L1X13VL53L1_WaitUsEP12VL53L1_Dev_ti             
20005879  _ZN7VL53L1X13VL53L1_WrByteEP12VL53L1_Dev_tth            
200058b1  _ZN7VL53L1X13VL53L1_WrWordEP12VL53L1_Dev_ttt            
20005349  _ZN7VL53L1X14VL53L1X_SetROIEtt                          
20005be1  _ZN7VL53L1X14VL53L1_I2CReadEhtPht                       
200059d9  _ZN7VL53L1X14VL53L1_RdDWordEP12VL53L1_Dev_ttPj          
200058f9  _ZN7VL53L1X14VL53L1_WrDWordEP12VL53L1_Dev_ttj           
20005b01  _ZN7VL53L1X15VL53L1_I2CWriteEhtPht                      
200051a1  _ZN7VL53L1X16VL53L1X_GetXtalkEPt                        
20005141  _ZN7VL53L1X16VL53L1X_SetXtalkEt                         
20005ad1  _ZN7VL53L1X16VL53L1_ReadMultiEP12VL53L1_Dev_ttPhj       
20004d31  _ZN7VL53L1X17VL53L1X_BootStateEPh                       
200050f9  _ZN7VL53L1X17VL53L1X_GetOffsetEPs                       
200053e9  _ZN7VL53L1X17VL53L1X_GetROI_XYEPtS0_                    
20004f11  _ZN7VL53L1X17VL53L1X_GetSpadNbEPt                       
200050a1  _ZN7VL53L1X17VL53L1X_SetOffsetEs                        
20005a39  _ZN7VL53L1X17VL53L1_UpdateByteEP12VL53L1_Dev_tthh       
20005aa1  _ZN7VL53L1X17VL53L1_WriteMultiEP12VL53L1_Dev_ttPhj      
20004521  _ZN7VL53L1X18VL53L1X_SensorInitEv                       
20004db1  _ZN7VL53L1X19VL53L1X_GetDistanceEPt                     
20004d71  _ZN7VL53L1X19VL53L1X_GetSensorIdEPt                     
200046f9  _ZN7VL53L1X19VL53L1X_StopRangingEv                      
20005d09  _ZN7VL53L1X19VL53L1_GetTickCountEPj                     
200044b1  _ZN7VL53L1X20VL53L1X_GetSWVersionEP17VL53L1X_Version_t  
200046d1  _ZN7VL53L1X20VL53L1X_StartRangingEv                     
20004ed9  _ZN7VL53L1X21VL53L1X_GetSignalRateEPt                   
200044e1  _ZN7VL53L1X21VL53L1X_SetI2CAddressEh                    
200056e1  _ZN7VL53L1X22VL53L1X_CalibrateXtalkEtPt                 
200045f1  _ZN7VL53L1X22VL53L1X_ClearInterruptEv                   
20004f49  _ZN7VL53L1X22VL53L1X_GetAmbientRateEPt                  
20004f91  _ZN7VL53L1X22VL53L1X_GetRangeStatusEPh                  
20005d81  _ZN7VL53L1X22VL53L1_WaitValueMaskExEP12VL53L1_Dev_tjthhj
200055c9  _ZN7VL53L1X23VL53L1X_CalibrateOffsetEtPs                
20004c01  _ZN7VL53L1X23VL53L1X_GetDistanceModeEPt                 
20004ac9  _ZN7VL53L1X23VL53L1X_SetDistanceModeEt                  
20004de9  _ZN7VL53L1X24VL53L1X_GetSignalPerSpadEPt                
20004721  _ZN7VL53L1X25VL53L1X_CheckForDataReadyEPh               
20004e61  _ZN7VL53L1X25VL53L1X_GetAmbientPerSpadEPt               
200054e9  _ZN7VL53L1X25VL53L1X_GetSigmaThresholdEPt               
200054a1  _ZN7VL53L1X25VL53L1X_SetSigmaThresholdEt                
20005469  _ZN7VL53L1X26VL53L1X_GetSignalThresholdEPt              
20005439  _ZN7VL53L1X26VL53L1X_SetSignalThresholdEt               
200049f9  _ZN7VL53L1X27VL53L1X_GetTimingBudgetInMsEPt             
20004781  _ZN7VL53L1X27VL53L1X_SetTimingBudgetInMsEt              
20004681  _ZN7VL53L1X28VL53L1X_GetInterruptPolarityEPh            
200051e1  _ZN7VL53L1X28VL53L1X_SetDistanceThresholdEtthh          
20004619  _ZN7VL53L1X28VL53L1X_SetInterruptPolarityEh             
20005521  _ZN7VL53L1X30VL53L1X_StartTemperatureUpdateEv           
200052d9  _ZN7VL53L1X31VL53L1X_GetDistanceThresholdLowEPt         
20004cb1  _ZN7VL53L1X31VL53L1X_GetInterMeasurementInMsEPt         
20004c49  _ZN7VL53L1X31VL53L1X_SetInterMeasurementInMsEt          
20005311  _ZN7VL53L1X32VL53L1X_GetDistanceThresholdHighEPt        
200052a1  _ZN7VL53L1X34VL53L1X_GetDistanceThresholdWindowEPt      
20009b11  _ZN7VL53L1X4InitEv                                      
200096c1  _ZN7VL53L1X6ReadIDEv                                    
200096e9  _ZN7VL53L1X9VL53L1_OnEv                                 
20009089  _ZN7VL53L1XC1Ejmhmh                                     
20009a51  _ZN7VL53L1XD0Ev                                         
20009b21  _ZN7VL53L1XD1Ev                                         
20005e4f  _ZNSt9type_infoD1Ev                                     
20005e4f  _ZNSt9type_infoD2Ev                                     
20009b2d  _ZSt15get_new_handlerv                                  
20009b6d  _ZSt17__throw_bad_allocv                                
20009fc8  _ZTI11RangeSensor                                       
2000a004  _ZTI15ComponentObject                                   
20009fd4  _ZTI7VL53L1X                                            
20009fe0  _ZTIN10__cxxabiv117__class_type_infoE                   
20009fec  _ZTIN10__cxxabiv120__si_class_type_infoE                
2000a00c  _ZTISt9type_info                                        
20009fac  _ZTS11RangeSensor                                       
20009f78  _ZTS15ComponentObject                                   
20009ff8  _ZTS7VL53L1X                                            
20009f40  _ZTSN10__cxxabiv117__class_type_infoE                   
20009ef7  _ZTSN10__cxxabiv120__si_class_type_infoE                
20009fba  _ZTSSt9type_info                                        
20009f64  _ZTV11RangeSensor                                       
20009f1c  _ZTV7VL53L1X                                            
20009f8c  _ZTVN10__cxxabiv117__class_type_infoE                   
20009f9c  _ZTVN10__cxxabiv120__si_class_type_infoE                
20009b4f  _ZdlPv                                                  
20009b0b  _ZdlPvj                                                 
2000983b  _Znwj                                                   
20030000  __STACK_END                                             
00000800  __STACK_SIZE                                            
00000800  __SYSMEM_SIZE                                           
2000a048  __TI_CINIT_Base                                         
2000a058  __TI_CINIT_Limit                                        
2000a030  __TI_Handler_Table_Base                                 
2000a03c  __TI_Handler_Table_Limit                                
2000915d  __TI_auto_init_nobinit                                  
200090f3  __TI_decompress_lzss                                    
20009afd  __TI_decompress_none                                    
ffffffff  __TI_pprof_out_hndl                                     
20005e51  __TI_printfi                                            
ffffffff  __TI_prof_data_size                                     
ffffffff  __TI_prof_data_start                                    
2000a020  __TI_static_base__                                      
20009aaf  __TI_zero_init_nomemset                                 
20009b1d  __abort_execution                                       
20008c35  __aeabi_cdcmpeq                                         
20008c35  __aeabi_cdcmple                                         
20008cbb  __aeabi_cdrcmple                                        
20009019  __aeabi_d2f                                             
200093b9  __aeabi_d2iz                                            
20009401  __aeabi_d2uiz                                           
20007bbf  __aeabi_dadd                                            
20008021  __aeabi_ddiv                                            
20008279  __aeabi_dmul                                            
20007bb5  __aeabi_dsub                                            
20009b59  __aeabi_errno_addr                                      
20009541  __aeabi_f2d                                             
20009579  __aeabi_f2iz                                            
20008379  __aeabi_fadd                                            
20008b19  __aeabi_fdiv                                            
20008e41  __aeabi_fmul                                            
20008375  __aeabi_fsub                                            
20009611  __aeabi_i2d                                             
20007217  __aeabi_idiv0                                           
20007217  __aeabi_ldiv0                                           
20008ebb  __aeabi_memclr                                          
20008ebb  __aeabi_memclr4                                         
20008ebb  __aeabi_memclr8                                         
20008951  __aeabi_memcpy                                          
20008951  __aeabi_memcpy4                                         
20008951  __aeabi_memcpy8                                         
20008ebd  __aeabi_memset                                          
20008ebd  __aeabi_memset4                                         
20008ebd  __aeabi_memset8                                         
200098a3  __aeabi_ui2d                                            
200097cd  __aeabi_ui2f                                            
200089ed  __aeabi_uldivmod                                        
ffffffff  __binit__                                               
ffffffff  __c_args__                                              
20009813  __cxa_pure_virtual                                      
UNDEFED   __mpu_init                                              
2002f800  __stack                                                 
20007939  __sti___8_main_cpp_36b080ae                             
20009785  _c_int00_noargs                                         
20009b70  _ctypes_                                                
20017824  _lock                                                   
2000689f  _nop                                                    
20017000  _sys_memory                                             
UNDEFED   _system_post_cinit                                      
20009b69  _system_pre_init                                        
20017828  _unlock                                                 
20009b6d  abort                                                   
20008471  aligned_alloc                                           
2000936d  atoi                                                    
ffffffff  binit                                                   
20009b39  copysign                                                
20009b39  copysignl                                               
20017800  distanceSensor                                          
20017834  errno                                                   
20008565  free                                                    
200091bd  frexp                                                   
200091bd  frexpl                                                  
20004000  g_pfnVectors                                            
20008725  ldexp                                                   
20008725  ldexpl                                                  
200092c7  ltoa                                                    
20007901  main                                                    
20009b61  malloc                                                  
20008471  memalign                                                
20009955  memccpy                                                 
20008951  memcpy                                                  
200097a9  memmove                                                 
20008ec3  memset                                                  
2000864d  realloc                                                 
20008725  scalbn                                                  
20008725  scalbnl                                                 
20009a13  strchr                                                  
20009a65  strlen                                                  
20009485  vsnprintf                                               
20009ac1  wcslen                                                  


GLOBAL SYMBOLS: SORTED BY Symbol Address 

address   name                                                    
-------   ----                                                    
00000800  __STACK_SIZE                                            
00000800  __SYSMEM_SIZE                                           
20004000  g_pfnVectors                                            
200044b1  _ZN7VL53L1X20VL53L1X_GetSWVersionEP17VL53L1X_Version_t  
200044e1  _ZN7VL53L1X21VL53L1X_SetI2CAddressEh                    
20004521  _ZN7VL53L1X18VL53L1X_SensorInitEv                       
200045f1  _ZN7VL53L1X22VL53L1X_ClearInterruptEv                   
20004619  _ZN7VL53L1X28VL53L1X_SetInterruptPolarityEh             
20004681  _ZN7VL53L1X28VL53L1X_GetInterruptPolarityEPh            
200046d1  _ZN7VL53L1X20VL53L1X_StartRangingEv                     
200046f9  _ZN7VL53L1X19VL53L1X_StopRangingEv                      
20004721  _ZN7VL53L1X25VL53L1X_CheckForDataReadyEPh               
20004781  _ZN7VL53L1X27VL53L1X_SetTimingBudgetInMsEt              
200049f9  _ZN7VL53L1X27VL53L1X_GetTimingBudgetInMsEPt             
20004ac9  _ZN7VL53L1X23VL53L1X_SetDistanceModeEt                  
20004c01  _ZN7VL53L1X23VL53L1X_GetDistanceModeEPt                 
20004c49  _ZN7VL53L1X31VL53L1X_SetInterMeasurementInMsEt          
20004cb1  _ZN7VL53L1X31VL53L1X_GetInterMeasurementInMsEPt         
20004d31  _ZN7VL53L1X17VL53L1X_BootStateEPh                       
20004d71  _ZN7VL53L1X19VL53L1X_GetSensorIdEPt                     
20004db1  _ZN7VL53L1X19VL53L1X_GetDistanceEPt                     
20004de9  _ZN7VL53L1X24VL53L1X_GetSignalPerSpadEPt                
20004e61  _ZN7VL53L1X25VL53L1X_GetAmbientPerSpadEPt               
20004ed9  _ZN7VL53L1X21VL53L1X_GetSignalRateEPt                   
20004f11  _ZN7VL53L1X17VL53L1X_GetSpadNbEPt                       
20004f49  _ZN7VL53L1X22VL53L1X_GetAmbientRateEPt                  
20004f91  _ZN7VL53L1X22VL53L1X_GetRangeStatusEPh                  
200050a1  _ZN7VL53L1X17VL53L1X_SetOffsetEs                        
200050f9  _ZN7VL53L1X17VL53L1X_GetOffsetEPs                       
20005141  _ZN7VL53L1X16VL53L1X_SetXtalkEt                         
200051a1  _ZN7VL53L1X16VL53L1X_GetXtalkEPt                        
200051e1  _ZN7VL53L1X28VL53L1X_SetDistanceThresholdEtthh          
200052a1  _ZN7VL53L1X34VL53L1X_GetDistanceThresholdWindowEPt      
200052d9  _ZN7VL53L1X31VL53L1X_GetDistanceThresholdLowEPt         
20005311  _ZN7VL53L1X32VL53L1X_GetDistanceThresholdHighEPt        
20005349  _ZN7VL53L1X14VL53L1X_SetROIEtt                          
200053e9  _ZN7VL53L1X17VL53L1X_GetROI_XYEPtS0_                    
20005439  _ZN7VL53L1X26VL53L1X_SetSignalThresholdEt               
20005469  _ZN7VL53L1X26VL53L1X_GetSignalThresholdEPt              
200054a1  _ZN7VL53L1X25VL53L1X_SetSigmaThresholdEt                
200054e9  _ZN7VL53L1X25VL53L1X_GetSigmaThresholdEPt               
20005521  _ZN7VL53L1X30VL53L1X_StartTemperatureUpdateEv           
200055c9  _ZN7VL53L1X23VL53L1X_CalibrateOffsetEtPs                
200056e1  _ZN7VL53L1X22VL53L1X_CalibrateXtalkEtPt                 
20005879  _ZN7VL53L1X13VL53L1_WrByteEP12VL53L1_Dev_tth            
200058b1  _ZN7VL53L1X13VL53L1_WrWordEP12VL53L1_Dev_ttt            
200058f9  _ZN7VL53L1X14VL53L1_WrDWordEP12VL53L1_Dev_ttj           
20005951  _ZN7VL53L1X13VL53L1_RdByteEP12VL53L1_Dev_ttPh           
20005989  _ZN7VL53L1X13VL53L1_RdWordEP12VL53L1_Dev_ttPt           
200059d9  _ZN7VL53L1X14VL53L1_RdDWordEP12VL53L1_Dev_ttPj          
20005a39  _ZN7VL53L1X17VL53L1_UpdateByteEP12VL53L1_Dev_tthh       
20005aa1  _ZN7VL53L1X17VL53L1_WriteMultiEP12VL53L1_Dev_ttPhj      
20005ad1  _ZN7VL53L1X16VL53L1_ReadMultiEP12VL53L1_Dev_ttPhj       
20005b01  _ZN7VL53L1X15VL53L1_I2CWriteEhtPht                      
20005be1  _ZN7VL53L1X14VL53L1_I2CReadEhtPht                       
20005d09  _ZN7VL53L1X19VL53L1_GetTickCountEPj                     
20005d29  _ZN7VL53L1X13VL53L1_WaitUsEP12VL53L1_Dev_ti             
20005d59  _ZN7VL53L1X13VL53L1_WaitMsEP12VL53L1_Dev_ti             
20005d81  _ZN7VL53L1X22VL53L1_WaitValueMaskExEP12VL53L1_Dev_tjthhj
20005e4f  _ZNSt9type_infoD1Ev                                     
20005e4f  _ZNSt9type_infoD2Ev                                     
20005e51  __TI_printfi                                            
2000689f  _nop                                                    
200068a1  _ZN10SFEVL53L1XC1Ejmhmh                                 
200068a1  _ZN10SFEVL53L1XC2Ejmhmh                                 
20006911  _ZN10SFEVL53L1X4initEv                                  
20006929  _ZN10SFEVL53L1X5beginEv                                 
20006941  _ZN10SFEVL53L1X7checkIDEv                               
20006969  _ZN10SFEVL53L1X8sensorOnEv                              
20006991  _ZN10SFEVL53L1X9sensorOffEv                             
200069b9  _ZN10SFEVL53L1X18getSoftwareVersionEv                   
200069d9  _ZN10SFEVL53L1X13setI2CAddressEh                        
20006a01  _ZN10SFEVL53L1X13getI2CAddressEv                        
20006a11  _ZN10SFEVL53L1X14clearInterruptEv                       
20006a21  _ZN10SFEVL53L1X24setInterruptPolarityHighEv             
20006a31  _ZN10SFEVL53L1X23setInterruptPolarityLowEv              
20006a41  _ZN10SFEVL53L1X20getInterruptPolarityEv                 
20006a61  _ZN10SFEVL53L1X12startRangingEv                         
20006a71  _ZN10SFEVL53L1X11stopRangingEv                          
20006a81  _ZN10SFEVL53L1X17checkForDataReadyEv                    
20006aa1  _ZN10SFEVL53L1X19setTimingBudgetInMsEt                  
20006ac1  _ZN10SFEVL53L1X19getTimingBudgetInMsEv                  
20006ae1  _ZN10SFEVL53L1X19setDistanceModeLongEv                  
20006af1  _ZN10SFEVL53L1X20setDistanceModeShortEv                 
20006b01  _ZN10SFEVL53L1X15getDistanceModeEv                      
20006b21  _ZN10SFEVL53L1X25setIntermeasurementPeriodEt            
20006b41  _ZN10SFEVL53L1X25getIntermeasurementPeriodEv            
20006b61  _ZN10SFEVL53L1X14checkBootStateEv                       
20006b81  _ZN10SFEVL53L1X11getSensorIDEv                          
20006ba1  _ZN10SFEVL53L1X11getDistanceEv                          
20006bc1  _ZN10SFEVL53L1X16getSignalPerSpadEv                     
20006be1  _ZN10SFEVL53L1X17getAmbientPerSpadEv                    
20006c01  _ZN10SFEVL53L1X13getSignalRateEv                        
20006c21  _ZN10SFEVL53L1X9getSpadNbEv                             
20006c41  _ZN10SFEVL53L1X14getAmbientRateEv                       
20006c61  _ZN10SFEVL53L1X14getRangeStatusEv                       
20006c81  _ZN10SFEVL53L1X9setOffsetEs                             
20006ca1  _ZN10SFEVL53L1X9getOffsetEv                             
20006cc1  _ZN10SFEVL53L1X8setXTalkEt                              
20006ce1  _ZN10SFEVL53L1X8getXTalkEv                              
20006d01  _ZN10SFEVL53L1X20setDistanceThresholdEtth               
20006d31  _ZN10SFEVL53L1X26getDistanceThresholdWindowEv           
20006d51  _ZN10SFEVL53L1X23getDistanceThresholdLowEv              
20006d71  _ZN10SFEVL53L1X24getDistanceThresholdHighEv             
20006d91  _ZN10SFEVL53L1X6setROIEtt                               
20006db9  _ZN10SFEVL53L1X7getROIXEv                               
20006dd9  _ZN10SFEVL53L1X7getROIYEv                               
20006df9  _ZN10SFEVL53L1X18setSignalThresholdEt                   
20006e19  _ZN10SFEVL53L1X18getSignalThresholdEv                   
20006e39  _ZN10SFEVL53L1X17setSigmaThresholdEt                    
20006e59  _ZN10SFEVL53L1X17getSigmaThresholdEv                    
20006e79  _ZN10SFEVL53L1X22startTemperatureUpdateEv               
20006e89  _ZN10SFEVL53L1X15calibrateOffsetEt                      
20006eb9  _ZN10SFEVL53L1X14calibrateXTalkEt                       
20006ee3  UtilsDelay                                              
20006f99  I2C_IF_Write                                            
20007069  I2C_IF_Read                                             
20007149  I2C_IF_ReadFrom                                         
20007199  I2C_IF_Open                                             
20007209  I2C_IF_Close                                            
20007217  __aeabi_idiv0                                           
20007217  __aeabi_ldiv0                                           
20007219  InitTerm                                                
20007249  Message                                                 
20007279  ClearTerm                                               
20007289  Error                                                   
200072c9  GetCmd                                                  
200073d1  TrimSpace                                               
20007479  Report                                                  
2000779d  _ZN10__cxxabiv117__class_type_infoD1Ev                  
2000779d  _ZN10__cxxabiv117__class_type_infoD2Ev                  
200077a1  _Z12PinMuxConfigv                                       
20007871  _Z13GetSensorDatav                                      
20007901  main                                                    
20007939  __sti___8_main_cpp_36b080ae                             
20007bb5  __aeabi_dsub                                            
20007bbf  __aeabi_dadd                                            
20007d6d  PRCMCC3200MCUInit                                       
20008021  __aeabi_ddiv                                            
20008279  __aeabi_dmul                                            
20008375  __aeabi_fsub                                            
20008379  __aeabi_fadd                                            
20008471  aligned_alloc                                           
20008471  memalign                                                
20008565  free                                                    
2000864d  realloc                                                 
20008725  ldexp                                                   
20008725  ldexpl                                                  
20008725  scalbn                                                  
20008725  scalbnl                                                 
200088a9  IntEnable                                               
20008951  __aeabi_memcpy                                          
20008951  __aeabi_memcpy4                                         
20008951  __aeabi_memcpy8                                         
20008951  memcpy                                                  
200089ed  __aeabi_uldivmod                                        
20008a85  PRCMPeripheralClockGet                                  
20008b19  __aeabi_fdiv                                            
20008bad  PinConfigSet                                            
20008c35  __aeabi_cdcmpeq                                         
20008c35  __aeabi_cdcmple                                         
20008cbb  __aeabi_cdrcmple                                        
20008d41  I2CMasterInitExpClk                                     
20008e41  __aeabi_fmul                                            
20008ebb  __aeabi_memclr                                          
20008ebb  __aeabi_memclr4                                         
20008ebb  __aeabi_memclr8                                         
20008ebd  __aeabi_memset                                          
20008ebd  __aeabi_memset4                                         
20008ebd  __aeabi_memset8                                         
20008ec3  memset                                                  
20008f35  UARTConfigSetExpClk                                     
20009019  __aeabi_d2f                                             
20009089  _ZN7VL53L1XC1Ejmhmh                                     
200090f3  __TI_decompress_lzss                                    
2000915d  __TI_auto_init_nobinit                                  
200091bd  frexp                                                   
200091bd  frexpl                                                  
20009219  PRCMPeripheralReset                                     
200092c7  ltoa                                                    
2000936d  atoi                                                    
200093b9  __aeabi_d2iz                                            
20009401  __aeabi_d2uiz                                           
20009445  PinModeSet                                              
20009485  vsnprintf                                               
20009505  PRCMPeripheralClkEnable                                 
20009541  __aeabi_f2d                                             
20009579  __aeabi_f2iz                                            
200095b1  UARTDisable                                             
20009611  __aeabi_i2d                                             
2000963f  I2CMasterErr                                            
2000966d  PRCMSysResetCauseGet                                    
20009699  PRCMPeripheralClkDisable                                
200096c1  _ZN7VL53L1X6ReadIDEv                                    
200096e9  _ZN7VL53L1X9VL53L1_OnEv                                 
20009739  _ZN7VL53L1X10VL53L1_OffEv                               
2000975f  UARTEnable                                              
20009785  _c_int00_noargs                                         
200097a9  memmove                                                 
200097cd  __aeabi_ui2f                                            
200097f1  I2CMasterSlaveAddrSet                                   
20009813  __cxa_pure_virtual                                      
20009819  _ZN7VL53L1X11GetDistanceEPj                             
2000983b  _Znwj                                                   
2000985d  _ZN10__cxxabiv120__si_class_type_infoD1Ev               
2000985d  _ZN10__cxxabiv120__si_class_type_infoD2Ev               
20009861  ResetISR                                                
20009883  GPIOPinWrite                                            
200098a3  __aeabi_ui2d                                            
200098c3  I2CMasterIntStatusEx                                    
200098e1  UARTCharPut                                             
200098ff  PinTypeI2C                                              
2000991b  UARTCharGetNonBlocking                                  
20009955  memccpy                                                 
20009971  PinTypeUART                                             
2000998b  UARTCharsAvail                                          
200099bb  I2CMasterDataPut                                        
200099d1  I2CMasterEnable                                         
200099e7  PRCMHIBRegRead                                          
200099fd  PRCMHIBRegWrite                                         
20009a13  strchr                                                  
20009a29  CPUcpsie                                                
20009a3d  IntVTableBaseSet                                        
20009a51  _ZN7VL53L1XD0Ev                                         
20009a65  strlen                                                  
20009a79  I2CMasterControl                                        
20009a8b  I2CMasterIntClearEx                                     
20009a9d  I2CMasterTimeoutSet                                     
20009aaf  __TI_zero_init_nomemset                                 
20009ac1  wcslen                                                  
20009ad3  I2CMasterDataGet                                        
20009ae1  _ZN10__cxxabiv117__class_type_infoD0Ev                  
20009aef  _ZN10__cxxabiv120__si_class_type_infoD0Ev               
20009afd  __TI_decompress_none                                    
20009b0b  _ZdlPvj                                                 
20009b11  _ZN7VL53L1X4InitEv                                      
20009b1d  __abort_execution                                       
20009b21  _ZN7VL53L1XD1Ev                                         
20009b2d  _ZSt15get_new_handlerv                                  
20009b39  copysign                                                
20009b39  copysignl                                               
20009b45  IntMasterEnable                                         
20009b4f  _ZdlPv                                                  
20009b59  __aeabi_errno_addr                                      
20009b61  malloc                                                  
20009b69  _system_pre_init                                        
20009b6d  C$$EXIT                                                 
20009b6d  _ZSt17__throw_bad_allocv                                
20009b6d  abort                                                   
20009b70  _ctypes_                                                
20009ef7  _ZTSN10__cxxabiv120__si_class_type_infoE                
20009f1c  _ZTV7VL53L1X                                            
20009f40  _ZTSN10__cxxabiv117__class_type_infoE                   
20009f64  _ZTV11RangeSensor                                       
20009f78  _ZTS15ComponentObject                                   
20009f8c  _ZTVN10__cxxabiv117__class_type_infoE                   
20009f9c  _ZTVN10__cxxabiv120__si_class_type_infoE                
20009fac  _ZTS11RangeSensor                                       
20009fba  _ZTSSt9type_info                                        
20009fc8  _ZTI11RangeSensor                                       
20009fd4  _ZTI7VL53L1X                                            
20009fe0  _ZTIN10__cxxabiv117__class_type_infoE                   
20009fec  _ZTIN10__cxxabiv120__si_class_type_infoE                
20009ff8  _ZTS7VL53L1X                                            
2000a004  _ZTI15ComponentObject                                   
2000a00c  _ZTISt9type_info                                        
2000a018  SHT$$INIT_ARRAY$$Base                                   
2000a01c  SHT$$INIT_ARRAY$$Limit                                  
2000a020  __TI_static_base__                                      
2000a030  __TI_Handler_Table_Base                                 
2000a03c  __TI_Handler_Table_Limit                                
2000a048  __TI_CINIT_Base                                         
2000a058  __TI_CINIT_Limit                                        
20017000  _sys_memory                                             
20017800  distanceSensor                                          
20017824  _lock                                                   
20017828  _unlock                                                 
20017834  errno                                                   
2002f800  __stack                                                 
20030000  __STACK_END                                             
ffffffff  __TI_pprof_out_hndl                                     
ffffffff  __TI_prof_data_size                                     
ffffffff  __TI_prof_data_start                                    
ffffffff  __binit__                                               
ffffffff  __c_args__                                              
ffffffff  binit                                                   
UNDEFED   __mpu_init                                              
UNDEFED   _system_post_cinit                                      

[288 symbols]
