******************************************************************************
                  TI ARM Linker PC v18.12.1                    
******************************************************************************
>> Linked Fri Apr 12 16:22:35 2019

OUTPUT FILE NAME:   <WLAN_Scan.out>
ENTRY POINT SYMBOL: "_c_int00_noargs"  address: 2000b549


MEMORY CONFIGURATION

         name            origin    length      used     unused   attr    fill
----------------------  --------  ---------  --------  --------  ----  --------
  SRAM_CODE             20004000   00013000  00008068  0000af98  RW X
  SRAM_DATA             20017000   00019000  000095f6  0000fa0a  RW X


SEGMENT ALLOCATION MAP

run origin  load origin   length   init length attrs members
----------  ----------- ---------- ----------- ----- -------
20004000    20004000    00008070   00008070    r-x
  20004000    20004000    00000400   00000400    r-- .intvecs
  20004400    20004400    00007672   00007672    r-x .text
  2000ba74    2000ba74    000005a6   000005a6    r-- .const
  2000c020    2000c020    00000050   00000050    r-- .cinit
20017000    20017000    000085f8   00000000    rw-
  20017000    20017000    00008000   00000000    rw- .sysmem
  2001f000    2001f000    0000055e   00000000    rw- .bss
  2001f560    2001f560    00000098   00000000    rw- .data
2002f000    2002f000    00001000   00000000    rw-
  2002f000    2002f000    00001000   00000000    rw- .stack


SECTION ALLOCATION MAP

 output                                  attributes/
section   page    origin      length       input sections
--------  ----  ----------  ----------   ----------------
.intvecs   0    20004000    00000400     
                  20004000    00000400     startup_ccs.obj (.intvecs)

.init_array 
*          0    20004000    00000000     UNINITIALIZED

.text      0    20004400    00007672     
                  20004400    00000d28     main.obj (.text)
                  20005128    00000a4e     rtsv7M4_T_le_eabi.lib : _printfi.c.obj (.text:__TI_printfi)
                  20005b76    00000002     driverlib.a : interrupt.obj (.text:IntDefaultHandler)
                  20005b78    00000590     simplelink.a : driver.obj (.text:_SlDrvMsgRead)
                  20006108    00000398     gpio_if.obj (.text)
                  200064a0    00000280     uart_if.obj (.text)
                  20006720    00000268     rtsv7M4_T_le_eabi.lib : _printfi.c.obj (.text:_pconv_a)
                  20006988    0000024c     simplelink.a : driver.obj (.text:_SlDrvRxHdrRead)
                  20006bd4    000001d0                  : driver.obj (.text:_SlDrvReleasePoolObj)
                  20006da4    000001cc     rtsv7M4_T_le_eabi.lib : _printfi.c.obj (.text:_pconv_g)
                  20006f70    000001b6                           : fd_add_t2.asm.obj (.text)
                  20007126    00000002                           : _lock.c.obj (.text:_nop)
                  20007128    000001b4     simplelink.a : driver.obj (.text:_SlDrvDriverCBInit)
                  200072dc    0000019c                  : driver.obj (.text:_SlDrvMsgWrite)
                  20007478    00000190                  : driver.obj (.text:_SlDrvWaitForPoolObj)
                  20007608    00000178     driverlib.a : prcm.obj (.text:PRCMCC3200MCUInit)
                  20007780    00000170     simplelink.a : driver.obj (.text:_SlFindAndSetActiveObj)
                  200078f0    00000148                  : cc_pal.obj (.text:spi_Open)
                  20007a38    00000144                  : driver.obj (.text:_SlDrvMsgReadCmdCtx)
                  20007b7c    0000013c     rtsv7M4_T_le_eabi.lib : _printfi.c.obj (.text:_pconv_e)
                  20007cb8    00000136                           : fd_div_t2.asm.obj (.text)
                  20007dee    00000002                           : div0.asm.obj (.text)
                  20007df0    00000130     simplelink.a : driver.obj (.text:_SlDrvDriverCBDeinit)
                  20007f20    00000120     rtsv7M4_T_le_eabi.lib : _printfi.c.obj (.text:fcvt)
                  20008040    00000104     simplelink.a : netapp.obj (.text:_SlDrvNetAppEventHandler)
                  20008144    000000fc     rtsv7M4_T_le_eabi.lib : fd_mul_t2.asm.obj (.text)
                  20008240    000000f4                           : memory.c.obj (.text:aligned_alloc)
                  20008334    000000f0     simplelink.a : device.obj (.text:sl_Stop)
                  20008424    000000f0                  : cc_pal.obj (.text:spi_Read)
                  20008514    000000f0     driverlib.a : udma.obj (.text:uDMAChannelTransferSet)
                  20008604    000000ec     simplelink.a : device.obj (.text:sl_Start)
                  200086f0    000000e8                  : driver.obj (.text:_SlAsyncEventGenericHandler)
                  200087d8    000000e8                  : driver.obj (.text:_SlDrvMsgReadSpawnCtx)
                  200088c0    000000e8     rtsv7M4_T_le_eabi.lib : memory.c.obj (.text:free)
                  200089a8    000000e4     simplelink.a : netapp.obj (.text:sl_NetAppMDNSRegisterUnregisterService)
                  20008a8c    000000dc                  : driver.obj (.text:_SlDrvClassifyRxMsg)
                  20008b68    000000d8     rtsv7M4_T_le_eabi.lib : memory.c.obj (.text:realloc)
                  20008c40    000000d0                           : s_scalbn.c.obj (.text:scalbn)
                  20008d10    000000cc     simplelink.a : netapp.obj (.text:_sl_HandleAsync_DnsGetHostByService)
                  20008ddc    000000cc                  : device.obj (.text:sl_DevGet)
                  20008ea8    000000c4                  : driver.obj (.text:_SlRemoveFromList)
                  20008f6c    000000c0                  : driver.obj (.text:_SlDrvCmdOp)
                  2000902c    000000b1     rtsv7M4_T_le_eabi.lib : _printfi.c.obj (.text:_ltostr)
                  200090dd    00000003     --HOLE-- [fill = 0]
                  200090e0    000000b0     simplelink.a : nonos.obj (.text:_SlNonOsSemGet)
                  20009190    000000a8     driverlib.a : interrupt.obj (.text:IntDisable)
                  20009238    000000a8                 : interrupt.obj (.text:IntEnable)
                  200092e0    000000a8     simplelink.a : wlan.obj (.text:sl_WlanGetNetworkList)
                  20009388    000000a4                  : driver.obj (.text:_SlDriverHandleError)
                  2000942c    000000a0     driverlib.a : spi.obj (.text:SPIConfigSetExpClk)
                  200094cc    0000009c     rtsv7M4_T_le_eabi.lib : memcpy_t2.asm.obj (.text)
                  20009568    0000009a     simplelink.a : device.obj (.text:_SlDrvDeviceEventHandler)
                  20009602    00000002     --HOLE-- [fill = 0]
                  20009604    00000098                  : netcfg.obj (.text:sl_NetCfgSet)
                  2000969c    00000098                  : wlan.obj (.text:sl_WlanSet)
                  20009734    00000098                  : cc_pal.obj (.text:spi_Write)
                  200097cc    00000096     rtsv7M4_T_le_eabi.lib : ull_div_t2.asm.obj (.text)
                  20009862    00000002     --HOLE-- [fill = 0]
                  20009864    00000094     driverlib.a : prcm.obj (.text:PRCMPeripheralClockGet)
                  200098f8    00000090     simplelink.a : netapp.obj (.text:_sl_HandleAsync_DnsGetHostByName)
                  20009988    00000090                  : netapp.obj (.text:_sl_HandleAsync_PingResponse)
                  20009a18    00000090                  : wlan.obj (.text:sl_WlanPolicySet)
                  20009aa8    0000008c                  : cc_pal.obj (.text:SetupDMAReceive)
                  20009b34    0000008c                  : cc_pal.obj (.text:SetupDMASend)
                  20009bc0    0000008c                  : driver.obj (.text:_SlDrvIsTimeoutExpired)
                  20009c4c    0000008c                  : device.obj (.text:_sl_HandleAsync_InitComplete)
                  20009cd8    00000088     driverlib.a : pin.obj (.text:PinConfigSet)
                  20009d60    00000086     rtsv7M4_T_le_eabi.lib : fd_cmp_t2.asm.obj (.text:__aeabi_cdcmple)
                  20009de6    00000086                           : fd_cmp_t2.asm.obj (.text:__aeabi_cdrcmple)
                  20009e6c    00000084     simplelink.a : wlan.obj (.text:sl_WlanRxFilterSet)
                  20009ef0    00000082     driverlib.a : gpio.obj (.text:GPIOIntTypeSet)
                  20009f72    00000002     --HOLE-- [fill = 0]
                  20009f74    00000080     simplelink.a : socket.obj (.text:_sl_HandleAsync_Connect)
                  20009ff4    00000080                  : cc_pal.obj (.text:spi_Read_CPU)
                  2000a074    00000080                  : cc_pal.obj (.text:spi_Write_CPU)
                  2000a0f4    0000007c     rtsv7M4_T_le_eabi.lib : memory.c.obj (.text:split)
                  2000a170    0000007a                           : memset_t2.asm.obj (.text)
                  2000a1ea    00000002     --HOLE-- [fill = 0]
                  2000a1ec    00000078     simplelink.a : cc_pal.obj (.text:spi_Close)
                  2000a264    00000076     driverlib.a : uart.obj (.text:UARTConfigSetExpClk)
                  2000a2da    00000002     --HOLE-- [fill = 0]
                  2000a2dc    00000074     simplelink.a : nonos.obj (.text:_SlNonOsMainLoopTask)
                  2000a350    0000006e     rtsv7M4_T_le_eabi.lib : _printfi.c.obj (.text:_mcpy)
                  2000a3be    00000002     --HOLE-- [fill = 0]
                  2000a3c0    0000006c     simplelink.a : driver.obj (.text:_SlDrvCmdSend)
                  2000a42c    0000006c                  : netapp.obj (.text:_sl_NetAppSendTokenValue)
                  2000a498    00000068     rtsv7M4_T_le_eabi.lib : copy_decompress_lzss.c.obj (.text:decompress:lzss:__TI_decompress_lzss)
                  2000a500    00000064     simplelink.a : nonos.obj (.text:_SlNonOsSpawn)
                  2000a564    00000064                  : socket.obj (.text:_sl_HandleAsync_Accept)
                  2000a5c8    00000064                  : netapp.obj (.text:sl_NetAppMDNSUnRegisterService)
                  2000a62c    00000064     driverlib.a : udma.obj (.text:uDMAChannelAttributeDisable)
                  2000a690    00000064                 : udma.obj (.text:uDMAChannelAttributeEnable)
                  2000a6f4    00000060     simplelink.a : wlan.obj (.text:sl_WlanProfileDel)
                  2000a754    00000060                  : wlan.obj (.text:sl_WlanSetMode)
                  2000a7b4    0000005c     rtsv7M4_T_le_eabi.lib : s_frexp.c.obj (.text:frexp)
                  2000a810    00000058     driverlib.a : interrupt.obj (.text:IntPendClear)
                  2000a868    00000058                 : prcm.obj (.text:PRCMPeripheralReset)
                  2000a8c0    00000058     pinmux.obj (.text)
                  2000a918    00000056     rtsv7M4_T_le_eabi.lib : _printfi.c.obj (.text:_pconv_f)
                  2000a96e    00000002     --HOLE-- [fill = 0]
                  2000a970    00000054     driverlib.a : interrupt.obj (.text:IntPrioritySet)
                  2000a9c4    00000054     simplelink.a : driver.obj (.text:_SlDrvRxIrqHandler)
                  2000aa18    00000054                  : socket.obj (.text:_sl_HandleAsync_Select)
                  2000aa6c    00000054     rtsv7M4_T_le_eabi.lib : ltoa.c.obj (.text:ltoa)
                  2000aac0    00000052                           : _printfi.c.obj (.text:_ecpy)
                  2000ab12    00000002     --HOLE-- [fill = 0]
                  2000ab14    00000050     simplelink.a : device.obj (.text:_sl_HandleAsync_Stop)
                  2000ab64    0000004c     driverlib.a : spi.obj (.text:SPIIntEnable)
                  2000abb0    0000004c                 : spi.obj (.text:SPIIntNumberGet)
                  2000abfc    0000004c     simplelink.a : driver.obj (.text:_SlDrvProtectAsyncRespSetting)
                  2000ac48    0000004c     rtsv7M4_T_le_eabi.lib : atoi.c.obj (.text:atoi)
                  2000ac94    0000004c     driverlib.a : udma.obj (.text:uDMAChannelAssign)
                  2000ace0    00000048                 : gpio.obj (.text:GPIOGetIntNumber)
                  2000ad28    00000048                 : spi.obj (.text:SPIIntClear)
                  2000ad70    00000048     simplelink.a : driver.obj (.text:_SlDrvBasicCmd)
                  2000adb8    00000048     rtsv7M4_T_le_eabi.lib : fd_toi_t2.asm.obj (.text)
                  2000ae00    00000044     driverlib.a : spi.obj (.text:SPIDmaMaskGet)
                  2000ae44    00000044                 : timer.obj (.text:TimerConfigure)
                  2000ae88    00000044     simplelink.a : driver.obj (.text:_SlDrvSyncObjWaitTimeout)
                  2000aecc    00000044     rtsv7M4_T_le_eabi.lib : autoinit.c.obj (.text:__TI_auto_init_nobinit_nopinit:__TI_auto_init_nobinit_nopinit)
                  2000af10    00000044     simplelink.a : cc_pal.obj (.text:cc_SetupTransfer)
                  2000af54    00000040     driverlib.a : pin.obj (.text:PinModeSet)
                  2000af94    00000040     rtsv7M4_T_le_eabi.lib : vsnprintf.c.obj (.text:vsnprintf)
                  2000afd4    0000003e     simplelink.a : cc_pal.obj (.text:NwpRegisterInterruptHandler)
                  2000b012    0000003e     rtsv7M4_T_le_eabi.lib : _printfi.c.obj (.text:_fcpy)
                  2000b050    0000003c     simplelink.a : netapp.obj (.text:CopyPingResultsToReport)
                  2000b08c    0000003c     driverlib.a : prcm.obj (.text:PRCMPeripheralClkEnable)
                  2000b0c8    0000003c     simplelink.a : cc_pal.obj (.text:simplelink_timerA2_start)
                  2000b104    0000003c     driverlib.a : udma.obj (.text:uDMAChannelControlSet)
                  2000b140    00000038     simplelink.a : cc_pal.obj (.text:NwpPowerOff)
                  2000b178    00000038                  : wlan.obj (.text:sl_WlanDisconnect)
                  2000b1b0    00000036     driverlib.a : gpio.obj (.text:GPIODirModeSet)
                  2000b1e6    00000002     --HOLE-- [fill = 0]
                  2000b1e8    00000034                 : prcm.obj (.text:PRCMPeripheralStatusGet)
                  2000b21c    00000034                 : spi.obj (.text:SPIFIFOLevelSet)
                  2000b250    00000030                 : pin.obj (.text:PinTypeGPIO)
                  2000b280    00000030                 : uart.obj (.text:UARTDisable)
                  2000b2b0    00000030     rtsv7M4_T_le_eabi.lib : vsnprintf.c.obj (.text:_outs)
                  2000b2e0    0000002e                           : i_tofd_t2.asm.obj (.text)
                  2000b30e    00000002     --HOLE-- [fill = 0]
                  2000b310    0000002c     simplelink.a : cc_pal.obj (.text:NwpPowerOn)
                  2000b33c    0000002c     driverlib.a : prcm.obj (.text:PRCMSysResetCauseGet)
                  2000b368    0000002c     simplelink.a : driver.obj (.text:_SlDrvObjGlobalLockWaitForever)
                  2000b394    0000002c                  : driver.obj (.text:_SlDrvProtectionObjLockWaitForever)
                  2000b3c0    0000002a     driverlib.a : timer.obj (.text:TimerLoadSet)
                  2000b3ea    0000002a                 : timer.obj (.text:TimerPrescaleSet)
                  2000b414    00000028                 : prcm.obj (.text:PRCMPeripheralClkDisable)
                  2000b43c    00000028     simplelink.a : driver.obj (.text:_SlDrvGlobalObjUnLock)
                  2000b464    00000028                  : driver.obj (.text:_SlDrvProtectionObjUnLock)
                  2000b48c    00000028                  : driver.obj (.text:_SlDrvSyncObjWaitForever)
                  2000b4b4    00000028     rtsv7M4_T_le_eabi.lib : memory.c.obj (.text:free_list_insert)
                  2000b4dc    00000024     simplelink.a : cc_pal.obj (.text:DmaSpiSwIntHandler)
                  2000b500    00000024     driverlib.a : interrupt.obj (.text:IntUnregister)
                  2000b524    00000024                 : uart.obj (.text:UARTEnable)
                  2000b548    00000024     rtsv7M4_T_le_eabi.lib : boot_cortex_m.c.obj (.text:_c_int00_noargs:_c_int00_noargs)
                  2000b56c    00000024                           : memmov.c.obj (.text:memmove)
                  2000b590    00000022     driverlib.a : spi.obj (.text:SPIReset)
                  2000b5b2    00000022                 : spi.obj (.text:SPIWordCountSet)
                  2000b5d4    00000020                 : gpio.obj (.text:GPIOPinWrite)
                  2000b5f4    00000020                 : interrupt.obj (.text:IntRegister)
                  2000b614    00000020     simplelink.a : cc_pal.obj (.text:NwpPrePowerOffTimout0)
                  2000b634    00000020                  : cc_pal.obj (.text:TimerGetCurrentTimestamp)
                  2000b654    00000020                  : driver.obj (.text:_SlDrvSyncObjSignal)
                  2000b674    0000001e     driverlib.a : gpio.obj (.text:GPIOIntRegister)
                  2000b692    0000001e                 : timer.obj (.text:TimerEnable)
                  2000b6b0    0000001e                 : uart.obj (.text:UARTCharPut)
                  2000b6ce    0000001e     simplelink.a : cc_pal.obj (.text:cc_UDMAChannelSelect)
                  2000b6ec    0000001c     driverlib.a : timer.obj (.text:TimerValueGet)
                  2000b708    0000001c                 : uart.obj (.text:UARTCharGetNonBlocking)
                  2000b724    0000001c     simplelink.a : driver.obj (.text:_SlDrvStartMeasureTimeout)
                  2000b740    0000001c     rtsv7M4_T_le_eabi.lib : memory.c.obj (.text:free_list_remove)
                  2000b75c    0000001c                           : memccpy.c.obj (.text:memccpy)
                  2000b778    0000001c     driverlib.a : udma.obj (.text:uDMAChannelEnable)
                  2000b794    0000001a                 : gpio.obj (.text:GPIOIntEnable)
                  2000b7ae    0000001a                 : pin.obj (.text:PinTypeUART)
                  2000b7c8    0000001a                 : spi.obj (.text:SPIDmaDisable)
                  2000b7e2    0000001a                 : spi.obj (.text:SPIDmaEnable)
                  2000b7fc    0000001a                 : spi.obj (.text:SPIFIFODisable)
                  2000b816    0000001a                 : spi.obj (.text:SPIFIFOEnable)
                  2000b830    0000001a                 : spi.obj (.text:SPIIntUnregister)
                  2000b84a    00000018                 : gpio.obj (.text:GPIOPinRead)
                  2000b862    00000018                 : spi.obj (.text:SPICSDisable)
                  2000b87a    00000018                 : spi.obj (.text:SPICSEnable)
                  2000b892    00000018                 : spi.obj (.text:SPIDisable)
                  2000b8aa    00000018                 : spi.obj (.text:SPIEnable)
                  2000b8c2    00000018                 : uart.obj (.text:UARTCharsAvail)
                  2000b8da    00000018     simplelink.a : nonos.obj (.text:_SlNonOsSemSet)
                  2000b8f2    00000018     rtsv7M4_T_le_eabi.lib : vsnprintf.c.obj (.text:_outc)
                  2000b90a    00000002     --HOLE-- [fill = 0]
                  2000b90c    00000018     simplelink.a : device.obj (.text:_sl_GetStartResponseConvert)
                  2000b924    00000016     driverlib.a : prcm.obj (.text:PRCMHIBRegRead)
                  2000b93a    00000016                 : prcm.obj (.text:PRCMHIBRegWrite)
                  2000b950    00000016     simplelink.a : driver.obj (.text:_SlDrvMemZero)
                  2000b966    00000016     rtsv7M4_T_le_eabi.lib : strchr.c.obj (.text:strchr)
                  2000b97c    00000014     driverlib.a : cpu.obj (.text:CPUcpsie)
                  2000b990    00000014                 : gpio.obj (.text:GPIOIntClear)
                  2000b9a4    00000014                 : interrupt.obj (.text:IntVTableBaseSet)
                  2000b9b8    00000014     rtsv7M4_T_le_eabi.lib : strlen.c.obj (.text:strlen)
                  2000b9cc    00000012                           : wcslen.c.obj (.text:wcslen)
                  2000b9de    00000010     simplelink.a : driver.obj (.text:_SlDrvDispatchHttpServerEvents)
                  2000b9ee    0000000e                  : driver.obj (.text:_SlDrvResetCmdExt)
                  2000b9fc    0000000e     rtsv7M4_T_le_eabi.lib : copy_decompress_none.c.obj (.text:decompress:none:__TI_decompress_none)
                  2000ba0a    0000000e     startup_ccs.obj (.text)
                  2000ba18    0000000c     simplelink.a : cc_pal.obj (.text:NwpMaskInterrupt)
                  2000ba24    0000000c                  : cc_pal.obj (.text:NwpUnMaskInterrupt)
                  2000ba30    0000000c     rtsv7M4_T_le_eabi.lib : s_copysign.c.obj (.text:copysign)
                  2000ba3c    0000000c                           : copy_zero_init.c.obj (.text:decompress:ZI:__TI_zero_init)
                  2000ba48    0000000a     driverlib.a : interrupt.obj (.text:IntMasterEnable)
                  2000ba52    00000002     --HOLE-- [fill = 0]
                  2000ba54    00000008     rtsv7M4_T_le_eabi.lib : errno.c.obj (.text:__aeabi_errno_addr)
                  2000ba5c    00000008                           : memory.c.obj (.text:malloc)
                  2000ba64    00000006     driverlib.a : utils.obj (.text:UtilsDelay)
                  2000ba6a    00000004     rtsv7M4_T_le_eabi.lib : pre_init.c.obj (.text:_system_pre_init)
                  2000ba6e    00000004                           : exit.c.obj (.text:abort:abort)

.const     0    2000ba74    000005a6     
                  2000ba74    00000101     rtsv7M4_T_le_eabi.lib : ctype.c.obj (.const:.string:_ctypes_)
                  2000bb75    00000003     --HOLE-- [fill = 0]
                  2000bb78    00000100     driverlib.a : pin.obj (.const:g_ulPinToPadMap)
                  2000bc78    000000d4                 : interrupt.obj (.const:g_pulRegs)
                  2000bd4c    000000a8                 : prcm.obj (.const:PRCM_PeriphRegsList)
                  2000bdf4    00000080                 : interrupt.obj (.const)
                  2000be74    0000003c     simplelink.a : driver.obj (.const:OpcodeTranslateTable)
                  2000beb0    00000038                  : driver.obj (.const:_SlActionLookupTable)
                  2000bee8    0000002c     main.obj (.const:$P$T1$2)
                  2000bf14    00000024     driverlib.a : spi.obj (.const:g_ppulSPIIntMap)
                  2000bf38    00000022     main.obj (.const:.string:$P$T0$1)
                  2000bf5a    00000002     --HOLE-- [fill = 0]
                  2000bf5c    00000020     simplelink.a : driver.obj (.const:RxMsgClassLUT)
                  2000bf7c    00000018     driverlib.a : spi.obj (.const)
                  2000bf94    00000014     simplelink.a : driver.obj (.const:$P$T0$1)
                  2000bfa8    00000014                  : nonos.obj (.const:$P$T0$1)
                  2000bfbc    00000014     main.obj (.const:$P$T2$3)
                  2000bfd0    00000008     simplelink.a : device.obj (.const:StartResponseLUT)
                  2000bfd8    00000008                  : driver.obj (.const:g_H2NCnysPattern)
                  2000bfe0    00000008                  : driver.obj (.const:g_H2NSyncPattern)
                  2000bfe8    00000005     main.obj (.const:.string:$P$T3$4)
                  2000bfed    00000001     --HOLE-- [fill = 0]
                  2000bfee    00000004     simplelink.a : device.obj (.const:_SlDeviceGetCmdCtrl)
                  2000bff2    00000004                  : netapp.obj (.const:_SlNetAppSendTokenValueCmdCtrl)
                  2000bff6    00000004                  : netcfg.obj (.const:_SlNetCfgSetCmdCtrl)
                  2000bffa    00000004                  : wlan.obj (.const:_SlPolicySetCmdCtrl)
                  2000bffe    00000004                  : wlan.obj (.const:_SlProfileDelCmdCtrl)
                  2000c002    00000004                  : netapp.obj (.const:_SlRegisterServiceCtrl)
                  2000c006    00000004                  : wlan.obj (.const:_SlRxFilterSetCmdCtrl)
                  2000c00a    00000004                  : device.obj (.const:_SlStopCmdCtrl)
                  2000c00e    00000004                  : wlan.obj (.const:_SlWlanCfgSetCmdCtrl)
                  2000c012    00000004                  : wlan.obj (.const:_SlWlanGetNetworkListCtrl)
                  2000c016    00000004                  : wlan.obj (.const:_SlWlanSetModeCmdCtrl)

.cinit     0    2000c020    00000050     
                  2000c020    00000027     (.cinit..data.load) [load image, compression = lzss]
                  2000c047    00000001     --HOLE-- [fill = 0]
                  2000c048    0000000c     (__TI_handler_table)
                  2000c054    00000004     --HOLE-- [fill = 0]
                  2000c058    00000008     (.cinit..bss.load) [load image, compression = zero_init]
                  2000c060    00000010     (__TI_cinit_table)

.sysmem    0    20017000    00008000     UNINITIALIZED
                  20017000    00000010     rtsv7M4_T_le_eabi.lib : memory.c.obj (.sysmem)
                  20017010    00007ff0     --HOLE--

.bss       0    2001f000    0000055e     UNINITIALIZED
                  2001f000    00000370     (.common:netEntries)
                  2001f370    00000168     simplelink.a : driver.obj (.bss:g_StatMem)
                  2001f4d8    00000050     (.common:g_ucDinDout)
                  2001f528    00000024     (.common:g_ucConnectionSSID)
                  2001f54c    00000008     (.common:g_ucConnectionBSSID)
                  2001f554    00000004     uart_if.obj (.bss)
                  2001f558    00000001     (.common:RxIrqCnt)
                  2001f559    00000001     (.common:g_bDeviceRestartIsRequired)
                  2001f55a    00000001     (.common:g_cDummy)
                  2001f55b    00000001     (.common:g_ucLED1Pin)
                  2001f55c    00000001     (.common:g_ucLED2Pin)
                  2001f55d    00000001     (.common:g_ucLED3Pin)

.data      0    2001f560    00000098     UNINITIALIZED
                  2001f560    0000003c     simplelink.a : nonos.obj (.data:g__SlNonOsCB)
                  2001f59c    00000014     gpio_if.obj (.data:ulReg)
                  2001f5b0    0000000d     simplelink.a : driver.obj (.data)
                  2001f5bd    00000003     --HOLE--
                  2001f5c0    0000000c     gpio_if.obj (.data)
                  2001f5cc    0000000c     main.obj (.data)
                  2001f5d8    00000009     simplelink.a : cc_pal.obj (.data)
                  2001f5e1    00000003     --HOLE--
                  2001f5e4    00000008     rtsv7M4_T_le_eabi.lib : _lock.c.obj (.data:$O1$$)
                  2001f5ec    00000008                           : memory.c.obj (.data:$O1$$)
                  2001f5f4    00000004                           : errno.c.obj (.data)

.stack     0    2002f000    00001000     UNINITIALIZED
                  2002f000    00000004     rtsv7M4_T_le_eabi.lib : boot_cortex_m.c.obj (.stack)
                  2002f004    00000ffc     --HOLE--

MODULE SUMMARY

       Module                       code    ro data   rw data
       ------                       ----    -------   -------
    .\
       main.obj                     3368    103       936    
       startup_ccs.obj              14      1024      0      
       gpio_if.obj                  920     0         35     
       uart_if.obj                  640     0         4      
       pinmux.obj                   88      0         0      
    +--+----------------------------+-------+---------+---------+
       Total:                       5030    1127      975    
                                                             
    D:/ti/CC3200SDK/CC3200SDK_1.3.0/cc3200-sdk/driverlib/ccs/Release/driverlib.a
       prcm.obj                     852     168       0      
       interrupt.obj                608     340       0      
       spi.obj                      798     60        0      
       udma.obj                     604     0         0      
       pin.obj                      274     256       0      
       gpio.obj                     388     0         0      
       uart.obj                     284     0         0      
       timer.obj                    210     0         0      
       cpu.obj                      20      0         0      
       utils.obj                    6       0         0      
    +--+----------------------------+-------+---------+---------+
       Total:                       4044    824       0      
                                                             
    D:/ti/CC3200SDK/CC3200SDK_1.3.0/cc3200-sdk/simplelink/ccs/NON_OS/simplelink.a
       driver.obj                   6824    184       375    
       cc_pal.obj                   1820    0         90     
       netapp.obj                   1248    8         0      
       device.obj                   1078    16        0      
       wlan.obj                     844     24        0      
       nonos.obj                    416     20        60     
       socket.obj                   312     0         0      
       netcfg.obj                   152     4         0      
    +--+----------------------------+-------+---------+---------+
       Total:                       12694   256       525    
                                                             
    D:\ti\ccs800\ccsv8\tools\compiler\ti-cgt-arm_18.12.1.LTS\lib\rtsv7M4_T_le_eabi.lib
       _printfi.c.obj               4835    0         0      
       memory.c.obj                 892     0         8      
       fd_add_t2.asm.obj            438     0         0      
       fd_div_t2.asm.obj            310     0         0      
       fd_cmp_t2.asm.obj            268     0         0      
       ctype.c.obj                  0       257       0      
       fd_mul_t2.asm.obj            252     0         0      
       s_scalbn.c.obj               208     0         0      
       memcpy_t2.asm.obj            156     0         0      
       ull_div_t2.asm.obj           150     0         0      
       vsnprintf.c.obj              136     0         0      
       memset_t2.asm.obj            122     0         0      
       copy_decompress_lzss.c.obj   104     0         0      
       s_frexp.c.obj                92      0         0      
       ltoa.c.obj                   84      0         0      
       atoi.c.obj                   76      0         0      
       fd_toi_t2.asm.obj            72      0         0      
       autoinit.c.obj               68      0         0      
       i_tofd_t2.asm.obj            46      0         0      
       boot_cortex_m.c.obj          36      0         0      
       memmov.c.obj                 36      0         0      
       memccpy.c.obj                28      0         0      
       strchr.c.obj                 22      0         0      
       strlen.c.obj                 20      0         0      
       wcslen.c.obj                 18      0         0      
       copy_decompress_none.c.obj   14      0         0      
       copy_zero_init.c.obj         12      0         0      
       errno.c.obj                  8       0         4      
       s_copysign.c.obj             12      0         0      
       _lock.c.obj                  2       0         8      
       exit.c.obj                   4       0         0      
       pre_init.c.obj               4       0         0      
       div0.asm.obj                 2       0         0      
    +--+----------------------------+-------+---------+---------+
       Total:                       8527    257       20     
                                                             
       Heap:                        0       0         32768  
       Stack:                       0       0         4096   
       Linker Generated:            0       75        0      
    +--+----------------------------+-------+---------+---------+
       Grand Total:                 30295   2539      38384  


LINKER GENERATED COPY TABLES

__TI_cinit_table @ 2000c060 records: 2, size/record: 8, table size: 16
	.data: load addr=2000c020, load size=00000027 bytes, run addr=2001f560, run size=00000098 bytes, compression=lzss
	.bss: load addr=2000c058, load size=00000008 bytes, run addr=2001f000, run size=0000055e bytes, compression=zero_init


LINKER GENERATED HANDLER TABLE

__TI_handler_table @ 2000c048 records: 3, size/record: 4, table size: 12
	index: 0, handler: __TI_decompress_lzss
	index: 1, handler: __TI_decompress_none
	index: 2, handler: __TI_zero_init


GLOBAL SYMBOLS: SORTED ALPHABETICALLY BY Name 

address   name                                  
-------   ----                                  
2000ba6f  C$$EXIT                               
2000b97d  CPUcpsie                              
200064e1  ClearTerm                             
2000b4dd  DmaSpiSwIntHandler                    
200064eb  Error                                 
2000b1b1  GPIODirModeSet                        
2000b991  GPIOIntClear                          
2000b795  GPIOIntEnable                         
2000b675  GPIOIntRegister                       
20009ef1  GPIOIntTypeSet                        
2000b84b  GPIOPinRead                           
2000b5d5  GPIOPinWrite                          
200063c9  GPIO_IF_ConfigureNIntEnable           
20006455  GPIO_IF_Get                           
20006383  GPIO_IF_GetPortNPin                   
20006145  GPIO_IF_LedConfigure                  
20006237  GPIO_IF_LedOff                        
20006183  GPIO_IF_LedOn                         
200062eb  GPIO_IF_LedStatus                     
20006355  GPIO_IF_LedToggle                     
20006411  GPIO_IF_Set                           
20006523  GetCmd                                
200064a1  InitTerm                              
20009191  IntDisable                            
20009239  IntEnable                             
2000ba49  IntMasterEnable                       
2000a811  IntPendClear                          
2000a971  IntPrioritySet                        
2000b5f5  IntRegister                           
2000b501  IntUnregister                         
2000b9a5  IntVTableBaseSet                      
200064bf  Message                               
2000ba19  NwpMaskInterrupt                      
2000b141  NwpPowerOff                           
2000b311  NwpPowerOn                            
2000b615  NwpPrePowerOffTimout0                 
2000afd5  NwpRegisterInterruptHandler           
2000ba25  NwpUnMaskInterrupt                    
2000be74  OpcodeTranslateTable                  
20007609  PRCMCC3200MCUInit                     
2000b925  PRCMHIBRegRead                        
2000b93b  PRCMHIBRegWrite                       
2000b415  PRCMPeripheralClkDisable              
2000b08d  PRCMPeripheralClkEnable               
20009865  PRCMPeripheralClockGet                
2000a869  PRCMPeripheralReset                   
2000b1e9  PRCMPeripheralStatusGet               
2000b33d  PRCMSysResetCauseGet                  
20009cd9  PinConfigSet                          
2000af55  PinModeSet                            
2000a8c1  PinMuxConfig                          
2000b251  PinTypeGPIO                           
2000b7af  PinTypeUART                           
20006661  Report                                
2000ba0b  ResetISR                              
2001f558  RxIrqCnt                              
2000b863  SPICSDisable                          
2000b87b  SPICSEnable                           
2000942d  SPIConfigSetExpClk                    
2000b893  SPIDisable                            
2000b7c9  SPIDmaDisable                         
2000b7e3  SPIDmaEnable                          
2000b8ab  SPIEnable                             
2000b7fd  SPIFIFODisable                        
2000b817  SPIFIFOEnable                         
2000b21d  SPIFIFOLevelSet                       
2000ad29  SPIIntClear                           
2000ab65  SPIIntEnable                          
2000b831  SPIIntUnregister                      
2000b591  SPIReset                              
2000b5b3  SPIWordCountSet                       
200045d5  SimpleLinkGeneralEventHandler         
200045b1  SimpleLinkHttpServerCallback          
2000450f  SimpleLinkNetAppEventHandler          
200045f5  SimpleLinkSockEventHandler            
20004401  SimpleLinkWlanEventHandler            
2000ae45  TimerConfigure                        
2000b693  TimerEnable                           
2000b635  TimerGetCurrentTimestamp              
2000b3c1  TimerLoadSet                          
2000b3eb  TimerPrescaleSet                      
2000b6ed  TimerValueGet                         
200065c9  TrimSpace                             
2000b709  UARTCharGetNonBlocking                
2000b6b1  UARTCharPut                           
2000b8c3  UARTCharsAvail                        
2000a265  UARTConfigSetExpClk                   
2000b281  UARTDisable                           
2000b525  UARTEnable                            
2000ba65  UtilsDelay                            
2000beb0  _SlActionLookupTable                  
20009389  _SlDriverHandleError                  
2000ad71  _SlDrvBasicCmd                        
20008f6d  _SlDrvCmdOp                           
2000a3c1  _SlDrvCmdSend                         
20009569  _SlDrvDeviceEventHandler              
2000b9df  _SlDrvDispatchHttpServerEvents        
20007df1  _SlDrvDriverCBDeinit                  
20007129  _SlDrvDriverCBInit                    
2000b43d  _SlDrvGlobalObjUnLock                 
20009bc1  _SlDrvIsTimeoutExpired                
2000b951  _SlDrvMemZero                         
200087d9  _SlDrvMsgReadSpawnCtx                 
20008041  _SlDrvNetAppEventHandler              
2000abfd  _SlDrvProtectAsyncRespSetting         
2000b395  _SlDrvProtectionObjLockWaitForever    
2000b465  _SlDrvProtectionObjUnLock             
20006bd5  _SlDrvReleasePoolObj                  
2000b9ef  _SlDrvResetCmdExt                     
2000a9c5  _SlDrvRxIrqHandler                    
2000b725  _SlDrvStartMeasureTimeout             
2000b655  _SlDrvSyncObjSignal                   
2000b48d  _SlDrvSyncObjWaitForever              
2000ae89  _SlDrvSyncObjWaitTimeout              
20007479  _SlDrvWaitForPoolObj                  
2000bff2  _SlNetAppSendTokenValueCmdCtrl        
2000a2dd  _SlNonOsMainLoopTask                  
200090e1  _SlNonOsSemGet                        
2000b8db  _SlNonOsSemSet                        
2000a501  _SlNonOsSpawn                         
20030000  __STACK_END                           
00001000  __STACK_SIZE                          
00008000  __SYSMEM_SIZE                         
2000c060  __TI_CINIT_Base                       
2000c070  __TI_CINIT_Limit                      
2000c048  __TI_Handler_Table_Base               
2000c054  __TI_Handler_Table_Limit              
2000aecd  __TI_auto_init_nobinit_nopinit        
2000a499  __TI_decompress_lzss                  
2000b9fd  __TI_decompress_none                  
ffffffff  __TI_pprof_out_hndl                   
20005129  __TI_printfi                          
ffffffff  __TI_prof_data_size                   
ffffffff  __TI_prof_data_start                  
2000c020  __TI_static_base__                    
2000ba3d  __TI_zero_init                        
20009d61  __aeabi_cdcmpeq                       
20009d61  __aeabi_cdcmple                       
20009de7  __aeabi_cdrcmple                      
2000adb9  __aeabi_d2iz                          
20006f7b  __aeabi_dadd                          
20007cb9  __aeabi_ddiv                          
20008145  __aeabi_dmul                          
20006f71  __aeabi_dsub                          
2000ba55  __aeabi_errno_addr                    
2000b2e1  __aeabi_i2d                           
20007def  __aeabi_idiv0                         
20007def  __aeabi_ldiv0                         
2000a171  __aeabi_memclr                        
2000a171  __aeabi_memclr4                       
2000a171  __aeabi_memclr8                       
200094cd  __aeabi_memcpy                        
200094cd  __aeabi_memcpy4                       
200094cd  __aeabi_memcpy8                       
2000a173  __aeabi_memset                        
2000a173  __aeabi_memset4                       
2000a173  __aeabi_memset8                       
200097cd  __aeabi_uldivmod                      
ffffffff  __binit__                             
ffffffff  __c_args__                            
UNDEFED   __mpu_init                            
2002f000  __stack                               
2000b549  _c_int00_noargs                       
2000ba74  _ctypes_                              
2001f5e4  _lock                                 
20007127  _nop                                  
2000a565  _sl_HandleAsync_Accept                
20009f75  _sl_HandleAsync_Connect               
200098f9  _sl_HandleAsync_DnsGetHostByName      
20008d11  _sl_HandleAsync_DnsGetHostByService   
20009c4d  _sl_HandleAsync_InitComplete          
20009989  _sl_HandleAsync_PingResponse          
2000aa19  _sl_HandleAsync_Select                
2000ab15  _sl_HandleAsync_Stop                  
2000a42d  _sl_NetAppSendTokenValue              
20017000  _sys_memory                           
UNDEFED   _system_post_cinit                    
2000ba6b  _system_pre_init                      
2001f5e8  _unlock                               
2000ba6f  abort                                 
20008241  aligned_alloc                         
2000ac49  atoi                                  
ffffffff  binit                                 
2000ba31  copysign                              
2000ba31  copysignl                             
2001f5f4  errno                                 
200088c1  free                                  
2000a7b5  frexp                                 
2000a7b5  frexpl                                
2001f5b0  g_SlDeviceStatus                      
2001f5d8  g_SpiFd                               
2001f560  g__SlNonOsCB                          
2001f559  g_bDeviceRestartIsRequired            
2001f55a  g_cDummy                              
2001f5b4  g_pCB                                 
2001f5dc  g_pHostIntHdl                         
20004000  g_pfnVectors                          
2001f54c  g_ucConnectionBSSID                   
2001f528  g_ucConnectionSSID                    
2001f5e0  g_ucDMAEnabled                        
2001f4d8  g_ucDinDout                           
2001f55b  g_ucLED1Pin                           
2001f55c  g_ucLED2Pin                           
2001f55d  g_ucLED3Pin                           
2001f5c0  g_uiLED1Port                          
2001f5c4  g_uiLED2Port                          
2001f5c8  g_uiLED3Port                          
2001f5d4  g_ulGatewayIP                         
2001f5d0  g_ulPingPacketsRecv                   
2001f5cc  g_ulStatus                            
20008c41  ldexp                                 
20008c41  ldexpl                                
2000aa6d  ltoa                                  
20004ecd  main                                  
2000ba5d  malloc                                
20008241  memalign                              
2000b75d  memccpy                               
200094cd  memcpy                                
2000b56d  memmove                               
2000a179  memset                                
2001f000  netEntries                            
2001f5b8  pPingCallBackFunc                     
20004c3f  printErrConvenience                   
20008b69  realloc                               
20008c41  scalbn                                
20008c41  scalbnl                               
2000b0c9  simplelink_timerA2_start              
20008ddd  sl_DevGet                             
200089a9  sl_NetAppMDNSRegisterUnregisterService
2000a5c9  sl_NetAppMDNSUnRegisterService        
20009605  sl_NetCfgSet                          
20008605  sl_Start                              
20008335  sl_Stop                               
2000b179  sl_WlanDisconnect                     
200092e1  sl_WlanGetNetworkList                 
20009a19  sl_WlanPolicySet                      
2000a6f5  sl_WlanProfileDel                     
20009e6d  sl_WlanRxFilterSet                    
2000969d  sl_WlanSet                            
2000a755  sl_WlanSetMode                        
2000a1ed  spi_Close                             
200078f1  spi_Open                              
20008425  spi_Read                              
20009735  spi_Write                             
2000b967  strchr                                
2000b9b9  strlen                                
2000ac95  uDMAChannelAssign                     
2000a62d  uDMAChannelAttributeDisable           
2000a691  uDMAChannelAttributeEnable            
2000b105  uDMAChannelControlSet                 
2000b779  uDMAChannelEnable                     
20008515  uDMAChannelTransferSet                
2000af95  vsnprintf                             
2000b9cd  wcslen                                


GLOBAL SYMBOLS: SORTED BY Symbol Address 

address   name                                  
-------   ----                                  
00001000  __STACK_SIZE                          
00008000  __SYSMEM_SIZE                         
20004000  g_pfnVectors                          
20004401  SimpleLinkWlanEventHandler            
2000450f  SimpleLinkNetAppEventHandler          
200045b1  SimpleLinkHttpServerCallback          
200045d5  SimpleLinkGeneralEventHandler         
200045f5  SimpleLinkSockEventHandler            
20004c3f  printErrConvenience                   
20004ecd  main                                  
20005129  __TI_printfi                          
20006145  GPIO_IF_LedConfigure                  
20006183  GPIO_IF_LedOn                         
20006237  GPIO_IF_LedOff                        
200062eb  GPIO_IF_LedStatus                     
20006355  GPIO_IF_LedToggle                     
20006383  GPIO_IF_GetPortNPin                   
200063c9  GPIO_IF_ConfigureNIntEnable           
20006411  GPIO_IF_Set                           
20006455  GPIO_IF_Get                           
200064a1  InitTerm                              
200064bf  Message                               
200064e1  ClearTerm                             
200064eb  Error                                 
20006523  GetCmd                                
200065c9  TrimSpace                             
20006661  Report                                
20006bd5  _SlDrvReleasePoolObj                  
20006f71  __aeabi_dsub                          
20006f7b  __aeabi_dadd                          
20007127  _nop                                  
20007129  _SlDrvDriverCBInit                    
20007479  _SlDrvWaitForPoolObj                  
20007609  PRCMCC3200MCUInit                     
200078f1  spi_Open                              
20007cb9  __aeabi_ddiv                          
20007def  __aeabi_idiv0                         
20007def  __aeabi_ldiv0                         
20007df1  _SlDrvDriverCBDeinit                  
20008041  _SlDrvNetAppEventHandler              
20008145  __aeabi_dmul                          
20008241  aligned_alloc                         
20008241  memalign                              
20008335  sl_Stop                               
20008425  spi_Read                              
20008515  uDMAChannelTransferSet                
20008605  sl_Start                              
200087d9  _SlDrvMsgReadSpawnCtx                 
200088c1  free                                  
200089a9  sl_NetAppMDNSRegisterUnregisterService
20008b69  realloc                               
20008c41  ldexp                                 
20008c41  ldexpl                                
20008c41  scalbn                                
20008c41  scalbnl                               
20008d11  _sl_HandleAsync_DnsGetHostByService   
20008ddd  sl_DevGet                             
20008f6d  _SlDrvCmdOp                           
200090e1  _SlNonOsSemGet                        
20009191  IntDisable                            
20009239  IntEnable                             
200092e1  sl_WlanGetNetworkList                 
20009389  _SlDriverHandleError                  
2000942d  SPIConfigSetExpClk                    
200094cd  __aeabi_memcpy                        
200094cd  __aeabi_memcpy4                       
200094cd  __aeabi_memcpy8                       
200094cd  memcpy                                
20009569  _SlDrvDeviceEventHandler              
20009605  sl_NetCfgSet                          
2000969d  sl_WlanSet                            
20009735  spi_Write                             
200097cd  __aeabi_uldivmod                      
20009865  PRCMPeripheralClockGet                
200098f9  _sl_HandleAsync_DnsGetHostByName      
20009989  _sl_HandleAsync_PingResponse          
20009a19  sl_WlanPolicySet                      
20009bc1  _SlDrvIsTimeoutExpired                
20009c4d  _sl_HandleAsync_InitComplete          
20009cd9  PinConfigSet                          
20009d61  __aeabi_cdcmpeq                       
20009d61  __aeabi_cdcmple                       
20009de7  __aeabi_cdrcmple                      
20009e6d  sl_WlanRxFilterSet                    
20009ef1  GPIOIntTypeSet                        
20009f75  _sl_HandleAsync_Connect               
2000a171  __aeabi_memclr                        
2000a171  __aeabi_memclr4                       
2000a171  __aeabi_memclr8                       
2000a173  __aeabi_memset                        
2000a173  __aeabi_memset4                       
2000a173  __aeabi_memset8                       
2000a179  memset                                
2000a1ed  spi_Close                             
2000a265  UARTConfigSetExpClk                   
2000a2dd  _SlNonOsMainLoopTask                  
2000a3c1  _SlDrvCmdSend                         
2000a42d  _sl_NetAppSendTokenValue              
2000a499  __TI_decompress_lzss                  
2000a501  _SlNonOsSpawn                         
2000a565  _sl_HandleAsync_Accept                
2000a5c9  sl_NetAppMDNSUnRegisterService        
2000a62d  uDMAChannelAttributeDisable           
2000a691  uDMAChannelAttributeEnable            
2000a6f5  sl_WlanProfileDel                     
2000a755  sl_WlanSetMode                        
2000a7b5  frexp                                 
2000a7b5  frexpl                                
2000a811  IntPendClear                          
2000a869  PRCMPeripheralReset                   
2000a8c1  PinMuxConfig                          
2000a971  IntPrioritySet                        
2000a9c5  _SlDrvRxIrqHandler                    
2000aa19  _sl_HandleAsync_Select                
2000aa6d  ltoa                                  
2000ab15  _sl_HandleAsync_Stop                  
2000ab65  SPIIntEnable                          
2000abfd  _SlDrvProtectAsyncRespSetting         
2000ac49  atoi                                  
2000ac95  uDMAChannelAssign                     
2000ad29  SPIIntClear                           
2000ad71  _SlDrvBasicCmd                        
2000adb9  __aeabi_d2iz                          
2000ae45  TimerConfigure                        
2000ae89  _SlDrvSyncObjWaitTimeout              
2000aecd  __TI_auto_init_nobinit_nopinit        
2000af55  PinModeSet                            
2000af95  vsnprintf                             
2000afd5  NwpRegisterInterruptHandler           
2000b08d  PRCMPeripheralClkEnable               
2000b0c9  simplelink_timerA2_start              
2000b105  uDMAChannelControlSet                 
2000b141  NwpPowerOff                           
2000b179  sl_WlanDisconnect                     
2000b1b1  GPIODirModeSet                        
2000b1e9  PRCMPeripheralStatusGet               
2000b21d  SPIFIFOLevelSet                       
2000b251  PinTypeGPIO                           
2000b281  UARTDisable                           
2000b2e1  __aeabi_i2d                           
2000b311  NwpPowerOn                            
2000b33d  PRCMSysResetCauseGet                  
2000b395  _SlDrvProtectionObjLockWaitForever    
2000b3c1  TimerLoadSet                          
2000b3eb  TimerPrescaleSet                      
2000b415  PRCMPeripheralClkDisable              
2000b43d  _SlDrvGlobalObjUnLock                 
2000b465  _SlDrvProtectionObjUnLock             
2000b48d  _SlDrvSyncObjWaitForever              
2000b4dd  DmaSpiSwIntHandler                    
2000b501  IntUnregister                         
2000b525  UARTEnable                            
2000b549  _c_int00_noargs                       
2000b56d  memmove                               
2000b591  SPIReset                              
2000b5b3  SPIWordCountSet                       
2000b5d5  GPIOPinWrite                          
2000b5f5  IntRegister                           
2000b615  NwpPrePowerOffTimout0                 
2000b635  TimerGetCurrentTimestamp              
2000b655  _SlDrvSyncObjSignal                   
2000b675  GPIOIntRegister                       
2000b693  TimerEnable                           
2000b6b1  UARTCharPut                           
2000b6ed  TimerValueGet                         
2000b709  UARTCharGetNonBlocking                
2000b725  _SlDrvStartMeasureTimeout             
2000b75d  memccpy                               
2000b779  uDMAChannelEnable                     
2000b795  GPIOIntEnable                         
2000b7af  PinTypeUART                           
2000b7c9  SPIDmaDisable                         
2000b7e3  SPIDmaEnable                          
2000b7fd  SPIFIFODisable                        
2000b817  SPIFIFOEnable                         
2000b831  SPIIntUnregister                      
2000b84b  GPIOPinRead                           
2000b863  SPICSDisable                          
2000b87b  SPICSEnable                           
2000b893  SPIDisable                            
2000b8ab  SPIEnable                             
2000b8c3  UARTCharsAvail                        
2000b8db  _SlNonOsSemSet                        
2000b925  PRCMHIBRegRead                        
2000b93b  PRCMHIBRegWrite                       
2000b951  _SlDrvMemZero                         
2000b967  strchr                                
2000b97d  CPUcpsie                              
2000b991  GPIOIntClear                          
2000b9a5  IntVTableBaseSet                      
2000b9b9  strlen                                
2000b9cd  wcslen                                
2000b9df  _SlDrvDispatchHttpServerEvents        
2000b9ef  _SlDrvResetCmdExt                     
2000b9fd  __TI_decompress_none                  
2000ba0b  ResetISR                              
2000ba19  NwpMaskInterrupt                      
2000ba25  NwpUnMaskInterrupt                    
2000ba31  copysign                              
2000ba31  copysignl                             
2000ba3d  __TI_zero_init                        
2000ba49  IntMasterEnable                       
2000ba55  __aeabi_errno_addr                    
2000ba5d  malloc                                
2000ba65  UtilsDelay                            
2000ba6b  _system_pre_init                      
2000ba6f  C$$EXIT                               
2000ba6f  abort                                 
2000ba74  _ctypes_                              
2000be74  OpcodeTranslateTable                  
2000beb0  _SlActionLookupTable                  
2000bff2  _SlNetAppSendTokenValueCmdCtrl        
2000c020  __TI_static_base__                    
2000c048  __TI_Handler_Table_Base               
2000c054  __TI_Handler_Table_Limit              
2000c060  __TI_CINIT_Base                       
2000c070  __TI_CINIT_Limit                      
20017000  _sys_memory                           
2001f000  netEntries                            
2001f4d8  g_ucDinDout                           
2001f528  g_ucConnectionSSID                    
2001f54c  g_ucConnectionBSSID                   
2001f558  RxIrqCnt                              
2001f559  g_bDeviceRestartIsRequired            
2001f55a  g_cDummy                              
2001f55b  g_ucLED1Pin                           
2001f55c  g_ucLED2Pin                           
2001f55d  g_ucLED3Pin                           
2001f560  g__SlNonOsCB                          
2001f5b0  g_SlDeviceStatus                      
2001f5b4  g_pCB                                 
2001f5b8  pPingCallBackFunc                     
2001f5c0  g_uiLED1Port                          
2001f5c4  g_uiLED2Port                          
2001f5c8  g_uiLED3Port                          
2001f5cc  g_ulStatus                            
2001f5d0  g_ulPingPacketsRecv                   
2001f5d4  g_ulGatewayIP                         
2001f5d8  g_SpiFd                               
2001f5dc  g_pHostIntHdl                         
2001f5e0  g_ucDMAEnabled                        
2001f5e4  _lock                                 
2001f5e8  _unlock                               
2001f5f4  errno                                 
2002f000  __stack                               
20030000  __STACK_END                           
ffffffff  __TI_pprof_out_hndl                   
ffffffff  __TI_prof_data_size                   
ffffffff  __TI_prof_data_start                  
ffffffff  __binit__                             
ffffffff  __c_args__                            
ffffffff  binit                                 
UNDEFED   __mpu_init                            
UNDEFED   _system_post_cinit                    

[254 symbols]
